******************************************************************************
                  TI ARM Linker PC v20.2.7                     
******************************************************************************
>> Linked Wed Dec 28 11:55:20 2022

OUTPUT FILE NAME:   <CardDealer.out>
ENTRY POINT SYMBOL: "_c_int00_noargs"  address: 00007f1d


MEMORY CONFIGURATION

         name            origin    length      used     unused   attr    fill
----------------------  --------  ---------  --------  --------  ----  --------
  MAIN                  00000000   00040000  00008a7c  00037584  R  X
  INFO                  00200000   00004000  00000000  00004000  R  X
  SRAM_CODE             01000000   00010000  0000d12a  00002ed6  RW X
  SRAM_DATA             20000000   00010000  0000d12a  00002ed6  RW  


SEGMENT ALLOCATION MAP

run origin  load origin   length   init length attrs members
----------  ----------- ---------- ----------- ----- -------
00000000    00000000    00008a80   00008a80    r-x
  00000000    00000000    000000e4   000000e4    r-- .intvecs
  000000e4    000000e4    00008280   00008280    r-x .text
  00008364    00008364    000006a8   000006a8    r-- .const
  00008a10    00008a10    00000070   00000070    r-- .cinit
20000000    20000000    0000cd2c   00000000    rw-
  20000000    20000000    0000cb5a   00000000    rw- .bss
  2000cb5c    2000cb5c    000001d0   00000000    rw- .data
2000fc00    2000fc00    00000400   00000000    rw-
  2000fc00    2000fc00    00000400   00000000    rw- .stack


SECTION ALLOCATION MAP

 output                                  attributes/
section   page    origin      length       input sections
--------  ----  ----------  ----------   ----------------
.text      0    000000e4    00008280     
                  000000e4    00001970     tasks.obj (.text)
                  00001a54    00000d0a     queue.obj (.text)
                  0000275e    00000002     rtsv7M4_T_le_v4SPD16_eabi.lib : _lock.c.obj (.text:_nop)
                  00002760    00000a4e                                   : _printfi.c.obj (.text:__TI_printfi)
                  000031ae    00000002                                   : div0.asm.obj (.text)
                  000031b0    0000073c     timers.obj (.text)
                  000038ec    00000680     Crystalfontz128x128_ST7735.obj (.text)
                  00003f6c    00000668     main_freertos.obj (.text)
                  000045d4    0000047e     grlib.a : string.obj (.text:Graphics_drawString)
                  00004a52    00000002     --HOLE-- [fill = 0]
                  00004a54    0000042c     port.obj (.text)
                  00004e80    00000368     heap_4.obj (.text)
                  000051e8    00000334     system_msp432p401r.obj (.text)
                  0000551c    00000270     rtsv7M4_T_le_v4SPD16_eabi.lib : _printfi.c.obj (.text:_pconv_a)
                  0000578c    000001ec     uart.obj (.text)
                  00005978    000001d0     rtsv7M4_T_le_v4SPD16_eabi.lib : _printfi.c.obj (.text:_pconv_g)
                  00005b48    000001b6                                   : fd_add_t2.asm.obj (.text)
                  00005cfe    00000002     --HOLE-- [fill = 0]
                  00005d00    0000015c     msp432p4xx_driverlib.lib : pcm.o (.text:__PCM_setPowerModeAdvanced)
                  00005e5c    00000144                              : timer_a.o (.text:privateTimer_AProcessClockSourceDivider)
                  00005fa0    0000013c     rtsv7M4_T_le_v4SPD16_eabi.lib : _printfi.c.obj (.text:_pconv_e)
                  000060dc    00000136                                   : fd_div_t2.asm.obj (.text)
                  00006212    00000002     --HOLE-- [fill = 0]
                  00006214    00000130     msp432p4xx_driverlib.lib : cs.o (.text:CS_initClockSignal)
                  00006344    0000012a     list.obj (.text)
                  0000646e    00000002     --HOLE-- [fill = 0]
                  00006470    00000124     rtsv7M4_T_le_v4SPD16_eabi.lib : _printfi.c.obj (.text:fcvt)
                  00006594    0000011c     msp432p4xx_driverlib.lib : uart.o (.text:UART_initModule)
                  000066b0    00000110     rtsv7M4_T_le_v4SPD16_eabi.lib : s_scalbn.c.obj (.text:scalbn)
                  000067c0    00000108     msp432p4xx_driverlib.lib : pcm.o (.text:__PCM_setCoreVoltageLevelAdvanced)
                  000068c8    00000104                              : cs.o (.text:_CSComputeCLKFrequency)
                  000069cc    000000fc     rtsv7M4_T_le_v4SPD16_eabi.lib : fd_mul_t2.asm.obj (.text)
                  00006ac8    000000fa     grlib.a : string.obj (.text:Graphics_getStringWidth)
                  00006bc2    00000002     --HOLE-- [fill = 0]
                  00006bc4    000000f8     msp432p4xx_driverlib.lib : cs.o (.text:CS_getDCOFrequency)
                  00006cbc    000000d2     portasm.obj (.text)
                  00006d8e    00000002     --HOLE-- [fill = 0]
                  00006d90    000000cc     HAL_MSP_EXP432P401R_Crystalfontz128x128_ST7735.obj (.text)
                  00006e5c    000000b1     rtsv7M4_T_le_v4SPD16_eabi.lib : _printfi.c.obj (.text:_ltostr)
                  00006f0d    00000001     --HOLE-- [fill = 0]
                  00006f0e    000000b0     msp432p4xx_driverlib.lib : spi.o (.text:SPI_initMaster)
                  00006fbe    0000009c     grlib.a : line.obj (.text:Graphics_drawLineH)
                  0000705a    0000009c     rtsv7M4_T_le_v4SPD16_eabi.lib : memcpy_t2.asm.obj (.text)
                  000070f6    00000096                                   : ull_div_t2.asm.obj (.text)
                  0000718c    00000094     msp432p4xx_driverlib.lib : sysctl_a.o (.text:SysCtl_A_getTLVInfo)
                  00007220    00000088                              : gpio.o (.text:GPIO_setAsPeripheralModuleFunctionInputPin)
                  000072a8    00000088                              : gpio.o (.text:GPIO_setAsPeripheralModuleFunctionOutputPin)
                  00007330    00000086     rtsv7M4_T_le_v4SPD16_eabi.lib : fd_cmp_t2.asm.obj (.text:__aeabi_cdcmple)
                  000073b6    00000086                                   : fd_cmp_t2.asm.obj (.text:__aeabi_cdrcmple)
                  0000743c    00000080     msp432p4xx_driverlib.lib : interrupt.o (.text:Interrupt_enableInterrupt)
                  000074bc    0000007c                              : cs.o (.text:_CSGetDOCFrequency)
                  00007538    0000007a     rtsv7M4_T_le_v4SPD16_eabi.lib : memset_t2.asm.obj (.text)
                  000075b2    0000006e                                   : _printfi.c.obj (.text:_mcpy)
                  00007620    00000068     msp432p4xx_driverlib.lib : timer32.o (.text:Timer32_initModule)
                  00007688    00000068                              : timer_a.o (.text:Timer_A_configureUpMode)
                  000076f0    00000068     rtsv7M4_T_le_v4SPD16_eabi.lib : copy_decompress_lzss.c.obj (.text:decompress:lzss:__TI_decompress_lzss)
                  00007758    00000068                                   : printf.c.obj (.text:printf)
                  000077c0    00000064                                   : s_frexp.c.obj (.text:frexp)
                  00007824    00000062     msp432p4xx_driverlib.lib : cs.o (.text:_CSGetDividerValue)
                  00007886    0000005e                              : pcm.o (.text:PCM_getCoreVoltageLevel)
                  000078e4    0000005a                              : pcm.o (.text:PCM_getPowerMode)
                  0000793e    00000002     --HOLE-- [fill = 0]
                  00007940    00000058                              : timer_a.o (.text:Timer_A_initCapture)
                  00007998    00000056     rtsv7M4_T_le_v4SPD16_eabi.lib : _printfi.c.obj (.text:_pconv_f)
                  000079ee    00000054                                   : _ltoa.c.obj (.text:__TI_ltoa)
                  00007a42    00000052     grlib.a : context.obj (.text:Graphics_initContext)
                  00007a94    00000052     rtsv7M4_T_le_v4SPD16_eabi.lib : _printfi.c.obj (.text:_ecpy)
                  00007ae6    0000004e     msp432p4xx_driverlib.lib : timer_a.o (.text:Timer_A_initCompare)
                  00007b34    0000004c     rtsv7M4_T_le_v4SPD16_eabi.lib : atoi.c.obj (.text:atoi)
                  00007b80    00000048     msp432p4xx_driverlib.lib : flash.o (.text:FlashCtl_setWaitState)
                  00007bc8    00000048     grlib.a : string.obj (.text:Graphics_drawStringCentered)
                  00007c10    00000048     rtsv7M4_T_le_v4SPD16_eabi.lib : fd_toi_t2.asm.obj (.text)
                  00007c58    00000044                                   : autoinit.c.obj (.text:__TI_auto_init_nobinit_nopinit:__TI_auto_init_nobinit_nopinit)
                  00007c9c    00000040     msp432p4xx_driverlib.lib : gpio.o (.text:GPIO_setAsOutputPin)
                  00007cdc    00000040     grlib.a : string.obj (.text:Graphics_getNumberOfLeadingZeros)
                  00007d1c    00000040     msp432p4xx_driverlib.lib : spi.o (.text:is_A_Module)
                  00007d5c    00000040     rtsv7M4_T_le_v4SPD16_eabi.lib : vsnprintf.c.obj (.text:vsnprintf)
                  00007d9c    0000003e                                   : _printfi.c.obj (.text:_fcpy)
                  00007dda    00000002     --HOLE-- [fill = 0]
                  00007ddc    00000038     msp432p4xx_driverlib.lib : timer32.o (.text:Timer32_startTimer)
                  00007e14    00000036     grlib.a : display.obj (.text:Graphics_drawHorizontalLineOnDisplay)
                  00007e4a    00000002     --HOLE-- [fill = 0]
                  00007e4c    00000034     msp432p4xx_driverlib.lib : cs.o (.text:CS_setDCOCenteredFrequency)
                  00007e80    00000034                              : timer32.o (.text:Timer32_setCount)
                  00007eb4    00000034                              : timer_a.o (.text:Timer_A_configureContinuousMode)
                  00007ee8    00000034                              : uart.o (.text:UART_transmitData)
                  00007f1c    00000034     rtsv7M4_T_le_v4SPD16_eabi.lib : boot_cortex_m.c.obj (.text:_c_int00_noargs:_c_int00_noargs)
                  00007f50    00000030     msp432p4xx_driverlib.lib : cs.o (.text:CS_clearInterruptFlag)
                  00007f80    00000030     rtsv7M4_T_le_v4SPD16_eabi.lib : vsnprintf.c.obj (.text:_outs)
                  00007fb0    0000002e                                   : i_tofd_t2.asm.obj (.text)
                  00007fde    0000002c     grlib.a : display.obj (.text:Graphics_drawPixelOnDisplay)
                  0000800a    00000002     --HOLE-- [fill = 0]
                  0000800c    0000002c     msp432p4xx_driverlib.lib : timer_a.o (.text:Timer_A_clearCaptureCompareInterrupt)
                  00008038    00000028                              : cs.o (.text:CS_getSMCLK)
                  00008060    00000028                              : gpio.o (.text:GPIO_setOutputHighOnPin)
                  00008088    00000028                              : gpio.o (.text:GPIO_setOutputLowOnPin)
                  000080b0    00000024                              : wdt_a.o (.text:WDT_A_holdTimer)
                  000080d4    00000022                              : timer_a.o (.text:Timer_A_getCaptureCompareCount)
                  000080f6    0000001c                              : spi.o (.text:SPI_enableModule)
                  00008112    0000001c     rtsv7M4_T_le_v4SPD16_eabi.lib : memccpy.c.obj (.text:memccpy)
                  0000812e    0000001a     grlib.a : display.obj (.text:Graphics_clearDisplayOnDisplay)
                  00008148    0000001a             : context.obj (.text:Graphics_setBackgroundColor)
                  00008162    0000001a             : context.obj (.text:Graphics_setFont)
                  0000817c    0000001a     rtsv7M4_T_le_v4SPD16_eabi.lib : s_copysign.c.obj (.text:copysign)
                  00008196    00000018                                   : vsnprintf.c.obj (.text:_outc)
                  000081ae    00000016     msp432p4xx_driverlib.lib : spi.o (.text:EUSCI_A_SPI_enable)
                  000081c4    00000016                              : spi.o (.text:EUSCI_B_SPI_enable)
                  000081da    00000016     grlib.a : context.obj (.text:Graphics_setForegroundColor)
                  000081f0    00000016             : display.obj (.text:Graphics_translateColorOnDisplay)
                  00008206    00000016     msp432p4xx_driverlib.lib : timer_a.o (.text:Timer_A_startCounter)
                  0000821c    00000016                              : uart.o (.text:UART_enableModule)
                  00008232    00000016     rtsv7M4_T_le_v4SPD16_eabi.lib : strchr.c.obj (.text:strchr)
                  00008248    00000014     msp432p4xx_driverlib.lib : pcm.o (.text:PCM_getPowerState)
                  0000825c    00000014                              : timer32.o (.text:Timer32_disableInterrupt)
                  00008270    00000014                              : timer_a.o (.text:Timer_A_stopTimer)
                  00008284    00000014     rtsv7M4_T_le_v4SPD16_eabi.lib : strlen.c.obj (.text:strlen)
                  00008298    00000012     grlib.a : context.obj (.text:Graphics_clearDisplay)
                  000082aa    00000012     rtsv7M4_T_le_v4SPD16_eabi.lib : wcslen.c.obj (.text:wcslen)
                  000082bc    00000010     msp432p4xx_driverlib.lib : interrupt.o (.text:Interrupt_disableMaster)
                  000082cc    00000010                              : interrupt.o (.text:Interrupt_enableMaster)
                  000082dc    00000010                              : pcm.o (.text:PCM_setCoreVoltageLevel)
                  000082ec    00000010                              : pcm.o (.text:PCM_setPowerMode)
                  000082fc    0000000e                              : timer32.o (.text:Timer32_getValue)
                  0000830a    0000000e     rtsv7M4_T_le_v4SPD16_eabi.lib : copy_decompress_none.c.obj (.text:decompress:none:__TI_decompress_none)
                  00008318    0000000e     startup_msp432p401r_FreeRTOS_ccs.obj (.text)
                  00008326    0000000c     msp432p4xx_driverlib.lib : cpu.o (.text:CPU_cpsid)
                  00008332    0000000c                              : cpu.o (.text:CPU_cpsie)
                  0000833e    0000000c     rtsv7M4_T_le_v4SPD16_eabi.lib : copy_zero_init.c.obj (.text:decompress:ZI:__TI_zero_init)
                  0000834a    00000002     --HOLE-- [fill = 0]
                  0000834c    00000008                                   : errno.c.obj (.text:__aeabi_errno_addr)
                  00008354    00000004                                   : printf.c.obj (.text:_outc)
                  00008358    00000004                                   : printf.c.obj (.text:_outs)
                  0000835c    00000004                                   : pre_init.c.obj (.text:_system_pre_init)
                  00008360    00000004                                   : exit.c.obj (.text:abort:abort)

.const     0    00008364    000006a8     
                  00008364    000002f8     grlib.a : fontfixed6x8.obj (.const:.string:g_pucFontFixed6x8Data)
                  0000865c    00000120     uart.obj (.const:UCxBRS)
                  0000877c    00000101     rtsv7M4_T_le_v4SPD16_eabi.lib : ctype.c.obj (.const:.string:_ctypes_)
                  0000887d    00000003     --HOLE-- [fill = 0]
                  00008880    000000c8     grlib.a : fontfixed6x8.obj (.const:g_sFontFixed6x8)
                  00008948    00000030     msp432p4xx_driverlib.lib : gpio.o (.const:GPIO_PORT_TO_BASE)
                  00008978    00000020     Crystalfontz128x128_ST7735.obj (.const:g_sCrystalfontz128x128_funcs)
                  00008998    0000001c     HAL_MSP_EXP432P401R_Crystalfontz128x128_ST7735.obj (.const:$P$T0$1)
                  000089b4    00000018     main_freertos.obj (.const:captureModeConfig)
                  000089cc    00000018     main_freertos.obj (.const:upConfig)
                  000089e4    00000010     main_freertos.obj (.const:continuousModeConfig)
                  000089f4    00000008     Crystalfontz128x128_ST7735.obj (.const:$P$T0$1)
                  000089fc    00000008     msp432p4xx_driverlib.lib : interrupt.o (.const:g_pulEnRegs)
                  00008a04    00000008     port.obj (.const)

.cinit     0    00008a10    00000070     
                  00008a10    00000049     (.cinit..data.load) [load image, compression = lzss]
                  00008a59    00000003     --HOLE-- [fill = 0]
                  00008a5c    0000000c     (__TI_handler_table)
                  00008a68    00000008     (.cinit..bss.load) [load image, compression = zero_init]
                  00008a70    00000010     (__TI_cinit_table)

.init_array 
*          0    00000000    00000000     UNINITIALIZED

.intvecs   0    00000000    000000e4     
                  00000000    000000e4     startup_msp432p401r_FreeRTOS_ccs.obj (.intvecs:retain)

.bss       0    20000000    0000cb5a     UNINITIALIZED
                  20000000    0000c800     heap_4.obj (.bss:ucHeap)
                  2000c800    00000100     main_freertos.obj (.bss:print_buffer$1)
                  2000c900    00000100     uart.obj (.bss:print_buffer$1)
                  2000ca00    00000064     tasks.obj (.bss:pxReadyTasksLists)
                  2000ca64    00000020     (.common:peoplePos)
                  2000ca84    0000001c     (.common:g_sContext)
                  2000caa0    00000014     timers.obj (.bss:xActiveTimerList1)
                  2000cab4    00000014     timers.obj (.bss:xActiveTimerList2)
                  2000cac8    00000014     tasks.obj (.bss:xDelayedTaskList1)
                  2000cadc    00000014     tasks.obj (.bss:xDelayedTaskList2)
                  2000caf0    00000014     tasks.obj (.bss:xPendingReadyList)
                  2000cb04    00000014     tasks.obj (.bss:xSuspendedTaskList)
                  2000cb18    00000014     tasks.obj (.bss:xTasksWaitingTermination)
                  2000cb2c    00000008     msp432p4xx_driverlib.lib : cs.o (.bss)
                  2000cb34    00000008     tasks.obj (.bss)
                  2000cb3c    00000008     timers.obj (.bss)
                  2000cb44    00000008     heap_4.obj (.bss:xStart)
                  2000cb4c    00000004     (.common:q1)
                  2000cb50    00000002     (.common:Lcd_ScreenHeigth)
                  2000cb52    00000002     (.common:Lcd_ScreenWidth)
                  2000cb54    00000002     (.common:Lcd_TouchTrim)
                  2000cb56    00000001     (.common:Lcd_FlagRead)
                  2000cb57    00000001     (.common:Lcd_FontSolid)
                  2000cb58    00000001     (.common:Lcd_Orientation)
                  2000cb59    00000001     (.common:Lcd_PenSolid)

.data      0    2000cb5c    000001d0     UNINITIALIZED
                  2000cb5c    000000f0     rtsv7M4_T_le_v4SPD16_eabi.lib : defs.c.obj (.data:_ftable)
                  2000cc4c    00000034     tasks.obj (.data)
                  2000cc80    00000028     uart.obj (.data:uart_config)
                  2000cca8    00000020     main_freertos.obj (.data)
                  2000ccc8    00000018     port.obj (.data)
                  2000cce0    00000010     main_freertos.obj (.data:compareConfig_PWM)
                  2000ccf0    00000010     Crystalfontz128x128_ST7735.obj (.data:g_sCrystalfontz128x128)
                  2000cd00    00000010     heap_4.obj (.data)
                  2000cd10    0000000c     timers.obj (.data)
                  2000cd1c    00000008     rtsv7M4_T_le_v4SPD16_eabi.lib : _lock.c.obj (.data:$O1$$)
                  2000cd24    00000004                                   : errno.c.obj (.data)
                  2000cd28    00000004     system_msp432p401r.obj (.data)

.stack     0    2000fc00    00000400     UNINITIALIZED
                  2000fc00    00000004     rtsv7M4_T_le_v4SPD16_eabi.lib : boot_cortex_m.c.obj (.stack)
                  2000fc04    000003fc     --HOLE--

__llvm_prf_cnts 
*          0    20000000    00000000     UNINITIALIZED

.binit     0    00000000    00000000     

MODULE SUMMARY

       Module                                               code    ro data   rw data
       ------                                               ----    -------   -------
    .\
       main_freertos.obj                                    1640    64        736    
       uart.obj                                             492     288       592    
       system_msp432p401r.obj                               820     0         8      
       startup_msp432p401r_FreeRTOS_ccs.obj                 14      228       0      
    +--+----------------------------------------------------+-------+---------+---------+
       Total:                                               2966    580       1336   
                                                                                     
    .\FreeRTOS\
       tasks.obj                                            6512    0         520    
       queue.obj                                            3338    0         0      
       timers.obj                                           1852    0         120    
       list.obj                                             298     0         0      
    +--+----------------------------------------------------+-------+---------+---------+
       Total:                                               12000   0         640    
                                                                                     
    .\FreeRTOS\portable\CCS\ARM_CM4F\
       port.obj                                             1068    8         48     
       portasm.obj                                          210     0         0      
    +--+----------------------------------------------------+-------+---------+---------+
       Total:                                               1278    8         48     
                                                                                     
    .\FreeRTOS\portable\MemMang\
       heap_4.obj                                           872     0         102448 
    +--+----------------------------------------------------+-------+---------+---------+
       Total:                                               872     0         102448 
                                                                                     
    .\LcdDriver\
       Crystalfontz128x128_ST7735.obj                       1664    40        52     
       HAL_MSP_EXP432P401R_Crystalfontz128x128_ST7735.obj   204     28        0      
    +--+----------------------------------------------------+-------+---------+---------+
       Total:                                               1868    68        52     
                                                                                     
    C:/Users/Francesco Olivieri/Documents/simplelink_msp432p4_sdk_3_40_01_02/simplelink_msp432p4_sdk_3_40_01_02/source/ti/devices/msp432p4xx/driverlib/ccs/msp432p4xx_driverlib.lib
       cs.o                                                 1174    0         16     
       pcm.o                                                848     0         0      
       timer_a.o                                            766     0         0      
       gpio.o                                               416     48        0      
       uart.o                                               358     0         0      
       spi.o                                                312     0         0      
       timer32.o                                            246     0         0      
       interrupt.o                                          160     8         0      
       sysctl_a.o                                           148     0         0      
       flash.o                                              72      0         0      
       wdt_a.o                                              36      0         0      
       cpu.o                                                24      0         0      
    +--+----------------------------------------------------+-------+---------+---------+
       Total:                                               4560    56        16     
                                                                                     
    C:/Users/Francesco Olivieri/Documents/simplelink_msp432p4_sdk_3_40_01_02/simplelink_msp432p4_sdk_3_40_01_02/source/ti/grlib/lib/ccs/m4f/grlib.a
       string.obj                                           1536    0         0      
       fontfixed6x8.obj                                     0       960       0      
       context.obj                                          174     0         0      
       line.obj                                             156     0         0      
       display.obj                                          146     0         0      
    +--+----------------------------------------------------+-------+---------+---------+
       Total:                                               2012    960       0      
                                                                                     
    C:\ti\ccs1210\ccs\tools\compiler\ti-cgt-arm_20.2.7.LTS\lib\rtsv7M4_T_le_v4SPD16_eabi.lib
       _printfi.c.obj                                       4851    0         0      
       defs.c.obj                                           0       0         480    
       fd_add_t2.asm.obj                                    438     0         0      
       fd_div_t2.asm.obj                                    310     0         0      
       s_scalbn.c.obj                                       272     0         0      
       fd_cmp_t2.asm.obj                                    268     0         0      
       ctype.c.obj                                          0       257       0      
       fd_mul_t2.asm.obj                                    252     0         0      
       memcpy_t2.asm.obj                                    156     0         0      
       ull_div_t2.asm.obj                                   150     0         0      
       vsnprintf.c.obj                                      136     0         0      
       memset_t2.asm.obj                                    122     0         0      
       printf.c.obj                                         112     0         0      
       copy_decompress_lzss.c.obj                           104     0         0      
       s_frexp.c.obj                                        100     0         0      
       _ltoa.c.obj                                          84      0         0      
       atoi.c.obj                                           76      0         0      
       fd_toi_t2.asm.obj                                    72      0         0      
       autoinit.c.obj                                       68      0         0      
       boot_cortex_m.c.obj                                  52      0         0      
       i_tofd_t2.asm.obj                                    46      0         0      
       memccpy.c.obj                                        28      0         0      
       s_copysign.c.obj                                     26      0         0      
       strchr.c.obj                                         22      0         0      
       strlen.c.obj                                         20      0         0      
       _lock.c.obj                                          2       0         16     
       wcslen.c.obj                                         18      0         0      
       errno.c.obj                                          8       0         8      
       copy_decompress_none.c.obj                           14      0         0      
       copy_zero_init.c.obj                                 12      0         0      
       exit.c.obj                                           4       0         0      
       pre_init.c.obj                                       4       0         0      
       div0.asm.obj                                         2       0         0      
    +--+----------------------------------------------------+-------+---------+---------+
       Total:                                               7829    257       504    
                                                                                     
       Stack:                                               0       0         2048   
       Linker Generated:                                    0       109       0      
    +--+----------------------------------------------------+-------+---------+---------+
       Grand Total:                                         33385   2038      107092 


LINKER GENERATED COPY TABLES

__TI_cinit_table @ 00008a70 records: 2, size/record: 8, table size: 16
	.data: load addr=00008a10, load size=00000049 bytes, run addr=2000cb5c, run size=000001d0 bytes, compression=lzss
	.bss: load addr=00008a68, load size=00000008 bytes, run addr=20000000, run size=0000cb5a bytes, compression=zero_init


LINKER GENERATED HANDLER TABLE

__TI_handler_table @ 00008a5c records: 3, size/record: 4, table size: 12
	index: 0, handler: __TI_decompress_lzss
	index: 1, handler: __TI_decompress_none
	index: 2, handler: __TI_zero_init


GLOBAL SYMBOLS: SORTED ALPHABETICALLY BY Name 

address   name                                       
-------   ----                                       
00008325  ADC14_IRQHandler                           
00008325  AES256_IRQHandler                          
00008325  BusFault_Handler                           
00008361  C$$EXIT                                    
00008325  COMP_E0_IRQHandler                         
00008325  COMP_E1_IRQHandler                         
00008327  CPU_cpsid                                  
00008333  CPU_cpsie                                  
00008325  CS_IRQHandler                              
00007f51  CS_clearInterruptFlag                      
00006bc5  CS_getDCOFrequency                         
00008039  CS_getSMCLK                                
00006215  CS_initClockSignal                         
00007e4d  CS_setDCOCenteredFrequency                 
000038ed  Crystalfontz128x128_Init                   
00003a01  Crystalfontz128x128_SetDrawFrame           
00003b2f  Crystalfontz128x128_SetOrientation         
00008325  DMA_ERR_IRQHandler                         
00008325  DMA_INT0_IRQHandler                        
00008325  DMA_INT1_IRQHandler                        
00008325  DMA_INT2_IRQHandler                        
00008325  DMA_INT3_IRQHandler                        
00008325  DebugMon_Handler                           
00008325  Default_Handler                            
00008325  EUSCIA0_IRQHandler                         
00008325  EUSCIA1_IRQHandler                         
00008325  EUSCIA2_IRQHandler                         
00008325  EUSCIA3_IRQHandler                         
00008325  EUSCIB0_IRQHandler                         
00008325  EUSCIB1_IRQHandler                         
00008325  EUSCIB2_IRQHandler                         
00008325  EUSCIB3_IRQHandler                         
000081af  EUSCI_A_SPI_enable                         
000081c5  EUSCI_B_SPI_enable                         
00008325  FLCTL_IRQHandler                           
00008325  FPU_IRQHandler                             
00007b81  FlashCtl_setWaitState                      
00007c9d  GPIO_setAsOutputPin                        
00007221  GPIO_setAsPeripheralModuleFunctionInputPin 
000072a9  GPIO_setAsPeripheralModuleFunctionOutputPin
00008061  GPIO_setOutputHighOnPin                    
00008089  GPIO_setOutputLowOnPin                     
00008299  Graphics_clearDisplay                      
0000812f  Graphics_clearDisplayOnDisplay             
00007e15  Graphics_drawHorizontalLineOnDisplay       
00006fbf  Graphics_drawLineH                         
00007fdf  Graphics_drawPixelOnDisplay                
000045d5  Graphics_drawString                        
00007bc9  Graphics_drawStringCentered                
00006ac9  Graphics_getStringWidth                    
00007a43  Graphics_initContext                       
00008149  Graphics_setBackgroundColor                
00008163  Graphics_setFont                           
000081db  Graphics_setForegroundColor                
000081f1  Graphics_translateColorOnDisplay           
00006d91  HAL_LCD_PortInit                           
00006dc1  HAL_LCD_SpiInit                            
00006df7  HAL_LCD_writeCommand                       
00006e27  HAL_LCD_writeData                          
00008325  HardFault_Handler                          
000082bd  Interrupt_disableMaster                    
0000743d  Interrupt_enableInterrupt                  
000082cd  Interrupt_enableMaster                     
2000cb56  Lcd_FlagRead                               
2000cb57  Lcd_FontSolid                              
2000cb58  Lcd_Orientation                            
2000cb59  Lcd_PenSolid                               
2000cb50  Lcd_ScreenHeigth                           
2000cb52  Lcd_ScreenWidth                            
2000cb54  Lcd_TouchTrim                              
00008325  MemManage_Handler                          
00008325  NMI_Handler                                
00008325  PCM_IRQHandler                             
00007887  PCM_getCoreVoltageLevel                    
000078e5  PCM_getPowerMode                           
00008249  PCM_getPowerState                          
000082dd  PCM_setCoreVoltageLevel                    
000082ed  PCM_setPowerMode                           
00008325  PORT1_IRQHandler                           
00008325  PORT2_IRQHandler                           
00008325  PORT3_IRQHandler                           
00008325  PORT4_IRQHandler                           
00008325  PORT5_IRQHandler                           
00008325  PORT6_IRQHandler                           
00008325  PSS_IRQHandler                             
00008325  RTC_C_IRQHandler                           
00008319  Reset_Handler                              
000080f7  SPI_enableModule                           
00006f0f  SPI_initMaster                             
0000718d  SysCtl_A_getTLVInfo                        
2000cd28  SystemCoreClock                            
000051e9  SystemCoreClockUpdate                      
00005461  SystemInit                                 
00008325  T32_INT1_IRQHandler                        
00008325  T32_INT2_IRQHandler                        
00008325  T32_INTC_IRQHandler                        
00008325  TA0_0_IRQHandler                           
000043d1  TA0_N_IRQHandler                           
000043d1  TA0_N_IRQHandler                           
00008325  TA1_0_IRQHandler                           
00008325  TA1_N_IRQHandler                           
00008325  TA2_0_IRQHandler                           
00008325  TA2_N_IRQHandler                           
00008325  TA3_0_IRQHandler                           
00008325  TA3_N_IRQHandler                           
0000825d  Timer32_disableInterrupt                   
000082fd  Timer32_getValue                           
00007621  Timer32_initModule                         
00007e81  Timer32_setCount                           
00007ddd  Timer32_startTimer                         
0000800d  Timer_A_clearCaptureCompareInterrupt       
00007eb5  Timer_A_configureContinuousMode            
00007689  Timer_A_configureUpMode                    
000080d5  Timer_A_getCaptureCompareCount             
00007941  Timer_A_initCapture                        
00007ae7  Timer_A_initCompare                        
00008207  Timer_A_startCounter                       
00008271  Timer_A_stopTimer                          
0000821d  UART_enableModule                          
00006595  UART_initModule                            
00007ee9  UART_transmitData                          
0000865c  UCxBRS                                     
00008325  UsageFault_Handler                         
4000480c  WDTCTL_SYM                                 
00008325  WDT_A_IRQHandler                           
000080b1  WDT_A_holdTimer                            
20010000  __STACK_END                                
00000400  __STACK_SIZE                               
00008a70  __TI_CINIT_Base                            
00008a80  __TI_CINIT_Limit                           
00008a5c  __TI_Handler_Table_Base                    
00008a68  __TI_Handler_Table_Limit                   
00007c59  __TI_auto_init_nobinit_nopinit             
000076f1  __TI_decompress_lzss                       
0000830b  __TI_decompress_none                       
000079ef  __TI_ltoa                                  
ffffffff  __TI_pprof_out_hndl                        
00002761  __TI_printfi                               
ffffffff  __TI_prof_data_size                        
ffffffff  __TI_prof_data_start                       
00008a10  __TI_static_base__                         
0000833f  __TI_zero_init                             
00007331  __aeabi_cdcmpeq                            
00007331  __aeabi_cdcmple                            
000073b7  __aeabi_cdrcmple                           
00007c11  __aeabi_d2iz                               
00005b53  __aeabi_dadd                               
000060dd  __aeabi_ddiv                               
000069cd  __aeabi_dmul                               
00005b49  __aeabi_dsub                               
0000834d  __aeabi_errno_addr                         
00007fb1  __aeabi_i2d                                
000031af  __aeabi_idiv0                              
000031af  __aeabi_ldiv0                              
00007539  __aeabi_memclr                             
00007539  __aeabi_memclr4                            
00007539  __aeabi_memclr8                            
0000705b  __aeabi_memcpy                             
0000705b  __aeabi_memcpy4                            
0000705b  __aeabi_memcpy8                            
0000753b  __aeabi_memset                             
0000753b  __aeabi_memset4                            
0000753b  __aeabi_memset8                            
000070f7  __aeabi_uldivmod                           
ffffffff  __binit__                                  
ffffffff  __c_args__                                 
UNDEFED   __mpu_init                                 
2000fc00  __stack                                    
20000000  __start___llvm_prf_cnts                    
20000000  __stop___llvm_prf_cnts                     
00003f6d  _buzzerInit                                
00007f1d  _c_int00_noargs                            
0000877c  _ctypes_                                   
2000cb5c  _ftable                                    
00003fab  _graphicsInit                              
00003fe5  _hwInit                                    
2000cd1c  _lock                                      
0000275f  _nop                                       
UNDEFED   _system_post_cinit                         
0000835d  _system_pre_init                           
2000cd20  _unlock                                    
00008361  abort                                      
00007b35  atoi                                       
ffffffff  binit                                      
000089b4  captureModeConfig                          
2000cce0  compareConfig_PWM                          
2000ccc4  contPeople                                 
000089e4  continuousModeConfig                       
0000817d  copysign                                   
0000817d  copysignl                                  
2000cca8  counter                                    
2000ccc0  current_state                              
0000115d  eTaskConfirmSleepModeStatus                
00000505  eTaskGetState                              
2000cd24  errno                                      
0000592d  fputc                                      
0000593f  fputs                                      
000077c1  frexp                                      
000077c1  frexpl                                     
2000ca84  g_sContext                                 
2000ccf0  g_sCrystalfontz128x128                     
00008978  g_sCrystalfontz128x128_funcs               
00008880  g_sFontFixed6x8                            
000040b1  initPeriph                                 
00000000  interruptVectors                           
000066b1  ldexp                                      
000066b1  ldexpl                                     
00004045  main                                       
00003f8b  makeBuzz                                   
0000455d  malloc                                     
2000ccb0  meas1                                      
2000ccb8  meas1Count                                 
2000ccb4  meas2                                      
00008113  memccpy                                    
0000705b  memcpy                                     
00007541  memset                                     
00000b31  pcTaskGetName                              
0000336f  pcTimerGetName                             
00004105  peopleDetection                            
2000ca64  peoplePos                                  
00007759  printf                                     
00004e81  pvPortMalloc                               
000014cb  pvTaskIncrementMutexHeldCount              
000037f9  pvTimerGetTimerID                          
2000cc4c  pxCurrentTCB                               
00004a55  pxPortInitialiseStack                      
2000cb4c  q1                                         
000066b1  scalbn                                     
000066b1  scalbnl                                    
00008233  strchr                                     
00008285  strlen                                     
2000ccbc  takeVal                                    
2000cc80  uart_config                                
0000578d  uart_init                                  
000058ab  uart_init_gpio                             
000058c3  uart_println                               
000044c9  uart_println_mutex                         
00008a04  ulMaxSyscallInterruptPriority              
00006ccd  ulPortGetIPSR                              
000014e9  ulTaskNotifyTake                           
000089cc  upConfig                                   
00006427  uxListRemove                               
0000240d  uxQueueMessagesWaiting                     
0000246b  uxQueueMessagesWaitingFromISR              
00002437  uxQueueSpacesAvailable                     
00000b2b  uxTaskGetNumberOfTasks                     
000005a1  uxTaskPriorityGet                          
000005cd  uxTaskPriorityGetFromISR                   
000014a9  uxTaskResetEventItemValue                  
00004543  vApplicationIdleHook                       
00004533  vApplicationMallocFailedHook               
00004545  vApplicationStackOverflowHook              
00004571  vApplicationTickHook                       
00006345  vListInitialise                            
00006375  vListInitialiseItem                        
000063c1  vListInsert                                
00006385  vListInsertEnd                             
00006d81  vPortEnableVFP                             
00004b75  vPortEndScheduler                          
00004b99  vPortEnterCritical                         
00004bdb  vPortExitCritical                          
00004fe3  vPortFree                                  
00005081  vPortInitialiseBlocks                      
00006d45  vPortSVCHandler                            
00006d45  vPortSVCHandler                            
00004d89  vPortSetupTimerInterrupt                   
00006d65  vPortStartFirstTask                        
00004c31  vPortSuppressTicksAndSleep                 
00004de9  vPortValidateInterruptPriority             
00004567  vPreSleepProcessing                        
00002491  vQueueDelete                               
00002703  vQueueWaitForMessageRestricted             
0000049d  vTaskDelay                                 
000003bb  vTaskDelayUntil                            
000002f1  vTaskDelete                                
000042f1  vTaskDistanceSensor                        
0000097d  vTaskEndScheduler                          
000010e7  vTaskMissedYield                           
00001873  vTaskNotifyGiveFromISR                     
00000df7  vTaskPlaceOnEventList                      
00000e8d  vTaskPlaceOnEventListRestricted            
00000e27  vTaskPlaceOnUnorderedEventList             
000012ef  vTaskPriorityInherit                       
00000615  vTaskPrioritySet                           
00000873  vTaskResume                                
00001017  vTaskSetTimeOutState                       
00000905  vTaskStartScheduler                        
00000b95  vTaskStepTick                              
00004189  vTaskStepperMotor                          
00000749  vTaskSuspend                               
00000999  vTaskSuspendAll                            
00000d31  vTaskSwitchContext                         
00003827  vTimerSetTimerID                           
00007d5d  vsnprintf                                  
000082ab  wcslen                                     
00005075  xPortGetFreeHeapSize                       
0000507b  xPortGetMinimumEverFreeHeapSize            
00006ce5  xPortPendSVHandler                         
00006ce5  xPortPendSVHandler                         
00004ae1  xPortStartScheduler                        
00004c07  xPortSysTickHandler                        
00004c07  xPortSysTickHandler                        
00001ca9  xQueueCreateCountingSemaphore              
00001bd1  xQueueCreateMutex                          
00001b07  xQueueGenericCreate                        
000020ab  xQueueGenericReceive                       
00001a55  xQueueGenericReset                         
00001d05  xQueueGenericSend                          
00001eb7  xQueueGenericSendFromISR                   
00001fbd  xQueueGiveFromISR                          
00001bfd  xQueueGiveMutexRecursive                   
00002677  xQueueIsQueueEmptyFromISR                  
000026cd  xQueueIsQueueFullFromISR                   
0000235b  xQueuePeekFromISR                          
00002285  xQueueReceiveFromISR                       
00001c4d  xQueueTakeMutexRecursive                   
00001045  xTaskCheckForTimeOut                       
000000e5  xTaskCreate                                
00001615  xTaskGenericNotify                         
00001735  xTaskGenericNotifyFromISR                  
000012b1  xTaskGetCurrentTaskHandle                  
00000b61  xTaskGetIdleTaskHandle                     
000012c9  xTaskGetSchedulerState                     
00000b07  xTaskGetTickCount                          
00000b17  xTaskGetTickCountFromISR                   
00000be5  xTaskIncrementTick                         
0000195d  xTaskNotifyStateClear                      
00001571  xTaskNotifyWait                            
000013c9  xTaskPriorityDisinherit                    
00000ed5  xTaskRemoveFromEventList                   
00000f79  xTaskRemoveFromUnorderedEventList          
00000a05  xTaskResumeAll                             
2000ccac  xTaskXHandle                               
000031ef  xTimerCreate                               
000031b1  xTimerCreateTimerTask                      
0000327d  xTimerGenericCommand                       
00003345  xTimerGetExpiryTime                        
0000331f  xTimerGetPeriod                            
000032fd  xTimerGetTimerDaemonTaskHandle             
000037b9  xTimerIsTimerActive                        
0000388b  xTimerPendFunctionCall                     
00003855  xTimerPendFunctionCallFromISR              


GLOBAL SYMBOLS: SORTED BY Symbol Address 

address   name                                       
-------   ----                                       
00000000  interruptVectors                           
000000e5  xTaskCreate                                
000002f1  vTaskDelete                                
000003bb  vTaskDelayUntil                            
00000400  __STACK_SIZE                               
0000049d  vTaskDelay                                 
00000505  eTaskGetState                              
000005a1  uxTaskPriorityGet                          
000005cd  uxTaskPriorityGetFromISR                   
00000615  vTaskPrioritySet                           
00000749  vTaskSuspend                               
00000873  vTaskResume                                
00000905  vTaskStartScheduler                        
0000097d  vTaskEndScheduler                          
00000999  vTaskSuspendAll                            
00000a05  xTaskResumeAll                             
00000b07  xTaskGetTickCount                          
00000b17  xTaskGetTickCountFromISR                   
00000b2b  uxTaskGetNumberOfTasks                     
00000b31  pcTaskGetName                              
00000b61  xTaskGetIdleTaskHandle                     
00000b95  vTaskStepTick                              
00000be5  xTaskIncrementTick                         
00000d31  vTaskSwitchContext                         
00000df7  vTaskPlaceOnEventList                      
00000e27  vTaskPlaceOnUnorderedEventList             
00000e8d  vTaskPlaceOnEventListRestricted            
00000ed5  xTaskRemoveFromEventList                   
00000f79  xTaskRemoveFromUnorderedEventList          
00001017  vTaskSetTimeOutState                       
00001045  xTaskCheckForTimeOut                       
000010e7  vTaskMissedYield                           
0000115d  eTaskConfirmSleepModeStatus                
000012b1  xTaskGetCurrentTaskHandle                  
000012c9  xTaskGetSchedulerState                     
000012ef  vTaskPriorityInherit                       
000013c9  xTaskPriorityDisinherit                    
000014a9  uxTaskResetEventItemValue                  
000014cb  pvTaskIncrementMutexHeldCount              
000014e9  ulTaskNotifyTake                           
00001571  xTaskNotifyWait                            
00001615  xTaskGenericNotify                         
00001735  xTaskGenericNotifyFromISR                  
00001873  vTaskNotifyGiveFromISR                     
0000195d  xTaskNotifyStateClear                      
00001a55  xQueueGenericReset                         
00001b07  xQueueGenericCreate                        
00001bd1  xQueueCreateMutex                          
00001bfd  xQueueGiveMutexRecursive                   
00001c4d  xQueueTakeMutexRecursive                   
00001ca9  xQueueCreateCountingSemaphore              
00001d05  xQueueGenericSend                          
00001eb7  xQueueGenericSendFromISR                   
00001fbd  xQueueGiveFromISR                          
000020ab  xQueueGenericReceive                       
00002285  xQueueReceiveFromISR                       
0000235b  xQueuePeekFromISR                          
0000240d  uxQueueMessagesWaiting                     
00002437  uxQueueSpacesAvailable                     
0000246b  uxQueueMessagesWaitingFromISR              
00002491  vQueueDelete                               
00002677  xQueueIsQueueEmptyFromISR                  
000026cd  xQueueIsQueueFullFromISR                   
00002703  vQueueWaitForMessageRestricted             
0000275f  _nop                                       
00002761  __TI_printfi                               
000031af  __aeabi_idiv0                              
000031af  __aeabi_ldiv0                              
000031b1  xTimerCreateTimerTask                      
000031ef  xTimerCreate                               
0000327d  xTimerGenericCommand                       
000032fd  xTimerGetTimerDaemonTaskHandle             
0000331f  xTimerGetPeriod                            
00003345  xTimerGetExpiryTime                        
0000336f  pcTimerGetName                             
000037b9  xTimerIsTimerActive                        
000037f9  pvTimerGetTimerID                          
00003827  vTimerSetTimerID                           
00003855  xTimerPendFunctionCallFromISR              
0000388b  xTimerPendFunctionCall                     
000038ed  Crystalfontz128x128_Init                   
00003a01  Crystalfontz128x128_SetDrawFrame           
00003b2f  Crystalfontz128x128_SetOrientation         
00003f6d  _buzzerInit                                
00003f8b  makeBuzz                                   
00003fab  _graphicsInit                              
00003fe5  _hwInit                                    
00004045  main                                       
000040b1  initPeriph                                 
00004105  peopleDetection                            
00004189  vTaskStepperMotor                          
000042f1  vTaskDistanceSensor                        
000043d1  TA0_N_IRQHandler                           
000043d1  TA0_N_IRQHandler                           
000044c9  uart_println_mutex                         
00004533  vApplicationMallocFailedHook               
00004543  vApplicationIdleHook                       
00004545  vApplicationStackOverflowHook              
0000455d  malloc                                     
00004567  vPreSleepProcessing                        
00004571  vApplicationTickHook                       
000045d5  Graphics_drawString                        
00004a55  pxPortInitialiseStack                      
00004ae1  xPortStartScheduler                        
00004b75  vPortEndScheduler                          
00004b99  vPortEnterCritical                         
00004bdb  vPortExitCritical                          
00004c07  xPortSysTickHandler                        
00004c07  xPortSysTickHandler                        
00004c31  vPortSuppressTicksAndSleep                 
00004d89  vPortSetupTimerInterrupt                   
00004de9  vPortValidateInterruptPriority             
00004e81  pvPortMalloc                               
00004fe3  vPortFree                                  
00005075  xPortGetFreeHeapSize                       
0000507b  xPortGetMinimumEverFreeHeapSize            
00005081  vPortInitialiseBlocks                      
000051e9  SystemCoreClockUpdate                      
00005461  SystemInit                                 
0000578d  uart_init                                  
000058ab  uart_init_gpio                             
000058c3  uart_println                               
0000592d  fputc                                      
0000593f  fputs                                      
00005b49  __aeabi_dsub                               
00005b53  __aeabi_dadd                               
000060dd  __aeabi_ddiv                               
00006215  CS_initClockSignal                         
00006345  vListInitialise                            
00006375  vListInitialiseItem                        
00006385  vListInsertEnd                             
000063c1  vListInsert                                
00006427  uxListRemove                               
00006595  UART_initModule                            
000066b1  ldexp                                      
000066b1  ldexpl                                     
000066b1  scalbn                                     
000066b1  scalbnl                                    
000069cd  __aeabi_dmul                               
00006ac9  Graphics_getStringWidth                    
00006bc5  CS_getDCOFrequency                         
00006ccd  ulPortGetIPSR                              
00006ce5  xPortPendSVHandler                         
00006ce5  xPortPendSVHandler                         
00006d45  vPortSVCHandler                            
00006d45  vPortSVCHandler                            
00006d65  vPortStartFirstTask                        
00006d81  vPortEnableVFP                             
00006d91  HAL_LCD_PortInit                           
00006dc1  HAL_LCD_SpiInit                            
00006df7  HAL_LCD_writeCommand                       
00006e27  HAL_LCD_writeData                          
00006f0f  SPI_initMaster                             
00006fbf  Graphics_drawLineH                         
0000705b  __aeabi_memcpy                             
0000705b  __aeabi_memcpy4                            
0000705b  __aeabi_memcpy8                            
0000705b  memcpy                                     
000070f7  __aeabi_uldivmod                           
0000718d  SysCtl_A_getTLVInfo                        
00007221  GPIO_setAsPeripheralModuleFunctionInputPin 
000072a9  GPIO_setAsPeripheralModuleFunctionOutputPin
00007331  __aeabi_cdcmpeq                            
00007331  __aeabi_cdcmple                            
000073b7  __aeabi_cdrcmple                           
0000743d  Interrupt_enableInterrupt                  
00007539  __aeabi_memclr                             
00007539  __aeabi_memclr4                            
00007539  __aeabi_memclr8                            
0000753b  __aeabi_memset                             
0000753b  __aeabi_memset4                            
0000753b  __aeabi_memset8                            
00007541  memset                                     
00007621  Timer32_initModule                         
00007689  Timer_A_configureUpMode                    
000076f1  __TI_decompress_lzss                       
00007759  printf                                     
000077c1  frexp                                      
000077c1  frexpl                                     
00007887  PCM_getCoreVoltageLevel                    
000078e5  PCM_getPowerMode                           
00007941  Timer_A_initCapture                        
000079ef  __TI_ltoa                                  
00007a43  Graphics_initContext                       
00007ae7  Timer_A_initCompare                        
00007b35  atoi                                       
00007b81  FlashCtl_setWaitState                      
00007bc9  Graphics_drawStringCentered                
00007c11  __aeabi_d2iz                               
00007c59  __TI_auto_init_nobinit_nopinit             
00007c9d  GPIO_setAsOutputPin                        
00007d5d  vsnprintf                                  
00007ddd  Timer32_startTimer                         
00007e15  Graphics_drawHorizontalLineOnDisplay       
00007e4d  CS_setDCOCenteredFrequency                 
00007e81  Timer32_setCount                           
00007eb5  Timer_A_configureContinuousMode            
00007ee9  UART_transmitData                          
00007f1d  _c_int00_noargs                            
00007f51  CS_clearInterruptFlag                      
00007fb1  __aeabi_i2d                                
00007fdf  Graphics_drawPixelOnDisplay                
0000800d  Timer_A_clearCaptureCompareInterrupt       
00008039  CS_getSMCLK                                
00008061  GPIO_setOutputHighOnPin                    
00008089  GPIO_setOutputLowOnPin                     
000080b1  WDT_A_holdTimer                            
000080d5  Timer_A_getCaptureCompareCount             
000080f7  SPI_enableModule                           
00008113  memccpy                                    
0000812f  Graphics_clearDisplayOnDisplay             
00008149  Graphics_setBackgroundColor                
00008163  Graphics_setFont                           
0000817d  copysign                                   
0000817d  copysignl                                  
000081af  EUSCI_A_SPI_enable                         
000081c5  EUSCI_B_SPI_enable                         
000081db  Graphics_setForegroundColor                
000081f1  Graphics_translateColorOnDisplay           
00008207  Timer_A_startCounter                       
0000821d  UART_enableModule                          
00008233  strchr                                     
00008249  PCM_getPowerState                          
0000825d  Timer32_disableInterrupt                   
00008271  Timer_A_stopTimer                          
00008285  strlen                                     
00008299  Graphics_clearDisplay                      
000082ab  wcslen                                     
000082bd  Interrupt_disableMaster                    
000082cd  Interrupt_enableMaster                     
000082dd  PCM_setCoreVoltageLevel                    
000082ed  PCM_setPowerMode                           
000082fd  Timer32_getValue                           
0000830b  __TI_decompress_none                       
00008319  Reset_Handler                              
00008325  ADC14_IRQHandler                           
00008325  AES256_IRQHandler                          
00008325  BusFault_Handler                           
00008325  COMP_E0_IRQHandler                         
00008325  COMP_E1_IRQHandler                         
00008325  CS_IRQHandler                              
00008325  DMA_ERR_IRQHandler                         
00008325  DMA_INT0_IRQHandler                        
00008325  DMA_INT1_IRQHandler                        
00008325  DMA_INT2_IRQHandler                        
00008325  DMA_INT3_IRQHandler                        
00008325  DebugMon_Handler                           
00008325  Default_Handler                            
00008325  EUSCIA0_IRQHandler                         
00008325  EUSCIA1_IRQHandler                         
00008325  EUSCIA2_IRQHandler                         
00008325  EUSCIA3_IRQHandler                         
00008325  EUSCIB0_IRQHandler                         
00008325  EUSCIB1_IRQHandler                         
00008325  EUSCIB2_IRQHandler                         
00008325  EUSCIB3_IRQHandler                         
00008325  FLCTL_IRQHandler                           
00008325  FPU_IRQHandler                             
00008325  HardFault_Handler                          
00008325  MemManage_Handler                          
00008325  NMI_Handler                                
00008325  PCM_IRQHandler                             
00008325  PORT1_IRQHandler                           
00008325  PORT2_IRQHandler                           
00008325  PORT3_IRQHandler                           
00008325  PORT4_IRQHandler                           
00008325  PORT5_IRQHandler                           
00008325  PORT6_IRQHandler                           
00008325  PSS_IRQHandler                             
00008325  RTC_C_IRQHandler                           
00008325  T32_INT1_IRQHandler                        
00008325  T32_INT2_IRQHandler                        
00008325  T32_INTC_IRQHandler                        
00008325  TA0_0_IRQHandler                           
00008325  TA1_0_IRQHandler                           
00008325  TA1_N_IRQHandler                           
00008325  TA2_0_IRQHandler                           
00008325  TA2_N_IRQHandler                           
00008325  TA3_0_IRQHandler                           
00008325  TA3_N_IRQHandler                           
00008325  UsageFault_Handler                         
00008325  WDT_A_IRQHandler                           
00008327  CPU_cpsid                                  
00008333  CPU_cpsie                                  
0000833f  __TI_zero_init                             
0000834d  __aeabi_errno_addr                         
0000835d  _system_pre_init                           
00008361  C$$EXIT                                    
00008361  abort                                      
0000865c  UCxBRS                                     
0000877c  _ctypes_                                   
00008880  g_sFontFixed6x8                            
00008978  g_sCrystalfontz128x128_funcs               
000089b4  captureModeConfig                          
000089cc  upConfig                                   
000089e4  continuousModeConfig                       
00008a04  ulMaxSyscallInterruptPriority              
00008a10  __TI_static_base__                         
00008a5c  __TI_Handler_Table_Base                    
00008a68  __TI_Handler_Table_Limit                   
00008a70  __TI_CINIT_Base                            
00008a80  __TI_CINIT_Limit                           
20000000  __start___llvm_prf_cnts                    
20000000  __stop___llvm_prf_cnts                     
2000ca64  peoplePos                                  
2000ca84  g_sContext                                 
2000cb4c  q1                                         
2000cb50  Lcd_ScreenHeigth                           
2000cb52  Lcd_ScreenWidth                            
2000cb54  Lcd_TouchTrim                              
2000cb56  Lcd_FlagRead                               
2000cb57  Lcd_FontSolid                              
2000cb58  Lcd_Orientation                            
2000cb59  Lcd_PenSolid                               
2000cb5c  _ftable                                    
2000cc4c  pxCurrentTCB                               
2000cc80  uart_config                                
2000cca8  counter                                    
2000ccac  xTaskXHandle                               
2000ccb0  meas1                                      
2000ccb4  meas2                                      
2000ccb8  meas1Count                                 
2000ccbc  takeVal                                    
2000ccc0  current_state                              
2000ccc4  contPeople                                 
2000cce0  compareConfig_PWM                          
2000ccf0  g_sCrystalfontz128x128                     
2000cd1c  _lock                                      
2000cd20  _unlock                                    
2000cd24  errno                                      
2000cd28  SystemCoreClock                            
2000fc00  __stack                                    
20010000  __STACK_END                                
4000480c  WDTCTL_SYM                                 
ffffffff  __TI_pprof_out_hndl                        
ffffffff  __TI_prof_data_size                        
ffffffff  __TI_prof_data_start                       
ffffffff  __binit__                                  
ffffffff  __c_args__                                 
ffffffff  binit                                      
UNDEFED   __mpu_init                                 
UNDEFED   _system_post_cinit                         

[342 symbols]
