******************************************************************************
                  TI ARM Linker PC v20.2.7                     
******************************************************************************
>> Linked Fri Dec 23 13:01:31 2022

OUTPUT FILE NAME:   <CardDealer.out>
ENTRY POINT SYMBOL: "_c_int00_noargs"  address: 00003d25


MEMORY CONFIGURATION

         name            origin    length      used     unused   attr    fill
----------------------  --------  ---------  --------  --------  ----  --------
  MAIN                  00000000   00040000  00003de0  0003c220  R  X
  INFO                  00200000   00004000  00000000  00004000  R  X
  SRAM_CODE             01000000   00010000  0000cd74  0000328c  RW X
  SRAM_DATA             20000000   00010000  0000cd74  0000328c  RW  


SEGMENT ALLOCATION MAP

run origin  load origin   length   init length attrs members
----------  ----------- ---------- ----------- ----- -------
00000000    00000000    00003de0   00003de0    r-x
  00000000    00000000    000000e4   000000e4    r-- .intvecs
  000000e4    000000e4    00003cb4   00003cb4    r-x .text
  00003d98    00003d98    00000008   00000008    r-- .const
  00003da0    00003da0    00000040   00000040    r-- .cinit
20000000    20000000    0000c974   00000000    rw-
  20000000    20000000    0000c908   00000000    rw- .bss
  2000c908    2000c908    0000006c   00000000    rw- .data
2000fc00    2000fc00    00000400   00000000    rw-
  2000fc00    2000fc00    00000400   00000000    rw- .stack


SECTION ALLOCATION MAP

 output                                  attributes/
section   page    origin      length       input sections
--------  ----  ----------  ----------   ----------------
.text      0    000000e4    00003cb4     
                  000000e4    00001970     tasks.obj (.text)
                  00001a54    00000d0a     queue.obj (.text)
                  0000275e    00000002     --HOLE-- [fill = 0]
                  00002760    0000073c     timers.obj (.text)
                  00002e9c    0000042c     port.obj (.text)
                  000032c8    00000368     heap_4.obj (.text)
                  00003630    00000334     system_msp432p401r.obj (.text)
                  00003964    0000012a     list.obj (.text)
                  00003a8e    00000002     --HOLE-- [fill = 0]
                  00003a90    000000d2     portasm.obj (.text)
                  00003b62    0000009c     rtsv7M4_T_le_v4SPD16_eabi.lib : memcpy_t2.asm.obj (.text)
                  00003bfe    0000007a                                   : memset_t2.asm.obj (.text)
                  00003c78    00000068                                   : copy_decompress_lzss.c.obj (.text:decompress:lzss:__TI_decompress_lzss)
                  00003ce0    00000044                                   : autoinit.c.obj (.text:__TI_auto_init_nobinit_nopinit:__TI_auto_init_nobinit_nopinit)
                  00003d24    00000034                                   : boot_cortex_m.c.obj (.text:_c_int00_noargs:_c_int00_noargs)
                  00003d58    00000010     main.obj (.text)
                  00003d68    0000000e     rtsv7M4_T_le_v4SPD16_eabi.lib : copy_decompress_none.c.obj (.text:decompress:none:__TI_decompress_none)
                  00003d76    0000000e     startup_msp432p401r_FreeRTOS_ccs.obj (.text)
                  00003d84    0000000c     rtsv7M4_T_le_v4SPD16_eabi.lib : copy_zero_init.c.obj (.text:decompress:ZI:__TI_zero_init)
                  00003d90    00000004                                   : pre_init.c.obj (.text:_system_pre_init)
                  00003d94    00000004                                   : exit.c.obj (.text:abort:abort)

.const     0    00003d98    00000008     
                  00003d98    00000008     port.obj (.const)

.cinit     0    00003da0    00000040     
                  00003da0    00000018     (.cinit..data.load) [load image, compression = lzss]
                  00003db8    0000000c     (__TI_handler_table)
                  00003dc4    00000004     --HOLE-- [fill = 0]
                  00003dc8    00000008     (.cinit..bss.load) [load image, compression = zero_init]
                  00003dd0    00000010     (__TI_cinit_table)

.init_array 
*          0    00000000    00000000     UNINITIALIZED

.intvecs   0    00000000    000000e4     
                  00000000    000000e4     startup_msp432p401r_FreeRTOS_ccs.obj (.intvecs:retain)

.bss       0    20000000    0000c908     UNINITIALIZED
                  20000000    0000c800     heap_4.obj (.bss:ucHeap)
                  2000c800    00000064     tasks.obj (.bss:pxReadyTasksLists)
                  2000c864    00000014     timers.obj (.bss:xActiveTimerList1)
                  2000c878    00000014     timers.obj (.bss:xActiveTimerList2)
                  2000c88c    00000014     tasks.obj (.bss:xDelayedTaskList1)
                  2000c8a0    00000014     tasks.obj (.bss:xDelayedTaskList2)
                  2000c8b4    00000014     tasks.obj (.bss:xPendingReadyList)
                  2000c8c8    00000014     tasks.obj (.bss:xSuspendedTaskList)
                  2000c8dc    00000014     tasks.obj (.bss:xTasksWaitingTermination)
                  2000c8f0    00000008     tasks.obj (.bss)
                  2000c8f8    00000008     timers.obj (.bss)
                  2000c900    00000008     heap_4.obj (.bss:xStart)

.data      0    2000c908    0000006c     UNINITIALIZED
                  2000c908    00000034     tasks.obj (.data)
                  2000c93c    00000018     port.obj (.data)
                  2000c954    00000010     heap_4.obj (.data)
                  2000c964    0000000c     timers.obj (.data)
                  2000c970    00000004     system_msp432p401r.obj (.data)

.stack     0    2000fc00    00000400     UNINITIALIZED
                  2000fc00    00000004     rtsv7M4_T_le_v4SPD16_eabi.lib : boot_cortex_m.c.obj (.stack)
                  2000fc04    000003fc     --HOLE--

__llvm_prf_cnts 
*          0    20000000    00000000     UNINITIALIZED

.binit     0    00000000    00000000     

MODULE SUMMARY

       Module                                 code    ro data   rw data
       ------                                 ----    -------   -------
    .\
       system_msp432p401r.obj                 820     0         8      
       startup_msp432p401r_FreeRTOS_ccs.obj   14      228       0      
       main.obj                               16      0         0      
    +--+--------------------------------------+-------+---------+---------+
       Total:                                 850     228       8      
                                                                       
    .\FreeRTOS\
       tasks.obj                              6512    0         520    
       queue.obj                              3338    0         0      
       timers.obj                             1852    0         120    
       list.obj                               298     0         0      
    +--+--------------------------------------+-------+---------+---------+
       Total:                                 12000   0         640    
                                                                       
    .\FreeRTOS\portable\CCS\ARM_CM4F\
       port.obj                               1068    8         48     
       portasm.obj                            210     0         0      
    +--+--------------------------------------+-------+---------+---------+
       Total:                                 1278    8         48     
                                                                       
    .\FreeRTOS\portable\MemMang\
       heap_4.obj                             872     0         102448 
    +--+--------------------------------------+-------+---------+---------+
       Total:                                 872     0         102448 
                                                                       
    C:\ti\ccs1210\ccs\tools\compiler\ti-cgt-arm_20.2.7.LTS\lib\rtsv7M4_T_le_v4SPD16_eabi.lib
       memcpy_t2.asm.obj                      156     0         0      
       memset_t2.asm.obj                      122     0         0      
       copy_decompress_lzss.c.obj             104     0         0      
       autoinit.c.obj                         68      0         0      
       boot_cortex_m.c.obj                    52      0         0      
       copy_decompress_none.c.obj             14      0         0      
       copy_zero_init.c.obj                   12      0         0      
       exit.c.obj                             4       0         0      
       pre_init.c.obj                         4       0         0      
    +--+--------------------------------------+-------+---------+---------+
       Total:                                 536     0         0      
                                                                       
       Stack:                                 0       0         2048   
       Linker Generated:                      0       60        0      
    +--+--------------------------------------+-------+---------+---------+
       Grand Total:                           15536   296       105192 


LINKER GENERATED COPY TABLES

__TI_cinit_table @ 00003dd0 records: 2, size/record: 8, table size: 16
	.data: load addr=00003da0, load size=00000018 bytes, run addr=2000c908, run size=0000006c bytes, compression=lzss
	.bss: load addr=00003dc8, load size=00000008 bytes, run addr=20000000, run size=0000c908 bytes, compression=zero_init


LINKER GENERATED HANDLER TABLE

__TI_handler_table @ 00003db8 records: 3, size/record: 4, table size: 12
	index: 0, handler: __TI_decompress_lzss
	index: 1, handler: __TI_decompress_none
	index: 2, handler: __TI_zero_init


GLOBAL SYMBOLS: SORTED ALPHABETICALLY BY Name 

address   name                             
-------   ----                             
00003d83  ADC14_IRQHandler                 
00003d83  AES256_IRQHandler                
00003d83  BusFault_Handler                 
00003d95  C$$EXIT                          
00003d83  COMP_E0_IRQHandler               
00003d83  COMP_E1_IRQHandler               
00003d83  CS_IRQHandler                    
00003d83  DMA_ERR_IRQHandler               
00003d83  DMA_INT0_IRQHandler              
00003d83  DMA_INT1_IRQHandler              
00003d83  DMA_INT2_IRQHandler              
00003d83  DMA_INT3_IRQHandler              
00003d83  DebugMon_Handler                 
00003d83  Default_Handler                  
00003d83  EUSCIA0_IRQHandler               
00003d83  EUSCIA1_IRQHandler               
00003d83  EUSCIA2_IRQHandler               
00003d83  EUSCIA3_IRQHandler               
00003d83  EUSCIB0_IRQHandler               
00003d83  EUSCIB1_IRQHandler               
00003d83  EUSCIB2_IRQHandler               
00003d83  EUSCIB3_IRQHandler               
00003d83  FLCTL_IRQHandler                 
00003d83  FPU_IRQHandler                   
00003d83  HardFault_Handler                
00003d83  MemManage_Handler                
00003d83  NMI_Handler                      
00003d83  PCM_IRQHandler                   
00003d83  PORT1_IRQHandler                 
00003d83  PORT2_IRQHandler                 
00003d83  PORT3_IRQHandler                 
00003d83  PORT4_IRQHandler                 
00003d83  PORT5_IRQHandler                 
00003d83  PORT6_IRQHandler                 
00003d83  PSS_IRQHandler                   
00003d83  RTC_C_IRQHandler                 
00003d77  Reset_Handler                    
2000c970  SystemCoreClock                  
00003631  SystemCoreClockUpdate            
000038a9  SystemInit                       
00003d83  T32_INT1_IRQHandler              
00003d83  T32_INT2_IRQHandler              
00003d83  T32_INTC_IRQHandler              
00003d83  TA0_0_IRQHandler                 
00003d83  TA0_N_IRQHandler                 
00003d83  TA1_0_IRQHandler                 
00003d83  TA1_N_IRQHandler                 
00003d83  TA2_0_IRQHandler                 
00003d83  TA2_N_IRQHandler                 
00003d83  TA3_0_IRQHandler                 
00003d83  TA3_N_IRQHandler                 
00003d83  UsageFault_Handler               
4000480c  WDTCTL_SYM                       
00003d83  WDT_A_IRQHandler                 
20010000  __STACK_END                      
00000400  __STACK_SIZE                     
00003dd0  __TI_CINIT_Base                  
00003de0  __TI_CINIT_Limit                 
00003db8  __TI_Handler_Table_Base          
00003dc4  __TI_Handler_Table_Limit         
00003ce1  __TI_auto_init_nobinit_nopinit   
00003c79  __TI_decompress_lzss             
00003d69  __TI_decompress_none             
ffffffff  __TI_pprof_out_hndl              
ffffffff  __TI_prof_data_size              
ffffffff  __TI_prof_data_start             
00003da0  __TI_static_base__               
00003d85  __TI_zero_init                   
00003bff  __aeabi_memclr                   
00003bff  __aeabi_memclr4                  
00003bff  __aeabi_memclr8                  
00003b63  __aeabi_memcpy                   
00003b63  __aeabi_memcpy4                  
00003b63  __aeabi_memcpy8                  
00003c01  __aeabi_memset                   
00003c01  __aeabi_memset4                  
00003c01  __aeabi_memset8                  
ffffffff  __binit__                        
ffffffff  __c_args__                       
UNDEFED   __mpu_init                       
2000fc00  __stack                          
20000000  __start___llvm_prf_cnts          
20000000  __stop___llvm_prf_cnts           
00003d25  _c_int00_noargs                  
UNDEFED   _system_post_cinit               
00003d91  _system_pre_init                 
00003d95  abort                            
ffffffff  binit                            
0000115d  eTaskConfirmSleepModeStatus      
00000505  eTaskGetState                    
00000000  interruptVectors                 
00003d59  main                             
00003b63  memcpy                           
00003c07  memset                           
00000b31  pcTaskGetName                    
0000291f  pcTimerGetName                   
000032c9  pvPortMalloc                     
000014cb  pvTaskIncrementMutexHeldCount    
00002da9  pvTimerGetTimerID                
2000c908  pxCurrentTCB                     
00002e9d  pxPortInitialiseStack            
00003d98  ulMaxSyscallInterruptPriority    
00003aa1  ulPortGetIPSR                    
000014e9  ulTaskNotifyTake                 
00003a47  uxListRemove                     
0000240d  uxQueueMessagesWaiting           
0000246b  uxQueueMessagesWaitingFromISR    
00002437  uxQueueSpacesAvailable           
00000b2b  uxTaskGetNumberOfTasks           
000005a1  uxTaskPriorityGet                
000005cd  uxTaskPriorityGetFromISR         
000014a9  uxTaskResetEventItemValue        
UNDEFED   vApplicationIdleHook             
UNDEFED   vApplicationMallocFailedHook     
UNDEFED   vApplicationStackOverflowHook    
UNDEFED   vApplicationTickHook             
00003965  vListInitialise                  
00003995  vListInitialiseItem              
000039e1  vListInsert                      
000039a5  vListInsertEnd                   
00003b55  vPortEnableVFP                   
00002fbd  vPortEndScheduler                
00002fe1  vPortEnterCritical               
00003023  vPortExitCritical                
0000342b  vPortFree                        
000034c9  vPortInitialiseBlocks            
00003b19  vPortSVCHandler                  
00003b19  vPortSVCHandler                  
000031d1  vPortSetupTimerInterrupt         
00003b39  vPortStartFirstTask              
00003079  vPortSuppressTicksAndSleep       
00003231  vPortValidateInterruptPriority   
UNDEFED   vPreSleepProcessing              
00002491  vQueueDelete                     
00002703  vQueueWaitForMessageRestricted   
0000049d  vTaskDelay                       
000003bb  vTaskDelayUntil                  
000002f1  vTaskDelete                      
0000097d  vTaskEndScheduler                
000010e7  vTaskMissedYield                 
00001873  vTaskNotifyGiveFromISR           
00000df7  vTaskPlaceOnEventList            
00000e8d  vTaskPlaceOnEventListRestricted  
00000e27  vTaskPlaceOnUnorderedEventList   
000012ef  vTaskPriorityInherit             
00000615  vTaskPrioritySet                 
00000873  vTaskResume                      
00001017  vTaskSetTimeOutState             
00000905  vTaskStartScheduler              
00000b95  vTaskStepTick                    
00000749  vTaskSuspend                     
00000999  vTaskSuspendAll                  
00000d31  vTaskSwitchContext               
00002dd7  vTimerSetTimerID                 
000034bd  xPortGetFreeHeapSize             
000034c3  xPortGetMinimumEverFreeHeapSize  
00003ab9  xPortPendSVHandler               
00003ab9  xPortPendSVHandler               
00002f29  xPortStartScheduler              
0000304f  xPortSysTickHandler              
0000304f  xPortSysTickHandler              
00001ca9  xQueueCreateCountingSemaphore    
00001bd1  xQueueCreateMutex                
00001b07  xQueueGenericCreate              
000020ab  xQueueGenericReceive             
00001a55  xQueueGenericReset               
00001d05  xQueueGenericSend                
00001eb7  xQueueGenericSendFromISR         
00001fbd  xQueueGiveFromISR                
00001bfd  xQueueGiveMutexRecursive         
00002677  xQueueIsQueueEmptyFromISR        
000026cd  xQueueIsQueueFullFromISR         
0000235b  xQueuePeekFromISR                
00002285  xQueueReceiveFromISR             
00001c4d  xQueueTakeMutexRecursive         
00001045  xTaskCheckForTimeOut             
000000e5  xTaskCreate                      
00001615  xTaskGenericNotify               
00001735  xTaskGenericNotifyFromISR        
000012b1  xTaskGetCurrentTaskHandle        
00000b61  xTaskGetIdleTaskHandle           
000012c9  xTaskGetSchedulerState           
00000b07  xTaskGetTickCount                
00000b17  xTaskGetTickCountFromISR         
00000be5  xTaskIncrementTick               
0000195d  xTaskNotifyStateClear            
00001571  xTaskNotifyWait                  
000013c9  xTaskPriorityDisinherit          
00000ed5  xTaskRemoveFromEventList         
00000f79  xTaskRemoveFromUnorderedEventList
00000a05  xTaskResumeAll                   
0000279f  xTimerCreate                     
00002761  xTimerCreateTimerTask            
0000282d  xTimerGenericCommand             
000028f5  xTimerGetExpiryTime              
000028cf  xTimerGetPeriod                  
000028ad  xTimerGetTimerDaemonTaskHandle   
00002d69  xTimerIsTimerActive              
00002e3b  xTimerPendFunctionCall           
00002e05  xTimerPendFunctionCallFromISR    


GLOBAL SYMBOLS: SORTED BY Symbol Address 

address   name                             
-------   ----                             
00000000  interruptVectors                 
000000e5  xTaskCreate                      
000002f1  vTaskDelete                      
000003bb  vTaskDelayUntil                  
00000400  __STACK_SIZE                     
0000049d  vTaskDelay                       
00000505  eTaskGetState                    
000005a1  uxTaskPriorityGet                
000005cd  uxTaskPriorityGetFromISR         
00000615  vTaskPrioritySet                 
00000749  vTaskSuspend                     
00000873  vTaskResume                      
00000905  vTaskStartScheduler              
0000097d  vTaskEndScheduler                
00000999  vTaskSuspendAll                  
00000a05  xTaskResumeAll                   
00000b07  xTaskGetTickCount                
00000b17  xTaskGetTickCountFromISR         
00000b2b  uxTaskGetNumberOfTasks           
00000b31  pcTaskGetName                    
00000b61  xTaskGetIdleTaskHandle           
00000b95  vTaskStepTick                    
00000be5  xTaskIncrementTick               
00000d31  vTaskSwitchContext               
00000df7  vTaskPlaceOnEventList            
00000e27  vTaskPlaceOnUnorderedEventList   
00000e8d  vTaskPlaceOnEventListRestricted  
00000ed5  xTaskRemoveFromEventList         
00000f79  xTaskRemoveFromUnorderedEventList
00001017  vTaskSetTimeOutState             
00001045  xTaskCheckForTimeOut             
000010e7  vTaskMissedYield                 
0000115d  eTaskConfirmSleepModeStatus      
000012b1  xTaskGetCurrentTaskHandle        
000012c9  xTaskGetSchedulerState           
000012ef  vTaskPriorityInherit             
000013c9  xTaskPriorityDisinherit          
000014a9  uxTaskResetEventItemValue        
000014cb  pvTaskIncrementMutexHeldCount    
000014e9  ulTaskNotifyTake                 
00001571  xTaskNotifyWait                  
00001615  xTaskGenericNotify               
00001735  xTaskGenericNotifyFromISR        
00001873  vTaskNotifyGiveFromISR           
0000195d  xTaskNotifyStateClear            
00001a55  xQueueGenericReset               
00001b07  xQueueGenericCreate              
00001bd1  xQueueCreateMutex                
00001bfd  xQueueGiveMutexRecursive         
00001c4d  xQueueTakeMutexRecursive         
00001ca9  xQueueCreateCountingSemaphore    
00001d05  xQueueGenericSend                
00001eb7  xQueueGenericSendFromISR         
00001fbd  xQueueGiveFromISR                
000020ab  xQueueGenericReceive             
00002285  xQueueReceiveFromISR             
0000235b  xQueuePeekFromISR                
0000240d  uxQueueMessagesWaiting           
00002437  uxQueueSpacesAvailable           
0000246b  uxQueueMessagesWaitingFromISR    
00002491  vQueueDelete                     
00002677  xQueueIsQueueEmptyFromISR        
000026cd  xQueueIsQueueFullFromISR         
00002703  vQueueWaitForMessageRestricted   
00002761  xTimerCreateTimerTask            
0000279f  xTimerCreate                     
0000282d  xTimerGenericCommand             
000028ad  xTimerGetTimerDaemonTaskHandle   
000028cf  xTimerGetPeriod                  
000028f5  xTimerGetExpiryTime              
0000291f  pcTimerGetName                   
00002d69  xTimerIsTimerActive              
00002da9  pvTimerGetTimerID                
00002dd7  vTimerSetTimerID                 
00002e05  xTimerPendFunctionCallFromISR    
00002e3b  xTimerPendFunctionCall           
00002e9d  pxPortInitialiseStack            
00002f29  xPortStartScheduler              
00002fbd  vPortEndScheduler                
00002fe1  vPortEnterCritical               
00003023  vPortExitCritical                
0000304f  xPortSysTickHandler              
0000304f  xPortSysTickHandler              
00003079  vPortSuppressTicksAndSleep       
000031d1  vPortSetupTimerInterrupt         
00003231  vPortValidateInterruptPriority   
000032c9  pvPortMalloc                     
0000342b  vPortFree                        
000034bd  xPortGetFreeHeapSize             
000034c3  xPortGetMinimumEverFreeHeapSize  
000034c9  vPortInitialiseBlocks            
00003631  SystemCoreClockUpdate            
000038a9  SystemInit                       
00003965  vListInitialise                  
00003995  vListInitialiseItem              
000039a5  vListInsertEnd                   
000039e1  vListInsert                      
00003a47  uxListRemove                     
00003aa1  ulPortGetIPSR                    
00003ab9  xPortPendSVHandler               
00003ab9  xPortPendSVHandler               
00003b19  vPortSVCHandler                  
00003b19  vPortSVCHandler                  
00003b39  vPortStartFirstTask              
00003b55  vPortEnableVFP                   
00003b63  __aeabi_memcpy                   
00003b63  __aeabi_memcpy4                  
00003b63  __aeabi_memcpy8                  
00003b63  memcpy                           
00003bff  __aeabi_memclr                   
00003bff  __aeabi_memclr4                  
00003bff  __aeabi_memclr8                  
00003c01  __aeabi_memset                   
00003c01  __aeabi_memset4                  
00003c01  __aeabi_memset8                  
00003c07  memset                           
00003c79  __TI_decompress_lzss             
00003ce1  __TI_auto_init_nobinit_nopinit   
00003d25  _c_int00_noargs                  
00003d59  main                             
00003d69  __TI_decompress_none             
00003d77  Reset_Handler                    
00003d83  ADC14_IRQHandler                 
00003d83  AES256_IRQHandler                
00003d83  BusFault_Handler                 
00003d83  COMP_E0_IRQHandler               
00003d83  COMP_E1_IRQHandler               
00003d83  CS_IRQHandler                    
00003d83  DMA_ERR_IRQHandler               
00003d83  DMA_INT0_IRQHandler              
00003d83  DMA_INT1_IRQHandler              
00003d83  DMA_INT2_IRQHandler              
00003d83  DMA_INT3_IRQHandler              
00003d83  DebugMon_Handler                 
00003d83  Default_Handler                  
00003d83  EUSCIA0_IRQHandler               
00003d83  EUSCIA1_IRQHandler               
00003d83  EUSCIA2_IRQHandler               
00003d83  EUSCIA3_IRQHandler               
00003d83  EUSCIB0_IRQHandler               
00003d83  EUSCIB1_IRQHandler               
00003d83  EUSCIB2_IRQHandler               
00003d83  EUSCIB3_IRQHandler               
00003d83  FLCTL_IRQHandler                 
00003d83  FPU_IRQHandler                   
00003d83  HardFault_Handler                
00003d83  MemManage_Handler                
00003d83  NMI_Handler                      
00003d83  PCM_IRQHandler                   
00003d83  PORT1_IRQHandler                 
00003d83  PORT2_IRQHandler                 
00003d83  PORT3_IRQHandler                 
00003d83  PORT4_IRQHandler                 
00003d83  PORT5_IRQHandler                 
00003d83  PORT6_IRQHandler                 
00003d83  PSS_IRQHandler                   
00003d83  RTC_C_IRQHandler                 
00003d83  T32_INT1_IRQHandler              
00003d83  T32_INT2_IRQHandler              
00003d83  T32_INTC_IRQHandler              
00003d83  TA0_0_IRQHandler                 
00003d83  TA0_N_IRQHandler                 
00003d83  TA1_0_IRQHandler                 
00003d83  TA1_N_IRQHandler                 
00003d83  TA2_0_IRQHandler                 
00003d83  TA2_N_IRQHandler                 
00003d83  TA3_0_IRQHandler                 
00003d83  TA3_N_IRQHandler                 
00003d83  UsageFault_Handler               
00003d83  WDT_A_IRQHandler                 
00003d85  __TI_zero_init                   
00003d91  _system_pre_init                 
00003d95  C$$EXIT                          
00003d95  abort                            
00003d98  ulMaxSyscallInterruptPriority    
00003da0  __TI_static_base__               
00003db8  __TI_Handler_Table_Base          
00003dc4  __TI_Handler_Table_Limit         
00003dd0  __TI_CINIT_Base                  
00003de0  __TI_CINIT_Limit                 
20000000  __start___llvm_prf_cnts          
20000000  __stop___llvm_prf_cnts           
2000c908  pxCurrentTCB                     
2000c970  SystemCoreClock                  
2000fc00  __stack                          
20010000  __STACK_END                      
4000480c  WDTCTL_SYM                       
ffffffff  __TI_pprof_out_hndl              
ffffffff  __TI_prof_data_size              
ffffffff  __TI_prof_data_start             
ffffffff  __binit__                        
ffffffff  __c_args__                       
ffffffff  binit                            
UNDEFED   __mpu_init                       
UNDEFED   _system_post_cinit               
UNDEFED   vApplicationIdleHook             
UNDEFED   vApplicationMallocFailedHook     
UNDEFED   vApplicationStackOverflowHook    
UNDEFED   vApplicationTickHook             
UNDEFED   vPreSleepProcessing              

[200 symbols]
