******************************************************************************
                  TI ARM Linker PC v20.2.7                     
******************************************************************************
>> Linked Wed Jan 11 19:26:04 2023

OUTPUT FILE NAME:   <CardDealer.out>
ENTRY POINT SYMBOL: "_c_int00_noargs"  address: 000090dd


MEMORY CONFIGURATION

         name            origin    length      used     unused   attr    fill
----------------------  --------  ---------  --------  --------  ----  --------
  MAIN                  00000000   00040000  00009f48  000360b8  R  X
  INFO                  00200000   00004000  00000000  00004000  R  X
  SRAM_CODE             01000000   00010000  0000d267  00002d99  RW X
  SRAM_DATA             20000000   00010000  0000d267  00002d99  RW  


SEGMENT ALLOCATION MAP

run origin  load origin   length   init length attrs members
----------  ----------- ---------- ----------- ----- -------
00000000    00000000    00009f48   00009f48    r-x
  00000000    00000000    000000e4   000000e4    r-- .intvecs
  000000e4    000000e4    00009638   00009638    r-x .text
  0000971c    0000971c    00000754   00000754    r-- .const
  00009e70    00009e70    000000d8   000000d8    r-- .cinit
20000000    20000000    0000ce68   00000000    rw-
  20000000    20000000    0000cb8b   00000000    rw- .bss
  2000cb8c    2000cb8c    000002dc   00000000    rw- .data
2000fc00    2000fc00    00000400   00000000    rw-
  2000fc00    2000fc00    00000400   00000000    rw- .stack


SECTION ALLOCATION MAP

 output                                  attributes/
section   page    origin      length       input sections
--------  ----  ----------  ----------   ----------------
.text      0    000000e4    00009638     
                  000000e4    00001970     tasks.obj (.text)
                  00001a54    00000d0a     queue.obj (.text)
                  0000275e    00000002     rtsv7M4_T_le_v4SPD16_eabi.lib : _lock.c.obj (.text:_nop)
                  00002760    00000a4e                                   : _printfi.c.obj (.text:__TI_printfi)
                  000031ae    00000002                                   : div0.asm.obj (.text)
                  000031b0    0000073c     timers.obj (.text)
                  000038ec    000006f0     interfaces.obj (.text)
                  00003fdc    00000680     Crystalfontz128x128_ST7735.obj (.text)
                  0000465c    00000618     card_dealer.obj (.text)
                  00004c74    0000047e     grlib.a : string.obj (.text:Graphics_drawString)
                  000050f2    00000002     --HOLE-- [fill = 0]
                  000050f4    0000042c     port.obj (.text)
                  00005520    00000368     heap_4.obj (.text)
                  00005888    00000334     system_msp432p401r.obj (.text)
                  00005bbc    00000270     rtsv7M4_T_le_v4SPD16_eabi.lib : _printfi.c.obj (.text:_pconv_a)
                  00005e2c    000001f4     main_freertos.obj (.text)
                  00006020    000001ec     uart.obj (.text)
                  0000620c    000001d0     rtsv7M4_T_le_v4SPD16_eabi.lib : _printfi.c.obj (.text:_pconv_g)
                  000063dc    000001b6                                   : fd_add_t2.asm.obj (.text)
                  00006592    00000002     --HOLE-- [fill = 0]
                  00006594    00000160     msp432p4xx_driverlib.lib : adc14.o (.text:_getIndexForMemRegister)
                  000066f4    0000015c                              : pcm.o (.text:__PCM_setPowerModeAdvanced)
                  00006850    00000144                              : timer_a.o (.text:privateTimer_AProcessClockSourceDivider)
                  00006994    0000013c     rtsv7M4_T_le_v4SPD16_eabi.lib : _printfi.c.obj (.text:_pconv_e)
                  00006ad0    00000136                                   : fd_div_t2.asm.obj (.text)
                  00006c06    00000002     --HOLE-- [fill = 0]
                  00006c08    00000130     msp432p4xx_driverlib.lib : cs.o (.text:CS_initClockSignal)
                  00006d38    0000012a     list.obj (.text)
                  00006e62    00000002     --HOLE-- [fill = 0]
                  00006e64    00000124     rtsv7M4_T_le_v4SPD16_eabi.lib : _printfi.c.obj (.text:fcvt)
                  00006f88    0000011c     msp432p4xx_driverlib.lib : uart.o (.text:UART_initModule)
                  000070a4    00000110     rtsv7M4_T_le_v4SPD16_eabi.lib : s_scalbn.c.obj (.text:scalbn)
                  000071b4    00000108     msp432p4xx_driverlib.lib : pcm.o (.text:__PCM_setCoreVoltageLevelAdvanced)
                  000072bc    00000104                              : cs.o (.text:_CSComputeCLKFrequency)
                  000073c0    000000fc     rtsv7M4_T_le_v4SPD16_eabi.lib : fd_mul_t2.asm.obj (.text)
                  000074bc    000000fa     grlib.a : string.obj (.text:Graphics_getStringWidth)
                  000075b6    00000002     --HOLE-- [fill = 0]
                  000075b8    000000f8     msp432p4xx_driverlib.lib : cs.o (.text:CS_getDCOFrequency)
                  000076b0    000000d2     portasm.obj (.text)
                  00007782    00000002     --HOLE-- [fill = 0]
                  00007784    000000cc     HAL_MSP_EXP432P401R_Crystalfontz128x128_ST7735.obj (.text)
                  00007850    000000b4     msp432p4xx_driverlib.lib : adc14.o (.text:ADC14_configureConversionMemory)
                  00007904    000000b4                              : adc14.o (.text:ADC14_configureMultiSequenceMode)
                  000079b8    000000b1     rtsv7M4_T_le_v4SPD16_eabi.lib : _printfi.c.obj (.text:_ltostr)
                  00007a69    00000001     --HOLE-- [fill = 0]
                  00007a6a    000000b0     msp432p4xx_driverlib.lib : spi.o (.text:SPI_initMaster)
                  00007b1a    0000009c     grlib.a : line.obj (.text:Graphics_drawLineH)
                  00007bb6    0000009c     rtsv7M4_T_le_v4SPD16_eabi.lib : memcpy_t2.asm.obj (.text)
                  00007c52    00000096                                   : ull_div_t2.asm.obj (.text)
                  00007ce8    00000094     msp432p4xx_driverlib.lib : sysctl_a.o (.text:SysCtl_A_getTLVInfo)
                  00007d7c    00000088                              : gpio.o (.text:GPIO_setAsPeripheralModuleFunctionInputPin)
                  00007e04    00000088                              : gpio.o (.text:GPIO_setAsPeripheralModuleFunctionOutputPin)
                  00007e8c    00000086     rtsv7M4_T_le_v4SPD16_eabi.lib : fd_cmp_t2.asm.obj (.text:__aeabi_cdcmple)
                  00007f12    00000086                                   : fd_cmp_t2.asm.obj (.text:__aeabi_cdrcmple)
                  00007f98    00000084     msp432p4xx_driverlib.lib : gpio.o (.text:GPIO_getEnabledInterruptStatus)
                  0000801c    00000080                              : interrupt.o (.text:Interrupt_disableInterrupt)
                  0000809c    00000080                              : interrupt.o (.text:Interrupt_enableInterrupt)
                  0000811c    0000007c                              : cs.o (.text:_CSGetDOCFrequency)
                  00008198    0000007c     rtsv7M4_T_le_v4SPD16_eabi.lib : fflush.c.obj (.text:fflush)
                  00008214    0000007a                                   : memset_t2.asm.obj (.text)
                  0000828e    0000006e                                   : _printfi.c.obj (.text:_mcpy)
                  000082fc    0000006c                                   : hostrename.c.obj (.text:HOSTrename)
                  00008368    00000068                                   : hostlseek.c.obj (.text:HOSTlseek)
                  000083d0    00000068     msp432p4xx_driverlib.lib : timer32.o (.text:Timer32_initModule)
                  00008438    00000068                              : timer_a.o (.text:Timer_A_configureUpMode)
                  000084a0    00000068     rtsv7M4_T_le_v4SPD16_eabi.lib : copy_decompress_lzss.c.obj (.text:decompress:lzss:__TI_decompress_lzss)
                  00008508    00000068                                   : printf.c.obj (.text:printf)
                  00008570    00000064     events.obj (.text)
                  000085d4    00000064     rtsv7M4_T_le_v4SPD16_eabi.lib : s_frexp.c.obj (.text:frexp)
                  00008638    00000062     msp432p4xx_driverlib.lib : cs.o (.text:_CSGetDividerValue)
                  0000869a    00000002     --HOLE-- [fill = 0]
                  0000869c    00000060     rtsv7M4_T_le_v4SPD16_eabi.lib : hostopen.c.obj (.text:HOSTopen)
                  000086fc    0000005e     msp432p4xx_driverlib.lib : pcm.o (.text:PCM_getCoreVoltageLevel)
                  0000875a    0000005a                              : pcm.o (.text:PCM_getPowerMode)
                  000087b4    00000058                              : gpio.o (.text:GPIO_setAsInputPinWithPullUpResistor)
                  0000880c    00000058     rtsv7M4_T_le_v4SPD16_eabi.lib : hostread.c.obj (.text:HOSTread)
                  00008864    00000058                                   : hostwrite.c.obj (.text:HOSTwrite)
                  000088bc    00000058     msp432p4xx_driverlib.lib : timer_a.o (.text:Timer_A_initCapture)
                  00008914    00000056     rtsv7M4_T_le_v4SPD16_eabi.lib : _printfi.c.obj (.text:_pconv_f)
                  0000896a    00000002     --HOLE-- [fill = 0]
                  0000896c    00000054     msp432p4xx_driverlib.lib : adc14.o (.text:ADC14_initModule)
                  000089c0    00000054     rtsv7M4_T_le_v4SPD16_eabi.lib : _ltoa.c.obj (.text:__TI_ltoa)
                  00008a14    00000052     grlib.a : context.obj (.text:Graphics_initContext)
                  00008a66    00000052     rtsv7M4_T_le_v4SPD16_eabi.lib : _printfi.c.obj (.text:_ecpy)
                  00008ab8    0000004e     msp432p4xx_driverlib.lib : timer_a.o (.text:Timer_A_initCompare)
                  00008b06    0000004c     rtsv7M4_T_le_v4SPD16_eabi.lib : fflush.c.obj (.text:__TI_doflush)
                  00008b52    00000002     --HOLE-- [fill = 0]
                  00008b54    0000004c                                   : atoi.c.obj (.text:atoi)
                  00008ba0    00000048     msp432p4xx_driverlib.lib : flash.o (.text:FlashCtl_setWaitState)
                  00008be8    00000048     grlib.a : string.obj (.text:Graphics_drawStringCentered)
                  00008c30    00000048     rtsv7M4_T_le_v4SPD16_eabi.lib : fd_toi_t2.asm.obj (.text)
                  00008c78    00000044                                   : hostclose.c.obj (.text:HOSTclose)
                  00008cbc    00000044                                   : hostunlink.c.obj (.text:HOSTunlink)
                  00008d00    00000044                                   : autoinit.c.obj (.text:__TI_auto_init_nobinit_nopinit:__TI_auto_init_nobinit_nopinit)
                  00008d44    00000040     msp432p4xx_driverlib.lib : gpio.o (.text:GPIO_setAsOutputPin)
                  00008d84    00000040     grlib.a : string.obj (.text:Graphics_getNumberOfLeadingZeros)
                  00008dc4    00000040     msp432p4xx_driverlib.lib : spi.o (.text:is_A_Module)
                  00008e04    00000040     rtsv7M4_T_le_v4SPD16_eabi.lib : sprintf.c.obj (.text:sprintf)
                  00008e44    00000040                                   : vsnprintf.c.obj (.text:vsnprintf)
                  00008e84    0000003e                                   : _printfi.c.obj (.text:_fcpy)
                  00008ec2    00000002     --HOLE-- [fill = 0]
                  00008ec4    00000038     msp432p4xx_driverlib.lib : adc14.o (.text:ADC14_getEnabledInterruptStatus)
                  00008efc    00000038                              : timer32.o (.text:Timer32_startTimer)
                  00008f34    00000038     rtsv7M4_T_le_v4SPD16_eabi.lib : trgmsg.c.obj (.text:__TI_writemsg)
                  00008f6c    00000036     grlib.a : display.obj (.text:Graphics_drawHorizontalLineOnDisplay)
                  00008fa2    00000002     --HOLE-- [fill = 0]
                  00008fa4    00000034     msp432p4xx_driverlib.lib : adc14.o (.text:ADC14_enableSampleTimer)
                  00008fd8    00000034                              : cs.o (.text:CS_setDCOCenteredFrequency)
                  0000900c    00000034                              : timer32.o (.text:Timer32_setCount)
                  00009040    00000034                              : timer_a.o (.text:Timer_A_configureContinuousMode)
                  00009074    00000034                              : uart.o (.text:UART_transmitData)
                  000090a8    00000034     rtsv7M4_T_le_v4SPD16_eabi.lib : trgmsg.c.obj (.text:__TI_readmsg)
                  000090dc    00000034                                   : boot_cortex_m.c.obj (.text:_c_int00_noargs:_c_int00_noargs)
                  00009110    00000030     msp432p4xx_driverlib.lib : adc14.o (.text:ADC14_clearInterruptFlag)
                  00009140    00000030                              : adc14.o (.text:ADC14_enableInterrupt)
                  00009170    00000030                              : cs.o (.text:CS_clearInterruptFlag)
                  000091a0    00000030     rtsv7M4_T_le_v4SPD16_eabi.lib : vsnprintf.c.obj (.text:_outs)
                  000091d0    0000002e                                   : i_tofd_t2.asm.obj (.text)
                  000091fe    00000002     --HOLE-- [fill = 0]
                  00009200    0000002c     msp432p4xx_driverlib.lib : adc14.o (.text:ADC14_getInterruptStatus)
                  0000922c    0000002c                              : adc14.o (.text:ADC14_toggleConversionTrigger)
                  00009258    0000002c     grlib.a : display.obj (.text:Graphics_drawPixelOnDisplay)
                  00009284    0000002c     msp432p4xx_driverlib.lib : timer_a.o (.text:Timer_A_clearCaptureCompareInterrupt)
                  000092b0    00000028                              : adc14.o (.text:ADC14_enableConversion)
                  000092d8    00000028                              : adc14.o (.text:ADC14_getResult)
                  00009300    00000028                              : cs.o (.text:CS_getSMCLK)
                  00009328    00000028                              : gpio.o (.text:GPIO_clearInterruptFlag)
                  00009350    00000028                              : gpio.o (.text:GPIO_enableInterrupt)
                  00009378    00000028                              : gpio.o (.text:GPIO_setOutputHighOnPin)
                  000093a0    00000028                              : gpio.o (.text:GPIO_setOutputLowOnPin)
                  000093c8    00000028     rtsv7M4_T_le_v4SPD16_eabi.lib : write.c.obj (.text:write)
                  000093f0    00000024     msp432p4xx_driverlib.lib : gpio.o (.text:GPIO_getInterruptStatus)
                  00009414    00000024                              : wdt_a.o (.text:WDT_A_holdTimer)
                  00009438    00000022                              : timer_a.o (.text:Timer_A_getCaptureCompareCount)
                  0000945a    0000001c                              : spi.o (.text:SPI_enableModule)
                  00009476    0000001c     rtsv7M4_T_le_v4SPD16_eabi.lib : memccpy.c.obj (.text:memccpy)
                  00009492    0000001a     grlib.a : display.obj (.text:Graphics_clearDisplayOnDisplay)
                  000094ac    0000001a             : context.obj (.text:Graphics_setBackgroundColor)
                  000094c6    0000001a             : context.obj (.text:Graphics_setFont)
                  000094e0    0000001a     rtsv7M4_T_le_v4SPD16_eabi.lib : s_copysign.c.obj (.text:copysign)
                  000094fa    00000018                                   : vsnprintf.c.obj (.text:_outc)
                  00009512    00000018                                   : sprintf.c.obj (.text:_outs)
                  0000952a    00000016     msp432p4xx_driverlib.lib : spi.o (.text:EUSCI_A_SPI_enable)
                  00009540    00000016                              : spi.o (.text:EUSCI_B_SPI_enable)
                  00009556    00000016     grlib.a : context.obj (.text:Graphics_setForegroundColor)
                  0000956c    00000016             : display.obj (.text:Graphics_translateColorOnDisplay)
                  00009582    00000016     msp432p4xx_driverlib.lib : timer_a.o (.text:Timer_A_startCounter)
                  00009598    00000016                              : uart.o (.text:UART_enableModule)
                  000095ae    00000016     rtsv7M4_T_le_v4SPD16_eabi.lib : strchr.c.obj (.text:strchr)
                  000095c4    00000014     msp432p4xx_driverlib.lib : pcm.o (.text:PCM_getPowerState)
                  000095d8    00000014                              : timer32.o (.text:Timer32_disableInterrupt)
                  000095ec    00000014                              : timer_a.o (.text:Timer_A_stopTimer)
                  00009600    00000014     rtsv7M4_T_le_v4SPD16_eabi.lib : strcpy.c.obj (.text:strcpy)
                  00009614    00000014                                   : strlen.c.obj (.text:strlen)
                  00009628    00000012     grlib.a : context.obj (.text:Graphics_clearDisplay)
                  0000963a    00000012     rtsv7M4_T_le_v4SPD16_eabi.lib : wcslen.c.obj (.text:wcslen)
                  0000964c    00000010     msp432p4xx_driverlib.lib : adc14.o (.text:ADCIsConversionRunning)
                  0000965c    00000010                              : interrupt.o (.text:Interrupt_disableMaster)
                  0000966c    00000010                              : interrupt.o (.text:Interrupt_enableMaster)
                  0000967c    00000010                              : pcm.o (.text:PCM_setCoreVoltageLevel)
                  0000968c    00000010                              : pcm.o (.text:PCM_setPowerMode)
                  0000969c    0000000e                              : timer32.o (.text:Timer32_getValue)
                  000096aa    0000000e     rtsv7M4_T_le_v4SPD16_eabi.lib : copy_decompress_none.c.obj (.text:decompress:none:__TI_decompress_none)
                  000096b8    0000000e     startup_msp432p401r_FreeRTOS_ccs.obj (.text)
                  000096c6    00000002     --HOLE-- [fill = 0]
                  000096c8    0000000c     msp432p4xx_driverlib.lib : adc14.o (.text:ADC14_enableModule)
                  000096d4    0000000c                              : cpu.o (.text:CPU_cpsid)
                  000096e0    0000000c                              : cpu.o (.text:CPU_cpsie)
                  000096ec    0000000c     rtsv7M4_T_le_v4SPD16_eabi.lib : copy_zero_init.c.obj (.text:decompress:ZI:__TI_zero_init)
                  000096f8    0000000a                                   : sprintf.c.obj (.text:_outc)
                  00009702    00000002     --HOLE-- [fill = 0]
                  00009704    00000008                                   : errno.c.obj (.text:__aeabi_errno_addr)
                  0000970c    00000004                                   : printf.c.obj (.text:_outc)
                  00009710    00000004                                   : printf.c.obj (.text:_outs)
                  00009714    00000004                                   : pre_init.c.obj (.text:_system_pre_init)
                  00009718    00000004                                   : exit.c.obj (.text:abort:abort)

.const     0    0000971c    00000754     
                  0000971c    000002f8     grlib.a : fontfixed6x8.obj (.const:.string:g_pucFontFixed6x8Data)
                  00009a14    00000120     uart.obj (.const:UCxBRS)
                  00009b34    00000101     rtsv7M4_T_le_v4SPD16_eabi.lib : ctype.c.obj (.const:.string:_ctypes_)
                  00009c35    00000003     --HOLE-- [fill = 0]
                  00009c38    000000c8     grlib.a : fontfixed6x8.obj (.const:g_sFontFixed6x8)
                  00009d00    00000080     msp432p4xx_driverlib.lib : adc14.o (.const:_ctlRegs)
                  00009d80    00000030                              : gpio.o (.const:GPIO_PORT_TO_BASE)
                  00009db0    00000020     Crystalfontz128x128_ST7735.obj (.const:g_sCrystalfontz128x128_funcs)
                  00009dd0    0000001c     HAL_MSP_EXP432P401R_Crystalfontz128x128_ST7735.obj (.const:$P$T0$1)
                  00009dec    00000018     card_dealer.obj (.const:BZ_upConfig)
                  00009e04    00000018     card_dealer.obj (.const:DS_captureModeConfig)
                  00009e1c    00000014     interfaces.obj (.const:.string:$P$T0$1)
                  00009e30    00000010     card_dealer.obj (.const:BZ_compareConfig_PWM)
                  00009e40    00000010     card_dealer.obj (.const:DS_continuousModeConfig)
                  00009e50    00000008     Crystalfontz128x128_ST7735.obj (.const:$P$T0$1)
                  00009e58    00000008     msp432p4xx_driverlib.lib : interrupt.o (.const:g_pulDisRegs)
                  00009e60    00000008                              : interrupt.o (.const:g_pulEnRegs)
                  00009e68    00000008     port.obj (.const)

.cinit     0    00009e70    000000d8     
                  00009e70    000000b1     (.cinit..data.load) [load image, compression = lzss]
                  00009f21    00000003     --HOLE-- [fill = 0]
                  00009f24    0000000c     (__TI_handler_table)
                  00009f30    00000008     (.cinit..bss.load) [load image, compression = zero_init]
                  00009f38    00000010     (__TI_cinit_table)

.init_array 
*          0    00000000    00000000     UNINITIALIZED

.intvecs   0    00000000    000000e4     
                  00000000    000000e4     startup_msp432p401r_FreeRTOS_ccs.obj (.intvecs:retain)

.bss       0    20000000    0000cb8b     UNINITIALIZED
                  20000000    0000c800     heap_4.obj (.bss:ucHeap)
                  2000c800    00000120     rtsv7M4_T_le_v4SPD16_eabi.lib : trgmsg.c.obj (.bss:_CIOBUF_)
                  2000c920    00000100     uart.obj (.bss:print_buffer$1)
                  2000ca20    00000064     tasks.obj (.bss:pxReadyTasksLists)
                  2000ca84    00000020     interfaces.obj (.bss:peoplePos)
                  2000caa4    0000001c     (.common:g_sContext)
                  2000cac0    00000014     timers.obj (.bss:xActiveTimerList1)
                  2000cad4    00000014     timers.obj (.bss:xActiveTimerList2)
                  2000cae8    00000014     tasks.obj (.bss:xDelayedTaskList1)
                  2000cafc    00000014     tasks.obj (.bss:xDelayedTaskList2)
                  2000cb10    00000014     tasks.obj (.bss:xPendingReadyList)
                  2000cb24    00000014     tasks.obj (.bss:xSuspendedTaskList)
                  2000cb38    00000014     tasks.obj (.bss:xTasksWaitingTermination)
                  2000cb4c    00000008     msp432p4xx_driverlib.lib : cs.o (.bss)
                  2000cb54    00000008     tasks.obj (.bss)
                  2000cb5c    00000008     timers.obj (.bss)
                  2000cb64    00000008     heap_4.obj (.bss:xStart)
                  2000cb6c    00000008     (.common:parmbuf)
                  2000cb74    00000004     card_dealer.obj (.bss)
                  2000cb78    00000004     interfaces.obj (.bss)
                  2000cb7c    00000004     card_dealer.obj (.bss:resultsBuffer)
                  2000cb80    00000002     (.common:Lcd_ScreenHeigth)
                  2000cb82    00000002     (.common:Lcd_ScreenWidth)
                  2000cb84    00000002     (.common:Lcd_TouchTrim)
                  2000cb86    00000001     (.common:Lcd_FlagRead)
                  2000cb87    00000001     (.common:Lcd_FontSolid)
                  2000cb88    00000001     (.common:Lcd_Orientation)
                  2000cb89    00000001     (.common:Lcd_PenSolid)
                  2000cb8a    00000001     (.common:current_state)

.data      0    2000cb8c    000002dc     UNINITIALIZED
                  2000cb8c    000000f0     rtsv7M4_T_le_v4SPD16_eabi.lib : defs.c.obj (.data:_ftable)
                  2000cc7c    00000078                                   : host_device.c.obj (.data:_device)
                  2000ccf4    00000050                                   : host_device.c.obj (.data:_stream)
                  2000cd44    00000038     main_freertos.obj (.data:fsm)
                  2000cd7c    00000034     tasks.obj (.data)
                  2000cdb0    00000028     uart.obj (.data:uart_config)
                  2000cdd8    00000019     card_dealer.obj (.data)
                  2000cdf1    00000001     events.obj (.data)
                  2000cdf2    00000001     main_freertos.obj (.data)
                  2000cdf3    00000001     --HOLE--
                  2000cdf4    00000018     port.obj (.data)
                  2000ce0c    00000010     Crystalfontz128x128_ST7735.obj (.data:g_sCrystalfontz128x128)
                  2000ce1c    00000010     heap_4.obj (.data)
                  2000ce2c    00000010     interfaces.obj (.data)
                  2000ce3c    00000010     rtsv7M4_T_le_v4SPD16_eabi.lib : defs.c.obj (.data)
                  2000ce4c    0000000c     timers.obj (.data)
                  2000ce58    00000008     rtsv7M4_T_le_v4SPD16_eabi.lib : _lock.c.obj (.data:$O1$$)
                  2000ce60    00000004                                   : errno.c.obj (.data)
                  2000ce64    00000004     system_msp432p401r.obj (.data)

.stack     0    2000fc00    00000400     UNINITIALIZED
                  2000fc00    00000004     rtsv7M4_T_le_v4SPD16_eabi.lib : boot_cortex_m.c.obj (.stack)
                  2000fc04    000003fc     --HOLE--

__llvm_prf_cnts 
*          0    20000000    00000000     UNINITIALIZED

.binit     0    00000000    00000000     

MODULE SUMMARY

       Module                                               code    ro data   rw data
       ------                                               ----    -------   -------
    .\
       system_msp432p401r.obj                               820     0         8      
       main_freertos.obj                                    500     0         172    
       startup_msp432p401r_FreeRTOS_ccs.obj                 14      228       0      
    +--+----------------------------------------------------+-------+---------+---------+
       Total:                                               1334    228       180    
                                                                                     
    .\FreeRTOS\
       tasks.obj                                            6512    0         520    
       queue.obj                                            3338    0         0      
       timers.obj                                           1852    0         120    
       list.obj                                             298     0         0      
    +--+----------------------------------------------------+-------+---------+---------+
       Total:                                               12000   0         640    
                                                                                     
    .\FreeRTOS\portable\CCS\ARM_CM4F\
       port.obj                                             1068    8         48     
       portasm.obj                                          210     0         0      
    +--+----------------------------------------------------+-------+---------+---------+
       Total:                                               1278    8         48     
                                                                                     
    .\FreeRTOS\portable\MemMang\
       heap_4.obj                                           872     0         102448 
    +--+----------------------------------------------------+-------+---------+---------+
       Total:                                               872     0         102448 
                                                                                     
    .\LcdDriver\
       Crystalfontz128x128_ST7735.obj                       1664    40        52     
       HAL_MSP_EXP432P401R_Crystalfontz128x128_ST7735.obj   204     28        0      
    +--+----------------------------------------------------+-------+---------+---------+
       Total:                                               1868    68        52     
                                                                                     
    .\Libraries\
       interfaces.obj                                       1776    20        104    
       card_dealer.obj                                      1560    80        66     
       events.obj                                           100     0         2      
    +--+----------------------------------------------------+-------+---------+---------+
       Total:                                               3436    100       172    
                                                                                     
    .\Libraries\DefaultLib\
       uart.obj                                             492     288       592    
    +--+----------------------------------------------------+-------+---------+---------+
       Total:                                               492     288       592    
                                                                                     
    C:/Users/Francesco Olivieri/Documents/simplelink_msp432p4_sdk_3_40_01_02/simplelink_msp432p4_sdk_3_40_01_02/source/ti/devices/msp432p4xx/driverlib/ccs/msp432p4xx_driverlib.lib
       adc14.o                                              1196    128       0      
       cs.o                                                 1174    0         16     
       pcm.o                                                848     0         0      
       gpio.o                                               752     48        0      
       timer_a.o                                            766     0         0      
       uart.o                                               358     0         0      
       spi.o                                                312     0         0      
       interrupt.o                                          288     16        0      
       timer32.o                                            246     0         0      
       sysctl_a.o                                           148     0         0      
       flash.o                                              72      0         0      
       wdt_a.o                                              36      0         0      
       cpu.o                                                24      0         0      
    +--+----------------------------------------------------+-------+---------+---------+
       Total:                                               6220    192       16     
                                                                                     
    C:/Users/Francesco Olivieri/Documents/simplelink_msp432p4_sdk_3_40_01_02/simplelink_msp432p4_sdk_3_40_01_02/source/ti/grlib/lib/ccs/m4f/grlib.a
       string.obj                                           1536    0         0      
       fontfixed6x8.obj                                     0       960       0      
       context.obj                                          174     0         0      
       line.obj                                             156     0         0      
       display.obj                                          146     0         0      
    +--+----------------------------------------------------+-------+---------+---------+
       Total:                                               2012    960       0      
                                                                                     
    C:\ti\ccs1210\ccs\tools\compiler\ti-cgt-arm_20.2.7.LTS\lib\rtsv7M4_T_le_v4SPD16_eabi.lib
       _printfi.c.obj                                       4851    0         0      
       trgmsg.c.obj                                         108     0         576    
       defs.c.obj                                           0       0         512    
       fd_add_t2.asm.obj                                    438     0         0      
       host_device.c.obj                                    0       0         400    
       fd_div_t2.asm.obj                                    310     0         0      
       s_scalbn.c.obj                                       272     0         0      
       fd_cmp_t2.asm.obj                                    268     0         0      
       ctype.c.obj                                          0       257       0      
       fd_mul_t2.asm.obj                                    252     0         0      
       fflush.c.obj                                         200     0         0      
       memcpy_t2.asm.obj                                    156     0         0      
       ull_div_t2.asm.obj                                   150     0         0      
       vsnprintf.c.obj                                      136     0         0      
       memset_t2.asm.obj                                    122     0         0      
       hostopen.c.obj                                       96      0         16     
       printf.c.obj                                         112     0         0      
       hostrename.c.obj                                     108     0         0      
       copy_decompress_lzss.c.obj                           104     0         0      
       hostlseek.c.obj                                      104     0         0      
       s_frexp.c.obj                                        100     0         0      
       sprintf.c.obj                                        98      0         0      
       hostread.c.obj                                       88      0         0      
       hostwrite.c.obj                                      88      0         0      
       _ltoa.c.obj                                          84      0         0      
       atoi.c.obj                                           76      0         0      
       fd_toi_t2.asm.obj                                    72      0         0      
       autoinit.c.obj                                       68      0         0      
       hostclose.c.obj                                      68      0         0      
       hostunlink.c.obj                                     68      0         0      
       boot_cortex_m.c.obj                                  52      0         0      
       i_tofd_t2.asm.obj                                    46      0         0      
       write.c.obj                                          40      0         0      
       memccpy.c.obj                                        28      0         0      
       s_copysign.c.obj                                     26      0         0      
       strchr.c.obj                                         22      0         0      
       strcpy.c.obj                                         20      0         0      
       strlen.c.obj                                         20      0         0      
       _lock.c.obj                                          2       0         16     
       wcslen.c.obj                                         18      0         0      
       errno.c.obj                                          8       0         8      
       copy_decompress_none.c.obj                           14      0         0      
       copy_zero_init.c.obj                                 12      0         0      
       exit.c.obj                                           4       0         0      
       pre_init.c.obj                                       4       0         0      
       div0.asm.obj                                         2       0         0      
    +--+----------------------------------------------------+-------+---------+---------+
       Total:                                               8915    257       1528   
                                                                                     
       Stack:                                               0       0         2048   
       Linker Generated:                                    0       213       0      
    +--+----------------------------------------------------+-------+---------+---------+
       Grand Total:                                         38427   2314      107724 


LINKER GENERATED COPY TABLES

__TI_cinit_table @ 00009f38 records: 2, size/record: 8, table size: 16
	.data: load addr=00009e70, load size=000000b1 bytes, run addr=2000cb8c, run size=000002dc bytes, compression=lzss
	.bss: load addr=00009f30, load size=00000008 bytes, run addr=20000000, run size=0000cb8b bytes, compression=zero_init


LINKER GENERATED HANDLER TABLE

__TI_handler_table @ 00009f24 records: 3, size/record: 4, table size: 12
	index: 0, handler: __TI_decompress_lzss
	index: 1, handler: __TI_decompress_none
	index: 2, handler: __TI_zero_init


GLOBAL SYMBOLS: SORTED ALPHABETICALLY BY Name 

address   name                                       
-------   ----                                       
000048cb  ADC14_IRQHandler                           
000048cb  ADC14_IRQHandler                           
00009111  ADC14_clearInterruptFlag                   
00007851  ADC14_configureConversionMemory            
00007905  ADC14_configureMultiSequenceMode           
000092b1  ADC14_enableConversion                     
00009141  ADC14_enableInterrupt                      
000096c9  ADC14_enableModule                         
00008fa5  ADC14_enableSampleTimer                    
00008ec5  ADC14_getEnabledInterruptStatus            
00009201  ADC14_getInterruptStatus                   
000092d9  ADC14_getResult                            
0000896d  ADC14_initModule                           
0000922d  ADC14_toggleConversionTrigger              
000096c5  AES256_IRQHandler                          
000096c5  BusFault_Handler                           
00009719  C$$EXIT                                    
00008f63  C$$IO$$                                    
000096c5  COMP_E0_IRQHandler                         
000096c5  COMP_E1_IRQHandler                         
000096d5  CPU_cpsid                                  
000096e1  CPU_cpsie                                  
000096c5  CS_IRQHandler                              
00009171  CS_clearInterruptFlag                      
000075b9  CS_getDCOFrequency                         
00009301  CS_getSMCLK                                
00006c09  CS_initClockSignal                         
00008fd9  CS_setDCOCenteredFrequency                 
00003fdd  Crystalfontz128x128_Init                   
000040f1  Crystalfontz128x128_SetDrawFrame           
0000421f  Crystalfontz128x128_SetOrientation         
000096c5  DMA_ERR_IRQHandler                         
000096c5  DMA_INT0_IRQHandler                        
000096c5  DMA_INT1_IRQHandler                        
000096c5  DMA_INT2_IRQHandler                        
000096c5  DMA_INT3_IRQHandler                        
00004b61  DS_getDistCM                               
00004b55  DS_isValueReady                            
00004b67  DS_valueRead                               
00004b25  DS_valueReady                              
000096c5  DebugMon_Handler                           
000096c5  Default_Handler                            
000096c5  EUSCIA0_IRQHandler                         
000096c5  EUSCIA1_IRQHandler                         
000096c5  EUSCIA2_IRQHandler                         
000096c5  EUSCIA3_IRQHandler                         
000096c5  EUSCIB0_IRQHandler                         
000096c5  EUSCIB1_IRQHandler                         
000096c5  EUSCIB2_IRQHandler                         
000096c5  EUSCIB3_IRQHandler                         
0000952b  EUSCI_A_SPI_enable                         
00009541  EUSCI_B_SPI_enable                         
000096c5  FLCTL_IRQHandler                           
000096c5  FPU_IRQHandler                             
00008ba1  FlashCtl_setWaitState                      
00009329  GPIO_clearInterruptFlag                    
00009351  GPIO_enableInterrupt                       
00007f99  GPIO_getEnabledInterruptStatus             
000093f1  GPIO_getInterruptStatus                    
000087b5  GPIO_setAsInputPinWithPullUpResistor       
00008d45  GPIO_setAsOutputPin                        
00007d7d  GPIO_setAsPeripheralModuleFunctionInputPin 
00007e05  GPIO_setAsPeripheralModuleFunctionOutputPin
00009379  GPIO_setOutputHighOnPin                    
000093a1  GPIO_setOutputLowOnPin                     
00009629  Graphics_clearDisplay                      
00009493  Graphics_clearDisplayOnDisplay             
00008f6d  Graphics_drawHorizontalLineOnDisplay       
00007b1b  Graphics_drawLineH                         
00009259  Graphics_drawPixelOnDisplay                
00004c75  Graphics_drawString                        
00008be9  Graphics_drawStringCentered                
000074bd  Graphics_getStringWidth                    
00008a15  Graphics_initContext                       
000094ad  Graphics_setBackgroundColor                
000094c7  Graphics_setFont                           
00009557  Graphics_setForegroundColor                
0000956d  Graphics_translateColorOnDisplay           
00007785  HAL_LCD_PortInit                           
000077b5  HAL_LCD_SpiInit                            
000077eb  HAL_LCD_writeCommand                       
0000781b  HAL_LCD_writeData                          
00008c79  HOSTclose                                  
00008369  HOSTlseek                                  
0000869d  HOSTopen                                   
0000880d  HOSTread                                   
000082fd  HOSTrename                                 
00008cbd  HOSTunlink                                 
00008865  HOSTwrite                                  
000096c5  HardFault_Handler                          
0000801d  Interrupt_disableInterrupt                 
0000965d  Interrupt_disableMaster                    
0000809d  Interrupt_enableInterrupt                  
0000966d  Interrupt_enableMaster                     
2000cb86  Lcd_FlagRead                               
2000cb87  Lcd_FontSolid                              
2000cb88  Lcd_Orientation                            
2000cb89  Lcd_PenSolid                               
2000cb80  Lcd_ScreenHeigth                           
2000cb82  Lcd_ScreenWidth                            
2000cb84  Lcd_TouchTrim                              
000096c5  MemManage_Handler                          
000096c5  NMI_Handler                                
000096c5  PCM_IRQHandler                             
000086fd  PCM_getCoreVoltageLevel                    
0000875b  PCM_getPowerMode                           
000095c5  PCM_getPowerState                          
0000967d  PCM_setCoreVoltageLevel                    
0000968d  PCM_setPowerMode                           
000096c5  PORT1_IRQHandler                           
000096c5  PORT2_IRQHandler                           
0000497d  PORT3_IRQHandler                           
0000497d  PORT3_IRQHandler                           
000096c5  PORT4_IRQHandler                           
0000499b  PORT5_IRQHandler                           
0000499b  PORT5_IRQHandler                           
000096c5  PORT6_IRQHandler                           
000096c5  PSS_IRQHandler                             
000096c5  RTC_C_IRQHandler                           
000096b9  Reset_Handler                              
0000945b  SPI_enableModule                           
00007a6b  SPI_initMaster                             
00007ce9  SysCtl_A_getTLVInfo                        
2000ce64  SystemCoreClock                            
00005889  SystemCoreClockUpdate                      
00005b01  SystemInit                                 
000096c5  T32_INT1_IRQHandler                        
000096c5  T32_INT2_IRQHandler                        
000096c5  T32_INTC_IRQHandler                        
000096c5  TA0_0_IRQHandler                           
0000485d  TA0_N_IRQHandler                           
0000485d  TA0_N_IRQHandler                           
000096c5  TA1_0_IRQHandler                           
000096c5  TA1_N_IRQHandler                           
000096c5  TA2_0_IRQHandler                           
000096c5  TA2_N_IRQHandler                           
000096c5  TA3_0_IRQHandler                           
000096c5  TA3_N_IRQHandler                           
000095d9  Timer32_disableInterrupt                   
0000969d  Timer32_getValue                           
000083d1  Timer32_initModule                         
0000900d  Timer32_setCount                           
00008efd  Timer32_startTimer                         
00009285  Timer_A_clearCaptureCompareInterrupt       
00009041  Timer_A_configureContinuousMode            
00008439  Timer_A_configureUpMode                    
00009439  Timer_A_getCaptureCompareCount             
000088bd  Timer_A_initCapture                        
00008ab9  Timer_A_initCompare                        
00009583  Timer_A_startCounter                       
000095ed  Timer_A_stopTimer                          
00009599  UART_enableModule                          
00006f89  UART_initModule                            
00009075  UART_transmitData                          
00009a14  UCxBRS                                     
000096c5  UsageFault_Handler                         
4000480c  WDTCTL_SYM                                 
000096c5  WDT_A_IRQHandler                           
00009415  WDT_A_holdTimer                            
2000c800  __CIOBUF_                                  
20010000  __STACK_END                                
00000400  __STACK_SIZE                               
00009f38  __TI_CINIT_Base                            
00009f48  __TI_CINIT_Limit                           
00009f24  __TI_Handler_Table_Base                    
00009f30  __TI_Handler_Table_Limit                   
00008d01  __TI_auto_init_nobinit_nopinit             
000084a1  __TI_decompress_lzss                       
000096ab  __TI_decompress_none                       
00008b07  __TI_doflush                               
2000ce3c  __TI_ft_end                                
000089c1  __TI_ltoa                                  
ffffffff  __TI_pprof_out_hndl                        
00002761  __TI_printfi                               
ffffffff  __TI_prof_data_size                        
ffffffff  __TI_prof_data_start                       
000090a9  __TI_readmsg                               
00009e70  __TI_static_base__                         
00008f35  __TI_writemsg                              
000096ed  __TI_zero_init                             
00007e8d  __aeabi_cdcmpeq                            
00007e8d  __aeabi_cdcmple                            
00007f13  __aeabi_cdrcmple                           
00008c31  __aeabi_d2iz                               
000063e7  __aeabi_dadd                               
00006ad1  __aeabi_ddiv                               
000073c1  __aeabi_dmul                               
000063dd  __aeabi_dsub                               
00009705  __aeabi_errno_addr                         
000091d1  __aeabi_i2d                                
000031af  __aeabi_idiv0                              
000031af  __aeabi_ldiv0                              
00008215  __aeabi_memclr                             
00008215  __aeabi_memclr4                            
00008215  __aeabi_memclr8                            
00007bb7  __aeabi_memcpy                             
00007bb7  __aeabi_memcpy4                            
00007bb7  __aeabi_memcpy8                            
00008217  __aeabi_memset                             
00008217  __aeabi_memset4                            
00008217  __aeabi_memset8                            
2000ce48  __aeabi_stderr                             
2000ce40  __aeabi_stdin                              
2000ce44  __aeabi_stdout                             
00007c53  __aeabi_uldivmod                           
ffffffff  __binit__                                  
ffffffff  __c_args__                                 
UNDEFED   __mpu_init                                 
2000fc00  __stack                                    
20000000  __start___llvm_prf_cnts                    
20000000  __stop___llvm_prf_cnts                     
00004665  _adcInit                                   
000090dd  _c_int00_noargs                            
00009b34  _ctypes_                                   
2000cc7c  _device                                    
2000cb8c  _ftable                                    
000046d3  _graphicsInit                              
000047a5  _hwInit                                    
2000ce58  _lock                                      
0000275f  _nop                                       
2000ccf4  _stream                                    
UNDEFED   _system_post_cinit                         
00009715  _system_pre_init                           
2000ce5c  _unlock                                    
00009719  abort                                      
00008b55  atoi                                       
ffffffff  binit                                      
00008589  button1_press                              
00008591  button2_press                              
00004723  button_init                                
00003ebb  cardRemoved                                
000085c7  clearEvent                                 
00003f1d  clearHomePosition                          
000094e1  copysign                                   
000094e1  copysignl                                  
2000cb8a  current_state                              
00003ed1  degreesToSteps                             
00003a43  distributeCards                            
0000115d  eTaskConfirmSleepModeStatus                
00000505  eTaskGetState                              
00008599  end_arrive                                 
2000ce60  errno                                      
00008199  fflush                                     
00005f31  fn_DISTRIBUTION                            
00005f71  fn_EMERGENCY_STOP                          
00005f53  fn_GAME                                    
00005f07  fn_GAME_SELECTION                          
00005e85  fn_IDLE                                    
00005ee9  fn_SCAN                                    
00005ea5  fn_WAITING                                 
000061c1  fputc                                      
000061d3  fputs                                      
000085d5  frexp                                      
000085d5  frexpl                                     
2000cd44  fsm                                        
2000caa4  g_sContext                                 
2000ce0c  g_sCrystalfontz128x128                     
00009db0  g_sCrystalfontz128x128_funcs               
00009c38  g_sFontFixed6x8                            
000039cf  gameSelection                              
00003eb5  getCardsLeft                               
000085c1  getEvent                                   
00004b79  getGraphicsContext                         
00003eed  getHomePosition                            
00003f25  getPeopleNumber                            
00003f2b  getPeoplePosition                          
00003c85  giveOneCard                                
000085a9  give_card                                  
00003f49  incPeopleNumber                            
0000465d  initCardDealer                             
00004753  initDispenserMotor                         
000038ed  initLibInterface                           
00004ac9  initTriggerDS                              
00000000  interruptVectors                           
00008581  joystick_down                              
00008571  joystick_press                             
2000cdf0  joystick_semaphore                         
00008579  joystick_up                                
000070a5  ldexp                                      
000070a5  ldexpl                                     
00005e2d  main                                       
000049e1  makeStep                                   
00005faf  malloc                                     
00009477  memccpy                                    
00007bb7  memcpy                                     
0000821d  memset                                     
2000cb6c  parmbuf                                    
00000b31  pcTaskGetName                              
0000336f  pcTimerGetName                             
00003903  peopleDetection                            
000085b9  person_detected                            
00008509  printf                                     
00005521  pvPortMalloc                               
000014cb  pvTaskIncrementMutexHeldCount              
000037f9  pvTimerGetTimerID                          
2000cd7c  pxCurrentTCB                               
000050f5  pxPortInitialiseStack                      
00003d11  resetPosition                              
000070a5  scalbn                                     
000070a5  scalbnl                                    
00004aef  sendTrigPulseDS                            
00003f6d  setNewPersonPosition                       
000085b1  skip                                       
00008e05  sprintf                                    
00004b17  startDelayCaptureDS                        
00003aed  startGame                                  
000085a1  start_arrive                               
2000cdf2  state_transition                           
000095af  strchr                                     
00009601  strcpy                                     
00009615  strlen                                     
00004bcf  turnOffBuzzer                              
00004c39  turnOffDispenser                           
00004b95  turnOnBuzzer                               
00004c25  turnOnDispenserBackward                    
00004c07  turnOnDispenserForward                     
2000cdb0  uart_config                                
00006021  uart_init                                  
0000613f  uart_init_gpio                             
00006157  uart_println                               
00009e68  ulMaxSyscallInterruptPriority              
000076c1  ulPortGetIPSR                              
000014e9  ulTaskNotifyTake                           
00003ef3  updateHomePosition                         
00006e1b  uxListRemove                               
0000240d  uxQueueMessagesWaiting                     
0000246b  uxQueueMessagesWaitingFromISR              
00002437  uxQueueSpacesAvailable                     
00000b2b  uxTaskGetNumberOfTasks                     
000005a1  uxTaskPriorityGet                          
000005cd  uxTaskPriorityGetFromISR                   
000014a9  uxTaskResetEventItemValue                  
00005f95  vApplicationIdleHook                       
00005f85  vApplicationMallocFailedHook               
00005f97  vApplicationStackOverflowHook              
00005fc3  vApplicationTickHook                       
00006d39  vListInitialise                            
00006d69  vListInitialiseItem                        
00006db5  vListInsert                                
00006d79  vListInsertEnd                             
00007775  vPortEnableVFP                             
00005215  vPortEndScheduler                          
00005239  vPortEnterCritical                         
0000527b  vPortExitCritical                          
00005683  vPortFree                                  
00005721  vPortInitialiseBlocks                      
00007739  vPortSVCHandler                            
00007739  vPortSVCHandler                            
00005429  vPortSetupTimerInterrupt                   
00007759  vPortStartFirstTask                        
000052d1  vPortSuppressTicksAndSleep                 
00005489  vPortValidateInterruptPriority             
00005fb9  vPreSleepProcessing                        
00002491  vQueueDelete                               
00002703  vQueueWaitForMessageRestricted             
0000049d  vTaskDelay                                 
000003bb  vTaskDelayUntil                            
000002f1  vTaskDelete                                
00003d35  vTaskDistanceSensor                        
0000097d  vTaskEndScheduler                          
00005e6d  vTaskMain                                  
000010e7  vTaskMissedYield                           
00001873  vTaskNotifyGiveFromISR                     
00000df7  vTaskPlaceOnEventList                      
00000e8d  vTaskPlaceOnEventListRestricted            
00000e27  vTaskPlaceOnUnorderedEventList             
000012ef  vTaskPriorityInherit                       
00000615  vTaskPrioritySet                           
00000873  vTaskResume                                
00001017  vTaskSetTimeOutState                       
00000905  vTaskStartScheduler                        
00000b95  vTaskStepTick                              
00003dfd  vTaskStepperMotor                          
00000749  vTaskSuspend                               
00000999  vTaskSuspendAll                            
00000d31  vTaskSwitchContext                         
00003827  vTimerSetTimerID                           
00008e45  vsnprintf                                  
0000963b  wcslen                                     
000093c9  write                                      
00005715  xPortGetFreeHeapSize                       
0000571b  xPortGetMinimumEverFreeHeapSize            
000076d9  xPortPendSVHandler                         
000076d9  xPortPendSVHandler                         
00005181  xPortStartScheduler                        
000052a7  xPortSysTickHandler                        
000052a7  xPortSysTickHandler                        
00001ca9  xQueueCreateCountingSemaphore              
00001bd1  xQueueCreateMutex                          
00001b07  xQueueGenericCreate                        
000020ab  xQueueGenericReceive                       
00001a55  xQueueGenericReset                         
00001d05  xQueueGenericSend                          
00001eb7  xQueueGenericSendFromISR                   
00001fbd  xQueueGiveFromISR                          
00001bfd  xQueueGiveMutexRecursive                   
00002677  xQueueIsQueueEmptyFromISR                  
000026cd  xQueueIsQueueFullFromISR                   
0000235b  xQueuePeekFromISR                          
00002285  xQueueReceiveFromISR                       
00001c4d  xQueueTakeMutexRecursive                   
00001045  xTaskCheckForTimeOut                       
000000e5  xTaskCreate                                
00001615  xTaskGenericNotify                         
00001735  xTaskGenericNotifyFromISR                  
000012b1  xTaskGetCurrentTaskHandle                  
00000b61  xTaskGetIdleTaskHandle                     
000012c9  xTaskGetSchedulerState                     
00000b07  xTaskGetTickCount                          
00000b17  xTaskGetTickCountFromISR                   
00000be5  xTaskIncrementTick                         
0000195d  xTaskNotifyStateClear                      
00001571  xTaskNotifyWait                            
000013c9  xTaskPriorityDisinherit                    
00000ed5  xTaskRemoveFromEventList                   
00000f79  xTaskRemoveFromUnorderedEventList          
00000a05  xTaskResumeAll                             
000031ef  xTimerCreate                               
000031b1  xTimerCreateTimerTask                      
0000327d  xTimerGenericCommand                       
00003345  xTimerGetExpiryTime                        
0000331f  xTimerGetPeriod                            
000032fd  xTimerGetTimerDaemonTaskHandle             
000037b9  xTimerIsTimerActive                        
0000388b  xTimerPendFunctionCall                     
00003855  xTimerPendFunctionCallFromISR              


GLOBAL SYMBOLS: SORTED BY Symbol Address 

address   name                                       
-------   ----                                       
00000000  interruptVectors                           
000000e5  xTaskCreate                                
000002f1  vTaskDelete                                
000003bb  vTaskDelayUntil                            
00000400  __STACK_SIZE                               
0000049d  vTaskDelay                                 
00000505  eTaskGetState                              
000005a1  uxTaskPriorityGet                          
000005cd  uxTaskPriorityGetFromISR                   
00000615  vTaskPrioritySet                           
00000749  vTaskSuspend                               
00000873  vTaskResume                                
00000905  vTaskStartScheduler                        
0000097d  vTaskEndScheduler                          
00000999  vTaskSuspendAll                            
00000a05  xTaskResumeAll                             
00000b07  xTaskGetTickCount                          
00000b17  xTaskGetTickCountFromISR                   
00000b2b  uxTaskGetNumberOfTasks                     
00000b31  pcTaskGetName                              
00000b61  xTaskGetIdleTaskHandle                     
00000b95  vTaskStepTick                              
00000be5  xTaskIncrementTick                         
00000d31  vTaskSwitchContext                         
00000df7  vTaskPlaceOnEventList                      
00000e27  vTaskPlaceOnUnorderedEventList             
00000e8d  vTaskPlaceOnEventListRestricted            
00000ed5  xTaskRemoveFromEventList                   
00000f79  xTaskRemoveFromUnorderedEventList          
00001017  vTaskSetTimeOutState                       
00001045  xTaskCheckForTimeOut                       
000010e7  vTaskMissedYield                           
0000115d  eTaskConfirmSleepModeStatus                
000012b1  xTaskGetCurrentTaskHandle                  
000012c9  xTaskGetSchedulerState                     
000012ef  vTaskPriorityInherit                       
000013c9  xTaskPriorityDisinherit                    
000014a9  uxTaskResetEventItemValue                  
000014cb  pvTaskIncrementMutexHeldCount              
000014e9  ulTaskNotifyTake                           
00001571  xTaskNotifyWait                            
00001615  xTaskGenericNotify                         
00001735  xTaskGenericNotifyFromISR                  
00001873  vTaskNotifyGiveFromISR                     
0000195d  xTaskNotifyStateClear                      
00001a55  xQueueGenericReset                         
00001b07  xQueueGenericCreate                        
00001bd1  xQueueCreateMutex                          
00001bfd  xQueueGiveMutexRecursive                   
00001c4d  xQueueTakeMutexRecursive                   
00001ca9  xQueueCreateCountingSemaphore              
00001d05  xQueueGenericSend                          
00001eb7  xQueueGenericSendFromISR                   
00001fbd  xQueueGiveFromISR                          
000020ab  xQueueGenericReceive                       
00002285  xQueueReceiveFromISR                       
0000235b  xQueuePeekFromISR                          
0000240d  uxQueueMessagesWaiting                     
00002437  uxQueueSpacesAvailable                     
0000246b  uxQueueMessagesWaitingFromISR              
00002491  vQueueDelete                               
00002677  xQueueIsQueueEmptyFromISR                  
000026cd  xQueueIsQueueFullFromISR                   
00002703  vQueueWaitForMessageRestricted             
0000275f  _nop                                       
00002761  __TI_printfi                               
000031af  __aeabi_idiv0                              
000031af  __aeabi_ldiv0                              
000031b1  xTimerCreateTimerTask                      
000031ef  xTimerCreate                               
0000327d  xTimerGenericCommand                       
000032fd  xTimerGetTimerDaemonTaskHandle             
0000331f  xTimerGetPeriod                            
00003345  xTimerGetExpiryTime                        
0000336f  pcTimerGetName                             
000037b9  xTimerIsTimerActive                        
000037f9  pvTimerGetTimerID                          
00003827  vTimerSetTimerID                           
00003855  xTimerPendFunctionCallFromISR              
0000388b  xTimerPendFunctionCall                     
000038ed  initLibInterface                           
00003903  peopleDetection                            
000039cf  gameSelection                              
00003a43  distributeCards                            
00003aed  startGame                                  
00003c85  giveOneCard                                
00003d11  resetPosition                              
00003d35  vTaskDistanceSensor                        
00003dfd  vTaskStepperMotor                          
00003eb5  getCardsLeft                               
00003ebb  cardRemoved                                
00003ed1  degreesToSteps                             
00003eed  getHomePosition                            
00003ef3  updateHomePosition                         
00003f1d  clearHomePosition                          
00003f25  getPeopleNumber                            
00003f2b  getPeoplePosition                          
00003f49  incPeopleNumber                            
00003f6d  setNewPersonPosition                       
00003fdd  Crystalfontz128x128_Init                   
000040f1  Crystalfontz128x128_SetDrawFrame           
0000421f  Crystalfontz128x128_SetOrientation         
0000465d  initCardDealer                             
00004665  _adcInit                                   
000046d3  _graphicsInit                              
00004723  button_init                                
00004753  initDispenserMotor                         
000047a5  _hwInit                                    
0000485d  TA0_N_IRQHandler                           
0000485d  TA0_N_IRQHandler                           
000048cb  ADC14_IRQHandler                           
000048cb  ADC14_IRQHandler                           
0000497d  PORT3_IRQHandler                           
0000497d  PORT3_IRQHandler                           
0000499b  PORT5_IRQHandler                           
0000499b  PORT5_IRQHandler                           
000049e1  makeStep                                   
00004ac9  initTriggerDS                              
00004aef  sendTrigPulseDS                            
00004b17  startDelayCaptureDS                        
00004b25  DS_valueReady                              
00004b55  DS_isValueReady                            
00004b61  DS_getDistCM                               
00004b67  DS_valueRead                               
00004b79  getGraphicsContext                         
00004b95  turnOnBuzzer                               
00004bcf  turnOffBuzzer                              
00004c07  turnOnDispenserForward                     
00004c25  turnOnDispenserBackward                    
00004c39  turnOffDispenser                           
00004c75  Graphics_drawString                        
000050f5  pxPortInitialiseStack                      
00005181  xPortStartScheduler                        
00005215  vPortEndScheduler                          
00005239  vPortEnterCritical                         
0000527b  vPortExitCritical                          
000052a7  xPortSysTickHandler                        
000052a7  xPortSysTickHandler                        
000052d1  vPortSuppressTicksAndSleep                 
00005429  vPortSetupTimerInterrupt                   
00005489  vPortValidateInterruptPriority             
00005521  pvPortMalloc                               
00005683  vPortFree                                  
00005715  xPortGetFreeHeapSize                       
0000571b  xPortGetMinimumEverFreeHeapSize            
00005721  vPortInitialiseBlocks                      
00005889  SystemCoreClockUpdate                      
00005b01  SystemInit                                 
00005e2d  main                                       
00005e6d  vTaskMain                                  
00005e85  fn_IDLE                                    
00005ea5  fn_WAITING                                 
00005ee9  fn_SCAN                                    
00005f07  fn_GAME_SELECTION                          
00005f31  fn_DISTRIBUTION                            
00005f53  fn_GAME                                    
00005f71  fn_EMERGENCY_STOP                          
00005f85  vApplicationMallocFailedHook               
00005f95  vApplicationIdleHook                       
00005f97  vApplicationStackOverflowHook              
00005faf  malloc                                     
00005fb9  vPreSleepProcessing                        
00005fc3  vApplicationTickHook                       
00006021  uart_init                                  
0000613f  uart_init_gpio                             
00006157  uart_println                               
000061c1  fputc                                      
000061d3  fputs                                      
000063dd  __aeabi_dsub                               
000063e7  __aeabi_dadd                               
00006ad1  __aeabi_ddiv                               
00006c09  CS_initClockSignal                         
00006d39  vListInitialise                            
00006d69  vListInitialiseItem                        
00006d79  vListInsertEnd                             
00006db5  vListInsert                                
00006e1b  uxListRemove                               
00006f89  UART_initModule                            
000070a5  ldexp                                      
000070a5  ldexpl                                     
000070a5  scalbn                                     
000070a5  scalbnl                                    
000073c1  __aeabi_dmul                               
000074bd  Graphics_getStringWidth                    
000075b9  CS_getDCOFrequency                         
000076c1  ulPortGetIPSR                              
000076d9  xPortPendSVHandler                         
000076d9  xPortPendSVHandler                         
00007739  vPortSVCHandler                            
00007739  vPortSVCHandler                            
00007759  vPortStartFirstTask                        
00007775  vPortEnableVFP                             
00007785  HAL_LCD_PortInit                           
000077b5  HAL_LCD_SpiInit                            
000077eb  HAL_LCD_writeCommand                       
0000781b  HAL_LCD_writeData                          
00007851  ADC14_configureConversionMemory            
00007905  ADC14_configureMultiSequenceMode           
00007a6b  SPI_initMaster                             
00007b1b  Graphics_drawLineH                         
00007bb7  __aeabi_memcpy                             
00007bb7  __aeabi_memcpy4                            
00007bb7  __aeabi_memcpy8                            
00007bb7  memcpy                                     
00007c53  __aeabi_uldivmod                           
00007ce9  SysCtl_A_getTLVInfo                        
00007d7d  GPIO_setAsPeripheralModuleFunctionInputPin 
00007e05  GPIO_setAsPeripheralModuleFunctionOutputPin
00007e8d  __aeabi_cdcmpeq                            
00007e8d  __aeabi_cdcmple                            
00007f13  __aeabi_cdrcmple                           
00007f99  GPIO_getEnabledInterruptStatus             
0000801d  Interrupt_disableInterrupt                 
0000809d  Interrupt_enableInterrupt                  
00008199  fflush                                     
00008215  __aeabi_memclr                             
00008215  __aeabi_memclr4                            
00008215  __aeabi_memclr8                            
00008217  __aeabi_memset                             
00008217  __aeabi_memset4                            
00008217  __aeabi_memset8                            
0000821d  memset                                     
000082fd  HOSTrename                                 
00008369  HOSTlseek                                  
000083d1  Timer32_initModule                         
00008439  Timer_A_configureUpMode                    
000084a1  __TI_decompress_lzss                       
00008509  printf                                     
00008571  joystick_press                             
00008579  joystick_up                                
00008581  joystick_down                              
00008589  button1_press                              
00008591  button2_press                              
00008599  end_arrive                                 
000085a1  start_arrive                               
000085a9  give_card                                  
000085b1  skip                                       
000085b9  person_detected                            
000085c1  getEvent                                   
000085c7  clearEvent                                 
000085d5  frexp                                      
000085d5  frexpl                                     
0000869d  HOSTopen                                   
000086fd  PCM_getCoreVoltageLevel                    
0000875b  PCM_getPowerMode                           
000087b5  GPIO_setAsInputPinWithPullUpResistor       
0000880d  HOSTread                                   
00008865  HOSTwrite                                  
000088bd  Timer_A_initCapture                        
0000896d  ADC14_initModule                           
000089c1  __TI_ltoa                                  
00008a15  Graphics_initContext                       
00008ab9  Timer_A_initCompare                        
00008b07  __TI_doflush                               
00008b55  atoi                                       
00008ba1  FlashCtl_setWaitState                      
00008be9  Graphics_drawStringCentered                
00008c31  __aeabi_d2iz                               
00008c79  HOSTclose                                  
00008cbd  HOSTunlink                                 
00008d01  __TI_auto_init_nobinit_nopinit             
00008d45  GPIO_setAsOutputPin                        
00008e05  sprintf                                    
00008e45  vsnprintf                                  
00008ec5  ADC14_getEnabledInterruptStatus            
00008efd  Timer32_startTimer                         
00008f35  __TI_writemsg                              
00008f63  C$$IO$$                                    
00008f6d  Graphics_drawHorizontalLineOnDisplay       
00008fa5  ADC14_enableSampleTimer                    
00008fd9  CS_setDCOCenteredFrequency                 
0000900d  Timer32_setCount                           
00009041  Timer_A_configureContinuousMode            
00009075  UART_transmitData                          
000090a9  __TI_readmsg                               
000090dd  _c_int00_noargs                            
00009111  ADC14_clearInterruptFlag                   
00009141  ADC14_enableInterrupt                      
00009171  CS_clearInterruptFlag                      
000091d1  __aeabi_i2d                                
00009201  ADC14_getInterruptStatus                   
0000922d  ADC14_toggleConversionTrigger              
00009259  Graphics_drawPixelOnDisplay                
00009285  Timer_A_clearCaptureCompareInterrupt       
000092b1  ADC14_enableConversion                     
000092d9  ADC14_getResult                            
00009301  CS_getSMCLK                                
00009329  GPIO_clearInterruptFlag                    
00009351  GPIO_enableInterrupt                       
00009379  GPIO_setOutputHighOnPin                    
000093a1  GPIO_setOutputLowOnPin                     
000093c9  write                                      
000093f1  GPIO_getInterruptStatus                    
00009415  WDT_A_holdTimer                            
00009439  Timer_A_getCaptureCompareCount             
0000945b  SPI_enableModule                           
00009477  memccpy                                    
00009493  Graphics_clearDisplayOnDisplay             
000094ad  Graphics_setBackgroundColor                
000094c7  Graphics_setFont                           
000094e1  copysign                                   
000094e1  copysignl                                  
0000952b  EUSCI_A_SPI_enable                         
00009541  EUSCI_B_SPI_enable                         
00009557  Graphics_setForegroundColor                
0000956d  Graphics_translateColorOnDisplay           
00009583  Timer_A_startCounter                       
00009599  UART_enableModule                          
000095af  strchr                                     
000095c5  PCM_getPowerState                          
000095d9  Timer32_disableInterrupt                   
000095ed  Timer_A_stopTimer                          
00009601  strcpy                                     
00009615  strlen                                     
00009629  Graphics_clearDisplay                      
0000963b  wcslen                                     
0000965d  Interrupt_disableMaster                    
0000966d  Interrupt_enableMaster                     
0000967d  PCM_setCoreVoltageLevel                    
0000968d  PCM_setPowerMode                           
0000969d  Timer32_getValue                           
000096ab  __TI_decompress_none                       
000096b9  Reset_Handler                              
000096c5  AES256_IRQHandler                          
000096c5  BusFault_Handler                           
000096c5  COMP_E0_IRQHandler                         
000096c5  COMP_E1_IRQHandler                         
000096c5  CS_IRQHandler                              
000096c5  DMA_ERR_IRQHandler                         
000096c5  DMA_INT0_IRQHandler                        
000096c5  DMA_INT1_IRQHandler                        
000096c5  DMA_INT2_IRQHandler                        
000096c5  DMA_INT3_IRQHandler                        
000096c5  DebugMon_Handler                           
000096c5  Default_Handler                            
000096c5  EUSCIA0_IRQHandler                         
000096c5  EUSCIA1_IRQHandler                         
000096c5  EUSCIA2_IRQHandler                         
000096c5  EUSCIA3_IRQHandler                         
000096c5  EUSCIB0_IRQHandler                         
000096c5  EUSCIB1_IRQHandler                         
000096c5  EUSCIB2_IRQHandler                         
000096c5  EUSCIB3_IRQHandler                         
000096c5  FLCTL_IRQHandler                           
000096c5  FPU_IRQHandler                             
000096c5  HardFault_Handler                          
000096c5  MemManage_Handler                          
000096c5  NMI_Handler                                
000096c5  PCM_IRQHandler                             
000096c5  PORT1_IRQHandler                           
000096c5  PORT2_IRQHandler                           
000096c5  PORT4_IRQHandler                           
000096c5  PORT6_IRQHandler                           
000096c5  PSS_IRQHandler                             
000096c5  RTC_C_IRQHandler                           
000096c5  T32_INT1_IRQHandler                        
000096c5  T32_INT2_IRQHandler                        
000096c5  T32_INTC_IRQHandler                        
000096c5  TA0_0_IRQHandler                           
000096c5  TA1_0_IRQHandler                           
000096c5  TA1_N_IRQHandler                           
000096c5  TA2_0_IRQHandler                           
000096c5  TA2_N_IRQHandler                           
000096c5  TA3_0_IRQHandler                           
000096c5  TA3_N_IRQHandler                           
000096c5  UsageFault_Handler                         
000096c5  WDT_A_IRQHandler                           
000096c9  ADC14_enableModule                         
000096d5  CPU_cpsid                                  
000096e1  CPU_cpsie                                  
000096ed  __TI_zero_init                             
00009705  __aeabi_errno_addr                         
00009715  _system_pre_init                           
00009719  C$$EXIT                                    
00009719  abort                                      
00009a14  UCxBRS                                     
00009b34  _ctypes_                                   
00009c38  g_sFontFixed6x8                            
00009db0  g_sCrystalfontz128x128_funcs               
00009e68  ulMaxSyscallInterruptPriority              
00009e70  __TI_static_base__                         
00009f24  __TI_Handler_Table_Base                    
00009f30  __TI_Handler_Table_Limit                   
00009f38  __TI_CINIT_Base                            
00009f48  __TI_CINIT_Limit                           
20000000  __start___llvm_prf_cnts                    
20000000  __stop___llvm_prf_cnts                     
2000c800  __CIOBUF_                                  
2000caa4  g_sContext                                 
2000cb6c  parmbuf                                    
2000cb80  Lcd_ScreenHeigth                           
2000cb82  Lcd_ScreenWidth                            
2000cb84  Lcd_TouchTrim                              
2000cb86  Lcd_FlagRead                               
2000cb87  Lcd_FontSolid                              
2000cb88  Lcd_Orientation                            
2000cb89  Lcd_PenSolid                               
2000cb8a  current_state                              
2000cb8c  _ftable                                    
2000cc7c  _device                                    
2000ccf4  _stream                                    
2000cd44  fsm                                        
2000cd7c  pxCurrentTCB                               
2000cdb0  uart_config                                
2000cdf0  joystick_semaphore                         
2000cdf2  state_transition                           
2000ce0c  g_sCrystalfontz128x128                     
2000ce3c  __TI_ft_end                                
2000ce40  __aeabi_stdin                              
2000ce44  __aeabi_stdout                             
2000ce48  __aeabi_stderr                             
2000ce58  _lock                                      
2000ce5c  _unlock                                    
2000ce60  errno                                      
2000ce64  SystemCoreClock                            
2000fc00  __stack                                    
20010000  __STACK_END                                
4000480c  WDTCTL_SYM                                 
ffffffff  __TI_pprof_out_hndl                        
ffffffff  __TI_prof_data_size                        
ffffffff  __TI_prof_data_start                       
ffffffff  __binit__                                  
ffffffff  __c_args__                                 
ffffffff  binit                                      
UNDEFED   __mpu_init                                 
UNDEFED   _system_post_cinit                         

[426 symbols]
