******************************************************************************
                  TI ARM Linker PC v20.2.7                     
******************************************************************************
>> Linked Mon Jan  9 19:23:21 2023

OUTPUT FILE NAME:   <CardDealer.out>
ENTRY POINT SYMBOL: "_c_int00_noargs"  address: 00008fad


MEMORY CONFIGURATION

         name            origin    length      used     unused   attr    fill
----------------------  --------  ---------  --------  --------  ----  --------
  MAIN                  00000000   00040000  00009e18  000361e8  R  X
  INFO                  00200000   00004000  00000000  00004000  R  X
  SRAM_CODE             01000000   00010000  0000d263  00002d9d  RW X
  SRAM_DATA             20000000   00010000  0000d263  00002d9d  RW  


SEGMENT ALLOCATION MAP

run origin  load origin   length   init length attrs members
----------  ----------- ---------- ----------- ----- -------
00000000    00000000    00009e18   00009e18    r-x
  00000000    00000000    000000e4   000000e4    r-- .intvecs
  000000e4    000000e4    00009508   00009508    r-x .text
  000095ec    000095ec    00000754   00000754    r-- .const
  00009d40    00009d40    000000d8   000000d8    r-- .cinit
20000000    20000000    0000ce64   00000000    rw-
  20000000    20000000    0000cb87   00000000    rw- .bss
  2000cb88    2000cb88    000002dc   00000000    rw- .data
2000fc00    2000fc00    00000400   00000000    rw-
  2000fc00    2000fc00    00000400   00000000    rw- .stack


SECTION ALLOCATION MAP

 output                                  attributes/
section   page    origin      length       input sections
--------  ----  ----------  ----------   ----------------
.text      0    000000e4    00009508     
                  000000e4    00001970     tasks.obj (.text)
                  00001a54    00000d0a     queue.obj (.text)
                  0000275e    00000002     rtsv7M4_T_le_v4SPD16_eabi.lib : _lock.c.obj (.text:_nop)
                  00002760    00000a4e                                   : _printfi.c.obj (.text:__TI_printfi)
                  000031ae    00000002                                   : div0.asm.obj (.text)
                  000031b0    0000073c     timers.obj (.text)
                  000038ec    00000680     Crystalfontz128x128_ST7735.obj (.text)
                  00003f6c    00000628     card_dealer.obj (.text)
                  00004594    0000060c     interfaces.obj (.text)
                  00004ba0    0000047e     grlib.a : string.obj (.text:Graphics_drawString)
                  0000501e    00000002     --HOLE-- [fill = 0]
                  00005020    0000042c     port.obj (.text)
                  0000544c    00000368     heap_4.obj (.text)
                  000057b4    00000334     system_msp432p401r.obj (.text)
                  00005ae8    00000270     rtsv7M4_T_le_v4SPD16_eabi.lib : _printfi.c.obj (.text:_pconv_a)
                  00005d58    000001ec     uart.obj (.text)
                  00005f44    000001d0     rtsv7M4_T_le_v4SPD16_eabi.lib : _printfi.c.obj (.text:_pconv_g)
                  00006114    000001b6                                   : fd_add_t2.asm.obj (.text)
                  000062ca    00000002     --HOLE-- [fill = 0]
                  000062cc    00000198     main_freertos.obj (.text)
                  00006464    00000160     msp432p4xx_driverlib.lib : adc14.o (.text:_getIndexForMemRegister)
                  000065c4    0000015c                              : pcm.o (.text:__PCM_setPowerModeAdvanced)
                  00006720    00000144                              : timer_a.o (.text:privateTimer_AProcessClockSourceDivider)
                  00006864    0000013c     rtsv7M4_T_le_v4SPD16_eabi.lib : _printfi.c.obj (.text:_pconv_e)
                  000069a0    00000136                                   : fd_div_t2.asm.obj (.text)
                  00006ad6    00000002     --HOLE-- [fill = 0]
                  00006ad8    00000130     msp432p4xx_driverlib.lib : cs.o (.text:CS_initClockSignal)
                  00006c08    0000012a     list.obj (.text)
                  00006d32    00000002     --HOLE-- [fill = 0]
                  00006d34    00000124     rtsv7M4_T_le_v4SPD16_eabi.lib : _printfi.c.obj (.text:fcvt)
                  00006e58    0000011c     msp432p4xx_driverlib.lib : uart.o (.text:UART_initModule)
                  00006f74    00000110     rtsv7M4_T_le_v4SPD16_eabi.lib : s_scalbn.c.obj (.text:scalbn)
                  00007084    00000108     msp432p4xx_driverlib.lib : pcm.o (.text:__PCM_setCoreVoltageLevelAdvanced)
                  0000718c    00000104                              : cs.o (.text:_CSComputeCLKFrequency)
                  00007290    000000fc     rtsv7M4_T_le_v4SPD16_eabi.lib : fd_mul_t2.asm.obj (.text)
                  0000738c    000000fa     grlib.a : string.obj (.text:Graphics_getStringWidth)
                  00007486    00000002     --HOLE-- [fill = 0]
                  00007488    000000f8     msp432p4xx_driverlib.lib : cs.o (.text:CS_getDCOFrequency)
                  00007580    000000d2     portasm.obj (.text)
                  00007652    00000002     --HOLE-- [fill = 0]
                  00007654    000000cc     HAL_MSP_EXP432P401R_Crystalfontz128x128_ST7735.obj (.text)
                  00007720    000000b4     msp432p4xx_driverlib.lib : adc14.o (.text:ADC14_configureConversionMemory)
                  000077d4    000000b4                              : adc14.o (.text:ADC14_configureMultiSequenceMode)
                  00007888    000000b1     rtsv7M4_T_le_v4SPD16_eabi.lib : _printfi.c.obj (.text:_ltostr)
                  00007939    00000001     --HOLE-- [fill = 0]
                  0000793a    000000b0     msp432p4xx_driverlib.lib : spi.o (.text:SPI_initMaster)
                  000079ea    0000009c     grlib.a : line.obj (.text:Graphics_drawLineH)
                  00007a86    0000009c     rtsv7M4_T_le_v4SPD16_eabi.lib : memcpy_t2.asm.obj (.text)
                  00007b22    00000096                                   : ull_div_t2.asm.obj (.text)
                  00007bb8    00000094     msp432p4xx_driverlib.lib : sysctl_a.o (.text:SysCtl_A_getTLVInfo)
                  00007c4c    00000088                              : gpio.o (.text:GPIO_setAsPeripheralModuleFunctionInputPin)
                  00007cd4    00000088                              : gpio.o (.text:GPIO_setAsPeripheralModuleFunctionOutputPin)
                  00007d5c    00000086     rtsv7M4_T_le_v4SPD16_eabi.lib : fd_cmp_t2.asm.obj (.text:__aeabi_cdcmple)
                  00007de2    00000086                                   : fd_cmp_t2.asm.obj (.text:__aeabi_cdrcmple)
                  00007e68    00000084     msp432p4xx_driverlib.lib : gpio.o (.text:GPIO_getEnabledInterruptStatus)
                  00007eec    00000080                              : interrupt.o (.text:Interrupt_disableInterrupt)
                  00007f6c    00000080                              : interrupt.o (.text:Interrupt_enableInterrupt)
                  00007fec    0000007c                              : cs.o (.text:_CSGetDOCFrequency)
                  00008068    0000007c     rtsv7M4_T_le_v4SPD16_eabi.lib : fflush.c.obj (.text:fflush)
                  000080e4    0000007a                                   : memset_t2.asm.obj (.text)
                  0000815e    0000006e                                   : _printfi.c.obj (.text:_mcpy)
                  000081cc    0000006c                                   : hostrename.c.obj (.text:HOSTrename)
                  00008238    00000068                                   : hostlseek.c.obj (.text:HOSTlseek)
                  000082a0    00000068     msp432p4xx_driverlib.lib : timer32.o (.text:Timer32_initModule)
                  00008308    00000068                              : timer_a.o (.text:Timer_A_configureUpMode)
                  00008370    00000068     rtsv7M4_T_le_v4SPD16_eabi.lib : copy_decompress_lzss.c.obj (.text:decompress:lzss:__TI_decompress_lzss)
                  000083d8    00000068                                   : printf.c.obj (.text:printf)
                  00008440    00000064     events.obj (.text)
                  000084a4    00000064     rtsv7M4_T_le_v4SPD16_eabi.lib : s_frexp.c.obj (.text:frexp)
                  00008508    00000062     msp432p4xx_driverlib.lib : cs.o (.text:_CSGetDividerValue)
                  0000856a    00000002     --HOLE-- [fill = 0]
                  0000856c    00000060     rtsv7M4_T_le_v4SPD16_eabi.lib : hostopen.c.obj (.text:HOSTopen)
                  000085cc    0000005e     msp432p4xx_driverlib.lib : pcm.o (.text:PCM_getCoreVoltageLevel)
                  0000862a    0000005a                              : pcm.o (.text:PCM_getPowerMode)
                  00008684    00000058                              : gpio.o (.text:GPIO_setAsInputPinWithPullUpResistor)
                  000086dc    00000058     rtsv7M4_T_le_v4SPD16_eabi.lib : hostread.c.obj (.text:HOSTread)
                  00008734    00000058                                   : hostwrite.c.obj (.text:HOSTwrite)
                  0000878c    00000058     msp432p4xx_driverlib.lib : timer_a.o (.text:Timer_A_initCapture)
                  000087e4    00000056     rtsv7M4_T_le_v4SPD16_eabi.lib : _printfi.c.obj (.text:_pconv_f)
                  0000883a    00000002     --HOLE-- [fill = 0]
                  0000883c    00000054     msp432p4xx_driverlib.lib : adc14.o (.text:ADC14_initModule)
                  00008890    00000054     rtsv7M4_T_le_v4SPD16_eabi.lib : _ltoa.c.obj (.text:__TI_ltoa)
                  000088e4    00000052     grlib.a : context.obj (.text:Graphics_initContext)
                  00008936    00000052     rtsv7M4_T_le_v4SPD16_eabi.lib : _printfi.c.obj (.text:_ecpy)
                  00008988    0000004e     msp432p4xx_driverlib.lib : timer_a.o (.text:Timer_A_initCompare)
                  000089d6    0000004c     rtsv7M4_T_le_v4SPD16_eabi.lib : fflush.c.obj (.text:__TI_doflush)
                  00008a22    00000002     --HOLE-- [fill = 0]
                  00008a24    0000004c                                   : atoi.c.obj (.text:atoi)
                  00008a70    00000048     msp432p4xx_driverlib.lib : flash.o (.text:FlashCtl_setWaitState)
                  00008ab8    00000048     grlib.a : string.obj (.text:Graphics_drawStringCentered)
                  00008b00    00000048     rtsv7M4_T_le_v4SPD16_eabi.lib : fd_toi_t2.asm.obj (.text)
                  00008b48    00000044                                   : hostclose.c.obj (.text:HOSTclose)
                  00008b8c    00000044                                   : hostunlink.c.obj (.text:HOSTunlink)
                  00008bd0    00000044                                   : autoinit.c.obj (.text:__TI_auto_init_nobinit_nopinit:__TI_auto_init_nobinit_nopinit)
                  00008c14    00000040     msp432p4xx_driverlib.lib : gpio.o (.text:GPIO_setAsOutputPin)
                  00008c54    00000040     grlib.a : string.obj (.text:Graphics_getNumberOfLeadingZeros)
                  00008c94    00000040     msp432p4xx_driverlib.lib : spi.o (.text:is_A_Module)
                  00008cd4    00000040     rtsv7M4_T_le_v4SPD16_eabi.lib : sprintf.c.obj (.text:sprintf)
                  00008d14    00000040                                   : vsnprintf.c.obj (.text:vsnprintf)
                  00008d54    0000003e                                   : _printfi.c.obj (.text:_fcpy)
                  00008d92    00000002     --HOLE-- [fill = 0]
                  00008d94    00000038     msp432p4xx_driverlib.lib : adc14.o (.text:ADC14_getEnabledInterruptStatus)
                  00008dcc    00000038                              : timer32.o (.text:Timer32_startTimer)
                  00008e04    00000038     rtsv7M4_T_le_v4SPD16_eabi.lib : trgmsg.c.obj (.text:__TI_writemsg)
                  00008e3c    00000036     grlib.a : display.obj (.text:Graphics_drawHorizontalLineOnDisplay)
                  00008e72    00000002     --HOLE-- [fill = 0]
                  00008e74    00000034     msp432p4xx_driverlib.lib : adc14.o (.text:ADC14_enableSampleTimer)
                  00008ea8    00000034                              : cs.o (.text:CS_setDCOCenteredFrequency)
                  00008edc    00000034                              : timer32.o (.text:Timer32_setCount)
                  00008f10    00000034                              : timer_a.o (.text:Timer_A_configureContinuousMode)
                  00008f44    00000034                              : uart.o (.text:UART_transmitData)
                  00008f78    00000034     rtsv7M4_T_le_v4SPD16_eabi.lib : trgmsg.c.obj (.text:__TI_readmsg)
                  00008fac    00000034                                   : boot_cortex_m.c.obj (.text:_c_int00_noargs:_c_int00_noargs)
                  00008fe0    00000030     msp432p4xx_driverlib.lib : adc14.o (.text:ADC14_clearInterruptFlag)
                  00009010    00000030                              : adc14.o (.text:ADC14_enableInterrupt)
                  00009040    00000030                              : cs.o (.text:CS_clearInterruptFlag)
                  00009070    00000030     rtsv7M4_T_le_v4SPD16_eabi.lib : vsnprintf.c.obj (.text:_outs)
                  000090a0    0000002e                                   : i_tofd_t2.asm.obj (.text)
                  000090ce    00000002     --HOLE-- [fill = 0]
                  000090d0    0000002c     msp432p4xx_driverlib.lib : adc14.o (.text:ADC14_getInterruptStatus)
                  000090fc    0000002c                              : adc14.o (.text:ADC14_toggleConversionTrigger)
                  00009128    0000002c     grlib.a : display.obj (.text:Graphics_drawPixelOnDisplay)
                  00009154    0000002c     msp432p4xx_driverlib.lib : timer_a.o (.text:Timer_A_clearCaptureCompareInterrupt)
                  00009180    00000028                              : adc14.o (.text:ADC14_enableConversion)
                  000091a8    00000028                              : adc14.o (.text:ADC14_getResult)
                  000091d0    00000028                              : cs.o (.text:CS_getSMCLK)
                  000091f8    00000028                              : gpio.o (.text:GPIO_clearInterruptFlag)
                  00009220    00000028                              : gpio.o (.text:GPIO_enableInterrupt)
                  00009248    00000028                              : gpio.o (.text:GPIO_setOutputHighOnPin)
                  00009270    00000028                              : gpio.o (.text:GPIO_setOutputLowOnPin)
                  00009298    00000028     rtsv7M4_T_le_v4SPD16_eabi.lib : write.c.obj (.text:write)
                  000092c0    00000024     msp432p4xx_driverlib.lib : gpio.o (.text:GPIO_getInterruptStatus)
                  000092e4    00000024                              : wdt_a.o (.text:WDT_A_holdTimer)
                  00009308    00000022                              : timer_a.o (.text:Timer_A_getCaptureCompareCount)
                  0000932a    0000001c                              : spi.o (.text:SPI_enableModule)
                  00009346    0000001c     rtsv7M4_T_le_v4SPD16_eabi.lib : memccpy.c.obj (.text:memccpy)
                  00009362    0000001a     grlib.a : display.obj (.text:Graphics_clearDisplayOnDisplay)
                  0000937c    0000001a             : context.obj (.text:Graphics_setBackgroundColor)
                  00009396    0000001a             : context.obj (.text:Graphics_setFont)
                  000093b0    0000001a     rtsv7M4_T_le_v4SPD16_eabi.lib : s_copysign.c.obj (.text:copysign)
                  000093ca    00000018                                   : vsnprintf.c.obj (.text:_outc)
                  000093e2    00000018                                   : sprintf.c.obj (.text:_outs)
                  000093fa    00000016     msp432p4xx_driverlib.lib : spi.o (.text:EUSCI_A_SPI_enable)
                  00009410    00000016                              : spi.o (.text:EUSCI_B_SPI_enable)
                  00009426    00000016     grlib.a : context.obj (.text:Graphics_setForegroundColor)
                  0000943c    00000016             : display.obj (.text:Graphics_translateColorOnDisplay)
                  00009452    00000016     msp432p4xx_driverlib.lib : timer_a.o (.text:Timer_A_startCounter)
                  00009468    00000016                              : uart.o (.text:UART_enableModule)
                  0000947e    00000016     rtsv7M4_T_le_v4SPD16_eabi.lib : strchr.c.obj (.text:strchr)
                  00009494    00000014     msp432p4xx_driverlib.lib : pcm.o (.text:PCM_getPowerState)
                  000094a8    00000014                              : timer32.o (.text:Timer32_disableInterrupt)
                  000094bc    00000014                              : timer_a.o (.text:Timer_A_stopTimer)
                  000094d0    00000014     rtsv7M4_T_le_v4SPD16_eabi.lib : strcpy.c.obj (.text:strcpy)
                  000094e4    00000014                                   : strlen.c.obj (.text:strlen)
                  000094f8    00000012     grlib.a : context.obj (.text:Graphics_clearDisplay)
                  0000950a    00000012     rtsv7M4_T_le_v4SPD16_eabi.lib : wcslen.c.obj (.text:wcslen)
                  0000951c    00000010     msp432p4xx_driverlib.lib : adc14.o (.text:ADCIsConversionRunning)
                  0000952c    00000010                              : interrupt.o (.text:Interrupt_disableMaster)
                  0000953c    00000010                              : interrupt.o (.text:Interrupt_enableMaster)
                  0000954c    00000010                              : pcm.o (.text:PCM_setCoreVoltageLevel)
                  0000955c    00000010                              : pcm.o (.text:PCM_setPowerMode)
                  0000956c    0000000e                              : timer32.o (.text:Timer32_getValue)
                  0000957a    0000000e     rtsv7M4_T_le_v4SPD16_eabi.lib : copy_decompress_none.c.obj (.text:decompress:none:__TI_decompress_none)
                  00009588    0000000e     startup_msp432p401r_FreeRTOS_ccs.obj (.text)
                  00009596    00000002     --HOLE-- [fill = 0]
                  00009598    0000000c     msp432p4xx_driverlib.lib : adc14.o (.text:ADC14_enableModule)
                  000095a4    0000000c                              : cpu.o (.text:CPU_cpsid)
                  000095b0    0000000c                              : cpu.o (.text:CPU_cpsie)
                  000095bc    0000000c     rtsv7M4_T_le_v4SPD16_eabi.lib : copy_zero_init.c.obj (.text:decompress:ZI:__TI_zero_init)
                  000095c8    0000000a                                   : sprintf.c.obj (.text:_outc)
                  000095d2    00000002     --HOLE-- [fill = 0]
                  000095d4    00000008                                   : errno.c.obj (.text:__aeabi_errno_addr)
                  000095dc    00000004                                   : printf.c.obj (.text:_outc)
                  000095e0    00000004                                   : printf.c.obj (.text:_outs)
                  000095e4    00000004                                   : pre_init.c.obj (.text:_system_pre_init)
                  000095e8    00000004                                   : exit.c.obj (.text:abort:abort)

.const     0    000095ec    00000754     
                  000095ec    000002f8     grlib.a : fontfixed6x8.obj (.const:.string:g_pucFontFixed6x8Data)
                  000098e4    00000120     uart.obj (.const:UCxBRS)
                  00009a04    00000101     rtsv7M4_T_le_v4SPD16_eabi.lib : ctype.c.obj (.const:.string:_ctypes_)
                  00009b05    00000003     --HOLE-- [fill = 0]
                  00009b08    000000c8     grlib.a : fontfixed6x8.obj (.const:g_sFontFixed6x8)
                  00009bd0    00000080     msp432p4xx_driverlib.lib : adc14.o (.const:_ctlRegs)
                  00009c50    00000030                              : gpio.o (.const:GPIO_PORT_TO_BASE)
                  00009c80    00000020     Crystalfontz128x128_ST7735.obj (.const:g_sCrystalfontz128x128_funcs)
                  00009ca0    0000001c     HAL_MSP_EXP432P401R_Crystalfontz128x128_ST7735.obj (.const:$P$T0$1)
                  00009cbc    00000018     card_dealer.obj (.const:BZ_upConfig)
                  00009cd4    00000018     card_dealer.obj (.const:DS_captureModeConfig)
                  00009cec    00000014     interfaces.obj (.const:.string:$P$T0$1)
                  00009d00    00000010     card_dealer.obj (.const:BZ_compareConfig_PWM)
                  00009d10    00000010     card_dealer.obj (.const:DS_continuousModeConfig)
                  00009d20    00000008     Crystalfontz128x128_ST7735.obj (.const:$P$T0$1)
                  00009d28    00000008     msp432p4xx_driverlib.lib : interrupt.o (.const:g_pulDisRegs)
                  00009d30    00000008                              : interrupt.o (.const:g_pulEnRegs)
                  00009d38    00000008     port.obj (.const)

.cinit     0    00009d40    000000d8     
                  00009d40    000000b0     (.cinit..data.load) [load image, compression = lzss]
                  00009df0    0000000c     (__TI_handler_table)
                  00009dfc    00000004     --HOLE-- [fill = 0]
                  00009e00    00000008     (.cinit..bss.load) [load image, compression = zero_init]
                  00009e08    00000010     (__TI_cinit_table)

.init_array 
*          0    00000000    00000000     UNINITIALIZED

.intvecs   0    00000000    000000e4     
                  00000000    000000e4     startup_msp432p401r_FreeRTOS_ccs.obj (.intvecs:retain)

.bss       0    20000000    0000cb87     UNINITIALIZED
                  20000000    0000c800     heap_4.obj (.bss:ucHeap)
                  2000c800    00000120     rtsv7M4_T_le_v4SPD16_eabi.lib : trgmsg.c.obj (.bss:_CIOBUF_)
                  2000c920    00000100     uart.obj (.bss:print_buffer$1)
                  2000ca20    00000064     tasks.obj (.bss:pxReadyTasksLists)
                  2000ca84    00000020     interfaces.obj (.bss:peoplePos)
                  2000caa4    0000001c     (.common:g_sContext)
                  2000cac0    00000014     timers.obj (.bss:xActiveTimerList1)
                  2000cad4    00000014     timers.obj (.bss:xActiveTimerList2)
                  2000cae8    00000014     tasks.obj (.bss:xDelayedTaskList1)
                  2000cafc    00000014     tasks.obj (.bss:xDelayedTaskList2)
                  2000cb10    00000014     tasks.obj (.bss:xPendingReadyList)
                  2000cb24    00000014     tasks.obj (.bss:xSuspendedTaskList)
                  2000cb38    00000014     tasks.obj (.bss:xTasksWaitingTermination)
                  2000cb4c    00000008     msp432p4xx_driverlib.lib : cs.o (.bss)
                  2000cb54    00000008     tasks.obj (.bss)
                  2000cb5c    00000008     timers.obj (.bss)
                  2000cb64    00000008     heap_4.obj (.bss:xStart)
                  2000cb6c    00000008     (.common:parmbuf)
                  2000cb74    00000004     interfaces.obj (.bss)
                  2000cb78    00000004     card_dealer.obj (.bss:resultsBuffer)
                  2000cb7c    00000002     (.common:Lcd_ScreenHeigth)
                  2000cb7e    00000002     (.common:Lcd_ScreenWidth)
                  2000cb80    00000002     (.common:Lcd_TouchTrim)
                  2000cb82    00000001     (.common:Lcd_FlagRead)
                  2000cb83    00000001     (.common:Lcd_FontSolid)
                  2000cb84    00000001     (.common:Lcd_Orientation)
                  2000cb85    00000001     (.common:Lcd_PenSolid)
                  2000cb86    00000001     (.common:current_state)

.data      0    2000cb88    000002dc     UNINITIALIZED
                  2000cb88    000000f0     rtsv7M4_T_le_v4SPD16_eabi.lib : defs.c.obj (.data:_ftable)
                  2000cc78    00000078                                   : host_device.c.obj (.data:_device)
                  2000ccf0    00000050                                   : host_device.c.obj (.data:_stream)
                  2000cd40    00000038     main_freertos.obj (.data:fsm)
                  2000cd78    00000034     tasks.obj (.data)
                  2000cdac    00000028     uart.obj (.data:uart_config)
                  2000cdd4    00000019     card_dealer.obj (.data)
                  2000cded    00000001     events.obj (.data)
                  2000cdee    00000001     main_freertos.obj (.data)
                  2000cdef    00000001     --HOLE--
                  2000cdf0    00000018     port.obj (.data)
                  2000ce08    00000010     Crystalfontz128x128_ST7735.obj (.data:g_sCrystalfontz128x128)
                  2000ce18    00000010     heap_4.obj (.data)
                  2000ce28    00000010     interfaces.obj (.data)
                  2000ce38    00000010     rtsv7M4_T_le_v4SPD16_eabi.lib : defs.c.obj (.data)
                  2000ce48    0000000c     timers.obj (.data)
                  2000ce54    00000008     rtsv7M4_T_le_v4SPD16_eabi.lib : _lock.c.obj (.data:$O1$$)
                  2000ce5c    00000004                                   : errno.c.obj (.data)
                  2000ce60    00000004     system_msp432p401r.obj (.data)

.stack     0    2000fc00    00000400     UNINITIALIZED
                  2000fc00    00000004     rtsv7M4_T_le_v4SPD16_eabi.lib : boot_cortex_m.c.obj (.stack)
                  2000fc04    000003fc     --HOLE--

__llvm_prf_cnts 
*          0    20000000    00000000     UNINITIALIZED

.binit     0    00000000    00000000     

MODULE SUMMARY

       Module                                               code    ro data   rw data
       ------                                               ----    -------   -------
    .\
       system_msp432p401r.obj                               820     0         8      
       main_freertos.obj                                    408     0         172    
       startup_msp432p401r_FreeRTOS_ccs.obj                 14      228       0      
    +--+----------------------------------------------------+-------+---------+---------+
       Total:                                               1242    228       180    
                                                                                     
    .\FreeRTOS\
       tasks.obj                                            6512    0         520    
       queue.obj                                            3338    0         0      
       timers.obj                                           1852    0         120    
       list.obj                                             298     0         0      
    +--+----------------------------------------------------+-------+---------+---------+
       Total:                                               12000   0         640    
                                                                                     
    .\FreeRTOS\portable\CCS\ARM_CM4F\
       port.obj                                             1068    8         48     
       portasm.obj                                          210     0         0      
    +--+----------------------------------------------------+-------+---------+---------+
       Total:                                               1278    8         48     
                                                                                     
    .\FreeRTOS\portable\MemMang\
       heap_4.obj                                           872     0         102448 
    +--+----------------------------------------------------+-------+---------+---------+
       Total:                                               872     0         102448 
                                                                                     
    .\LcdDriver\
       Crystalfontz128x128_ST7735.obj                       1664    40        52     
       HAL_MSP_EXP432P401R_Crystalfontz128x128_ST7735.obj   204     28        0      
    +--+----------------------------------------------------+-------+---------+---------+
       Total:                                               1868    68        52     
                                                                                     
    .\Libraries\
       card_dealer.obj                                      1576    80        58     
       interfaces.obj                                       1548    20        104    
       events.obj                                           100     0         2      
    +--+----------------------------------------------------+-------+---------+---------+
       Total:                                               3224    100       164    
                                                                                     
    .\Libraries\DefaultLib\
       uart.obj                                             492     288       592    
    +--+----------------------------------------------------+-------+---------+---------+
       Total:                                               492     288       592    
                                                                                     
    C:/Users/Francesco Olivieri/Documents/simplelink_msp432p4_sdk_3_40_01_02/simplelink_msp432p4_sdk_3_40_01_02/source/ti/devices/msp432p4xx/driverlib/ccs/msp432p4xx_driverlib.lib
       adc14.o                                              1196    128       0      
       cs.o                                                 1174    0         16     
       pcm.o                                                848     0         0      
       gpio.o                                               752     48        0      
       timer_a.o                                            766     0         0      
       uart.o                                               358     0         0      
       spi.o                                                312     0         0      
       interrupt.o                                          288     16        0      
       timer32.o                                            246     0         0      
       sysctl_a.o                                           148     0         0      
       flash.o                                              72      0         0      
       wdt_a.o                                              36      0         0      
       cpu.o                                                24      0         0      
    +--+----------------------------------------------------+-------+---------+---------+
       Total:                                               6220    192       16     
                                                                                     
    C:/Users/Francesco Olivieri/Documents/simplelink_msp432p4_sdk_3_40_01_02/simplelink_msp432p4_sdk_3_40_01_02/source/ti/grlib/lib/ccs/m4f/grlib.a
       string.obj                                           1536    0         0      
       fontfixed6x8.obj                                     0       960       0      
       context.obj                                          174     0         0      
       line.obj                                             156     0         0      
       display.obj                                          146     0         0      
    +--+----------------------------------------------------+-------+---------+---------+
       Total:                                               2012    960       0      
                                                                                     
    C:\ti\ccs1210\ccs\tools\compiler\ti-cgt-arm_20.2.7.LTS\lib\rtsv7M4_T_le_v4SPD16_eabi.lib
       _printfi.c.obj                                       4851    0         0      
       trgmsg.c.obj                                         108     0         576    
       defs.c.obj                                           0       0         512    
       fd_add_t2.asm.obj                                    438     0         0      
       host_device.c.obj                                    0       0         400    
       fd_div_t2.asm.obj                                    310     0         0      
       s_scalbn.c.obj                                       272     0         0      
       fd_cmp_t2.asm.obj                                    268     0         0      
       ctype.c.obj                                          0       257       0      
       fd_mul_t2.asm.obj                                    252     0         0      
       fflush.c.obj                                         200     0         0      
       memcpy_t2.asm.obj                                    156     0         0      
       ull_div_t2.asm.obj                                   150     0         0      
       vsnprintf.c.obj                                      136     0         0      
       memset_t2.asm.obj                                    122     0         0      
       hostopen.c.obj                                       96      0         16     
       printf.c.obj                                         112     0         0      
       hostrename.c.obj                                     108     0         0      
       copy_decompress_lzss.c.obj                           104     0         0      
       hostlseek.c.obj                                      104     0         0      
       s_frexp.c.obj                                        100     0         0      
       sprintf.c.obj                                        98      0         0      
       hostread.c.obj                                       88      0         0      
       hostwrite.c.obj                                      88      0         0      
       _ltoa.c.obj                                          84      0         0      
       atoi.c.obj                                           76      0         0      
       fd_toi_t2.asm.obj                                    72      0         0      
       autoinit.c.obj                                       68      0         0      
       hostclose.c.obj                                      68      0         0      
       hostunlink.c.obj                                     68      0         0      
       boot_cortex_m.c.obj                                  52      0         0      
       i_tofd_t2.asm.obj                                    46      0         0      
       write.c.obj                                          40      0         0      
       memccpy.c.obj                                        28      0         0      
       s_copysign.c.obj                                     26      0         0      
       strchr.c.obj                                         22      0         0      
       strcpy.c.obj                                         20      0         0      
       strlen.c.obj                                         20      0         0      
       _lock.c.obj                                          2       0         16     
       wcslen.c.obj                                         18      0         0      
       errno.c.obj                                          8       0         8      
       copy_decompress_none.c.obj                           14      0         0      
       copy_zero_init.c.obj                                 12      0         0      
       exit.c.obj                                           4       0         0      
       pre_init.c.obj                                       4       0         0      
       div0.asm.obj                                         2       0         0      
    +--+----------------------------------------------------+-------+---------+---------+
       Total:                                               8915    257       1528   
                                                                                     
       Stack:                                               0       0         2048   
       Linker Generated:                                    0       212       0      
    +--+----------------------------------------------------+-------+---------+---------+
       Grand Total:                                         38123   2313      107716 


LINKER GENERATED COPY TABLES

__TI_cinit_table @ 00009e08 records: 2, size/record: 8, table size: 16
	.data: load addr=00009d40, load size=000000b0 bytes, run addr=2000cb88, run size=000002dc bytes, compression=lzss
	.bss: load addr=00009e00, load size=00000008 bytes, run addr=20000000, run size=0000cb87 bytes, compression=zero_init


LINKER GENERATED HANDLER TABLE

__TI_handler_table @ 00009df0 records: 3, size/record: 4, table size: 12
	index: 0, handler: __TI_decompress_lzss
	index: 1, handler: __TI_decompress_none
	index: 2, handler: __TI_zero_init


GLOBAL SYMBOLS: SORTED ALPHABETICALLY BY Name 

address   name                                       
-------   ----                                       
000041d9  ADC14_IRQHandler                           
000041d9  ADC14_IRQHandler                           
00008fe1  ADC14_clearInterruptFlag                   
00007721  ADC14_configureConversionMemory            
000077d5  ADC14_configureMultiSequenceMode           
00009181  ADC14_enableConversion                     
00009011  ADC14_enableInterrupt                      
00009599  ADC14_enableModule                         
00008e75  ADC14_enableSampleTimer                    
00008d95  ADC14_getEnabledInterruptStatus            
000090d1  ADC14_getInterruptStatus                   
000091a9  ADC14_getResult                            
0000883d  ADC14_initModule                           
000090fd  ADC14_toggleConversionTrigger              
00009595  AES256_IRQHandler                          
00009595  BusFault_Handler                           
000095e9  C$$EXIT                                    
00008e33  C$$IO$$                                    
00009595  COMP_E0_IRQHandler                         
00009595  COMP_E1_IRQHandler                         
000095a5  CPU_cpsid                                  
000095b1  CPU_cpsie                                  
00009595  CS_IRQHandler                              
00009041  CS_clearInterruptFlag                      
00007489  CS_getDCOFrequency                         
000091d1  CS_getSMCLK                                
00006ad9  CS_initClockSignal                         
00008ea9  CS_setDCOCenteredFrequency                 
000038ed  Crystalfontz128x128_Init                   
00003a01  Crystalfontz128x128_SetDrawFrame           
00003b2f  Crystalfontz128x128_SetOrientation         
00009595  DMA_ERR_IRQHandler                         
00009595  DMA_INT0_IRQHandler                        
00009595  DMA_INT1_IRQHandler                        
00009595  DMA_INT2_IRQHandler                        
00009595  DMA_INT3_IRQHandler                        
0000447d  DS_getDistCM                               
00004477  DS_isValueReady                            
00004483  DS_valueRead                               
0000444d  DS_valueReady                              
00009595  DebugMon_Handler                           
00009595  Default_Handler                            
00009595  EUSCIA0_IRQHandler                         
00009595  EUSCIA1_IRQHandler                         
00009595  EUSCIA2_IRQHandler                         
00009595  EUSCIA3_IRQHandler                         
00009595  EUSCIB0_IRQHandler                         
00009595  EUSCIB1_IRQHandler                         
00009595  EUSCIB2_IRQHandler                         
00009595  EUSCIB3_IRQHandler                         
000093fb  EUSCI_A_SPI_enable                         
00009411  EUSCI_B_SPI_enable                         
00009595  FLCTL_IRQHandler                           
00009595  FPU_IRQHandler                             
00008a71  FlashCtl_setWaitState                      
000091f9  GPIO_clearInterruptFlag                    
00009221  GPIO_enableInterrupt                       
00007e69  GPIO_getEnabledInterruptStatus             
000092c1  GPIO_getInterruptStatus                    
00008685  GPIO_setAsInputPinWithPullUpResistor       
00008c15  GPIO_setAsOutputPin                        
00007c4d  GPIO_setAsPeripheralModuleFunctionInputPin 
00007cd5  GPIO_setAsPeripheralModuleFunctionOutputPin
00009249  GPIO_setOutputHighOnPin                    
00009271  GPIO_setOutputLowOnPin                     
000094f9  Graphics_clearDisplay                      
00009363  Graphics_clearDisplayOnDisplay             
00008e3d  Graphics_drawHorizontalLineOnDisplay       
000079eb  Graphics_drawLineH                         
00009129  Graphics_drawPixelOnDisplay                
00004ba1  Graphics_drawString                        
00008ab9  Graphics_drawStringCentered                
0000738d  Graphics_getStringWidth                    
000088e5  Graphics_initContext                       
0000937d  Graphics_setBackgroundColor                
00009397  Graphics_setFont                           
00009427  Graphics_setForegroundColor                
0000943d  Graphics_translateColorOnDisplay           
00007655  HAL_LCD_PortInit                           
00007685  HAL_LCD_SpiInit                            
000076bb  HAL_LCD_writeCommand                       
000076eb  HAL_LCD_writeData                          
00008b49  HOSTclose                                  
00008239  HOSTlseek                                  
0000856d  HOSTopen                                   
000086dd  HOSTread                                   
000081cd  HOSTrename                                 
00008b8d  HOSTunlink                                 
00008735  HOSTwrite                                  
00009595  HardFault_Handler                          
00007eed  Interrupt_disableInterrupt                 
0000952d  Interrupt_disableMaster                    
00007f6d  Interrupt_enableInterrupt                  
0000953d  Interrupt_enableMaster                     
2000cb82  Lcd_FlagRead                               
2000cb83  Lcd_FontSolid                              
2000cb84  Lcd_Orientation                            
2000cb85  Lcd_PenSolid                               
2000cb7c  Lcd_ScreenHeigth                           
2000cb7e  Lcd_ScreenWidth                            
2000cb80  Lcd_TouchTrim                              
00009595  MemManage_Handler                          
00009595  NMI_Handler                                
00009595  PCM_IRQHandler                             
000085cd  PCM_getCoreVoltageLevel                    
0000862b  PCM_getPowerMode                           
00009495  PCM_getPowerState                          
0000954d  PCM_setCoreVoltageLevel                    
0000955d  PCM_setPowerMode                           
00009595  PORT1_IRQHandler                           
00009595  PORT2_IRQHandler                           
0000428f  PORT3_IRQHandler                           
0000428f  PORT3_IRQHandler                           
00009595  PORT4_IRQHandler                           
000042ad  PORT5_IRQHandler                           
000042ad  PORT5_IRQHandler                           
00009595  PORT6_IRQHandler                           
00009595  PSS_IRQHandler                             
00009595  RTC_C_IRQHandler                           
00009589  Reset_Handler                              
0000932b  SPI_enableModule                           
0000793b  SPI_initMaster                             
00007bb9  SysCtl_A_getTLVInfo                        
2000ce60  SystemCoreClock                            
000057b5  SystemCoreClockUpdate                      
00005a2d  SystemInit                                 
00009595  T32_INT1_IRQHandler                        
00009595  T32_INT2_IRQHandler                        
00009595  T32_INTC_IRQHandler                        
00009595  TA0_0_IRQHandler                           
0000416d  TA0_N_IRQHandler                           
0000416d  TA0_N_IRQHandler                           
00009595  TA1_0_IRQHandler                           
00009595  TA1_N_IRQHandler                           
00009595  TA2_0_IRQHandler                           
00009595  TA2_N_IRQHandler                           
00009595  TA3_0_IRQHandler                           
00009595  TA3_N_IRQHandler                           
000094a9  Timer32_disableInterrupt                   
0000956d  Timer32_getValue                           
000082a1  Timer32_initModule                         
00008edd  Timer32_setCount                           
00008dcd  Timer32_startTimer                         
00009155  Timer_A_clearCaptureCompareInterrupt       
00008f11  Timer_A_configureContinuousMode            
00008309  Timer_A_configureUpMode                    
00009309  Timer_A_getCaptureCompareCount             
0000878d  Timer_A_initCapture                        
00008989  Timer_A_initCompare                        
00009453  Timer_A_startCounter                       
000094bd  Timer_A_stopTimer                          
00009469  UART_enableModule                          
00006e59  UART_initModule                            
00008f45  UART_transmitData                          
000098e4  UCxBRS                                     
00009595  UsageFault_Handler                         
4000480c  WDTCTL_SYM                                 
00009595  WDT_A_IRQHandler                           
000092e5  WDT_A_holdTimer                            
2000c800  __CIOBUF_                                  
20010000  __STACK_END                                
00000400  __STACK_SIZE                               
00009e08  __TI_CINIT_Base                            
00009e18  __TI_CINIT_Limit                           
00009df0  __TI_Handler_Table_Base                    
00009dfc  __TI_Handler_Table_Limit                   
00008bd1  __TI_auto_init_nobinit_nopinit             
00008371  __TI_decompress_lzss                       
0000957b  __TI_decompress_none                       
000089d7  __TI_doflush                               
2000ce38  __TI_ft_end                                
00008891  __TI_ltoa                                  
ffffffff  __TI_pprof_out_hndl                        
00002761  __TI_printfi                               
ffffffff  __TI_prof_data_size                        
ffffffff  __TI_prof_data_start                       
00008f79  __TI_readmsg                               
00009d40  __TI_static_base__                         
00008e05  __TI_writemsg                              
000095bd  __TI_zero_init                             
00007d5d  __aeabi_cdcmpeq                            
00007d5d  __aeabi_cdcmple                            
00007de3  __aeabi_cdrcmple                           
00008b01  __aeabi_d2iz                               
0000611f  __aeabi_dadd                               
000069a1  __aeabi_ddiv                               
00007291  __aeabi_dmul                               
00006115  __aeabi_dsub                               
000095d5  __aeabi_errno_addr                         
000090a1  __aeabi_i2d                                
000031af  __aeabi_idiv0                              
000031af  __aeabi_ldiv0                              
000080e5  __aeabi_memclr                             
000080e5  __aeabi_memclr4                            
000080e5  __aeabi_memclr8                            
00007a87  __aeabi_memcpy                             
00007a87  __aeabi_memcpy4                            
00007a87  __aeabi_memcpy8                            
000080e7  __aeabi_memset                             
000080e7  __aeabi_memset4                            
000080e7  __aeabi_memset8                            
2000ce44  __aeabi_stderr                             
2000ce3c  __aeabi_stdin                              
2000ce40  __aeabi_stdout                             
00007b23  __aeabi_uldivmod                           
ffffffff  __binit__                                  
ffffffff  __c_args__                                 
UNDEFED   __mpu_init                                 
2000fc00  __stack                                    
20000000  __start___llvm_prf_cnts                    
20000000  __stop___llvm_prf_cnts                     
00003f75  _adcInit                                   
00008fad  _c_int00_noargs                            
00009a04  _ctypes_                                   
2000cc78  _device                                    
2000cb88  _ftable                                    
00003fe3  _graphicsInit                              
000040b5  _hwInit                                    
2000ce54  _lock                                      
0000275f  _nop                                       
2000ccf0  _stream                                    
UNDEFED   _system_post_cinit                         
000095e5  _system_pre_init                           
2000ce58  _unlock                                    
000095e9  abort                                      
00008a25  atoi                                       
ffffffff  binit                                      
00008459  button1_press                              
00008461  button2_press                              
00004033  button_init                                
00004a67  cardRemoved                                
00008497  clearEvent                                 
00004adb  clearHomePosition                          
000093b1  copysign                                   
000093b1  copysignl                                  
2000cb86  current_state                              
00004a7d  degreesToSteps                             
000046b5  distributeCards                            
0000115d  eTaskConfirmSleepModeStatus                
00000505  eTaskGetState                              
00008469  end_arrive                                 
2000ce5c  errno                                      
00008069  fflush                                     
00006397  fn_DISTRIBUTION                            
000063d3  fn_EMERGENCY_STOP                          
000063b5  fn_GAME                                    
00006373  fn_GAME_SELECTION                          
000062eb  fn_IDLE                                    
0000634f  fn_SCAN                                    
0000630b  fn_WAITING                                 
00005ef9  fputc                                      
00005f0b  fputs                                      
000084a5  frexp                                      
000084a5  frexpl                                     
2000cd40  fsm                                        
2000caa4  g_sContext                                 
2000ce08  g_sCrystalfontz128x128                     
00009c80  g_sCrystalfontz128x128_funcs               
00009b08  g_sFontFixed6x8                            
0000464f  gameSelection                              
00004a61  getCardsLeft                               
00008491  getEvent                                   
00004495  getGraphicsContext                         
00004aa5  getHomePosition                            
00004ae3  getPeopleNumber                            
00004ae9  getPeoplePosition                          
000047a1  giveOneCard                                
00008479  give_card                                  
00004b07  incPeopleNumber                            
00003f6d  initCardDealer                             
00004063  initDispenserMotor                         
00004595  initLibInterface                           
000043e7  initTriggerDS                              
00000000  interruptVectors                           
00008451  joystick_down                              
00008441  joystick_press                             
2000cdec  joystick_semaphore                         
00008449  joystick_up                                
00006f75  ldexp                                      
00006f75  ldexpl                                     
000062cd  main                                       
000042f9  makeStep                                   
0000640b  malloc                                     
2000cde0  meas1                                      
2000cde8  meas1Count                                 
2000cde4  meas2                                      
00009347  memccpy                                    
00007a87  memcpy                                     
000080ed  memset                                     
2000cb6c  parmbuf                                    
00000b31  pcTaskGetName                              
0000336f  pcTimerGetName                             
000045ab  peopleDetection                            
00008489  person_detected                            
000083d9  printf                                     
0000544d  pvPortMalloc                               
000014cb  pvTaskIncrementMutexHeldCount              
000037f9  pvTimerGetTimerID                          
2000cd78  pxCurrentTCB                               
00005021  pxPortInitialiseStack                      
00004827  resetPosition                              
00006f75  scalbn                                     
00006f75  scalbnl                                    
0000440d  sendTrigPulseDS                            
00004b19  setNewPersonPosition                       
00008481  skip                                       
00008cd5  sprintf                                    
00004435  startDelayCaptureDS                        
00004717  startGame                                  
00008471  start_arrive                               
2000cdee  state_transition                           
0000947f  strchr                                     
000094d1  strcpy                                     
000094e5  strlen                                     
000044eb  turnOffBuzzer                              
00004555  turnOffDispenser                           
000044b1  turnOnBuzzer                               
00004541  turnOnDispenserBackward                    
00004529  turnOnDispenserForward                     
2000cdac  uart_config                                
00005d59  uart_init                                  
00005e77  uart_init_gpio                             
00005e8f  uart_println                               
00009d38  ulMaxSyscallInterruptPriority              
00007591  ulPortGetIPSR                              
000014e9  ulTaskNotifyTake                           
00004ab1  updateHomePosition                         
00006ceb  uxListRemove                               
0000240d  uxQueueMessagesWaiting                     
0000246b  uxQueueMessagesWaitingFromISR              
00002437  uxQueueSpacesAvailable                     
00000b2b  uxTaskGetNumberOfTasks                     
000005a1  uxTaskPriorityGet                          
000005cd  uxTaskPriorityGetFromISR                   
000014a9  uxTaskResetEventItemValue                  
000063f1  vApplicationIdleHook                       
000063e1  vApplicationMallocFailedHook               
000063f3  vApplicationStackOverflowHook              
0000641f  vApplicationTickHook                       
00006c09  vListInitialise                            
00006c39  vListInitialiseItem                        
00006c85  vListInsert                                
00006c49  vListInsertEnd                             
00007645  vPortEnableVFP                             
00005141  vPortEndScheduler                          
00005165  vPortEnterCritical                         
000051a7  vPortExitCritical                          
000055af  vPortFree                                  
0000564d  vPortInitialiseBlocks                      
00007609  vPortSVCHandler                            
00007609  vPortSVCHandler                            
00005355  vPortSetupTimerInterrupt                   
00007629  vPortStartFirstTask                        
000051fd  vPortSuppressTicksAndSleep                 
000053b5  vPortValidateInterruptPriority             
00006415  vPreSleepProcessing                        
00002491  vQueueDelete                               
00002703  vQueueWaitForMessageRestricted             
0000049d  vTaskDelay                                 
000003bb  vTaskDelayUntil                            
000002f1  vTaskDelete                                
000048f1  vTaskDistanceSensor                        
0000097d  vTaskEndScheduler                          
000010e7  vTaskMissedYield                           
00001873  vTaskNotifyGiveFromISR                     
00000df7  vTaskPlaceOnEventList                      
00000e8d  vTaskPlaceOnEventListRestricted            
00000e27  vTaskPlaceOnUnorderedEventList             
000012ef  vTaskPriorityInherit                       
00000615  vTaskPrioritySet                           
00000873  vTaskResume                                
00001017  vTaskSetTimeOutState                       
00000905  vTaskStartScheduler                        
00000b95  vTaskStepTick                              
000049b5  vTaskStepperMotor                          
00000749  vTaskSuspend                               
00000999  vTaskSuspendAll                            
00000d31  vTaskSwitchContext                         
00003827  vTimerSetTimerID                           
00008d15  vsnprintf                                  
0000950b  wcslen                                     
00009299  write                                      
00005641  xPortGetFreeHeapSize                       
00005647  xPortGetMinimumEverFreeHeapSize            
000075a9  xPortPendSVHandler                         
000075a9  xPortPendSVHandler                         
000050ad  xPortStartScheduler                        
000051d3  xPortSysTickHandler                        
000051d3  xPortSysTickHandler                        
00001ca9  xQueueCreateCountingSemaphore              
00001bd1  xQueueCreateMutex                          
00001b07  xQueueGenericCreate                        
000020ab  xQueueGenericReceive                       
00001a55  xQueueGenericReset                         
00001d05  xQueueGenericSend                          
00001eb7  xQueueGenericSendFromISR                   
00001fbd  xQueueGiveFromISR                          
00001bfd  xQueueGiveMutexRecursive                   
00002677  xQueueIsQueueEmptyFromISR                  
000026cd  xQueueIsQueueFullFromISR                   
0000235b  xQueuePeekFromISR                          
00002285  xQueueReceiveFromISR                       
00001c4d  xQueueTakeMutexRecursive                   
00001045  xTaskCheckForTimeOut                       
000000e5  xTaskCreate                                
00001615  xTaskGenericNotify                         
00001735  xTaskGenericNotifyFromISR                  
000012b1  xTaskGetCurrentTaskHandle                  
00000b61  xTaskGetIdleTaskHandle                     
000012c9  xTaskGetSchedulerState                     
00000b07  xTaskGetTickCount                          
00000b17  xTaskGetTickCountFromISR                   
00000be5  xTaskIncrementTick                         
0000195d  xTaskNotifyStateClear                      
00001571  xTaskNotifyWait                            
000013c9  xTaskPriorityDisinherit                    
00000ed5  xTaskRemoveFromEventList                   
00000f79  xTaskRemoveFromUnorderedEventList          
00000a05  xTaskResumeAll                             
000031ef  xTimerCreate                               
000031b1  xTimerCreateTimerTask                      
0000327d  xTimerGenericCommand                       
00003345  xTimerGetExpiryTime                        
0000331f  xTimerGetPeriod                            
000032fd  xTimerGetTimerDaemonTaskHandle             
000037b9  xTimerIsTimerActive                        
0000388b  xTimerPendFunctionCall                     
00003855  xTimerPendFunctionCallFromISR              


GLOBAL SYMBOLS: SORTED BY Symbol Address 

address   name                                       
-------   ----                                       
00000000  interruptVectors                           
000000e5  xTaskCreate                                
000002f1  vTaskDelete                                
000003bb  vTaskDelayUntil                            
00000400  __STACK_SIZE                               
0000049d  vTaskDelay                                 
00000505  eTaskGetState                              
000005a1  uxTaskPriorityGet                          
000005cd  uxTaskPriorityGetFromISR                   
00000615  vTaskPrioritySet                           
00000749  vTaskSuspend                               
00000873  vTaskResume                                
00000905  vTaskStartScheduler                        
0000097d  vTaskEndScheduler                          
00000999  vTaskSuspendAll                            
00000a05  xTaskResumeAll                             
00000b07  xTaskGetTickCount                          
00000b17  xTaskGetTickCountFromISR                   
00000b2b  uxTaskGetNumberOfTasks                     
00000b31  pcTaskGetName                              
00000b61  xTaskGetIdleTaskHandle                     
00000b95  vTaskStepTick                              
00000be5  xTaskIncrementTick                         
00000d31  vTaskSwitchContext                         
00000df7  vTaskPlaceOnEventList                      
00000e27  vTaskPlaceOnUnorderedEventList             
00000e8d  vTaskPlaceOnEventListRestricted            
00000ed5  xTaskRemoveFromEventList                   
00000f79  xTaskRemoveFromUnorderedEventList          
00001017  vTaskSetTimeOutState                       
00001045  xTaskCheckForTimeOut                       
000010e7  vTaskMissedYield                           
0000115d  eTaskConfirmSleepModeStatus                
000012b1  xTaskGetCurrentTaskHandle                  
000012c9  xTaskGetSchedulerState                     
000012ef  vTaskPriorityInherit                       
000013c9  xTaskPriorityDisinherit                    
000014a9  uxTaskResetEventItemValue                  
000014cb  pvTaskIncrementMutexHeldCount              
000014e9  ulTaskNotifyTake                           
00001571  xTaskNotifyWait                            
00001615  xTaskGenericNotify                         
00001735  xTaskGenericNotifyFromISR                  
00001873  vTaskNotifyGiveFromISR                     
0000195d  xTaskNotifyStateClear                      
00001a55  xQueueGenericReset                         
00001b07  xQueueGenericCreate                        
00001bd1  xQueueCreateMutex                          
00001bfd  xQueueGiveMutexRecursive                   
00001c4d  xQueueTakeMutexRecursive                   
00001ca9  xQueueCreateCountingSemaphore              
00001d05  xQueueGenericSend                          
00001eb7  xQueueGenericSendFromISR                   
00001fbd  xQueueGiveFromISR                          
000020ab  xQueueGenericReceive                       
00002285  xQueueReceiveFromISR                       
0000235b  xQueuePeekFromISR                          
0000240d  uxQueueMessagesWaiting                     
00002437  uxQueueSpacesAvailable                     
0000246b  uxQueueMessagesWaitingFromISR              
00002491  vQueueDelete                               
00002677  xQueueIsQueueEmptyFromISR                  
000026cd  xQueueIsQueueFullFromISR                   
00002703  vQueueWaitForMessageRestricted             
0000275f  _nop                                       
00002761  __TI_printfi                               
000031af  __aeabi_idiv0                              
000031af  __aeabi_ldiv0                              
000031b1  xTimerCreateTimerTask                      
000031ef  xTimerCreate                               
0000327d  xTimerGenericCommand                       
000032fd  xTimerGetTimerDaemonTaskHandle             
0000331f  xTimerGetPeriod                            
00003345  xTimerGetExpiryTime                        
0000336f  pcTimerGetName                             
000037b9  xTimerIsTimerActive                        
000037f9  pvTimerGetTimerID                          
00003827  vTimerSetTimerID                           
00003855  xTimerPendFunctionCallFromISR              
0000388b  xTimerPendFunctionCall                     
000038ed  Crystalfontz128x128_Init                   
00003a01  Crystalfontz128x128_SetDrawFrame           
00003b2f  Crystalfontz128x128_SetOrientation         
00003f6d  initCardDealer                             
00003f75  _adcInit                                   
00003fe3  _graphicsInit                              
00004033  button_init                                
00004063  initDispenserMotor                         
000040b5  _hwInit                                    
0000416d  TA0_N_IRQHandler                           
0000416d  TA0_N_IRQHandler                           
000041d9  ADC14_IRQHandler                           
000041d9  ADC14_IRQHandler                           
0000428f  PORT3_IRQHandler                           
0000428f  PORT3_IRQHandler                           
000042ad  PORT5_IRQHandler                           
000042ad  PORT5_IRQHandler                           
000042f9  makeStep                                   
000043e7  initTriggerDS                              
0000440d  sendTrigPulseDS                            
00004435  startDelayCaptureDS                        
0000444d  DS_valueReady                              
00004477  DS_isValueReady                            
0000447d  DS_getDistCM                               
00004483  DS_valueRead                               
00004495  getGraphicsContext                         
000044b1  turnOnBuzzer                               
000044eb  turnOffBuzzer                              
00004529  turnOnDispenserForward                     
00004541  turnOnDispenserBackward                    
00004555  turnOffDispenser                           
00004595  initLibInterface                           
000045ab  peopleDetection                            
0000464f  gameSelection                              
000046b5  distributeCards                            
00004717  startGame                                  
000047a1  giveOneCard                                
00004827  resetPosition                              
000048f1  vTaskDistanceSensor                        
000049b5  vTaskStepperMotor                          
00004a61  getCardsLeft                               
00004a67  cardRemoved                                
00004a7d  degreesToSteps                             
00004aa5  getHomePosition                            
00004ab1  updateHomePosition                         
00004adb  clearHomePosition                          
00004ae3  getPeopleNumber                            
00004ae9  getPeoplePosition                          
00004b07  incPeopleNumber                            
00004b19  setNewPersonPosition                       
00004ba1  Graphics_drawString                        
00005021  pxPortInitialiseStack                      
000050ad  xPortStartScheduler                        
00005141  vPortEndScheduler                          
00005165  vPortEnterCritical                         
000051a7  vPortExitCritical                          
000051d3  xPortSysTickHandler                        
000051d3  xPortSysTickHandler                        
000051fd  vPortSuppressTicksAndSleep                 
00005355  vPortSetupTimerInterrupt                   
000053b5  vPortValidateInterruptPriority             
0000544d  pvPortMalloc                               
000055af  vPortFree                                  
00005641  xPortGetFreeHeapSize                       
00005647  xPortGetMinimumEverFreeHeapSize            
0000564d  vPortInitialiseBlocks                      
000057b5  SystemCoreClockUpdate                      
00005a2d  SystemInit                                 
00005d59  uart_init                                  
00005e77  uart_init_gpio                             
00005e8f  uart_println                               
00005ef9  fputc                                      
00005f0b  fputs                                      
00006115  __aeabi_dsub                               
0000611f  __aeabi_dadd                               
000062cd  main                                       
000062eb  fn_IDLE                                    
0000630b  fn_WAITING                                 
0000634f  fn_SCAN                                    
00006373  fn_GAME_SELECTION                          
00006397  fn_DISTRIBUTION                            
000063b5  fn_GAME                                    
000063d3  fn_EMERGENCY_STOP                          
000063e1  vApplicationMallocFailedHook               
000063f1  vApplicationIdleHook                       
000063f3  vApplicationStackOverflowHook              
0000640b  malloc                                     
00006415  vPreSleepProcessing                        
0000641f  vApplicationTickHook                       
000069a1  __aeabi_ddiv                               
00006ad9  CS_initClockSignal                         
00006c09  vListInitialise                            
00006c39  vListInitialiseItem                        
00006c49  vListInsertEnd                             
00006c85  vListInsert                                
00006ceb  uxListRemove                               
00006e59  UART_initModule                            
00006f75  ldexp                                      
00006f75  ldexpl                                     
00006f75  scalbn                                     
00006f75  scalbnl                                    
00007291  __aeabi_dmul                               
0000738d  Graphics_getStringWidth                    
00007489  CS_getDCOFrequency                         
00007591  ulPortGetIPSR                              
000075a9  xPortPendSVHandler                         
000075a9  xPortPendSVHandler                         
00007609  vPortSVCHandler                            
00007609  vPortSVCHandler                            
00007629  vPortStartFirstTask                        
00007645  vPortEnableVFP                             
00007655  HAL_LCD_PortInit                           
00007685  HAL_LCD_SpiInit                            
000076bb  HAL_LCD_writeCommand                       
000076eb  HAL_LCD_writeData                          
00007721  ADC14_configureConversionMemory            
000077d5  ADC14_configureMultiSequenceMode           
0000793b  SPI_initMaster                             
000079eb  Graphics_drawLineH                         
00007a87  __aeabi_memcpy                             
00007a87  __aeabi_memcpy4                            
00007a87  __aeabi_memcpy8                            
00007a87  memcpy                                     
00007b23  __aeabi_uldivmod                           
00007bb9  SysCtl_A_getTLVInfo                        
00007c4d  GPIO_setAsPeripheralModuleFunctionInputPin 
00007cd5  GPIO_setAsPeripheralModuleFunctionOutputPin
00007d5d  __aeabi_cdcmpeq                            
00007d5d  __aeabi_cdcmple                            
00007de3  __aeabi_cdrcmple                           
00007e69  GPIO_getEnabledInterruptStatus             
00007eed  Interrupt_disableInterrupt                 
00007f6d  Interrupt_enableInterrupt                  
00008069  fflush                                     
000080e5  __aeabi_memclr                             
000080e5  __aeabi_memclr4                            
000080e5  __aeabi_memclr8                            
000080e7  __aeabi_memset                             
000080e7  __aeabi_memset4                            
000080e7  __aeabi_memset8                            
000080ed  memset                                     
000081cd  HOSTrename                                 
00008239  HOSTlseek                                  
000082a1  Timer32_initModule                         
00008309  Timer_A_configureUpMode                    
00008371  __TI_decompress_lzss                       
000083d9  printf                                     
00008441  joystick_press                             
00008449  joystick_up                                
00008451  joystick_down                              
00008459  button1_press                              
00008461  button2_press                              
00008469  end_arrive                                 
00008471  start_arrive                               
00008479  give_card                                  
00008481  skip                                       
00008489  person_detected                            
00008491  getEvent                                   
00008497  clearEvent                                 
000084a5  frexp                                      
000084a5  frexpl                                     
0000856d  HOSTopen                                   
000085cd  PCM_getCoreVoltageLevel                    
0000862b  PCM_getPowerMode                           
00008685  GPIO_setAsInputPinWithPullUpResistor       
000086dd  HOSTread                                   
00008735  HOSTwrite                                  
0000878d  Timer_A_initCapture                        
0000883d  ADC14_initModule                           
00008891  __TI_ltoa                                  
000088e5  Graphics_initContext                       
00008989  Timer_A_initCompare                        
000089d7  __TI_doflush                               
00008a25  atoi                                       
00008a71  FlashCtl_setWaitState                      
00008ab9  Graphics_drawStringCentered                
00008b01  __aeabi_d2iz                               
00008b49  HOSTclose                                  
00008b8d  HOSTunlink                                 
00008bd1  __TI_auto_init_nobinit_nopinit             
00008c15  GPIO_setAsOutputPin                        
00008cd5  sprintf                                    
00008d15  vsnprintf                                  
00008d95  ADC14_getEnabledInterruptStatus            
00008dcd  Timer32_startTimer                         
00008e05  __TI_writemsg                              
00008e33  C$$IO$$                                    
00008e3d  Graphics_drawHorizontalLineOnDisplay       
00008e75  ADC14_enableSampleTimer                    
00008ea9  CS_setDCOCenteredFrequency                 
00008edd  Timer32_setCount                           
00008f11  Timer_A_configureContinuousMode            
00008f45  UART_transmitData                          
00008f79  __TI_readmsg                               
00008fad  _c_int00_noargs                            
00008fe1  ADC14_clearInterruptFlag                   
00009011  ADC14_enableInterrupt                      
00009041  CS_clearInterruptFlag                      
000090a1  __aeabi_i2d                                
000090d1  ADC14_getInterruptStatus                   
000090fd  ADC14_toggleConversionTrigger              
00009129  Graphics_drawPixelOnDisplay                
00009155  Timer_A_clearCaptureCompareInterrupt       
00009181  ADC14_enableConversion                     
000091a9  ADC14_getResult                            
000091d1  CS_getSMCLK                                
000091f9  GPIO_clearInterruptFlag                    
00009221  GPIO_enableInterrupt                       
00009249  GPIO_setOutputHighOnPin                    
00009271  GPIO_setOutputLowOnPin                     
00009299  write                                      
000092c1  GPIO_getInterruptStatus                    
000092e5  WDT_A_holdTimer                            
00009309  Timer_A_getCaptureCompareCount             
0000932b  SPI_enableModule                           
00009347  memccpy                                    
00009363  Graphics_clearDisplayOnDisplay             
0000937d  Graphics_setBackgroundColor                
00009397  Graphics_setFont                           
000093b1  copysign                                   
000093b1  copysignl                                  
000093fb  EUSCI_A_SPI_enable                         
00009411  EUSCI_B_SPI_enable                         
00009427  Graphics_setForegroundColor                
0000943d  Graphics_translateColorOnDisplay           
00009453  Timer_A_startCounter                       
00009469  UART_enableModule                          
0000947f  strchr                                     
00009495  PCM_getPowerState                          
000094a9  Timer32_disableInterrupt                   
000094bd  Timer_A_stopTimer                          
000094d1  strcpy                                     
000094e5  strlen                                     
000094f9  Graphics_clearDisplay                      
0000950b  wcslen                                     
0000952d  Interrupt_disableMaster                    
0000953d  Interrupt_enableMaster                     
0000954d  PCM_setCoreVoltageLevel                    
0000955d  PCM_setPowerMode                           
0000956d  Timer32_getValue                           
0000957b  __TI_decompress_none                       
00009589  Reset_Handler                              
00009595  AES256_IRQHandler                          
00009595  BusFault_Handler                           
00009595  COMP_E0_IRQHandler                         
00009595  COMP_E1_IRQHandler                         
00009595  CS_IRQHandler                              
00009595  DMA_ERR_IRQHandler                         
00009595  DMA_INT0_IRQHandler                        
00009595  DMA_INT1_IRQHandler                        
00009595  DMA_INT2_IRQHandler                        
00009595  DMA_INT3_IRQHandler                        
00009595  DebugMon_Handler                           
00009595  Default_Handler                            
00009595  EUSCIA0_IRQHandler                         
00009595  EUSCIA1_IRQHandler                         
00009595  EUSCIA2_IRQHandler                         
00009595  EUSCIA3_IRQHandler                         
00009595  EUSCIB0_IRQHandler                         
00009595  EUSCIB1_IRQHandler                         
00009595  EUSCIB2_IRQHandler                         
00009595  EUSCIB3_IRQHandler                         
00009595  FLCTL_IRQHandler                           
00009595  FPU_IRQHandler                             
00009595  HardFault_Handler                          
00009595  MemManage_Handler                          
00009595  NMI_Handler                                
00009595  PCM_IRQHandler                             
00009595  PORT1_IRQHandler                           
00009595  PORT2_IRQHandler                           
00009595  PORT4_IRQHandler                           
00009595  PORT6_IRQHandler                           
00009595  PSS_IRQHandler                             
00009595  RTC_C_IRQHandler                           
00009595  T32_INT1_IRQHandler                        
00009595  T32_INT2_IRQHandler                        
00009595  T32_INTC_IRQHandler                        
00009595  TA0_0_IRQHandler                           
00009595  TA1_0_IRQHandler                           
00009595  TA1_N_IRQHandler                           
00009595  TA2_0_IRQHandler                           
00009595  TA2_N_IRQHandler                           
00009595  TA3_0_IRQHandler                           
00009595  TA3_N_IRQHandler                           
00009595  UsageFault_Handler                         
00009595  WDT_A_IRQHandler                           
00009599  ADC14_enableModule                         
000095a5  CPU_cpsid                                  
000095b1  CPU_cpsie                                  
000095bd  __TI_zero_init                             
000095d5  __aeabi_errno_addr                         
000095e5  _system_pre_init                           
000095e9  C$$EXIT                                    
000095e9  abort                                      
000098e4  UCxBRS                                     
00009a04  _ctypes_                                   
00009b08  g_sFontFixed6x8                            
00009c80  g_sCrystalfontz128x128_funcs               
00009d38  ulMaxSyscallInterruptPriority              
00009d40  __TI_static_base__                         
00009df0  __TI_Handler_Table_Base                    
00009dfc  __TI_Handler_Table_Limit                   
00009e08  __TI_CINIT_Base                            
00009e18  __TI_CINIT_Limit                           
20000000  __start___llvm_prf_cnts                    
20000000  __stop___llvm_prf_cnts                     
2000c800  __CIOBUF_                                  
2000caa4  g_sContext                                 
2000cb6c  parmbuf                                    
2000cb7c  Lcd_ScreenHeigth                           
2000cb7e  Lcd_ScreenWidth                            
2000cb80  Lcd_TouchTrim                              
2000cb82  Lcd_FlagRead                               
2000cb83  Lcd_FontSolid                              
2000cb84  Lcd_Orientation                            
2000cb85  Lcd_PenSolid                               
2000cb86  current_state                              
2000cb88  _ftable                                    
2000cc78  _device                                    
2000ccf0  _stream                                    
2000cd40  fsm                                        
2000cd78  pxCurrentTCB                               
2000cdac  uart_config                                
2000cde0  meas1                                      
2000cde4  meas2                                      
2000cde8  meas1Count                                 
2000cdec  joystick_semaphore                         
2000cdee  state_transition                           
2000ce08  g_sCrystalfontz128x128                     
2000ce38  __TI_ft_end                                
2000ce3c  __aeabi_stdin                              
2000ce40  __aeabi_stdout                             
2000ce44  __aeabi_stderr                             
2000ce54  _lock                                      
2000ce58  _unlock                                    
2000ce5c  errno                                      
2000ce60  SystemCoreClock                            
2000fc00  __stack                                    
20010000  __STACK_END                                
4000480c  WDTCTL_SYM                                 
ffffffff  __TI_pprof_out_hndl                        
ffffffff  __TI_prof_data_size                        
ffffffff  __TI_prof_data_start                       
ffffffff  __binit__                                  
ffffffff  __c_args__                                 
ffffffff  binit                                      
UNDEFED   __mpu_init                                 
UNDEFED   _system_post_cinit                         

[428 symbols]
