******************************************************************************
                  TI ARM Linker PC v20.2.7                     
******************************************************************************
>> Linked Wed Jan 25 18:36:15 2023

OUTPUT FILE NAME:   <CardDealer.out>
ENTRY POINT SYMBOL: "_c_int00_noargs"  address: 0000946d


MEMORY CONFIGURATION

         name            origin    length      used     unused   attr    fill
----------------------  --------  ---------  --------  --------  ----  --------
  MAIN                  00000000   00040000  0000a570  00035a90  R  X
  INFO                  00200000   00004000  00000000  00004000  R  X
  SRAM_CODE             01000000   00010000  0000d269  00002d97  RW X
  SRAM_DATA             20000000   00010000  0000d269  00002d97  RW  


SEGMENT ALLOCATION MAP

run origin  load origin   length   init length attrs members
----------  ----------- ---------- ----------- ----- -------
00000000    00000000    0000a570   0000a570    r-x
  00000000    00000000    000000e4   000000e4    r-- .intvecs
  000000e4    000000e4    000099c8   000099c8    r-x .text
  00009aac    00009aac    000009e4   000009e4    r-- .const
  0000a490    0000a490    000000e0   000000e0    r-- .cinit
20000000    20000000    0000ce6a   00000000    rw-
  20000000    20000000    0000cb8b   00000000    rw- .bss
  2000cb8c    2000cb8c    000002de   00000000    rw- .data
2000fc00    2000fc00    00000400   00000000    rw-
  2000fc00    2000fc00    00000400   00000000    rw- .stack


SECTION ALLOCATION MAP

 output                                  attributes/
section   page    origin      length       input sections
--------  ----  ----------  ----------   ----------------
.text      0    000000e4    000099c8     
                  000000e4    00001970     tasks.obj (.text)
                  00001a54    00000d0a     queue.obj (.text)
                  0000275e    00000002     rtsv7M4_T_le_v4SPD16_eabi.lib : _lock.c.obj (.text:_nop)
                  00002760    00000a4e                                   : _printfi.c.obj (.text:__TI_printfi)
                  000031ae    00000002                                   : div0.asm.obj (.text)
                  000031b0    00000768     actions.obj (.text)
                  00003918    0000073c     timers.obj (.text)
                  00004054    00000680     Crystalfontz128x128_ST7735.obj (.text)
                  000046d4    0000047e     grlib.a : string.obj (.text:Graphics_drawString)
                  00004b52    00000002     --HOLE-- [fill = 0]
                  00004b54    00000460     inizializations.obj (.text)
                  00004fb4    0000042c     port.obj (.text)
                  000053e0    00000390     screens.obj (.text)
                  00005770    00000368     heap_4.obj (.text)
                  00005ad8    00000334     system_msp432p401r.obj (.text)
                  00005e0c    00000270     rtsv7M4_T_le_v4SPD16_eabi.lib : _printfi.c.obj (.text:_pconv_a)
                  0000607c    000001ec     uart.obj (.text)
                  00006268    000001e4     main_freertos.obj (.text)
                  0000644c    000001d0     rtsv7M4_T_le_v4SPD16_eabi.lib : _printfi.c.obj (.text:_pconv_g)
                  0000661c    000001b6                                   : fd_add_t2.asm.obj (.text)
                  000067d2    00000002     --HOLE-- [fill = 0]
                  000067d4    00000160     msp432p4xx_driverlib.lib : adc14.o (.text:_getIndexForMemRegister)
                  00006934    0000015c                              : pcm.o (.text:__PCM_setPowerModeAdvanced)
                  00006a90    00000150     peripherials.obj (.text)
                  00006be0    00000144     msp432p4xx_driverlib.lib : timer_a.o (.text:privateTimer_AProcessClockSourceDivider)
                  00006d24    0000013c     rtsv7M4_T_le_v4SPD16_eabi.lib : _printfi.c.obj (.text:_pconv_e)
                  00006e60    00000136                                   : fd_div_t2.asm.obj (.text)
                  00006f96    00000002     --HOLE-- [fill = 0]
                  00006f98    00000130     msp432p4xx_driverlib.lib : cs.o (.text:CS_initClockSignal)
                  000070c8    0000012a     list.obj (.text)
                  000071f2    00000002     --HOLE-- [fill = 0]
                  000071f4    00000124     rtsv7M4_T_le_v4SPD16_eabi.lib : _printfi.c.obj (.text:fcvt)
                  00007318    0000011c     msp432p4xx_driverlib.lib : uart.o (.text:UART_initModule)
                  00007434    00000110     rtsv7M4_T_le_v4SPD16_eabi.lib : s_scalbn.c.obj (.text:scalbn)
                  00007544    00000108     msp432p4xx_driverlib.lib : pcm.o (.text:__PCM_setCoreVoltageLevelAdvanced)
                  0000764c    00000104                              : cs.o (.text:_CSComputeCLKFrequency)
                  00007750    000000fc     rtsv7M4_T_le_v4SPD16_eabi.lib : fd_mul_t2.asm.obj (.text)
                  0000784c    000000fa     grlib.a : string.obj (.text:Graphics_getStringWidth)
                  00007946    00000002     --HOLE-- [fill = 0]
                  00007948    000000f8     msp432p4xx_driverlib.lib : cs.o (.text:CS_getDCOFrequency)
                  00007a40    000000d2     portasm.obj (.text)
                  00007b12    00000002     --HOLE-- [fill = 0]
                  00007b14    000000cc     HAL_MSP_EXP432P401R_Crystalfontz128x128_ST7735.obj (.text)
                  00007be0    000000b4     msp432p4xx_driverlib.lib : adc14.o (.text:ADC14_configureConversionMemory)
                  00007c94    000000b4                              : adc14.o (.text:ADC14_configureMultiSequenceMode)
                  00007d48    000000b1     rtsv7M4_T_le_v4SPD16_eabi.lib : _printfi.c.obj (.text:_ltostr)
                  00007df9    00000001     --HOLE-- [fill = 0]
                  00007dfa    000000b0     msp432p4xx_driverlib.lib : spi.o (.text:SPI_initMaster)
                  00007eaa    0000009c     grlib.a : line.obj (.text:Graphics_drawLineH)
                  00007f46    0000009c     rtsv7M4_T_le_v4SPD16_eabi.lib : memcpy_t2.asm.obj (.text)
                  00007fe2    00000096                                   : ull_div_t2.asm.obj (.text)
                  00008078    00000094     msp432p4xx_driverlib.lib : sysctl_a.o (.text:SysCtl_A_getTLVInfo)
                  0000810c    00000088                              : gpio.o (.text:GPIO_setAsPeripheralModuleFunctionInputPin)
                  00008194    00000088                              : gpio.o (.text:GPIO_setAsPeripheralModuleFunctionOutputPin)
                  0000821c    00000086     rtsv7M4_T_le_v4SPD16_eabi.lib : fd_cmp_t2.asm.obj (.text:__aeabi_cdcmple)
                  000082a2    00000086                                   : fd_cmp_t2.asm.obj (.text:__aeabi_cdrcmple)
                  00008328    00000084     msp432p4xx_driverlib.lib : gpio.o (.text:GPIO_getEnabledInterruptStatus)
                  000083ac    00000080                              : interrupt.o (.text:Interrupt_disableInterrupt)
                  0000842c    00000080                              : interrupt.o (.text:Interrupt_enableInterrupt)
                  000084ac    0000007c                              : cs.o (.text:_CSGetDOCFrequency)
                  00008528    0000007c     rtsv7M4_T_le_v4SPD16_eabi.lib : fflush.c.obj (.text:fflush)
                  000085a4    0000007a                                   : memset_t2.asm.obj (.text)
                  0000861e    0000006e                                   : _printfi.c.obj (.text:_mcpy)
                  0000868c    0000006c                                   : hostrename.c.obj (.text:HOSTrename)
                  000086f8    00000068                                   : hostlseek.c.obj (.text:HOSTlseek)
                  00008760    00000068     msp432p4xx_driverlib.lib : timer32.o (.text:Timer32_initModule)
                  000087c8    00000068                              : timer_a.o (.text:Timer_A_configureUpMode)
                  00008830    00000068     rtsv7M4_T_le_v4SPD16_eabi.lib : copy_decompress_lzss.c.obj (.text:decompress:lzss:__TI_decompress_lzss)
                  00008898    00000068                                   : printf.c.obj (.text:printf)
                  00008900    00000064     events.obj (.text)
                  00008964    00000064     rtsv7M4_T_le_v4SPD16_eabi.lib : s_frexp.c.obj (.text:frexp)
                  000089c8    00000062     msp432p4xx_driverlib.lib : cs.o (.text:_CSGetDividerValue)
                  00008a2a    00000002     --HOLE-- [fill = 0]
                  00008a2c    00000060     rtsv7M4_T_le_v4SPD16_eabi.lib : hostopen.c.obj (.text:HOSTopen)
                  00008a8c    0000005e     msp432p4xx_driverlib.lib : pcm.o (.text:PCM_getCoreVoltageLevel)
                  00008aea    0000005a                              : pcm.o (.text:PCM_getPowerMode)
                  00008b44    00000058                              : gpio.o (.text:GPIO_setAsInputPinWithPullUpResistor)
                  00008b9c    00000058     rtsv7M4_T_le_v4SPD16_eabi.lib : hostread.c.obj (.text:HOSTread)
                  00008bf4    00000058                                   : hostwrite.c.obj (.text:HOSTwrite)
                  00008c4c    00000058     msp432p4xx_driverlib.lib : timer_a.o (.text:Timer_A_initCapture)
                  00008ca4    00000056     rtsv7M4_T_le_v4SPD16_eabi.lib : _printfi.c.obj (.text:_pconv_f)
                  00008cfa    00000002     --HOLE-- [fill = 0]
                  00008cfc    00000054     msp432p4xx_driverlib.lib : adc14.o (.text:ADC14_initModule)
                  00008d50    00000054     rtsv7M4_T_le_v4SPD16_eabi.lib : _ltoa.c.obj (.text:__TI_ltoa)
                  00008da4    00000052     grlib.a : context.obj (.text:Graphics_initContext)
                  00008df6    00000052     rtsv7M4_T_le_v4SPD16_eabi.lib : _printfi.c.obj (.text:_ecpy)
                  00008e48    0000004e     msp432p4xx_driverlib.lib : timer_a.o (.text:Timer_A_initCompare)
                  00008e96    0000004c     rtsv7M4_T_le_v4SPD16_eabi.lib : fflush.c.obj (.text:__TI_doflush)
                  00008ee2    00000002     --HOLE-- [fill = 0]
                  00008ee4    0000004c                                   : atoi.c.obj (.text:atoi)
                  00008f30    00000048     msp432p4xx_driverlib.lib : flash.o (.text:FlashCtl_setWaitState)
                  00008f78    00000048     grlib.a : string.obj (.text:Graphics_drawStringCentered)
                  00008fc0    00000048     rtsv7M4_T_le_v4SPD16_eabi.lib : fd_toi_t2.asm.obj (.text)
                  00009008    00000044                                   : hostclose.c.obj (.text:HOSTclose)
                  0000904c    00000044                                   : hostunlink.c.obj (.text:HOSTunlink)
                  00009090    00000044                                   : autoinit.c.obj (.text:__TI_auto_init_nobinit_nopinit:__TI_auto_init_nobinit_nopinit)
                  000090d4    00000040     msp432p4xx_driverlib.lib : gpio.o (.text:GPIO_setAsOutputPin)
                  00009114    00000040     grlib.a : string.obj (.text:Graphics_getNumberOfLeadingZeros)
                  00009154    00000040     msp432p4xx_driverlib.lib : spi.o (.text:is_A_Module)
                  00009194    00000040     rtsv7M4_T_le_v4SPD16_eabi.lib : sprintf.c.obj (.text:sprintf)
                  000091d4    00000040                                   : vsnprintf.c.obj (.text:vsnprintf)
                  00009214    0000003e                                   : _printfi.c.obj (.text:_fcpy)
                  00009252    00000002     --HOLE-- [fill = 0]
                  00009254    00000038     msp432p4xx_driverlib.lib : adc14.o (.text:ADC14_getEnabledInterruptStatus)
                  0000928c    00000038                              : timer32.o (.text:Timer32_startTimer)
                  000092c4    00000038     rtsv7M4_T_le_v4SPD16_eabi.lib : trgmsg.c.obj (.text:__TI_writemsg)
                  000092fc    00000036     grlib.a : display.obj (.text:Graphics_drawHorizontalLineOnDisplay)
                  00009332    00000002     --HOLE-- [fill = 0]
                  00009334    00000034     msp432p4xx_driverlib.lib : adc14.o (.text:ADC14_enableSampleTimer)
                  00009368    00000034                              : cs.o (.text:CS_setDCOCenteredFrequency)
                  0000939c    00000034                              : timer32.o (.text:Timer32_setCount)
                  000093d0    00000034                              : timer_a.o (.text:Timer_A_configureContinuousMode)
                  00009404    00000034                              : uart.o (.text:UART_transmitData)
                  00009438    00000034     rtsv7M4_T_le_v4SPD16_eabi.lib : trgmsg.c.obj (.text:__TI_readmsg)
                  0000946c    00000034                                   : boot_cortex_m.c.obj (.text:_c_int00_noargs:_c_int00_noargs)
                  000094a0    00000030     msp432p4xx_driverlib.lib : adc14.o (.text:ADC14_clearInterruptFlag)
                  000094d0    00000030                              : adc14.o (.text:ADC14_enableInterrupt)
                  00009500    00000030                              : cs.o (.text:CS_clearInterruptFlag)
                  00009530    00000030     rtsv7M4_T_le_v4SPD16_eabi.lib : vsnprintf.c.obj (.text:_outs)
                  00009560    0000002e                                   : i_tofd_t2.asm.obj (.text)
                  0000958e    00000002     --HOLE-- [fill = 0]
                  00009590    0000002c     msp432p4xx_driverlib.lib : adc14.o (.text:ADC14_getInterruptStatus)
                  000095bc    0000002c                              : adc14.o (.text:ADC14_toggleConversionTrigger)
                  000095e8    0000002c     grlib.a : display.obj (.text:Graphics_drawPixelOnDisplay)
                  00009614    0000002c     msp432p4xx_driverlib.lib : timer_a.o (.text:Timer_A_clearCaptureCompareInterrupt)
                  00009640    00000028                              : adc14.o (.text:ADC14_enableConversion)
                  00009668    00000028                              : adc14.o (.text:ADC14_getResult)
                  00009690    00000028                              : cs.o (.text:CS_getSMCLK)
                  000096b8    00000028                              : gpio.o (.text:GPIO_clearInterruptFlag)
                  000096e0    00000028                              : gpio.o (.text:GPIO_enableInterrupt)
                  00009708    00000028                              : gpio.o (.text:GPIO_setOutputHighOnPin)
                  00009730    00000028                              : gpio.o (.text:GPIO_setOutputLowOnPin)
                  00009758    00000028     rtsv7M4_T_le_v4SPD16_eabi.lib : write.c.obj (.text:write)
                  00009780    00000024     msp432p4xx_driverlib.lib : gpio.o (.text:GPIO_getInterruptStatus)
                  000097a4    00000024                              : wdt_a.o (.text:WDT_A_holdTimer)
                  000097c8    00000022                              : timer_a.o (.text:Timer_A_getCaptureCompareCount)
                  000097ea    0000001c                              : spi.o (.text:SPI_enableModule)
                  00009806    0000001c     rtsv7M4_T_le_v4SPD16_eabi.lib : memccpy.c.obj (.text:memccpy)
                  00009822    0000001a     grlib.a : display.obj (.text:Graphics_clearDisplayOnDisplay)
                  0000983c    0000001a             : context.obj (.text:Graphics_setBackgroundColor)
                  00009856    0000001a             : context.obj (.text:Graphics_setFont)
                  00009870    0000001a     rtsv7M4_T_le_v4SPD16_eabi.lib : s_copysign.c.obj (.text:copysign)
                  0000988a    00000018                                   : vsnprintf.c.obj (.text:_outc)
                  000098a2    00000018                                   : sprintf.c.obj (.text:_outs)
                  000098ba    00000016     msp432p4xx_driverlib.lib : spi.o (.text:EUSCI_A_SPI_enable)
                  000098d0    00000016                              : spi.o (.text:EUSCI_B_SPI_enable)
                  000098e6    00000016     grlib.a : context.obj (.text:Graphics_setForegroundColor)
                  000098fc    00000016             : display.obj (.text:Graphics_translateColorOnDisplay)
                  00009912    00000016     msp432p4xx_driverlib.lib : timer_a.o (.text:Timer_A_startCounter)
                  00009928    00000016                              : uart.o (.text:UART_enableModule)
                  0000993e    00000016     rtsv7M4_T_le_v4SPD16_eabi.lib : strchr.c.obj (.text:strchr)
                  00009954    00000014     msp432p4xx_driverlib.lib : pcm.o (.text:PCM_getPowerState)
                  00009968    00000014                              : timer32.o (.text:Timer32_disableInterrupt)
                  0000997c    00000014                              : timer_a.o (.text:Timer_A_stopTimer)
                  00009990    00000014     rtsv7M4_T_le_v4SPD16_eabi.lib : strcpy.c.obj (.text:strcpy)
                  000099a4    00000014                                   : strlen.c.obj (.text:strlen)
                  000099b8    00000012     grlib.a : context.obj (.text:Graphics_clearDisplay)
                  000099ca    00000012     rtsv7M4_T_le_v4SPD16_eabi.lib : wcslen.c.obj (.text:wcslen)
                  000099dc    00000010     msp432p4xx_driverlib.lib : adc14.o (.text:ADCIsConversionRunning)
                  000099ec    00000010                              : interrupt.o (.text:Interrupt_disableMaster)
                  000099fc    00000010                              : interrupt.o (.text:Interrupt_enableMaster)
                  00009a0c    00000010                              : pcm.o (.text:PCM_setCoreVoltageLevel)
                  00009a1c    00000010                              : pcm.o (.text:PCM_setPowerMode)
                  00009a2c    0000000e                              : timer32.o (.text:Timer32_getValue)
                  00009a3a    0000000e     rtsv7M4_T_le_v4SPD16_eabi.lib : copy_decompress_none.c.obj (.text:decompress:none:__TI_decompress_none)
                  00009a48    0000000e     startup_msp432p401r_FreeRTOS_ccs.obj (.text)
                  00009a56    00000002     --HOLE-- [fill = 0]
                  00009a58    0000000c     msp432p4xx_driverlib.lib : adc14.o (.text:ADC14_enableModule)
                  00009a64    0000000c                              : cpu.o (.text:CPU_cpsid)
                  00009a70    0000000c                              : cpu.o (.text:CPU_cpsie)
                  00009a7c    0000000c     rtsv7M4_T_le_v4SPD16_eabi.lib : copy_zero_init.c.obj (.text:decompress:ZI:__TI_zero_init)
                  00009a88    0000000a                                   : sprintf.c.obj (.text:_outc)
                  00009a92    00000002     --HOLE-- [fill = 0]
                  00009a94    00000008                                   : errno.c.obj (.text:__aeabi_errno_addr)
                  00009a9c    00000004                                   : printf.c.obj (.text:_outc)
                  00009aa0    00000004                                   : printf.c.obj (.text:_outs)
                  00009aa4    00000004                                   : pre_init.c.obj (.text:_system_pre_init)
                  00009aa8    00000004                                   : exit.c.obj (.text:abort:abort)

.const     0    00009aac    000009e4     
                  00009aac    0000059a     grlib.a : fontcmsc12.obj (.const:.string:g_pucCmsc12Data)
                  0000a046    00000002     --HOLE-- [fill = 0]
                  0000a048    00000120     uart.obj (.const:UCxBRS)
                  0000a168    00000101     rtsv7M4_T_le_v4SPD16_eabi.lib : ctype.c.obj (.const:.string:_ctypes_)
                  0000a269    00000003     --HOLE-- [fill = 0]
                  0000a26c    000000c8     grlib.a : fontcmsc12.obj (.const:g_sFontCmsc12)
                  0000a334    00000080     msp432p4xx_driverlib.lib : adc14.o (.const:_ctlRegs)
                  0000a3b4    00000030                              : gpio.o (.const:GPIO_PORT_TO_BASE)
                  0000a3e4    00000020     Crystalfontz128x128_ST7735.obj (.const:g_sCrystalfontz128x128_funcs)
                  0000a404    0000001c     HAL_MSP_EXP432P401R_Crystalfontz128x128_ST7735.obj (.const:$P$T0$1)
                  0000a420    00000018     inizializations.obj (.const:BZ_upConfig)
                  0000a438    00000018     inizializations.obj (.const:DS_captureModeConfig)
                  0000a450    00000010     inizializations.obj (.const:BZ_compareConfig_PWM)
                  0000a460    00000010     inizializations.obj (.const:DS_continuousModeConfig)
                  0000a470    00000008     Crystalfontz128x128_ST7735.obj (.const:$P$T0$1)
                  0000a478    00000008     msp432p4xx_driverlib.lib : interrupt.o (.const:g_pulDisRegs)
                  0000a480    00000008                              : interrupt.o (.const:g_pulEnRegs)
                  0000a488    00000008     port.obj (.const)

.cinit     0    0000a490    000000e0     
                  0000a490    000000b5     (.cinit..data.load) [load image, compression = lzss]
                  0000a545    00000003     --HOLE-- [fill = 0]
                  0000a548    0000000c     (__TI_handler_table)
                  0000a554    00000004     --HOLE-- [fill = 0]
                  0000a558    00000008     (.cinit..bss.load) [load image, compression = zero_init]
                  0000a560    00000010     (__TI_cinit_table)

.init_array 
*          0    00000000    00000000     UNINITIALIZED

.intvecs   0    00000000    000000e4     
                  00000000    000000e4     startup_msp432p401r_FreeRTOS_ccs.obj (.intvecs:retain)

.bss       0    20000000    0000cb8b     UNINITIALIZED
                  20000000    0000c800     heap_4.obj (.bss:ucHeap)
                  2000c800    00000120     rtsv7M4_T_le_v4SPD16_eabi.lib : trgmsg.c.obj (.bss:_CIOBUF_)
                  2000c920    00000100     uart.obj (.bss:print_buffer$1)
                  2000ca20    00000064     tasks.obj (.bss:pxReadyTasksLists)
                  2000ca84    00000020     actions.obj (.bss:peoplePosition)
                  2000caa4    0000001c     (.common:g_sContext)
                  2000cac0    00000014     timers.obj (.bss:xActiveTimerList1)
                  2000cad4    00000014     timers.obj (.bss:xActiveTimerList2)
                  2000cae8    00000014     tasks.obj (.bss:xDelayedTaskList1)
                  2000cafc    00000014     tasks.obj (.bss:xDelayedTaskList2)
                  2000cb10    00000014     tasks.obj (.bss:xPendingReadyList)
                  2000cb24    00000014     tasks.obj (.bss:xSuspendedTaskList)
                  2000cb38    00000014     tasks.obj (.bss:xTasksWaitingTermination)
                  2000cb4c    00000008     msp432p4xx_driverlib.lib : cs.o (.bss)
                  2000cb54    00000008     tasks.obj (.bss)
                  2000cb5c    00000008     timers.obj (.bss)
                  2000cb64    00000008     heap_4.obj (.bss:xStart)
                  2000cb6c    00000008     (.common:parmbuf)
                  2000cb74    00000004     actions.obj (.bss)
                  2000cb78    00000004     inizializations.obj (.bss)
                  2000cb7c    00000004     inizializations.obj (.bss:resultsBuffer)
                  2000cb80    00000002     (.common:Lcd_ScreenHeigth)
                  2000cb82    00000002     (.common:Lcd_ScreenWidth)
                  2000cb84    00000002     (.common:Lcd_TouchTrim)
                  2000cb86    00000001     (.common:Lcd_FlagRead)
                  2000cb87    00000001     (.common:Lcd_FontSolid)
                  2000cb88    00000001     (.common:Lcd_Orientation)
                  2000cb89    00000001     (.common:Lcd_PenSolid)
                  2000cb8a    00000001     (.common:current_state)

.data      0    2000cb8c    000002de     UNINITIALIZED
                  2000cb8c    000000f0     rtsv7M4_T_le_v4SPD16_eabi.lib : defs.c.obj (.data:_ftable)
                  2000cc7c    00000078                                   : host_device.c.obj (.data:_device)
                  2000ccf4    00000050                                   : host_device.c.obj (.data:_stream)
                  2000cd44    00000038     main_freertos.obj (.data:fsm)
                  2000cd7c    00000034     tasks.obj (.data)
                  2000cdb0    00000028     uart.obj (.data:uart_config)
                  2000cdd8    00000018     port.obj (.data)
                  2000cdf0    00000014     inizializations.obj (.data)
                  2000ce04    00000010     actions.obj (.data)
                  2000ce14    00000010     Crystalfontz128x128_ST7735.obj (.data:g_sCrystalfontz128x128)
                  2000ce24    00000010     heap_4.obj (.data)
                  2000ce34    00000010     rtsv7M4_T_le_v4SPD16_eabi.lib : defs.c.obj (.data)
                  2000ce44    0000000c     timers.obj (.data)
                  2000ce50    00000008     rtsv7M4_T_le_v4SPD16_eabi.lib : _lock.c.obj (.data:$O1$$)
                  2000ce58    00000004     peripherials.obj (.data)
                  2000ce5c    00000004     rtsv7M4_T_le_v4SPD16_eabi.lib : errno.c.obj (.data)
                  2000ce60    00000004     screens.obj (.data)
                  2000ce64    00000004     system_msp432p401r.obj (.data)
                  2000ce68    00000001     events.obj (.data)
                  2000ce69    00000001     main_freertos.obj (.data)

.stack     0    2000fc00    00000400     UNINITIALIZED
                  2000fc00    00000004     rtsv7M4_T_le_v4SPD16_eabi.lib : boot_cortex_m.c.obj (.stack)
                  2000fc04    000003fc     --HOLE--

__llvm_prf_cnts 
*          0    20000000    00000000     UNINITIALIZED

.binit     0    00000000    00000000     

MODULE SUMMARY

       Module                                               code    ro data   rw data
       ------                                               ----    -------   -------
    .\
       system_msp432p401r.obj                               820     0         8      
       main_freertos.obj                                    484     0         172    
       startup_msp432p401r_FreeRTOS_ccs.obj                 14      228       0      
    +--+----------------------------------------------------+-------+---------+---------+
       Total:                                               1318    228       180    
                                                                                     
    .\FreeRTOS\
       tasks.obj                                            6512    0         520    
       queue.obj                                            3338    0         0      
       timers.obj                                           1852    0         120    
       list.obj                                             298     0         0      
    +--+----------------------------------------------------+-------+---------+---------+
       Total:                                               12000   0         640    
                                                                                     
    .\FreeRTOS\portable\CCS\ARM_CM4F\
       port.obj                                             1068    8         48     
       portasm.obj                                          210     0         0      
    +--+----------------------------------------------------+-------+---------+---------+
       Total:                                               1278    8         48     
                                                                                     
    .\FreeRTOS\portable\MemMang\
       heap_4.obj                                           872     0         102448 
    +--+----------------------------------------------------+-------+---------+---------+
       Total:                                               872     0         102448 
                                                                                     
    .\LcdDriver\
       Crystalfontz128x128_ST7735.obj                       1664    40        52     
       HAL_MSP_EXP432P401R_Crystalfontz128x128_ST7735.obj   204     28        0      
    +--+----------------------------------------------------+-------+---------+---------+
       Total:                                               1868    68        52     
                                                                                     
    .\Libraries\
       actions.obj                                          1896    0         104    
       inizializations.obj                                  1120    80        56     
       screens.obj                                          912     0         8      
       peripherials.obj                                     336     0         8      
       events.obj                                           100     0         2      
    +--+----------------------------------------------------+-------+---------+---------+
       Total:                                               4364    80        178    
                                                                                     
    .\Libraries\DefaultLib\
       uart.obj                                             492     288       592    
    +--+----------------------------------------------------+-------+---------+---------+
       Total:                                               492     288       592    
                                                                                     
    C:/Users/Francesco Olivieri/Documents/simplelink_msp432p4_sdk_3_40_01_02/simplelink_msp432p4_sdk_3_40_01_02/source/ti/devices/msp432p4xx/driverlib/ccs/msp432p4xx_driverlib.lib
       adc14.o                                              1196    128       0      
       cs.o                                                 1174    0         16     
       pcm.o                                                848     0         0      
       gpio.o                                               752     48        0      
       timer_a.o                                            766     0         0      
       uart.o                                               358     0         0      
       spi.o                                                312     0         0      
       interrupt.o                                          288     16        0      
       timer32.o                                            246     0         0      
       sysctl_a.o                                           148     0         0      
       flash.o                                              72      0         0      
       wdt_a.o                                              36      0         0      
       cpu.o                                                24      0         0      
    +--+----------------------------------------------------+-------+---------+---------+
       Total:                                               6220    192       16     
                                                                                     
    C:/Users/Francesco Olivieri/Documents/simplelink_msp432p4_sdk_3_40_01_02/simplelink_msp432p4_sdk_3_40_01_02/source/ti/grlib/lib/ccs/m4f/grlib.a
       fontcmsc12.obj                                       0       1634      0      
       string.obj                                           1536    0         0      
       context.obj                                          174     0         0      
       line.obj                                             156     0         0      
       display.obj                                          146     0         0      
    +--+----------------------------------------------------+-------+---------+---------+
       Total:                                               2012    1634      0      
                                                                                     
    C:\ti\ccs1210\ccs\tools\compiler\ti-cgt-arm_20.2.7.LTS\lib\rtsv7M4_T_le_v4SPD16_eabi.lib
       _printfi.c.obj                                       4851    0         0      
       trgmsg.c.obj                                         108     0         576    
       defs.c.obj                                           0       0         512    
       fd_add_t2.asm.obj                                    438     0         0      
       host_device.c.obj                                    0       0         400    
       fd_div_t2.asm.obj                                    310     0         0      
       s_scalbn.c.obj                                       272     0         0      
       fd_cmp_t2.asm.obj                                    268     0         0      
       ctype.c.obj                                          0       257       0      
       fd_mul_t2.asm.obj                                    252     0         0      
       fflush.c.obj                                         200     0         0      
       memcpy_t2.asm.obj                                    156     0         0      
       ull_div_t2.asm.obj                                   150     0         0      
       vsnprintf.c.obj                                      136     0         0      
       memset_t2.asm.obj                                    122     0         0      
       hostopen.c.obj                                       96      0         16     
       printf.c.obj                                         112     0         0      
       hostrename.c.obj                                     108     0         0      
       copy_decompress_lzss.c.obj                           104     0         0      
       hostlseek.c.obj                                      104     0         0      
       s_frexp.c.obj                                        100     0         0      
       sprintf.c.obj                                        98      0         0      
       hostread.c.obj                                       88      0         0      
       hostwrite.c.obj                                      88      0         0      
       _ltoa.c.obj                                          84      0         0      
       atoi.c.obj                                           76      0         0      
       fd_toi_t2.asm.obj                                    72      0         0      
       autoinit.c.obj                                       68      0         0      
       hostclose.c.obj                                      68      0         0      
       hostunlink.c.obj                                     68      0         0      
       boot_cortex_m.c.obj                                  52      0         0      
       i_tofd_t2.asm.obj                                    46      0         0      
       write.c.obj                                          40      0         0      
       memccpy.c.obj                                        28      0         0      
       s_copysign.c.obj                                     26      0         0      
       strchr.c.obj                                         22      0         0      
       strcpy.c.obj                                         20      0         0      
       strlen.c.obj                                         20      0         0      
       _lock.c.obj                                          2       0         16     
       wcslen.c.obj                                         18      0         0      
       errno.c.obj                                          8       0         8      
       copy_decompress_none.c.obj                           14      0         0      
       copy_zero_init.c.obj                                 12      0         0      
       exit.c.obj                                           4       0         0      
       pre_init.c.obj                                       4       0         0      
       div0.asm.obj                                         2       0         0      
    +--+----------------------------------------------------+-------+---------+---------+
       Total:                                               8915    257       1528   
                                                                                     
       Stack:                                               0       0         2048   
       Linker Generated:                                    0       217       0      
    +--+----------------------------------------------------+-------+---------+---------+
       Grand Total:                                         39339   2972      107730 


LINKER GENERATED COPY TABLES

__TI_cinit_table @ 0000a560 records: 2, size/record: 8, table size: 16
	.data: load addr=0000a490, load size=000000b5 bytes, run addr=2000cb8c, run size=000002de bytes, compression=lzss
	.bss: load addr=0000a558, load size=00000008 bytes, run addr=20000000, run size=0000cb8b bytes, compression=zero_init


LINKER GENERATED HANDLER TABLE

__TI_handler_table @ 0000a548 records: 3, size/record: 4, table size: 12
	index: 0, handler: __TI_decompress_lzss
	index: 1, handler: __TI_decompress_none
	index: 2, handler: __TI_zero_init


GLOBAL SYMBOLS: SORTED ALPHABETICALLY BY Name 

address   name                                       
-------   ----                                       
00004dd1  ADC14_IRQHandler                           
00004dd1  ADC14_IRQHandler                           
000094a1  ADC14_clearInterruptFlag                   
00007be1  ADC14_configureConversionMemory            
00007c95  ADC14_configureMultiSequenceMode           
00009641  ADC14_enableConversion                     
000094d1  ADC14_enableInterrupt                      
00009a59  ADC14_enableModule                         
00009335  ADC14_enableSampleTimer                    
00009255  ADC14_getEnabledInterruptStatus            
00009591  ADC14_getInterruptStatus                   
00009669  ADC14_getResult                            
00008cfd  ADC14_initModule                           
000095bd  ADC14_toggleConversionTrigger              
00009a55  AES256_IRQHandler                          
00009a55  BusFault_Handler                           
00009aa9  C$$EXIT                                    
000092f3  C$$IO$$                                    
00009a55  COMP_E0_IRQHandler                         
00009a55  COMP_E1_IRQHandler                         
00009a65  CPU_cpsid                                  
00009a71  CPU_cpsie                                  
00009a55  CS_IRQHandler                              
00009501  CS_clearInterruptFlag                      
00007949  CS_getDCOFrequency                         
00009691  CS_getSMCLK                                
00006f99  CS_initClockSignal                         
00009369  CS_setDCOCenteredFrequency                 
00004055  Crystalfontz128x128_Init                   
00004169  Crystalfontz128x128_SetDrawFrame           
00004297  Crystalfontz128x128_SetOrientation         
00006baf  DCM_moveBackward                           
00006b9b  DCM_moveForward                            
00006bc3  DCM_turnOff                                
00009a55  DMA_ERR_IRQHandler                         
00009a55  DMA_INT0_IRQHandler                        
00009a55  DMA_INT1_IRQHandler                        
00009a55  DMA_INT2_IRQHandler                        
00009a55  DMA_INT3_IRQHandler                        
00004ec9  DS_getMeasure                              
00004ec3  DS_hasNewMeasure                           
00006b73  DS_sendTrigger                             
00009a55  DebugMon_Handler                           
00009a55  Default_Handler                            
00009a55  EUSCIA0_IRQHandler                         
00009a55  EUSCIA1_IRQHandler                         
00009a55  EUSCIA2_IRQHandler                         
00009a55  EUSCIA3_IRQHandler                         
00009a55  EUSCIB0_IRQHandler                         
00009a55  EUSCIB1_IRQHandler                         
00009a55  EUSCIB2_IRQHandler                         
00009a55  EUSCIB3_IRQHandler                         
000098bb  EUSCI_A_SPI_enable                         
000098d1  EUSCI_B_SPI_enable                         
00009a55  FLCTL_IRQHandler                           
00009a55  FPU_IRQHandler                             
00008f31  FlashCtl_setWaitState                      
000096b9  GPIO_clearInterruptFlag                    
000096e1  GPIO_enableInterrupt                       
00008329  GPIO_getEnabledInterruptStatus             
00009781  GPIO_getInterruptStatus                    
00008b45  GPIO_setAsInputPinWithPullUpResistor       
000090d5  GPIO_setAsOutputPin                        
0000810d  GPIO_setAsPeripheralModuleFunctionInputPin 
00008195  GPIO_setAsPeripheralModuleFunctionOutputPin
00009709  GPIO_setOutputHighOnPin                    
00009731  GPIO_setOutputLowOnPin                     
000099b9  Graphics_clearDisplay                      
00009823  Graphics_clearDisplayOnDisplay             
000092fd  Graphics_drawHorizontalLineOnDisplay       
00007eab  Graphics_drawLineH                         
000095e9  Graphics_drawPixelOnDisplay                
000046d5  Graphics_drawString                        
00008f79  Graphics_drawStringCentered                
0000784d  Graphics_getStringWidth                    
00008da5  Graphics_initContext                       
0000983d  Graphics_setBackgroundColor                
00009857  Graphics_setFont                           
000098e7  Graphics_setForegroundColor                
000098fd  Graphics_translateColorOnDisplay           
00007b15  HAL_LCD_PortInit                           
00007b45  HAL_LCD_SpiInit                            
00007b7b  HAL_LCD_writeCommand                       
00007bab  HAL_LCD_writeData                          
00009009  HOSTclose                                  
000086f9  HOSTlseek                                  
00008a2d  HOSTopen                                   
00008b9d  HOSTread                                   
0000868d  HOSTrename                                 
0000904d  HOSTunlink                                 
00008bf5  HOSTwrite                                  
00009a55  HardFault_Handler                          
000083ad  Interrupt_disableInterrupt                 
000099ed  Interrupt_disableMaster                    
0000842d  Interrupt_enableInterrupt                  
000099fd  Interrupt_enableMaster                     
2000cb86  Lcd_FlagRead                               
2000cb87  Lcd_FontSolid                              
2000cb88  Lcd_Orientation                            
2000cb89  Lcd_PenSolid                               
2000cb80  Lcd_ScreenHeigth                           
2000cb82  Lcd_ScreenWidth                            
2000cb84  Lcd_TouchTrim                              
00009a55  MemManage_Handler                          
00009a55  NMI_Handler                                
00009a55  PCM_IRQHandler                             
00008a8d  PCM_getCoreVoltageLevel                    
00008aeb  PCM_getPowerMode                           
00009955  PCM_getPowerState                          
00009a0d  PCM_setCoreVoltageLevel                    
00009a1d  PCM_setPowerMode                           
00009a55  PORT1_IRQHandler                           
00009a55  PORT2_IRQHandler                           
00004e5d  PORT3_IRQHandler                           
00004e5d  PORT3_IRQHandler                           
00009a55  PORT4_IRQHandler                           
00004e7b  PORT5_IRQHandler                           
00004e7b  PORT5_IRQHandler                           
00009a55  PORT6_IRQHandler                           
00009a55  PSS_IRQHandler                             
00009a55  RTC_C_IRQHandler                           
00009a49  Reset_Handler                              
00006a91  SM_makeStep                                
000097eb  SPI_enableModule                           
00007dfb  SPI_initMaster                             
00008079  SysCtl_A_getTLVInfo                        
2000ce64  SystemCoreClock                            
00005ad9  SystemCoreClockUpdate                      
00005d51  SystemInit                                 
00009a55  T32_INT1_IRQHandler                        
00009a55  T32_INT2_IRQHandler                        
00009a55  T32_INTC_IRQHandler                        
00009a55  TA0_0_IRQHandler                           
00004d63  TA0_N_IRQHandler                           
00004d63  TA0_N_IRQHandler                           
00009a55  TA1_0_IRQHandler                           
00009a55  TA1_N_IRQHandler                           
00009a55  TA2_0_IRQHandler                           
00009a55  TA2_N_IRQHandler                           
00009a55  TA3_0_IRQHandler                           
00009a55  TA3_N_IRQHandler                           
00009969  Timer32_disableInterrupt                   
00009a2d  Timer32_getValue                           
00008761  Timer32_initModule                         
0000939d  Timer32_setCount                           
0000928d  Timer32_startTimer                         
00009615  Timer_A_clearCaptureCompareInterrupt       
000093d1  Timer_A_configureContinuousMode            
000087c9  Timer_A_configureUpMode                    
000097c9  Timer_A_getCaptureCompareCount             
00008c4d  Timer_A_initCapture                        
00008e49  Timer_A_initCompare                        
00009913  Timer_A_startCounter                       
0000997d  Timer_A_stopTimer                          
00009929  UART_enableModule                          
00007319  UART_initModule                            
00009405  UART_transmitData                          
0000a048  UCxBRS                                     
00009a55  UsageFault_Handler                         
4000480c  WDTCTL_SYM                                 
00009a55  WDT_A_IRQHandler                           
000097a5  WDT_A_holdTimer                            
00004c21  _DCMotorInit                               
2000c800  __CIOBUF_                                  
20010000  __STACK_END                                
00000400  __STACK_SIZE                               
0000a560  __TI_CINIT_Base                            
0000a570  __TI_CINIT_Limit                           
0000a548  __TI_Handler_Table_Base                    
0000a554  __TI_Handler_Table_Limit                   
00009091  __TI_auto_init_nobinit_nopinit             
00008831  __TI_decompress_lzss                       
00009a3b  __TI_decompress_none                       
00008e97  __TI_doflush                               
2000ce34  __TI_ft_end                                
00008d51  __TI_ltoa                                  
ffffffff  __TI_pprof_out_hndl                        
00002761  __TI_printfi                               
ffffffff  __TI_prof_data_size                        
ffffffff  __TI_prof_data_start                       
00009439  __TI_readmsg                               
0000a490  __TI_static_base__                         
000092c5  __TI_writemsg                              
00009a7d  __TI_zero_init                             
0000821d  __aeabi_cdcmpeq                            
0000821d  __aeabi_cdcmple                            
000082a3  __aeabi_cdrcmple                           
00008fc1  __aeabi_d2iz                               
00006627  __aeabi_dadd                               
00006e61  __aeabi_ddiv                               
00007751  __aeabi_dmul                               
0000661d  __aeabi_dsub                               
00009a95  __aeabi_errno_addr                         
00009561  __aeabi_i2d                                
000031af  __aeabi_idiv0                              
000031af  __aeabi_ldiv0                              
000085a5  __aeabi_memclr                             
000085a5  __aeabi_memclr4                            
000085a5  __aeabi_memclr8                            
00007f47  __aeabi_memcpy                             
00007f47  __aeabi_memcpy4                            
00007f47  __aeabi_memcpy8                            
000085a7  __aeabi_memset                             
000085a7  __aeabi_memset4                            
000085a7  __aeabi_memset8                            
2000ce40  __aeabi_stderr                             
2000ce38  __aeabi_stdin                              
2000ce3c  __aeabi_stdout                             
00007fe3  __aeabi_uldivmod                           
ffffffff  __binit__                                  
ffffffff  __c_args__                                 
UNDEFED   __mpu_init                                 
2000fc00  __stack                                    
20000000  __start___llvm_prf_cnts                    
20000000  __stop___llvm_prf_cnts                     
00004b55  _adcInit                                   
00004bf1  _buttonsInit                               
0000946d  _c_int00_noargs                            
0000a168  _ctypes_                                   
2000cc7c  _device                                    
00004c93  _distanceSensorInit                        
2000cb8c  _ftable                                    
00004bb9  _graphicsInit                              
00004cef  _hwInit                                    
2000ce50  _lock                                      
0000275f  _nop                                       
00004c6f  _stepMotorInit                             
2000ccf4  _stream                                    
UNDEFED   _system_post_cinit                         
00009aa5  _system_pre_init                           
2000ce54  _unlock                                    
00009aa9  abort                                      
00008ee5  atoi                                       
ffffffff  binit                                      
00008919  button1_press                              
00008921  button2_press                              
00003821  cardRemoved                                
00003471  cardsRefill                                
00008957  clearEvent                                 
0000386f  clearHomePosition                          
00009871  copysign                                   
00009871  copysignl                                  
2000cb8a  current_state                              
00003831  degreesToSteps                             
0000330f  distributeCards                            
0000115d  eTaskConfirmSleepModeStatus                
00000505  eTaskGetState                              
00008929  end_arrive                                 
2000ce5c  errno                                      
00008529  fflush                                     
0000636d  fn_DISTRIBUTION                            
000063ad  fn_EMERGENCY_STOP                          
0000638f  fn_GAME                                    
00006349  fn_GAME_SELECTION                          
000062c1  fn_IDLE                                    
0000632b  fn_SCAN                                    
000062e1  fn_WAITING                                 
0000621d  fputc                                      
0000622f  fputs                                      
00008965  frexp                                      
00008965  frexpl                                     
2000cd44  fsm                                        
2000caa4  g_sContext                                 
2000ce14  g_sCrystalfontz128x128                     
0000a3e4  g_sCrystalfontz128x128_funcs               
0000a26c  g_sFontCmsc12                              
0000326f  gameSelection                              
00003815  getCardsLeft                               
00008951  getEvent                                   
00004f61  getGraphicsContext                         
0000384d  getHomeDistance                            
00003877  getPeopleNumber                            
0000387d  getPeoplePosition                          
000055a3  get_number_player                          
00003535  giveOneCard                                
00008939  give_card                                  
0000389b  incPeopleNumber                            
000031b1  init                                       
00000000  interruptVectors                           
00008911  joystick_down                              
00008901  joystick_press                             
00008909  joystick_up                                
00007435  ldexp                                      
00007435  ldexpl                                     
00006269  main                                       
000063eb  malloc                                     
00009807  memccpy                                    
00007f47  memcpy                                     
000085ad  memset                                     
2000cb6c  parmbuf                                    
00000b31  pcTaskGetName                              
00003ad7  pcTimerGetName                             
000031cd  peopleDetection                            
00008949  person_detected                            
00008899  printf                                     
00005771  pvPortMalloc                               
000014cb  pvTaskIncrementMutexHeldCount              
00003f61  pvTimerGetTimerID                          
2000cd7c  pxCurrentTCB                               
00004fb5  pxPortInitialiseStack                      
000035c3  resetPosition                              
00007435  scalbn                                     
00007435  scalbnl                                    
00005549  screen_card_distribution                   
0000561b  screen_cards_refill                        
00005521  screen_center_string                       
000055a9  screen_continue                            
00005471  screen_scanning                            
000054a1  screen_selecting_cards                     
000053e1  screen_start_game                          
000038c7  setNewPersonPosition                       
00008941  skip                                       
00009195  sprintf                                    
000033bd  startGame                                  
00008931  start_arrive                               
2000ce69  state_transition                           
0000993f  strchr                                     
00009991  strcpy                                     
000099a5  strlen                                     
00004f29  turnOffBuzzer                              
00004ee9  turnOnBuzzer                               
2000cdb0  uart_config                                
0000607d  uart_init                                  
0000619b  uart_init_gpio                             
000061b3  uart_println                               
0000a488  ulMaxSyscallInterruptPriority              
00007a51  ulPortGetIPSR                              
000014e9  ulTaskNotifyTake                           
00003853  updateHomePosition                         
000071ab  uxListRemove                               
0000240d  uxQueueMessagesWaiting                     
0000246b  uxQueueMessagesWaitingFromISR              
00002437  uxQueueSpacesAvailable                     
00000b2b  uxTaskGetNumberOfTasks                     
000005a1  uxTaskPriorityGet                          
000005cd  uxTaskPriorityGetFromISR                   
000014a9  uxTaskResetEventItemValue                  
000063d1  vApplicationIdleHook                       
000063c1  vApplicationMallocFailedHook               
000063d3  vApplicationStackOverflowHook              
000063ff  vApplicationTickHook                       
000070c9  vListInitialise                            
000070f9  vListInitialiseItem                        
00007145  vListInsert                                
00007109  vListInsertEnd                             
00007b05  vPortEnableVFP                             
000050d5  vPortEndScheduler                          
000050f9  vPortEnterCritical                         
0000513b  vPortExitCritical                          
000058d3  vPortFree                                  
00005971  vPortInitialiseBlocks                      
00007ac9  vPortSVCHandler                            
00007ac9  vPortSVCHandler                            
000052e9  vPortSetupTimerInterrupt                   
00007ae9  vPortStartFirstTask                        
00005191  vPortSuppressTicksAndSleep                 
00005349  vPortValidateInterruptPriority             
000063f5  vPreSleepProcessing                        
00002491  vQueueDelete                               
00002703  vQueueWaitForMessageRestricted             
0000049d  vTaskDelay                                 
000003bb  vTaskDelayUntil                            
000002f1  vTaskDelete                                
000035f5  vTaskDistanceSensor                        
0000097d  vTaskEndScheduler                          
000062a9  vTaskMain                                  
000010e7  vTaskMissedYield                           
00001873  vTaskNotifyGiveFromISR                     
00000df7  vTaskPlaceOnEventList                      
00000e8d  vTaskPlaceOnEventListRestricted            
00000e27  vTaskPlaceOnUnorderedEventList             
000012ef  vTaskPriorityInherit                       
00000615  vTaskPrioritySet                           
00000873  vTaskResume                                
00001017  vTaskSetTimeOutState                       
00000905  vTaskStartScheduler                        
00003745  vTaskStepMotor                             
00000b95  vTaskStepTick                              
00000749  vTaskSuspend                               
00000999  vTaskSuspendAll                            
00000d31  vTaskSwitchContext                         
00003f8f  vTimerSetTimerID                           
000091d5  vsnprintf                                  
000099cb  wcslen                                     
00009759  write                                      
00005965  xPortGetFreeHeapSize                       
0000596b  xPortGetMinimumEverFreeHeapSize            
00007a69  xPortPendSVHandler                         
00007a69  xPortPendSVHandler                         
00005041  xPortStartScheduler                        
00005167  xPortSysTickHandler                        
00005167  xPortSysTickHandler                        
00001ca9  xQueueCreateCountingSemaphore              
00001bd1  xQueueCreateMutex                          
00001b07  xQueueGenericCreate                        
000020ab  xQueueGenericReceive                       
00001a55  xQueueGenericReset                         
00001d05  xQueueGenericSend                          
00001eb7  xQueueGenericSendFromISR                   
00001fbd  xQueueGiveFromISR                          
00001bfd  xQueueGiveMutexRecursive                   
00002677  xQueueIsQueueEmptyFromISR                  
000026cd  xQueueIsQueueFullFromISR                   
0000235b  xQueuePeekFromISR                          
00002285  xQueueReceiveFromISR                       
00001c4d  xQueueTakeMutexRecursive                   
00001045  xTaskCheckForTimeOut                       
000000e5  xTaskCreate                                
00001615  xTaskGenericNotify                         
00001735  xTaskGenericNotifyFromISR                  
000012b1  xTaskGetCurrentTaskHandle                  
00000b61  xTaskGetIdleTaskHandle                     
000012c9  xTaskGetSchedulerState                     
00000b07  xTaskGetTickCount                          
00000b17  xTaskGetTickCountFromISR                   
00000be5  xTaskIncrementTick                         
0000195d  xTaskNotifyStateClear                      
00001571  xTaskNotifyWait                            
000013c9  xTaskPriorityDisinherit                    
00000ed5  xTaskRemoveFromEventList                   
00000f79  xTaskRemoveFromUnorderedEventList          
00000a05  xTaskResumeAll                             
00003957  xTimerCreate                               
00003919  xTimerCreateTimerTask                      
000039e5  xTimerGenericCommand                       
00003aad  xTimerGetExpiryTime                        
00003a87  xTimerGetPeriod                            
00003a65  xTimerGetTimerDaemonTaskHandle             
00003f21  xTimerIsTimerActive                        
00003ff3  xTimerPendFunctionCall                     
00003fbd  xTimerPendFunctionCallFromISR              


GLOBAL SYMBOLS: SORTED BY Symbol Address 

address   name                                       
-------   ----                                       
00000000  interruptVectors                           
000000e5  xTaskCreate                                
000002f1  vTaskDelete                                
000003bb  vTaskDelayUntil                            
00000400  __STACK_SIZE                               
0000049d  vTaskDelay                                 
00000505  eTaskGetState                              
000005a1  uxTaskPriorityGet                          
000005cd  uxTaskPriorityGetFromISR                   
00000615  vTaskPrioritySet                           
00000749  vTaskSuspend                               
00000873  vTaskResume                                
00000905  vTaskStartScheduler                        
0000097d  vTaskEndScheduler                          
00000999  vTaskSuspendAll                            
00000a05  xTaskResumeAll                             
00000b07  xTaskGetTickCount                          
00000b17  xTaskGetTickCountFromISR                   
00000b2b  uxTaskGetNumberOfTasks                     
00000b31  pcTaskGetName                              
00000b61  xTaskGetIdleTaskHandle                     
00000b95  vTaskStepTick                              
00000be5  xTaskIncrementTick                         
00000d31  vTaskSwitchContext                         
00000df7  vTaskPlaceOnEventList                      
00000e27  vTaskPlaceOnUnorderedEventList             
00000e8d  vTaskPlaceOnEventListRestricted            
00000ed5  xTaskRemoveFromEventList                   
00000f79  xTaskRemoveFromUnorderedEventList          
00001017  vTaskSetTimeOutState                       
00001045  xTaskCheckForTimeOut                       
000010e7  vTaskMissedYield                           
0000115d  eTaskConfirmSleepModeStatus                
000012b1  xTaskGetCurrentTaskHandle                  
000012c9  xTaskGetSchedulerState                     
000012ef  vTaskPriorityInherit                       
000013c9  xTaskPriorityDisinherit                    
000014a9  uxTaskResetEventItemValue                  
000014cb  pvTaskIncrementMutexHeldCount              
000014e9  ulTaskNotifyTake                           
00001571  xTaskNotifyWait                            
00001615  xTaskGenericNotify                         
00001735  xTaskGenericNotifyFromISR                  
00001873  vTaskNotifyGiveFromISR                     
0000195d  xTaskNotifyStateClear                      
00001a55  xQueueGenericReset                         
00001b07  xQueueGenericCreate                        
00001bd1  xQueueCreateMutex                          
00001bfd  xQueueGiveMutexRecursive                   
00001c4d  xQueueTakeMutexRecursive                   
00001ca9  xQueueCreateCountingSemaphore              
00001d05  xQueueGenericSend                          
00001eb7  xQueueGenericSendFromISR                   
00001fbd  xQueueGiveFromISR                          
000020ab  xQueueGenericReceive                       
00002285  xQueueReceiveFromISR                       
0000235b  xQueuePeekFromISR                          
0000240d  uxQueueMessagesWaiting                     
00002437  uxQueueSpacesAvailable                     
0000246b  uxQueueMessagesWaitingFromISR              
00002491  vQueueDelete                               
00002677  xQueueIsQueueEmptyFromISR                  
000026cd  xQueueIsQueueFullFromISR                   
00002703  vQueueWaitForMessageRestricted             
0000275f  _nop                                       
00002761  __TI_printfi                               
000031af  __aeabi_idiv0                              
000031af  __aeabi_ldiv0                              
000031b1  init                                       
000031cd  peopleDetection                            
0000326f  gameSelection                              
0000330f  distributeCards                            
000033bd  startGame                                  
00003471  cardsRefill                                
00003535  giveOneCard                                
000035c3  resetPosition                              
000035f5  vTaskDistanceSensor                        
00003745  vTaskStepMotor                             
00003815  getCardsLeft                               
00003821  cardRemoved                                
00003831  degreesToSteps                             
0000384d  getHomeDistance                            
00003853  updateHomePosition                         
0000386f  clearHomePosition                          
00003877  getPeopleNumber                            
0000387d  getPeoplePosition                          
0000389b  incPeopleNumber                            
000038c7  setNewPersonPosition                       
00003919  xTimerCreateTimerTask                      
00003957  xTimerCreate                               
000039e5  xTimerGenericCommand                       
00003a65  xTimerGetTimerDaemonTaskHandle             
00003a87  xTimerGetPeriod                            
00003aad  xTimerGetExpiryTime                        
00003ad7  pcTimerGetName                             
00003f21  xTimerIsTimerActive                        
00003f61  pvTimerGetTimerID                          
00003f8f  vTimerSetTimerID                           
00003fbd  xTimerPendFunctionCallFromISR              
00003ff3  xTimerPendFunctionCall                     
00004055  Crystalfontz128x128_Init                   
00004169  Crystalfontz128x128_SetDrawFrame           
00004297  Crystalfontz128x128_SetOrientation         
000046d5  Graphics_drawString                        
00004b55  _adcInit                                   
00004bb9  _graphicsInit                              
00004bf1  _buttonsInit                               
00004c21  _DCMotorInit                               
00004c6f  _stepMotorInit                             
00004c93  _distanceSensorInit                        
00004cef  _hwInit                                    
00004d63  TA0_N_IRQHandler                           
00004d63  TA0_N_IRQHandler                           
00004dd1  ADC14_IRQHandler                           
00004dd1  ADC14_IRQHandler                           
00004e5d  PORT3_IRQHandler                           
00004e5d  PORT3_IRQHandler                           
00004e7b  PORT5_IRQHandler                           
00004e7b  PORT5_IRQHandler                           
00004ec3  DS_hasNewMeasure                           
00004ec9  DS_getMeasure                              
00004ee9  turnOnBuzzer                               
00004f29  turnOffBuzzer                              
00004f61  getGraphicsContext                         
00004fb5  pxPortInitialiseStack                      
00005041  xPortStartScheduler                        
000050d5  vPortEndScheduler                          
000050f9  vPortEnterCritical                         
0000513b  vPortExitCritical                          
00005167  xPortSysTickHandler                        
00005167  xPortSysTickHandler                        
00005191  vPortSuppressTicksAndSleep                 
000052e9  vPortSetupTimerInterrupt                   
00005349  vPortValidateInterruptPriority             
000053e1  screen_start_game                          
00005471  screen_scanning                            
000054a1  screen_selecting_cards                     
00005521  screen_center_string                       
00005549  screen_card_distribution                   
000055a3  get_number_player                          
000055a9  screen_continue                            
0000561b  screen_cards_refill                        
00005771  pvPortMalloc                               
000058d3  vPortFree                                  
00005965  xPortGetFreeHeapSize                       
0000596b  xPortGetMinimumEverFreeHeapSize            
00005971  vPortInitialiseBlocks                      
00005ad9  SystemCoreClockUpdate                      
00005d51  SystemInit                                 
0000607d  uart_init                                  
0000619b  uart_init_gpio                             
000061b3  uart_println                               
0000621d  fputc                                      
0000622f  fputs                                      
00006269  main                                       
000062a9  vTaskMain                                  
000062c1  fn_IDLE                                    
000062e1  fn_WAITING                                 
0000632b  fn_SCAN                                    
00006349  fn_GAME_SELECTION                          
0000636d  fn_DISTRIBUTION                            
0000638f  fn_GAME                                    
000063ad  fn_EMERGENCY_STOP                          
000063c1  vApplicationMallocFailedHook               
000063d1  vApplicationIdleHook                       
000063d3  vApplicationStackOverflowHook              
000063eb  malloc                                     
000063f5  vPreSleepProcessing                        
000063ff  vApplicationTickHook                       
0000661d  __aeabi_dsub                               
00006627  __aeabi_dadd                               
00006a91  SM_makeStep                                
00006b73  DS_sendTrigger                             
00006b9b  DCM_moveForward                            
00006baf  DCM_moveBackward                           
00006bc3  DCM_turnOff                                
00006e61  __aeabi_ddiv                               
00006f99  CS_initClockSignal                         
000070c9  vListInitialise                            
000070f9  vListInitialiseItem                        
00007109  vListInsertEnd                             
00007145  vListInsert                                
000071ab  uxListRemove                               
00007319  UART_initModule                            
00007435  ldexp                                      
00007435  ldexpl                                     
00007435  scalbn                                     
00007435  scalbnl                                    
00007751  __aeabi_dmul                               
0000784d  Graphics_getStringWidth                    
00007949  CS_getDCOFrequency                         
00007a51  ulPortGetIPSR                              
00007a69  xPortPendSVHandler                         
00007a69  xPortPendSVHandler                         
00007ac9  vPortSVCHandler                            
00007ac9  vPortSVCHandler                            
00007ae9  vPortStartFirstTask                        
00007b05  vPortEnableVFP                             
00007b15  HAL_LCD_PortInit                           
00007b45  HAL_LCD_SpiInit                            
00007b7b  HAL_LCD_writeCommand                       
00007bab  HAL_LCD_writeData                          
00007be1  ADC14_configureConversionMemory            
00007c95  ADC14_configureMultiSequenceMode           
00007dfb  SPI_initMaster                             
00007eab  Graphics_drawLineH                         
00007f47  __aeabi_memcpy                             
00007f47  __aeabi_memcpy4                            
00007f47  __aeabi_memcpy8                            
00007f47  memcpy                                     
00007fe3  __aeabi_uldivmod                           
00008079  SysCtl_A_getTLVInfo                        
0000810d  GPIO_setAsPeripheralModuleFunctionInputPin 
00008195  GPIO_setAsPeripheralModuleFunctionOutputPin
0000821d  __aeabi_cdcmpeq                            
0000821d  __aeabi_cdcmple                            
000082a3  __aeabi_cdrcmple                           
00008329  GPIO_getEnabledInterruptStatus             
000083ad  Interrupt_disableInterrupt                 
0000842d  Interrupt_enableInterrupt                  
00008529  fflush                                     
000085a5  __aeabi_memclr                             
000085a5  __aeabi_memclr4                            
000085a5  __aeabi_memclr8                            
000085a7  __aeabi_memset                             
000085a7  __aeabi_memset4                            
000085a7  __aeabi_memset8                            
000085ad  memset                                     
0000868d  HOSTrename                                 
000086f9  HOSTlseek                                  
00008761  Timer32_initModule                         
000087c9  Timer_A_configureUpMode                    
00008831  __TI_decompress_lzss                       
00008899  printf                                     
00008901  joystick_press                             
00008909  joystick_up                                
00008911  joystick_down                              
00008919  button1_press                              
00008921  button2_press                              
00008929  end_arrive                                 
00008931  start_arrive                               
00008939  give_card                                  
00008941  skip                                       
00008949  person_detected                            
00008951  getEvent                                   
00008957  clearEvent                                 
00008965  frexp                                      
00008965  frexpl                                     
00008a2d  HOSTopen                                   
00008a8d  PCM_getCoreVoltageLevel                    
00008aeb  PCM_getPowerMode                           
00008b45  GPIO_setAsInputPinWithPullUpResistor       
00008b9d  HOSTread                                   
00008bf5  HOSTwrite                                  
00008c4d  Timer_A_initCapture                        
00008cfd  ADC14_initModule                           
00008d51  __TI_ltoa                                  
00008da5  Graphics_initContext                       
00008e49  Timer_A_initCompare                        
00008e97  __TI_doflush                               
00008ee5  atoi                                       
00008f31  FlashCtl_setWaitState                      
00008f79  Graphics_drawStringCentered                
00008fc1  __aeabi_d2iz                               
00009009  HOSTclose                                  
0000904d  HOSTunlink                                 
00009091  __TI_auto_init_nobinit_nopinit             
000090d5  GPIO_setAsOutputPin                        
00009195  sprintf                                    
000091d5  vsnprintf                                  
00009255  ADC14_getEnabledInterruptStatus            
0000928d  Timer32_startTimer                         
000092c5  __TI_writemsg                              
000092f3  C$$IO$$                                    
000092fd  Graphics_drawHorizontalLineOnDisplay       
00009335  ADC14_enableSampleTimer                    
00009369  CS_setDCOCenteredFrequency                 
0000939d  Timer32_setCount                           
000093d1  Timer_A_configureContinuousMode            
00009405  UART_transmitData                          
00009439  __TI_readmsg                               
0000946d  _c_int00_noargs                            
000094a1  ADC14_clearInterruptFlag                   
000094d1  ADC14_enableInterrupt                      
00009501  CS_clearInterruptFlag                      
00009561  __aeabi_i2d                                
00009591  ADC14_getInterruptStatus                   
000095bd  ADC14_toggleConversionTrigger              
000095e9  Graphics_drawPixelOnDisplay                
00009615  Timer_A_clearCaptureCompareInterrupt       
00009641  ADC14_enableConversion                     
00009669  ADC14_getResult                            
00009691  CS_getSMCLK                                
000096b9  GPIO_clearInterruptFlag                    
000096e1  GPIO_enableInterrupt                       
00009709  GPIO_setOutputHighOnPin                    
00009731  GPIO_setOutputLowOnPin                     
00009759  write                                      
00009781  GPIO_getInterruptStatus                    
000097a5  WDT_A_holdTimer                            
000097c9  Timer_A_getCaptureCompareCount             
000097eb  SPI_enableModule                           
00009807  memccpy                                    
00009823  Graphics_clearDisplayOnDisplay             
0000983d  Graphics_setBackgroundColor                
00009857  Graphics_setFont                           
00009871  copysign                                   
00009871  copysignl                                  
000098bb  EUSCI_A_SPI_enable                         
000098d1  EUSCI_B_SPI_enable                         
000098e7  Graphics_setForegroundColor                
000098fd  Graphics_translateColorOnDisplay           
00009913  Timer_A_startCounter                       
00009929  UART_enableModule                          
0000993f  strchr                                     
00009955  PCM_getPowerState                          
00009969  Timer32_disableInterrupt                   
0000997d  Timer_A_stopTimer                          
00009991  strcpy                                     
000099a5  strlen                                     
000099b9  Graphics_clearDisplay                      
000099cb  wcslen                                     
000099ed  Interrupt_disableMaster                    
000099fd  Interrupt_enableMaster                     
00009a0d  PCM_setCoreVoltageLevel                    
00009a1d  PCM_setPowerMode                           
00009a2d  Timer32_getValue                           
00009a3b  __TI_decompress_none                       
00009a49  Reset_Handler                              
00009a55  AES256_IRQHandler                          
00009a55  BusFault_Handler                           
00009a55  COMP_E0_IRQHandler                         
00009a55  COMP_E1_IRQHandler                         
00009a55  CS_IRQHandler                              
00009a55  DMA_ERR_IRQHandler                         
00009a55  DMA_INT0_IRQHandler                        
00009a55  DMA_INT1_IRQHandler                        
00009a55  DMA_INT2_IRQHandler                        
00009a55  DMA_INT3_IRQHandler                        
00009a55  DebugMon_Handler                           
00009a55  Default_Handler                            
00009a55  EUSCIA0_IRQHandler                         
00009a55  EUSCIA1_IRQHandler                         
00009a55  EUSCIA2_IRQHandler                         
00009a55  EUSCIA3_IRQHandler                         
00009a55  EUSCIB0_IRQHandler                         
00009a55  EUSCIB1_IRQHandler                         
00009a55  EUSCIB2_IRQHandler                         
00009a55  EUSCIB3_IRQHandler                         
00009a55  FLCTL_IRQHandler                           
00009a55  FPU_IRQHandler                             
00009a55  HardFault_Handler                          
00009a55  MemManage_Handler                          
00009a55  NMI_Handler                                
00009a55  PCM_IRQHandler                             
00009a55  PORT1_IRQHandler                           
00009a55  PORT2_IRQHandler                           
00009a55  PORT4_IRQHandler                           
00009a55  PORT6_IRQHandler                           
00009a55  PSS_IRQHandler                             
00009a55  RTC_C_IRQHandler                           
00009a55  T32_INT1_IRQHandler                        
00009a55  T32_INT2_IRQHandler                        
00009a55  T32_INTC_IRQHandler                        
00009a55  TA0_0_IRQHandler                           
00009a55  TA1_0_IRQHandler                           
00009a55  TA1_N_IRQHandler                           
00009a55  TA2_0_IRQHandler                           
00009a55  TA2_N_IRQHandler                           
00009a55  TA3_0_IRQHandler                           
00009a55  TA3_N_IRQHandler                           
00009a55  UsageFault_Handler                         
00009a55  WDT_A_IRQHandler                           
00009a59  ADC14_enableModule                         
00009a65  CPU_cpsid                                  
00009a71  CPU_cpsie                                  
00009a7d  __TI_zero_init                             
00009a95  __aeabi_errno_addr                         
00009aa5  _system_pre_init                           
00009aa9  C$$EXIT                                    
00009aa9  abort                                      
0000a048  UCxBRS                                     
0000a168  _ctypes_                                   
0000a26c  g_sFontCmsc12                              
0000a3e4  g_sCrystalfontz128x128_funcs               
0000a488  ulMaxSyscallInterruptPriority              
0000a490  __TI_static_base__                         
0000a548  __TI_Handler_Table_Base                    
0000a554  __TI_Handler_Table_Limit                   
0000a560  __TI_CINIT_Base                            
0000a570  __TI_CINIT_Limit                           
20000000  __start___llvm_prf_cnts                    
20000000  __stop___llvm_prf_cnts                     
2000c800  __CIOBUF_                                  
2000caa4  g_sContext                                 
2000cb6c  parmbuf                                    
2000cb80  Lcd_ScreenHeigth                           
2000cb82  Lcd_ScreenWidth                            
2000cb84  Lcd_TouchTrim                              
2000cb86  Lcd_FlagRead                               
2000cb87  Lcd_FontSolid                              
2000cb88  Lcd_Orientation                            
2000cb89  Lcd_PenSolid                               
2000cb8a  current_state                              
2000cb8c  _ftable                                    
2000cc7c  _device                                    
2000ccf4  _stream                                    
2000cd44  fsm                                        
2000cd7c  pxCurrentTCB                               
2000cdb0  uart_config                                
2000ce14  g_sCrystalfontz128x128                     
2000ce34  __TI_ft_end                                
2000ce38  __aeabi_stdin                              
2000ce3c  __aeabi_stdout                             
2000ce40  __aeabi_stderr                             
2000ce50  _lock                                      
2000ce54  _unlock                                    
2000ce5c  errno                                      
2000ce64  SystemCoreClock                            
2000ce69  state_transition                           
2000fc00  __stack                                    
20010000  __STACK_END                                
4000480c  WDTCTL_SYM                                 
ffffffff  __TI_pprof_out_hndl                        
ffffffff  __TI_prof_data_size                        
ffffffff  __TI_prof_data_start                       
ffffffff  __binit__                                  
ffffffff  __c_args__                                 
ffffffff  binit                                      
UNDEFED   __mpu_init                                 
UNDEFED   _system_post_cinit                         

[431 symbols]
