<?xml version="1.0" encoding="ISO-8859-1" ?>
<link_info>
   <banner>TI ARM Linker PC v20.2.7.LTS</banner>
   <copyright>Copyright (c) 1996-2018 Texas Instruments Incorporated</copyright>
   <link_time>0x63b33813</link_time>
   <link_errors>0x8</link_errors>
   <output_file>CardDealer.out</output_file>
   <entry_point>
      <name>_c_int00_noargs</name>
      <address>0x87c1</address>
   </entry_point>
   <input_file_list>
      <input_file id="fl-2">
         <path>.\</path>
         <kind>object</kind>
         <file>HAL_I2C.obj</file>
         <name>HAL_I2C.obj</name>
      </input_file>
      <input_file id="fl-3">
         <path>.\</path>
         <kind>object</kind>
         <file>HAL_OPT3001.obj</file>
         <name>HAL_OPT3001.obj</name>
      </input_file>
      <input_file id="fl-4">
         <path>.\</path>
         <kind>object</kind>
         <file>action.obj</file>
         <name>action.obj</name>
      </input_file>
      <input_file id="fl-5">
         <path>.\</path>
         <kind>object</kind>
         <file>condition.obj</file>
         <name>condition.obj</name>
      </input_file>
      <input_file id="fl-6">
         <path>.\</path>
         <kind>object</kind>
         <file>main.obj</file>
         <name>main.obj</name>
      </input_file>
      <input_file id="fl-7">
         <path>.\</path>
         <kind>object</kind>
         <file>main_freertos.obj</file>
         <name>main_freertos.obj</name>
      </input_file>
      <input_file id="fl-8">
         <path>.\</path>
         <kind>object</kind>
         <file>startup_msp432p401r_FreeRTOS_ccs.obj</file>
         <name>startup_msp432p401r_FreeRTOS_ccs.obj</name>
      </input_file>
      <input_file id="fl-9">
         <path>.\</path>
         <kind>object</kind>
         <file>system_msp432p401r.obj</file>
         <name>system_msp432p401r.obj</name>
      </input_file>
      <input_file id="fl-a">
         <path>.\</path>
         <kind>object</kind>
         <file>uart.obj</file>
         <name>uart.obj</name>
      </input_file>
      <input_file id="fl-b">
         <path>.\FreeRTOS\</path>
         <kind>object</kind>
         <file>croutine.obj</file>
         <name>croutine.obj</name>
      </input_file>
      <input_file id="fl-c">
         <path>.\FreeRTOS\</path>
         <kind>object</kind>
         <file>event_groups.obj</file>
         <name>event_groups.obj</name>
      </input_file>
      <input_file id="fl-d">
         <path>.\FreeRTOS\</path>
         <kind>object</kind>
         <file>list.obj</file>
         <name>list.obj</name>
      </input_file>
      <input_file id="fl-e">
         <path>.\FreeRTOS\</path>
         <kind>object</kind>
         <file>queue.obj</file>
         <name>queue.obj</name>
      </input_file>
      <input_file id="fl-f">
         <path>.\FreeRTOS\</path>
         <kind>object</kind>
         <file>tasks.obj</file>
         <name>tasks.obj</name>
      </input_file>
      <input_file id="fl-10">
         <path>.\FreeRTOS\</path>
         <kind>object</kind>
         <file>timers.obj</file>
         <name>timers.obj</name>
      </input_file>
      <input_file id="fl-11">
         <path>.\FreeRTOS\portable\CCS\ARM_CM4F\</path>
         <kind>object</kind>
         <file>port.obj</file>
         <name>port.obj</name>
      </input_file>
      <input_file id="fl-12">
         <path>.\FreeRTOS\portable\CCS\ARM_CM4F\</path>
         <kind>object</kind>
         <file>portasm.obj</file>
         <name>portasm.obj</name>
      </input_file>
      <input_file id="fl-13">
         <path>.\FreeRTOS\portable\MemMang\</path>
         <kind>object</kind>
         <file>heap_4.obj</file>
         <name>heap_4.obj</name>
      </input_file>
      <input_file id="fl-14">
         <path>.\LcdDriver\</path>
         <kind>object</kind>
         <file>Crystalfontz128x128_ST7735.obj</file>
         <name>Crystalfontz128x128_ST7735.obj</name>
      </input_file>
      <input_file id="fl-15">
         <path>.\LcdDriver\</path>
         <kind>object</kind>
         <file>HAL_MSP_EXP432P401R_Crystalfontz128x128_ST7735.obj</file>
         <name>HAL_MSP_EXP432P401R_Crystalfontz128x128_ST7735.obj</name>
      </input_file>
      <input_file id="fl-1b">
         <kind>object</kind>
         <file>&lt;internal&gt;</file>
         <name>&lt;internal&gt;</name>
      </input_file>
      <input_file id="fl-1c">
         <path>C:\Users\eddie\OneDrive\Documenti\simplelink_msp432p4_sdk_3_40_01_02\source\ti\grlib\lib\ccs\m4f\</path>
         <kind>archive</kind>
         <file>grlib.a</file>
         <name>context.obj</name>
      </input_file>
      <input_file id="fl-1d">
         <path>C:\Users\eddie\OneDrive\Documenti\simplelink_msp432p4_sdk_3_40_01_02\source\ti\grlib\lib\ccs\m4f\</path>
         <kind>archive</kind>
         <file>grlib.a</file>
         <name>display.obj</name>
      </input_file>
      <input_file id="fl-1e">
         <path>C:\Users\eddie\OneDrive\Documenti\simplelink_msp432p4_sdk_3_40_01_02\source\ti\grlib\lib\ccs\m4f\</path>
         <kind>archive</kind>
         <file>grlib.a</file>
         <name>fontfixed6x8.obj</name>
      </input_file>
      <input_file id="fl-1f">
         <path>C:\Users\eddie\OneDrive\Documenti\simplelink_msp432p4_sdk_3_40_01_02\source\ti\grlib\lib\ccs\m4f\</path>
         <kind>archive</kind>
         <file>grlib.a</file>
         <name>string.obj</name>
      </input_file>
      <input_file id="fl-20">
         <path>C:\Users\eddie\OneDrive\Documenti\simplelink_msp432p4_sdk_3_40_01_02\source\ti\grlib\lib\ccs\m4f\</path>
         <kind>archive</kind>
         <file>grlib.a</file>
         <name>line.obj</name>
      </input_file>
      <input_file id="fl-21">
         <path>C:\Users\eddie\OneDrive\Documenti\simplelink_msp432p4_sdk_3_40_01_02\source\ti\devices\msp432p4xx\driverlib\ccs\</path>
         <kind>archive</kind>
         <file>msp432p4xx_driverlib.lib</file>
         <name>adc14.o</name>
      </input_file>
      <input_file id="fl-22">
         <path>C:\Users\eddie\OneDrive\Documenti\simplelink_msp432p4_sdk_3_40_01_02\source\ti\devices\msp432p4xx\driverlib\ccs\</path>
         <kind>archive</kind>
         <file>msp432p4xx_driverlib.lib</file>
         <name>cs.o</name>
      </input_file>
      <input_file id="fl-23">
         <path>C:\Users\eddie\OneDrive\Documenti\simplelink_msp432p4_sdk_3_40_01_02\source\ti\devices\msp432p4xx\driverlib\ccs\</path>
         <kind>archive</kind>
         <file>msp432p4xx_driverlib.lib</file>
         <name>flash.o</name>
      </input_file>
      <input_file id="fl-24">
         <path>C:\Users\eddie\OneDrive\Documenti\simplelink_msp432p4_sdk_3_40_01_02\source\ti\devices\msp432p4xx\driverlib\ccs\</path>
         <kind>archive</kind>
         <file>msp432p4xx_driverlib.lib</file>
         <name>gpio.o</name>
      </input_file>
      <input_file id="fl-25">
         <path>C:\Users\eddie\OneDrive\Documenti\simplelink_msp432p4_sdk_3_40_01_02\source\ti\devices\msp432p4xx\driverlib\ccs\</path>
         <kind>archive</kind>
         <file>msp432p4xx_driverlib.lib</file>
         <name>i2c.o</name>
      </input_file>
      <input_file id="fl-26">
         <path>C:\Users\eddie\OneDrive\Documenti\simplelink_msp432p4_sdk_3_40_01_02\source\ti\devices\msp432p4xx\driverlib\ccs\</path>
         <kind>archive</kind>
         <file>msp432p4xx_driverlib.lib</file>
         <name>interrupt.o</name>
      </input_file>
      <input_file id="fl-27">
         <path>C:\Users\eddie\OneDrive\Documenti\simplelink_msp432p4_sdk_3_40_01_02\source\ti\devices\msp432p4xx\driverlib\ccs\</path>
         <kind>archive</kind>
         <file>msp432p4xx_driverlib.lib</file>
         <name>pcm.o</name>
      </input_file>
      <input_file id="fl-28">
         <path>C:\Users\eddie\OneDrive\Documenti\simplelink_msp432p4_sdk_3_40_01_02\source\ti\devices\msp432p4xx\driverlib\ccs\</path>
         <kind>archive</kind>
         <file>msp432p4xx_driverlib.lib</file>
         <name>rtc_c.o</name>
      </input_file>
      <input_file id="fl-29">
         <path>C:\Users\eddie\OneDrive\Documenti\simplelink_msp432p4_sdk_3_40_01_02\source\ti\devices\msp432p4xx\driverlib\ccs\</path>
         <kind>archive</kind>
         <file>msp432p4xx_driverlib.lib</file>
         <name>spi.o</name>
      </input_file>
      <input_file id="fl-2a">
         <path>C:\Users\eddie\OneDrive\Documenti\simplelink_msp432p4_sdk_3_40_01_02\source\ti\devices\msp432p4xx\driverlib\ccs\</path>
         <kind>archive</kind>
         <file>msp432p4xx_driverlib.lib</file>
         <name>sysctl.o</name>
      </input_file>
      <input_file id="fl-2b">
         <path>C:\Users\eddie\OneDrive\Documenti\simplelink_msp432p4_sdk_3_40_01_02\source\ti\devices\msp432p4xx\driverlib\ccs\</path>
         <kind>archive</kind>
         <file>msp432p4xx_driverlib.lib</file>
         <name>sysctl_a.o</name>
      </input_file>
      <input_file id="fl-2c">
         <path>C:\Users\eddie\OneDrive\Documenti\simplelink_msp432p4_sdk_3_40_01_02\source\ti\devices\msp432p4xx\driverlib\ccs\</path>
         <kind>archive</kind>
         <file>msp432p4xx_driverlib.lib</file>
         <name>timer32.o</name>
      </input_file>
      <input_file id="fl-2d">
         <path>C:\Users\eddie\OneDrive\Documenti\simplelink_msp432p4_sdk_3_40_01_02\source\ti\devices\msp432p4xx\driverlib\ccs\</path>
         <kind>archive</kind>
         <file>msp432p4xx_driverlib.lib</file>
         <name>timer_a.o</name>
      </input_file>
      <input_file id="fl-2e">
         <path>C:\Users\eddie\OneDrive\Documenti\simplelink_msp432p4_sdk_3_40_01_02\source\ti\devices\msp432p4xx\driverlib\ccs\</path>
         <kind>archive</kind>
         <file>msp432p4xx_driverlib.lib</file>
         <name>uart.o</name>
      </input_file>
      <input_file id="fl-2f">
         <path>C:\Users\eddie\OneDrive\Documenti\simplelink_msp432p4_sdk_3_40_01_02\source\ti\devices\msp432p4xx\driverlib\ccs\</path>
         <kind>archive</kind>
         <file>msp432p4xx_driverlib.lib</file>
         <name>wdt_a.o</name>
      </input_file>
      <input_file id="fl-30">
         <path>C:\Users\eddie\OneDrive\Documenti\simplelink_msp432p4_sdk_3_40_01_02\source\ti\devices\msp432p4xx\driverlib\ccs\</path>
         <kind>archive</kind>
         <file>msp432p4xx_driverlib.lib</file>
         <name>cpu.o</name>
      </input_file>
      <input_file id="fl-e6">
         <path>C:\ti\ccs1210\ccs\tools\compiler\ti-cgt-arm_20.2.7.LTS\lib\</path>
         <kind>archive</kind>
         <file>rtsv7M4_T_le_v4SPD16_eabi.lib</file>
         <name>printf.c.obj</name>
      </input_file>
      <input_file id="fl-e7">
         <path>C:\ti\ccs1210\ccs\tools\compiler\ti-cgt-arm_20.2.7.LTS\lib\</path>
         <kind>archive</kind>
         <file>rtsv7M4_T_le_v4SPD16_eabi.lib</file>
         <name>_printfi.c.obj</name>
      </input_file>
      <input_file id="fl-e8">
         <path>C:\ti\ccs1210\ccs\tools\compiler\ti-cgt-arm_20.2.7.LTS\lib\</path>
         <kind>archive</kind>
         <file>rtsv7M4_T_le_v4SPD16_eabi.lib</file>
         <name>sprintf.c.obj</name>
      </input_file>
      <input_file id="fl-e9">
         <path>C:\ti\ccs1210\ccs\tools\compiler\ti-cgt-arm_20.2.7.LTS\lib\</path>
         <kind>archive</kind>
         <file>rtsv7M4_T_le_v4SPD16_eabi.lib</file>
         <name>vsnprintf.c.obj</name>
      </input_file>
      <input_file id="fl-ea">
         <path>C:\ti\ccs1210\ccs\tools\compiler\ti-cgt-arm_20.2.7.LTS\lib\</path>
         <kind>archive</kind>
         <file>rtsv7M4_T_le_v4SPD16_eabi.lib</file>
         <name>fd_add_t2.asm.obj</name>
      </input_file>
      <input_file id="fl-eb">
         <path>C:\ti\ccs1210\ccs\tools\compiler\ti-cgt-arm_20.2.7.LTS\lib\</path>
         <kind>archive</kind>
         <file>rtsv7M4_T_le_v4SPD16_eabi.lib</file>
         <name>fd_cmp_t2.asm.obj</name>
      </input_file>
      <input_file id="fl-ec">
         <path>C:\ti\ccs1210\ccs\tools\compiler\ti-cgt-arm_20.2.7.LTS\lib\</path>
         <kind>archive</kind>
         <file>rtsv7M4_T_le_v4SPD16_eabi.lib</file>
         <name>fd_div_t2.asm.obj</name>
      </input_file>
      <input_file id="fl-ed">
         <path>C:\ti\ccs1210\ccs\tools\compiler\ti-cgt-arm_20.2.7.LTS\lib\</path>
         <kind>archive</kind>
         <file>rtsv7M4_T_le_v4SPD16_eabi.lib</file>
         <name>fd_mul_t2.asm.obj</name>
      </input_file>
      <input_file id="fl-ee">
         <path>C:\ti\ccs1210\ccs\tools\compiler\ti-cgt-arm_20.2.7.LTS\lib\</path>
         <kind>archive</kind>
         <file>rtsv7M4_T_le_v4SPD16_eabi.lib</file>
         <name>fd_toi_t2.asm.obj</name>
      </input_file>
      <input_file id="fl-ef">
         <path>C:\ti\ccs1210\ccs\tools\compiler\ti-cgt-arm_20.2.7.LTS\lib\</path>
         <kind>archive</kind>
         <file>rtsv7M4_T_le_v4SPD16_eabi.lib</file>
         <name>i_tofd_t2.asm.obj</name>
      </input_file>
      <input_file id="fl-f0">
         <path>C:\ti\ccs1210\ccs\tools\compiler\ti-cgt-arm_20.2.7.LTS\lib\</path>
         <kind>archive</kind>
         <file>rtsv7M4_T_le_v4SPD16_eabi.lib</file>
         <name>memcpy_t2.asm.obj</name>
      </input_file>
      <input_file id="fl-f1">
         <path>C:\ti\ccs1210\ccs\tools\compiler\ti-cgt-arm_20.2.7.LTS\lib\</path>
         <kind>archive</kind>
         <file>rtsv7M4_T_le_v4SPD16_eabi.lib</file>
         <name>memset_t2.asm.obj</name>
      </input_file>
      <input_file id="fl-f2">
         <path>C:\ti\ccs1210\ccs\tools\compiler\ti-cgt-arm_20.2.7.LTS\lib\</path>
         <kind>archive</kind>
         <file>rtsv7M4_T_le_v4SPD16_eabi.lib</file>
         <name>ull_div_t2.asm.obj</name>
      </input_file>
      <input_file id="fl-f3">
         <path>C:\ti\ccs1210\ccs\tools\compiler\ti-cgt-arm_20.2.7.LTS\lib\</path>
         <kind>archive</kind>
         <file>rtsv7M4_T_le_v4SPD16_eabi.lib</file>
         <name>copy_zero_init.c.obj</name>
      </input_file>
      <input_file id="fl-f4">
         <path>C:\ti\ccs1210\ccs\tools\compiler\ti-cgt-arm_20.2.7.LTS\lib\</path>
         <kind>archive</kind>
         <file>rtsv7M4_T_le_v4SPD16_eabi.lib</file>
         <name>copy_decompress_none.c.obj</name>
      </input_file>
      <input_file id="fl-f5">
         <path>C:\ti\ccs1210\ccs\tools\compiler\ti-cgt-arm_20.2.7.LTS\lib\</path>
         <kind>archive</kind>
         <file>rtsv7M4_T_le_v4SPD16_eabi.lib</file>
         <name>copy_decompress_lzss.c.obj</name>
      </input_file>
      <input_file id="fl-f6">
         <path>C:\ti\ccs1210\ccs\tools\compiler\ti-cgt-arm_20.2.7.LTS\lib\</path>
         <kind>archive</kind>
         <file>rtsv7M4_T_le_v4SPD16_eabi.lib</file>
         <name>_lock.c.obj</name>
      </input_file>
      <input_file id="fl-f7">
         <path>C:\ti\ccs1210\ccs\tools\compiler\ti-cgt-arm_20.2.7.LTS\lib\</path>
         <kind>archive</kind>
         <file>rtsv7M4_T_le_v4SPD16_eabi.lib</file>
         <name>_ltoa.c.obj</name>
      </input_file>
      <input_file id="fl-f8">
         <path>C:\ti\ccs1210\ccs\tools\compiler\ti-cgt-arm_20.2.7.LTS\lib\</path>
         <kind>archive</kind>
         <file>rtsv7M4_T_le_v4SPD16_eabi.lib</file>
         <name>atoi.c.obj</name>
      </input_file>
      <input_file id="fl-f9">
         <path>C:\ti\ccs1210\ccs\tools\compiler\ti-cgt-arm_20.2.7.LTS\lib\</path>
         <kind>archive</kind>
         <file>rtsv7M4_T_le_v4SPD16_eabi.lib</file>
         <name>ctype.c.obj</name>
      </input_file>
      <input_file id="fl-fa">
         <path>C:\ti\ccs1210\ccs\tools\compiler\ti-cgt-arm_20.2.7.LTS\lib\</path>
         <kind>archive</kind>
         <file>rtsv7M4_T_le_v4SPD16_eabi.lib</file>
         <name>defs.c.obj</name>
      </input_file>
      <input_file id="fl-fb">
         <path>C:\ti\ccs1210\ccs\tools\compiler\ti-cgt-arm_20.2.7.LTS\lib\</path>
         <kind>archive</kind>
         <file>rtsv7M4_T_le_v4SPD16_eabi.lib</file>
         <name>memccpy.c.obj</name>
      </input_file>
      <input_file id="fl-fc">
         <path>C:\ti\ccs1210\ccs\tools\compiler\ti-cgt-arm_20.2.7.LTS\lib\</path>
         <kind>archive</kind>
         <file>rtsv7M4_T_le_v4SPD16_eabi.lib</file>
         <name>strchr.c.obj</name>
      </input_file>
      <input_file id="fl-fd">
         <path>C:\ti\ccs1210\ccs\tools\compiler\ti-cgt-arm_20.2.7.LTS\lib\</path>
         <kind>archive</kind>
         <file>rtsv7M4_T_le_v4SPD16_eabi.lib</file>
         <name>strlen.c.obj</name>
      </input_file>
      <input_file id="fl-fe">
         <path>C:\ti\ccs1210\ccs\tools\compiler\ti-cgt-arm_20.2.7.LTS\lib\</path>
         <kind>archive</kind>
         <file>rtsv7M4_T_le_v4SPD16_eabi.lib</file>
         <name>boot_cortex_m.c.obj</name>
      </input_file>
      <input_file id="fl-ff">
         <path>C:\ti\ccs1210\ccs\tools\compiler\ti-cgt-arm_20.2.7.LTS\lib\</path>
         <kind>archive</kind>
         <file>rtsv7M4_T_le_v4SPD16_eabi.lib</file>
         <name>errno.c.obj</name>
      </input_file>
      <input_file id="fl-100">
         <path>C:\ti\ccs1210\ccs\tools\compiler\ti-cgt-arm_20.2.7.LTS\lib\</path>
         <kind>archive</kind>
         <file>rtsv7M4_T_le_v4SPD16_eabi.lib</file>
         <name>wcslen.c.obj</name>
      </input_file>
      <input_file id="fl-101">
         <path>C:\ti\ccs1210\ccs\tools\compiler\ti-cgt-arm_20.2.7.LTS\lib\</path>
         <kind>archive</kind>
         <file>rtsv7M4_T_le_v4SPD16_eabi.lib</file>
         <name>s_frexp.c.obj</name>
      </input_file>
      <input_file id="fl-102">
         <path>C:\ti\ccs1210\ccs\tools\compiler\ti-cgt-arm_20.2.7.LTS\lib\</path>
         <kind>archive</kind>
         <file>rtsv7M4_T_le_v4SPD16_eabi.lib</file>
         <name>s_scalbn.c.obj</name>
      </input_file>
      <input_file id="fl-103">
         <path>C:\ti\ccs1210\ccs\tools\compiler\ti-cgt-arm_20.2.7.LTS\lib\</path>
         <kind>archive</kind>
         <file>rtsv7M4_T_le_v4SPD16_eabi.lib</file>
         <name>div0.asm.obj</name>
      </input_file>
      <input_file id="fl-104">
         <path>C:\ti\ccs1210\ccs\tools\compiler\ti-cgt-arm_20.2.7.LTS\lib\</path>
         <kind>archive</kind>
         <file>rtsv7M4_T_le_v4SPD16_eabi.lib</file>
         <name>autoinit.c.obj</name>
      </input_file>
      <input_file id="fl-105">
         <path>C:\ti\ccs1210\ccs\tools\compiler\ti-cgt-arm_20.2.7.LTS\lib\</path>
         <kind>archive</kind>
         <file>rtsv7M4_T_le_v4SPD16_eabi.lib</file>
         <name>pre_init.c.obj</name>
      </input_file>
      <input_file id="fl-106">
         <path>C:\ti\ccs1210\ccs\tools\compiler\ti-cgt-arm_20.2.7.LTS\lib\</path>
         <kind>archive</kind>
         <file>rtsv7M4_T_le_v4SPD16_eabi.lib</file>
         <name>cpy_tbl.c.obj</name>
      </input_file>
      <input_file id="fl-107">
         <path>C:\ti\ccs1210\ccs\tools\compiler\ti-cgt-arm_20.2.7.LTS\lib\</path>
         <kind>archive</kind>
         <file>rtsv7M4_T_le_v4SPD16_eabi.lib</file>
         <name>exit.c.obj</name>
      </input_file>
      <input_file id="fl-108">
         <path>C:\ti\ccs1210\ccs\tools\compiler\ti-cgt-arm_20.2.7.LTS\lib\</path>
         <kind>archive</kind>
         <file>rtsv7M4_T_le_v4SPD16_eabi.lib</file>
         <name>args_main.c.obj</name>
      </input_file>
      <input_file id="fl-109">
         <path>C:\ti\ccs1210\ccs\tools\compiler\ti-cgt-arm_20.2.7.LTS\lib\</path>
         <kind>archive</kind>
         <file>rtsv7M4_T_le_v4SPD16_eabi.lib</file>
         <name>s_copysign.c.obj</name>
      </input_file>
   </input_file_list>
   <object_component_list>
      <object_component id="oc-be">
         <name>.text</name>
         <load_address>0xe4</load_address>
         <run_address>0xe4</run_address>
         <size>0x1970</size>
         <input_file_ref idref="fl-f"/>
      </object_component>
      <object_component id="oc-16c">
         <name>.text</name>
         <load_address>0x1a54</load_address>
         <run_address>0x1a54</run_address>
         <size>0xd0a</size>
         <input_file_ref idref="fl-e"/>
      </object_component>
      <object_component id="oc-566">
         <name>.text:_nop</name>
         <load_address>0x275e</load_address>
         <run_address>0x275e</run_address>
         <size>0x2</size>
         <input_file_ref idref="fl-f6"/>
      </object_component>
      <object_component id="oc-371">
         <name>.text:__TI_printfi</name>
         <load_address>0x2760</load_address>
         <run_address>0x2760</run_address>
         <size>0xa4e</size>
         <input_file_ref idref="fl-e7"/>
      </object_component>
      <object_component id="oc-6ee">
         <name>.text</name>
         <load_address>0x31ae</load_address>
         <run_address>0x31ae</run_address>
         <size>0x2</size>
         <input_file_ref idref="fl-103"/>
      </object_component>
      <object_component id="oc-2ce">
         <name>.text</name>
         <load_address>0x31b0</load_address>
         <run_address>0x31b0</run_address>
         <size>0x73c</size>
         <input_file_ref idref="fl-10"/>
      </object_component>
      <object_component id="oc-73">
         <name>.text</name>
         <load_address>0x38ec</load_address>
         <run_address>0x38ec</run_address>
         <size>0x6e0</size>
         <input_file_ref idref="fl-7"/>
      </object_component>
      <object_component id="oc-dc">
         <name>.text</name>
         <load_address>0x3fcc</load_address>
         <run_address>0x3fcc</run_address>
         <size>0x680</size>
         <input_file_ref idref="fl-14"/>
      </object_component>
      <object_component id="oc-422">
         <name>.text:Graphics_drawString</name>
         <load_address>0x464c</load_address>
         <run_address>0x464c</run_address>
         <size>0x47e</size>
         <input_file_ref idref="fl-1f"/>
      </object_component>
      <object_component id="oc-6d">
         <name>.text</name>
         <load_address>0x4acc</load_address>
         <run_address>0x4acc</run_address>
         <size>0x42c</size>
         <input_file_ref idref="fl-11"/>
      </object_component>
      <object_component id="oc-2b6">
         <name>.text</name>
         <load_address>0x4ef8</load_address>
         <run_address>0x4ef8</run_address>
         <size>0x368</size>
         <input_file_ref idref="fl-13"/>
      </object_component>
      <object_component id="oc-b1">
         <name>.text</name>
         <load_address>0x5260</load_address>
         <run_address>0x5260</run_address>
         <size>0x334</size>
         <input_file_ref idref="fl-9"/>
      </object_component>
      <object_component id="oc-79">
         <name>.text</name>
         <load_address>0x5594</load_address>
         <run_address>0x5594</run_address>
         <size>0x2f8</size>
         <input_file_ref idref="fl-6"/>
      </object_component>
      <object_component id="oc-542">
         <name>.text:_pconv_a</name>
         <load_address>0x588c</load_address>
         <run_address>0x588c</run_address>
         <size>0x270</size>
         <input_file_ref idref="fl-e7"/>
      </object_component>
      <object_component id="oc-178">
         <name>.text</name>
         <load_address>0x5afc</load_address>
         <run_address>0x5afc</run_address>
         <size>0x1ec</size>
         <input_file_ref idref="fl-a"/>
      </object_component>
      <object_component id="oc-530">
         <name>.text:_pconv_g</name>
         <load_address>0x5ce8</load_address>
         <run_address>0x5ce8</run_address>
         <size>0x1d0</size>
         <input_file_ref idref="fl-e7"/>
      </object_component>
      <object_component id="oc-655">
         <name>.text</name>
         <load_address>0x5eb8</load_address>
         <run_address>0x5eb8</run_address>
         <size>0x1b6</size>
         <input_file_ref idref="fl-ea"/>
      </object_component>
      <object_component id="oc-40c">
         <name>.text:_getIndexForMemRegister</name>
         <load_address>0x6070</load_address>
         <run_address>0x6070</run_address>
         <size>0x160</size>
         <input_file_ref idref="fl-21"/>
      </object_component>
      <object_component id="oc-615">
         <name>.text:__PCM_setPowerModeAdvanced</name>
         <load_address>0x61d0</load_address>
         <run_address>0x61d0</run_address>
         <size>0x15c</size>
         <input_file_ref idref="fl-27"/>
      </object_component>
      <object_component id="oc-33a">
         <name>.text:privateTimer_AProcessClockSourceDivider</name>
         <load_address>0x632c</load_address>
         <run_address>0x632c</run_address>
         <size>0x144</size>
         <input_file_ref idref="fl-2d"/>
      </object_component>
      <object_component id="oc-53c">
         <name>.text:_pconv_e</name>
         <load_address>0x6470</load_address>
         <run_address>0x6470</run_address>
         <size>0x13c</size>
         <input_file_ref idref="fl-e7"/>
      </object_component>
      <object_component id="oc-63b">
         <name>.text</name>
         <load_address>0x65ac</load_address>
         <run_address>0x65ac</run_address>
         <size>0x136</size>
         <input_file_ref idref="fl-ec"/>
      </object_component>
      <object_component id="oc-15a">
         <name>.text:CS_initClockSignal</name>
         <load_address>0x66e4</load_address>
         <run_address>0x66e4</run_address>
         <size>0x130</size>
         <input_file_ref idref="fl-22"/>
      </object_component>
      <object_component id="oc-2bc">
         <name>.text</name>
         <load_address>0x6814</load_address>
         <run_address>0x6814</run_address>
         <size>0x12a</size>
         <input_file_ref idref="fl-d"/>
      </object_component>
      <object_component id="oc-667">
         <name>.text:fcvt</name>
         <load_address>0x6940</load_address>
         <run_address>0x6940</run_address>
         <size>0x124</size>
         <input_file_ref idref="fl-e7"/>
      </object_component>
      <object_component id="oc-391">
         <name>.text:UART_initModule</name>
         <load_address>0x6a64</load_address>
         <run_address>0x6a64</run_address>
         <size>0x11c</size>
         <input_file_ref idref="fl-2e"/>
      </object_component>
      <object_component id="oc-67b">
         <name>.text:scalbn</name>
         <load_address>0x6b80</load_address>
         <run_address>0x6b80</run_address>
         <size>0x110</size>
         <input_file_ref idref="fl-102"/>
      </object_component>
      <object_component id="oc-353">
         <name>.text:__PCM_setCoreVoltageLevelAdvanced</name>
         <load_address>0x6c90</load_address>
         <run_address>0x6c90</run_address>
         <size>0x108</size>
         <input_file_ref idref="fl-27"/>
      </object_component>
      <object_component id="oc-57d">
         <name>.text:_CSComputeCLKFrequency</name>
         <load_address>0x6d98</load_address>
         <run_address>0x6d98</run_address>
         <size>0x104</size>
         <input_file_ref idref="fl-22"/>
      </object_component>
      <object_component id="oc-636">
         <name>.text</name>
         <load_address>0x6e9c</load_address>
         <run_address>0x6e9c</run_address>
         <size>0xfc</size>
         <input_file_ref idref="fl-ed"/>
      </object_component>
      <object_component id="oc-41c">
         <name>.text:Graphics_getStringWidth</name>
         <load_address>0x6f98</load_address>
         <run_address>0x6f98</run_address>
         <size>0xfa</size>
         <input_file_ref idref="fl-1f"/>
      </object_component>
      <object_component id="oc-6b3">
         <name>.text:CS_getDCOFrequency</name>
         <load_address>0x7094</load_address>
         <run_address>0x7094</run_address>
         <size>0xf8</size>
         <input_file_ref idref="fl-22"/>
      </object_component>
      <object_component id="oc-22c">
         <name>.text</name>
         <load_address>0x718c</load_address>
         <run_address>0x718c</run_address>
         <size>0xe8</size>
         <input_file_ref idref="fl-4"/>
      </object_component>
      <object_component id="oc-68">
         <name>.text</name>
         <load_address>0x7274</load_address>
         <run_address>0x7274</run_address>
         <size>0xd2</size>
         <input_file_ref idref="fl-12"/>
      </object_component>
      <object_component id="oc-2fd">
         <name>.text</name>
         <load_address>0x7348</load_address>
         <run_address>0x7348</run_address>
         <size>0xcc</size>
         <input_file_ref idref="fl-15"/>
      </object_component>
      <object_component id="oc-208">
         <name>.text:ADC14_configureConversionMemory</name>
         <load_address>0x7414</load_address>
         <run_address>0x7414</run_address>
         <size>0xb4</size>
         <input_file_ref idref="fl-21"/>
      </object_component>
      <object_component id="oc-202">
         <name>.text:ADC14_configureMultiSequenceMode</name>
         <load_address>0x74c8</load_address>
         <run_address>0x74c8</run_address>
         <size>0xb4</size>
         <input_file_ref idref="fl-21"/>
      </object_component>
      <object_component id="oc-525">
         <name>.text:_ltostr</name>
         <load_address>0x757c</load_address>
         <run_address>0x757c</run_address>
         <size>0xb1</size>
         <input_file_ref idref="fl-e7"/>
      </object_component>
      <object_component id="oc-4aa">
         <name>.text:SPI_initMaster</name>
         <load_address>0x762e</load_address>
         <run_address>0x762e</run_address>
         <size>0xb0</size>
         <input_file_ref idref="fl-29"/>
      </object_component>
      <object_component id="oc-5a8">
         <name>.text:Graphics_drawLineH</name>
         <load_address>0x76de</load_address>
         <run_address>0x76de</run_address>
         <size>0x9c</size>
         <input_file_ref idref="fl-20"/>
      </object_component>
      <object_component id="oc-32">
         <name>.text</name>
         <load_address>0x777a</load_address>
         <run_address>0x777a</run_address>
         <size>0x9c</size>
         <input_file_ref idref="fl-f0"/>
      </object_component>
      <object_component id="oc-62f">
         <name>.text</name>
         <load_address>0x7816</load_address>
         <run_address>0x7816</run_address>
         <size>0x96</size>
         <input_file_ref idref="fl-f2"/>
      </object_component>
      <object_component id="oc-725">
         <name>.text:SysCtl_A_getTLVInfo</name>
         <load_address>0x78ac</load_address>
         <run_address>0x78ac</run_address>
         <size>0x94</size>
         <input_file_ref idref="fl-2b"/>
      </object_component>
      <object_component id="oc-160">
         <name>.text:GPIO_setAsPeripheralModuleFunctionInputPin</name>
         <load_address>0x7940</load_address>
         <run_address>0x7940</run_address>
         <size>0x88</size>
         <input_file_ref idref="fl-24"/>
      </object_component>
      <object_component id="oc-10c">
         <name>.text:GPIO_setAsPeripheralModuleFunctionOutputPin</name>
         <load_address>0x79c8</load_address>
         <run_address>0x79c8</run_address>
         <size>0x88</size>
         <input_file_ref idref="fl-24"/>
      </object_component>
      <object_component id="oc-52b">
         <name>.text:__aeabi_cdcmple</name>
         <load_address>0x7a50</load_address>
         <run_address>0x7a50</run_address>
         <size>0x86</size>
         <input_file_ref idref="fl-eb"/>
      </object_component>
      <object_component id="oc-640">
         <name>.text:__aeabi_cdrcmple</name>
         <load_address>0x7ad6</load_address>
         <run_address>0x7ad6</run_address>
         <size>0x86</size>
         <input_file_ref idref="fl-eb"/>
      </object_component>
      <object_component id="oc-100">
         <name>.text:Interrupt_disableInterrupt</name>
         <load_address>0x7b5c</load_address>
         <run_address>0x7b5c</run_address>
         <size>0x80</size>
         <input_file_ref idref="fl-26"/>
      </object_component>
      <object_component id="oc-136">
         <name>.text:Interrupt_enableInterrupt</name>
         <load_address>0x7bdc</load_address>
         <run_address>0x7bdc</run_address>
         <size>0x80</size>
         <input_file_ref idref="fl-26"/>
      </object_component>
      <object_component id="oc-72b">
         <name>.text:_CSGetDOCFrequency</name>
         <load_address>0x7c5c</load_address>
         <run_address>0x7c5c</run_address>
         <size>0x7c</size>
         <input_file_ref idref="fl-22"/>
      </object_component>
      <object_component id="oc-99">
         <name>.text</name>
         <load_address>0x7cd8</load_address>
         <run_address>0x7cd8</run_address>
         <size>0x7a</size>
         <input_file_ref idref="fl-f1"/>
      </object_component>
      <object_component id="oc-660">
         <name>.text:_mcpy</name>
         <load_address>0x7d52</load_address>
         <run_address>0x7d52</run_address>
         <size>0x6e</size>
         <input_file_ref idref="fl-e7"/>
      </object_component>
      <object_component id="oc-1af">
         <name>.text:Timer32_initModule</name>
         <load_address>0x7dc0</load_address>
         <run_address>0x7dc0</run_address>
         <size>0x68</size>
         <input_file_ref idref="fl-2c"/>
      </object_component>
      <object_component id="oc-112">
         <name>.text:Timer_A_configureUpMode</name>
         <load_address>0x7e28</load_address>
         <run_address>0x7e28</run_address>
         <size>0x68</size>
         <input_file_ref idref="fl-2d"/>
      </object_component>
      <object_component id="oc-12">
         <name>.text:decompress:lzss:__TI_decompress_lzss</name>
         <load_address>0x7e90</load_address>
         <run_address>0x7e90</run_address>
         <size>0x68</size>
         <input_file_ref idref="fl-f5"/>
      </object_component>
      <object_component id="oc-172">
         <name>.text:printf</name>
         <load_address>0x7ef8</load_address>
         <run_address>0x7ef8</run_address>
         <size>0x68</size>
         <input_file_ref idref="fl-e6"/>
      </object_component>
      <object_component id="oc-675">
         <name>.text:frexp</name>
         <load_address>0x7f60</load_address>
         <run_address>0x7f60</run_address>
         <size>0x64</size>
         <input_file_ref idref="fl-101"/>
      </object_component>
      <object_component id="oc-6a7">
         <name>.text:_CSGetDividerValue</name>
         <load_address>0x7fc4</load_address>
         <run_address>0x7fc4</run_address>
         <size>0x62</size>
         <input_file_ref idref="fl-22"/>
      </object_component>
      <object_component id="oc-4fd">
         <name>.text:PCM_getCoreVoltageLevel</name>
         <load_address>0x8026</load_address>
         <run_address>0x8026</run_address>
         <size>0x5e</size>
         <input_file_ref idref="fl-27"/>
      </object_component>
      <object_component id="oc-4f7">
         <name>.text:PCM_getPowerMode</name>
         <load_address>0x8084</load_address>
         <run_address>0x8084</run_address>
         <size>0x5a</size>
         <input_file_ref idref="fl-27"/>
      </object_component>
      <object_component id="oc-12a">
         <name>.text:Timer_A_initCapture</name>
         <load_address>0x80e0</load_address>
         <run_address>0x80e0</run_address>
         <size>0x58</size>
         <input_file_ref idref="fl-2d"/>
      </object_component>
      <object_component id="oc-536">
         <name>.text:_pconv_f</name>
         <load_address>0x8138</load_address>
         <run_address>0x8138</run_address>
         <size>0x56</size>
         <input_file_ref idref="fl-e7"/>
      </object_component>
      <object_component id="oc-1fc">
         <name>.text:ADC14_initModule</name>
         <load_address>0x8190</load_address>
         <run_address>0x8190</run_address>
         <size>0x54</size>
         <input_file_ref idref="fl-21"/>
      </object_component>
      <object_component id="oc-64a">
         <name>.text:__TI_ltoa</name>
         <load_address>0x81e4</load_address>
         <run_address>0x81e4</run_address>
         <size>0x54</size>
         <input_file_ref idref="fl-f7"/>
      </object_component>
      <object_component id="oc-e2">
         <name>.text:Graphics_initContext</name>
         <load_address>0x8238</load_address>
         <run_address>0x8238</run_address>
         <size>0x52</size>
         <input_file_ref idref="fl-1c"/>
      </object_component>
      <object_component id="oc-65a">
         <name>.text:_ecpy</name>
         <load_address>0x828a</load_address>
         <run_address>0x828a</run_address>
         <size>0x52</size>
         <input_file_ref idref="fl-e7"/>
      </object_component>
      <object_component id="oc-11e">
         <name>.text:Timer_A_initCompare</name>
         <load_address>0x82dc</load_address>
         <run_address>0x82dc</run_address>
         <size>0x4e</size>
         <input_file_ref idref="fl-2d"/>
      </object_component>
      <object_component id="oc-51f">
         <name>.text:atoi</name>
         <load_address>0x832c</load_address>
         <run_address>0x832c</run_address>
         <size>0x4c</size>
         <input_file_ref idref="fl-f8"/>
      </object_component>
      <object_component id="oc-14e">
         <name>.text:FlashCtl_setWaitState</name>
         <load_address>0x8378</load_address>
         <run_address>0x8378</run_address>
         <size>0x48</size>
         <input_file_ref idref="fl-23"/>
      </object_component>
      <object_component id="oc-226">
         <name>.text:Graphics_drawStringCentered</name>
         <load_address>0x83c0</load_address>
         <run_address>0x83c0</run_address>
         <size>0x48</size>
         <input_file_ref idref="fl-1f"/>
      </object_component>
      <object_component id="oc-645">
         <name>.text</name>
         <load_address>0x8408</load_address>
         <run_address>0x8408</run_address>
         <size>0x48</size>
         <input_file_ref idref="fl-ee"/>
      </object_component>
      <object_component id="oc-27e">
         <name>.text:__TI_auto_init_nobinit_nopinit:__TI_auto_init_nobinit_nopinit</name>
         <load_address>0x8450</load_address>
         <run_address>0x8450</run_address>
         <size>0x44</size>
         <input_file_ref idref="fl-104"/>
      </object_component>
      <object_component id="oc-124">
         <name>.text:GPIO_setAsOutputPin</name>
         <load_address>0x8494</load_address>
         <run_address>0x8494</run_address>
         <size>0x40</size>
         <input_file_ref idref="fl-24"/>
      </object_component>
      <object_component id="oc-5a2">
         <name>.text:Graphics_getNumberOfLeadingZeros</name>
         <load_address>0x84d4</load_address>
         <run_address>0x84d4</run_address>
         <size>0x40</size>
         <input_file_ref idref="fl-1f"/>
      </object_component>
      <object_component id="oc-5f4">
         <name>.text:is_A_Module</name>
         <load_address>0x8514</load_address>
         <run_address>0x8514</run_address>
         <size>0x40</size>
         <input_file_ref idref="fl-29"/>
      </object_component>
      <object_component id="oc-24a">
         <name>.text:sprintf</name>
         <load_address>0x8554</load_address>
         <run_address>0x8554</run_address>
         <size>0x40</size>
         <input_file_ref idref="fl-e8"/>
      </object_component>
      <object_component id="oc-1da">
         <name>.text:vsnprintf</name>
         <load_address>0x8594</load_address>
         <run_address>0x8594</run_address>
         <size>0x40</size>
         <input_file_ref idref="fl-e9"/>
      </object_component>
      <object_component id="oc-66d">
         <name>.text:_fcpy</name>
         <load_address>0x85d4</load_address>
         <run_address>0x85d4</run_address>
         <size>0x3e</size>
         <input_file_ref idref="fl-e7"/>
      </object_component>
      <object_component id="oc-238">
         <name>.text:ADC14_getEnabledInterruptStatus</name>
         <load_address>0x8614</load_address>
         <run_address>0x8614</run_address>
         <size>0x38</size>
         <input_file_ref idref="fl-21"/>
      </object_component>
      <object_component id="oc-1c1">
         <name>.text:Timer32_startTimer</name>
         <load_address>0x864c</load_address>
         <run_address>0x864c</run_address>
         <size>0x38</size>
         <input_file_ref idref="fl-2c"/>
      </object_component>
      <object_component id="oc-6c5">
         <name>.text:Graphics_drawHorizontalLineOnDisplay</name>
         <load_address>0x8684</load_address>
         <run_address>0x8684</run_address>
         <size>0x36</size>
         <input_file_ref idref="fl-1d"/>
      </object_component>
      <object_component id="oc-214">
         <name>.text:ADC14_enableSampleTimer</name>
         <load_address>0x86bc</load_address>
         <run_address>0x86bc</run_address>
         <size>0x34</size>
         <input_file_ref idref="fl-21"/>
      </object_component>
      <object_component id="oc-154">
         <name>.text:CS_setDCOCenteredFrequency</name>
         <load_address>0x86f0</load_address>
         <run_address>0x86f0</run_address>
         <size>0x34</size>
         <input_file_ref idref="fl-22"/>
      </object_component>
      <object_component id="oc-1bb">
         <name>.text:Timer32_setCount</name>
         <load_address>0x8724</load_address>
         <run_address>0x8724</run_address>
         <size>0x34</size>
         <input_file_ref idref="fl-2c"/>
      </object_component>
      <object_component id="oc-130">
         <name>.text:Timer_A_configureContinuousMode</name>
         <load_address>0x8758</load_address>
         <run_address>0x8758</run_address>
         <size>0x34</size>
         <input_file_ref idref="fl-2d"/>
      </object_component>
      <object_component id="oc-39d">
         <name>.text:UART_transmitData</name>
         <load_address>0x878c</load_address>
         <run_address>0x878c</run_address>
         <size>0x34</size>
         <input_file_ref idref="fl-2e"/>
      </object_component>
      <object_component id="oc-50">
         <name>.text:_c_int00_noargs:_c_int00_noargs</name>
         <load_address>0x87c0</load_address>
         <run_address>0x87c0</run_address>
         <size>0x34</size>
         <input_file_ref idref="fl-fe"/>
      </object_component>
      <object_component id="oc-23e">
         <name>.text:ADC14_clearInterruptFlag</name>
         <load_address>0x87f4</load_address>
         <run_address>0x87f4</run_address>
         <size>0x30</size>
         <input_file_ref idref="fl-21"/>
      </object_component>
      <object_component id="oc-20e">
         <name>.text:ADC14_enableInterrupt</name>
         <load_address>0x8824</load_address>
         <run_address>0x8824</run_address>
         <size>0x30</size>
         <input_file_ref idref="fl-21"/>
      </object_component>
      <object_component id="oc-6ad">
         <name>.text:CS_clearInterruptFlag</name>
         <load_address>0x8854</load_address>
         <run_address>0x8854</run_address>
         <size>0x30</size>
         <input_file_ref idref="fl-22"/>
      </object_component>
      <object_component id="oc-3ec">
         <name>.text:_outs</name>
         <load_address>0x8884</load_address>
         <run_address>0x8884</run_address>
         <size>0x30</size>
         <input_file_ref idref="fl-e9"/>
      </object_component>
      <object_component id="oc-650">
         <name>.text</name>
         <load_address>0x88b4</load_address>
         <run_address>0x88b4</run_address>
         <size>0x2e</size>
         <input_file_ref idref="fl-ef"/>
      </object_component>
      <object_component id="oc-432">
         <name>.text:ADC14_getInterruptStatus</name>
         <load_address>0x88e4</load_address>
         <run_address>0x88e4</run_address>
         <size>0x2c</size>
         <input_file_ref idref="fl-21"/>
      </object_component>
      <object_component id="oc-220">
         <name>.text:ADC14_toggleConversionTrigger</name>
         <load_address>0x8910</load_address>
         <run_address>0x8910</run_address>
         <size>0x2c</size>
         <input_file_ref idref="fl-21"/>
      </object_component>
      <object_component id="oc-5ae">
         <name>.text:Graphics_drawPixelOnDisplay</name>
         <load_address>0x893c</load_address>
         <run_address>0x893c</run_address>
         <size>0x2c</size>
         <input_file_ref idref="fl-1d"/>
      </object_component>
      <object_component id="oc-1cd">
         <name>.text:Timer_A_clearCaptureCompareInterrupt</name>
         <load_address>0x8968</load_address>
         <run_address>0x8968</run_address>
         <size>0x2c</size>
         <input_file_ref idref="fl-2d"/>
      </object_component>
      <object_component id="oc-21a">
         <name>.text:ADC14_enableConversion</name>
         <load_address>0x8994</load_address>
         <run_address>0x8994</run_address>
         <size>0x28</size>
         <input_file_ref idref="fl-21"/>
      </object_component>
      <object_component id="oc-244">
         <name>.text:ADC14_getResult</name>
         <load_address>0x89bc</load_address>
         <run_address>0x89bc</run_address>
         <size>0x28</size>
         <input_file_ref idref="fl-21"/>
      </object_component>
      <object_component id="oc-38b">
         <name>.text:CS_getSMCLK</name>
         <load_address>0x89e4</load_address>
         <run_address>0x89e4</run_address>
         <size>0x28</size>
         <input_file_ref idref="fl-22"/>
      </object_component>
      <object_component id="oc-19c">
         <name>.text:GPIO_setOutputHighOnPin</name>
         <load_address>0x8a0c</load_address>
         <run_address>0x8a0c</run_address>
         <size>0x28</size>
         <input_file_ref idref="fl-24"/>
      </object_component>
      <object_component id="oc-1a2">
         <name>.text:GPIO_setOutputLowOnPin</name>
         <load_address>0x8a34</load_address>
         <run_address>0x8a34</run_address>
         <size>0x28</size>
         <input_file_ref idref="fl-24"/>
      </object_component>
      <object_component id="oc-232">
         <name>.text:PCM_gotoLPM0</name>
         <load_address>0x8a5c</load_address>
         <run_address>0x8a5c</run_address>
         <size>0x28</size>
         <input_file_ref idref="fl-27"/>
      </object_component>
      <object_component id="oc-13c">
         <name>.text:WDT_A_holdTimer</name>
         <load_address>0x8a84</load_address>
         <run_address>0x8a84</run_address>
         <size>0x24</size>
         <input_file_ref idref="fl-2f"/>
      </object_component>
      <object_component id="oc-1d3">
         <name>.text:Timer_A_getCaptureCompareCount</name>
         <load_address>0x8aa8</load_address>
         <run_address>0x8aa8</run_address>
         <size>0x22</size>
         <input_file_ref idref="fl-2d"/>
      </object_component>
      <object_component id="oc-4b0">
         <name>.text:SPI_enableModule</name>
         <load_address>0x8aca</load_address>
         <run_address>0x8aca</run_address>
         <size>0x1c</size>
         <input_file_ref idref="fl-29"/>
      </object_component>
      <object_component id="oc-548">
         <name>.text:memccpy</name>
         <load_address>0x8ae6</load_address>
         <run_address>0x8ae6</run_address>
         <size>0x1c</size>
         <input_file_ref idref="fl-fb"/>
      </object_component>
      <object_component id="oc-325">
         <name>.text:Graphics_clearDisplayOnDisplay</name>
         <load_address>0x8b02</load_address>
         <run_address>0x8b02</run_address>
         <size>0x1a</size>
         <input_file_ref idref="fl-1d"/>
      </object_component>
      <object_component id="oc-ee">
         <name>.text:Graphics_setBackgroundColor</name>
         <load_address>0x8b1c</load_address>
         <run_address>0x8b1c</run_address>
         <size>0x1a</size>
         <input_file_ref idref="fl-1c"/>
      </object_component>
      <object_component id="oc-f4">
         <name>.text:Graphics_setFont</name>
         <load_address>0x8b36</load_address>
         <run_address>0x8b36</run_address>
         <size>0x1a</size>
         <input_file_ref idref="fl-1c"/>
      </object_component>
      <object_component id="oc-707">
         <name>.text:copysign</name>
         <load_address>0x8b50</load_address>
         <run_address>0x8b50</run_address>
         <size>0x1a</size>
         <input_file_ref idref="fl-109"/>
      </object_component>
      <object_component id="oc-3f2">
         <name>.text:_outc</name>
         <load_address>0x8b6a</load_address>
         <run_address>0x8b6a</run_address>
         <size>0x18</size>
         <input_file_ref idref="fl-e9"/>
      </object_component>
      <object_component id="oc-43b">
         <name>.text:_outs</name>
         <load_address>0x8b82</load_address>
         <run_address>0x8b82</run_address>
         <size>0x18</size>
         <input_file_ref idref="fl-e8"/>
      </object_component>
      <object_component id="oc-5fc">
         <name>.text:EUSCI_A_SPI_enable</name>
         <load_address>0x8b9a</load_address>
         <run_address>0x8b9a</run_address>
         <size>0x16</size>
         <input_file_ref idref="fl-29"/>
      </object_component>
      <object_component id="oc-602">
         <name>.text:EUSCI_B_SPI_enable</name>
         <load_address>0x8bb0</load_address>
         <run_address>0x8bb0</run_address>
         <size>0x16</size>
         <input_file_ref idref="fl-29"/>
      </object_component>
      <object_component id="oc-e8">
         <name>.text:Graphics_setForegroundColor</name>
         <load_address>0x8bc6</load_address>
         <run_address>0x8bc6</run_address>
         <size>0x16</size>
         <input_file_ref idref="fl-1c"/>
      </object_component>
      <object_component id="oc-317">
         <name>.text:Graphics_translateColorOnDisplay</name>
         <load_address>0x8bdc</load_address>
         <run_address>0x8bdc</run_address>
         <size>0x16</size>
         <input_file_ref idref="fl-1d"/>
      </object_component>
      <object_component id="oc-118">
         <name>.text:Timer_A_startCounter</name>
         <load_address>0x8bf2</load_address>
         <run_address>0x8bf2</run_address>
         <size>0x16</size>
         <input_file_ref idref="fl-2d"/>
      </object_component>
      <object_component id="oc-397">
         <name>.text:UART_enableModule</name>
         <load_address>0x8c08</load_address>
         <run_address>0x8c08</run_address>
         <size>0x16</size>
         <input_file_ref idref="fl-2e"/>
      </object_component>
      <object_component id="oc-681">
         <name>.text:strchr</name>
         <load_address>0x8c1e</load_address>
         <run_address>0x8c1e</run_address>
         <size>0x16</size>
         <input_file_ref idref="fl-fc"/>
      </object_component>
      <object_component id="oc-503">
         <name>.text:PCM_getPowerState</name>
         <load_address>0x8c34</load_address>
         <run_address>0x8c34</run_address>
         <size>0x14</size>
         <input_file_ref idref="fl-27"/>
      </object_component>
      <object_component id="oc-1b5">
         <name>.text:Timer32_disableInterrupt</name>
         <load_address>0x8c48</load_address>
         <run_address>0x8c48</run_address>
         <size>0x14</size>
         <input_file_ref idref="fl-2c"/>
      </object_component>
      <object_component id="oc-106">
         <name>.text:Timer_A_stopTimer</name>
         <load_address>0x8c5c</load_address>
         <run_address>0x8c5c</run_address>
         <size>0x14</size>
         <input_file_ref idref="fl-2d"/>
      </object_component>
      <object_component id="oc-519">
         <name>.text:strlen</name>
         <load_address>0x8c70</load_address>
         <run_address>0x8c70</run_address>
         <size>0x14</size>
         <input_file_ref idref="fl-fd"/>
      </object_component>
      <object_component id="oc-fa">
         <name>.text:Graphics_clearDisplay</name>
         <load_address>0x8c84</load_address>
         <run_address>0x8c84</run_address>
         <size>0x12</size>
         <input_file_ref idref="fl-1c"/>
      </object_component>
      <object_component id="oc-54e">
         <name>.text:wcslen</name>
         <load_address>0x8c96</load_address>
         <run_address>0x8c96</run_address>
         <size>0x12</size>
         <input_file_ref idref="fl-100"/>
      </object_component>
      <object_component id="oc-405">
         <name>.text:ADCIsConversionRunning</name>
         <load_address>0x8ca8</load_address>
         <run_address>0x8ca8</run_address>
         <size>0x10</size>
         <input_file_ref idref="fl-21"/>
      </object_component>
      <object_component id="oc-142">
         <name>.text:Interrupt_disableMaster</name>
         <load_address>0x8cb8</load_address>
         <run_address>0x8cb8</run_address>
         <size>0x10</size>
         <input_file_ref idref="fl-26"/>
      </object_component>
      <object_component id="oc-166">
         <name>.text:Interrupt_enableMaster</name>
         <load_address>0x8cc8</load_address>
         <run_address>0x8cc8</run_address>
         <size>0x10</size>
         <input_file_ref idref="fl-26"/>
      </object_component>
      <object_component id="oc-148">
         <name>.text:PCM_setCoreVoltageLevel</name>
         <load_address>0x8cd8</load_address>
         <run_address>0x8cd8</run_address>
         <size>0x10</size>
         <input_file_ref idref="fl-27"/>
      </object_component>
      <object_component id="oc-509">
         <name>.text:PCM_setPowerMode</name>
         <load_address>0x8ce8</load_address>
         <run_address>0x8ce8</run_address>
         <size>0x10</size>
         <input_file_ref idref="fl-27"/>
      </object_component>
      <object_component id="oc-1c7">
         <name>.text:Timer32_getValue</name>
         <load_address>0x8cf8</load_address>
         <run_address>0x8cf8</run_address>
         <size>0xe</size>
         <input_file_ref idref="fl-2c"/>
      </object_component>
      <object_component id="oc-18">
         <name>.text:decompress:none:__TI_decompress_none</name>
         <load_address>0x8d06</load_address>
         <run_address>0x8d06</run_address>
         <size>0xe</size>
         <input_file_ref idref="fl-f4"/>
      </object_component>
      <object_component id="oc-62">
         <name>.text</name>
         <load_address>0x8d14</load_address>
         <run_address>0x8d14</run_address>
         <size>0xe</size>
         <input_file_ref idref="fl-8"/>
      </object_component>
      <object_component id="oc-1f6">
         <name>.text:ADC14_enableModule</name>
         <load_address>0x8d24</load_address>
         <run_address>0x8d24</run_address>
         <size>0xc</size>
         <input_file_ref idref="fl-21"/>
      </object_component>
      <object_component id="oc-34c">
         <name>.text:CPU_cpsid</name>
         <load_address>0x8d30</load_address>
         <run_address>0x8d30</run_address>
         <size>0xc</size>
         <input_file_ref idref="fl-30"/>
      </object_component>
      <object_component id="oc-35e">
         <name>.text:CPU_cpsie</name>
         <load_address>0x8d3c</load_address>
         <run_address>0x8d3c</run_address>
         <size>0xc</size>
         <input_file_ref idref="fl-30"/>
      </object_component>
      <object_component id="oc-44">
         <name>.text:decompress:ZI:__TI_zero_init</name>
         <load_address>0x8d48</load_address>
         <run_address>0x8d48</run_address>
         <size>0xc</size>
         <input_file_ref idref="fl-f3"/>
      </object_component>
      <object_component id="oc-441">
         <name>.text:_outc</name>
         <load_address>0x8d54</load_address>
         <run_address>0x8d54</run_address>
         <size>0xa</size>
         <input_file_ref idref="fl-e8"/>
      </object_component>
      <object_component id="oc-554">
         <name>.text:__aeabi_errno_addr</name>
         <load_address>0x8d60</load_address>
         <run_address>0x8d60</run_address>
         <size>0x8</size>
         <input_file_ref idref="fl-ff"/>
      </object_component>
      <object_component id="oc-42b">
         <name>.text:CPU_wfi</name>
         <load_address>0x8d68</load_address>
         <run_address>0x8d68</run_address>
         <size>0x4</size>
         <input_file_ref idref="fl-30"/>
      </object_component>
      <object_component id="oc-383">
         <name>.text:_outc</name>
         <load_address>0x8d6c</load_address>
         <run_address>0x8d6c</run_address>
         <size>0x4</size>
         <input_file_ref idref="fl-e6"/>
      </object_component>
      <object_component id="oc-37d">
         <name>.text:_outs</name>
         <load_address>0x8d70</load_address>
         <run_address>0x8d70</run_address>
         <size>0x4</size>
         <input_file_ref idref="fl-e6"/>
      </object_component>
      <object_component id="oc-9f">
         <name>.text:_system_pre_init</name>
         <load_address>0x8d74</load_address>
         <run_address>0x8d74</run_address>
         <size>0x4</size>
         <input_file_ref idref="fl-105"/>
      </object_component>
      <object_component id="oc-272">
         <name>.text:abort:abort</name>
         <load_address>0x8d78</load_address>
         <run_address>0x8d78</run_address>
         <size>0x4</size>
         <input_file_ref idref="fl-107"/>
      </object_component>
      <object_component id="oc-3cc">
         <name>.const:.string:g_pucFontFixed6x8Data</name>
         <load_address>0x8d7c</load_address>
         <run_address>0x8d7c</run_address>
         <size>0x2f8</size>
         <input_file_ref idref="fl-1e"/>
      </object_component>
      <object_component id="oc-3a6">
         <name>.const:UCxBRS</name>
         <load_address>0x9074</load_address>
         <run_address>0x9074</run_address>
         <size>0x120</size>
         <input_file_ref idref="fl-a"/>
      </object_component>
      <object_component id="oc-62a">
         <name>.const:.string:_ctypes_</name>
         <load_address>0x9194</load_address>
         <run_address>0x9194</run_address>
         <size>0x101</size>
         <input_file_ref idref="fl-f9"/>
      </object_component>
      <object_component id="oc-18d">
         <name>.const:g_sFontFixed6x8</name>
         <load_address>0x9298</load_address>
         <run_address>0x9298</run_address>
         <size>0xc8</size>
         <input_file_ref idref="fl-1e"/>
      </object_component>
      <object_component id="oc-412">
         <name>.const:_ctlRegs</name>
         <load_address>0x9360</load_address>
         <run_address>0x9360</run_address>
         <size>0x80</size>
         <input_file_ref idref="fl-21"/>
      </object_component>
      <object_component id="oc-331">
         <name>.const:GPIO_PORT_TO_BASE</name>
         <load_address>0x93e0</load_address>
         <run_address>0x93e0</run_address>
         <size>0x30</size>
         <input_file_ref idref="fl-24"/>
      </object_component>
      <object_component id="oc-18a">
         <name>.const:g_sCrystalfontz128x128_funcs</name>
         <load_address>0x9410</load_address>
         <run_address>0x9410</run_address>
         <size>0x20</size>
         <input_file_ref idref="fl-14"/>
      </object_component>
      <object_component id="oc-4b6">
         <name>.const:$P$T0$1</name>
         <load_address>0x9430</load_address>
         <run_address>0x9430</run_address>
         <size>0x1c</size>
         <input_file_ref idref="fl-15"/>
      </object_component>
      <object_component id="oc-196">
         <name>.const:captureModeConfig</name>
         <load_address>0x944c</load_address>
         <run_address>0x944c</run_address>
         <size>0x18</size>
         <input_file_ref idref="fl-7"/>
      </object_component>
      <object_component id="oc-190">
         <name>.const:upConfig</name>
         <load_address>0x9464</load_address>
         <run_address>0x9464</run_address>
         <size>0x18</size>
         <input_file_ref idref="fl-7"/>
      </object_component>
      <object_component id="oc-199">
         <name>.const:continuousModeConfig</name>
         <load_address>0x947c</load_address>
         <run_address>0x947c</run_address>
         <size>0x10</size>
         <input_file_ref idref="fl-7"/>
      </object_component>
      <object_component id="oc-30c">
         <name>.const:$P$T0$1</name>
         <load_address>0x948c</load_address>
         <run_address>0x948c</run_address>
         <size>0x8</size>
         <input_file_ref idref="fl-14"/>
      </object_component>
      <object_component id="oc-32c">
         <name>.const:g_pulDisRegs</name>
         <load_address>0x9494</load_address>
         <run_address>0x9494</run_address>
         <size>0x8</size>
         <input_file_ref idref="fl-26"/>
      </object_component>
      <object_component id="oc-347">
         <name>.const:g_pulEnRegs</name>
         <load_address>0x949c</load_address>
         <run_address>0x949c</run_address>
         <size>0x8</size>
         <input_file_ref idref="fl-26"/>
      </object_component>
      <object_component id="oc-bb">
         <name>.const</name>
         <load_address>0x94a4</load_address>
         <run_address>0x94a4</run_address>
         <size>0x8</size>
         <input_file_ref idref="fl-11"/>
      </object_component>
      <object_component id="oc-784">
         <name>.cinit..data.load</name>
         <load_address>0x94b0</load_address>
         <run_address>0x94b0</run_address>
         <size>0x53</size>
      </object_component>
      <object_component id="oc-782">
         <name>__TI_handler_table</name>
         <load_address>0x9504</load_address>
         <run_address>0x9504</run_address>
         <size>0xc</size>
      </object_component>
      <object_component id="oc-785">
         <name>.cinit..bss.load</name>
         <load_address>0x9510</load_address>
         <run_address>0x9510</run_address>
         <size>0x8</size>
      </object_component>
      <object_component id="oc-783">
         <name>__TI_cinit_table</name>
         <load_address>0x9518</load_address>
         <run_address>0x9518</run_address>
         <size>0x10</size>
      </object_component>
      <object_component id="oc-1a9">
         <name>.data</name>
         <load_address>0x2000cd58</load_address>
         <run_address>0x2000cd58</run_address>
         <size>0x9</size>
         <input_file_ref idref="fl-6"/>
      </object_component>
      <object_component id="oc-251">
         <name>.data:fsm</name>
         <load_address>0x2000cc8c</load_address>
         <run_address>0x2000cc8c</run_address>
         <size>0x30</size>
         <input_file_ref idref="fl-6"/>
      </object_component>
      <object_component id="oc-193">
         <name>.data:compareConfig_PWM</name>
         <load_address>0x2000cd1c</load_address>
         <run_address>0x2000cd1c</run_address>
         <size>0x10</size>
         <input_file_ref idref="fl-7"/>
      </object_component>
      <object_component id="oc-1ac">
         <name>.data</name>
         <load_address>0x2000cce4</load_address>
         <run_address>0x2000cce4</run_address>
         <size>0x20</size>
         <input_file_ref idref="fl-7"/>
      </object_component>
      <object_component id="oc-c8">
         <name>.data</name>
         <load_address>0x2000cd70</load_address>
         <run_address>0x2000cd70</run_address>
         <size>0x4</size>
         <input_file_ref idref="fl-9"/>
      </object_component>
      <object_component id="oc-3a3">
         <name>.data:uart_config</name>
         <load_address>0x2000ccbc</load_address>
         <run_address>0x2000ccbc</run_address>
         <size>0x28</size>
         <input_file_ref idref="fl-a"/>
      </object_component>
      <object_component id="oc-b8">
         <name>.data</name>
         <load_address>0x2000cc58</load_address>
         <run_address>0x2000cc58</run_address>
         <size>0x34</size>
         <input_file_ref idref="fl-f"/>
      </object_component>
      <object_component id="oc-491">
         <name>.data</name>
         <load_address>0x2000cd4c</load_address>
         <run_address>0x2000cd4c</run_address>
         <size>0xc</size>
         <input_file_ref idref="fl-10"/>
      </object_component>
      <object_component id="oc-c5">
         <name>.data</name>
         <load_address>0x2000cd04</load_address>
         <run_address>0x2000cd04</run_address>
         <size>0x18</size>
         <input_file_ref idref="fl-11"/>
      </object_component>
      <object_component id="oc-47c">
         <name>.data</name>
         <load_address>0x2000cd3c</load_address>
         <run_address>0x2000cd3c</run_address>
         <size>0x10</size>
         <input_file_ref idref="fl-13"/>
      </object_component>
      <object_component id="oc-187">
         <name>.data:g_sCrystalfontz128x128</name>
         <load_address>0x2000cd2c</load_address>
         <run_address>0x2000cd2c</run_address>
         <size>0x10</size>
         <input_file_ref idref="fl-14"/>
      </object_component>
      <object_component id="oc-377">
         <name>.data:$O1$$</name>
         <load_address>0x2000cd64</load_address>
         <run_address>0x2000cd64</run_address>
         <size>0x8</size>
         <input_file_ref idref="fl-f6"/>
      </object_component>
      <object_component id="oc-37a">
         <name>.data:_ftable</name>
         <load_address>0x2000cb68</load_address>
         <run_address>0x2000cb68</run_address>
         <size>0xf0</size>
         <input_file_ref idref="fl-fa"/>
      </object_component>
      <object_component id="oc-691">
         <name>.data</name>
         <load_address>0x2000cd6c</load_address>
         <run_address>0x2000cd6c</run_address>
         <size>0x4</size>
         <input_file_ref idref="fl-ff"/>
      </object_component>
      <object_component id="oc-254">
         <name>.bss:resultsBuffer</name>
         <uninitialized>true</uninitialized>
         <run_address>0x2000cb4c</run_address>
         <size>0x4</size>
         <input_file_ref idref="fl-6"/>
      </object_component>
      <object_component id="oc-1e0">
         <name>.bss:print_buffer$1</name>
         <uninitialized>true</uninitialized>
         <run_address>0x2000c800</run_address>
         <size>0x100</size>
         <input_file_ref idref="fl-7"/>
      </object_component>
      <object_component id="oc-3a9">
         <name>.bss:print_buffer$1</name>
         <uninitialized>true</uninitialized>
         <run_address>0x2000c900</run_address>
         <size>0x100</size>
         <input_file_ref idref="fl-a"/>
      </object_component>
      <object_component id="oc-2c2">
         <name>.bss:pxReadyTasksLists</name>
         <uninitialized>true</uninitialized>
         <run_address>0x2000ca00</run_address>
         <size>0x64</size>
         <input_file_ref idref="fl-f"/>
      </object_component>
      <object_component id="oc-2d7">
         <name>.bss:xDelayedTaskList1</name>
         <uninitialized>true</uninitialized>
         <run_address>0x2000cac8</run_address>
         <size>0x14</size>
         <input_file_ref idref="fl-f"/>
      </object_component>
      <object_component id="oc-2da">
         <name>.bss:xDelayedTaskList2</name>
         <uninitialized>true</uninitialized>
         <run_address>0x2000cadc</run_address>
         <size>0x14</size>
         <input_file_ref idref="fl-f"/>
      </object_component>
      <object_component id="oc-2c8">
         <name>.bss</name>
         <uninitialized>true</uninitialized>
         <run_address>0x2000cb34</run_address>
         <size>0x8</size>
         <input_file_ref idref="fl-f"/>
      </object_component>
      <object_component id="oc-2d4">
         <name>.bss:xPendingReadyList</name>
         <uninitialized>true</uninitialized>
         <run_address>0x2000caf0</run_address>
         <size>0x14</size>
         <input_file_ref idref="fl-f"/>
      </object_component>
      <object_component id="oc-2c5">
         <name>.bss:xTasksWaitingTermination</name>
         <uninitialized>true</uninitialized>
         <run_address>0x2000cb18</run_address>
         <size>0x14</size>
         <input_file_ref idref="fl-f"/>
      </object_component>
      <object_component id="oc-2cb">
         <name>.bss:xSuspendedTaskList</name>
         <uninitialized>true</uninitialized>
         <run_address>0x2000cb04</run_address>
         <size>0x14</size>
         <input_file_ref idref="fl-f"/>
      </object_component>
      <object_component id="oc-497">
         <name>.bss:xActiveTimerList1</name>
         <uninitialized>true</uninitialized>
         <run_address>0x2000caa0</run_address>
         <size>0x14</size>
         <input_file_ref idref="fl-10"/>
      </object_component>
      <object_component id="oc-49a">
         <name>.bss:xActiveTimerList2</name>
         <uninitialized>true</uninitialized>
         <run_address>0x2000cab4</run_address>
         <size>0x14</size>
         <input_file_ref idref="fl-10"/>
      </object_component>
      <object_component id="oc-494">
         <name>.bss</name>
         <uninitialized>true</uninitialized>
         <run_address>0x2000cb3c</run_address>
         <size>0x8</size>
         <input_file_ref idref="fl-10"/>
      </object_component>
      <object_component id="oc-482">
         <name>.bss:ucHeap</name>
         <uninitialized>true</uninitialized>
         <run_address>0x20000000</run_address>
         <size>0xc800</size>
         <input_file_ref idref="fl-13"/>
      </object_component>
      <object_component id="oc-47f">
         <name>.bss:xStart</name>
         <uninitialized>true</uninitialized>
         <run_address>0x2000cb44</run_address>
         <size>0x8</size>
         <input_file_ref idref="fl-13"/>
      </object_component>
      <object_component id="oc-6b9">
         <name>.bss</name>
         <uninitialized>true</uninitialized>
         <run_address>0x2000cb2c</run_address>
         <size>0x8</size>
         <input_file_ref idref="fl-22"/>
      </object_component>
      <object_component id="oc-259">
         <name>.common:pressed</name>
         <uninitialized>true</uninitialized>
         <run_address>0x2000cb63</run_address>
         <size>0x1</size>
      </object_component>
      <object_component id="oc-258">
         <name>.common:count</name>
         <uninitialized>true</uninitialized>
         <run_address>0x2000cb50</run_address>
         <size>0x4</size>
      </object_component>
      <object_component id="oc-257">
         <name>.common:semaforo</name>
         <uninitialized>true</uninitialized>
         <run_address>0x2000cb64</run_address>
         <size>0x1</size>
      </object_component>
      <object_component id="oc-250">
         <name>.common:event</name>
         <uninitialized>true</uninitialized>
         <run_address>0x2000cb62</run_address>
         <size>0x1</size>
      </object_component>
      <object_component id="oc-17e">
         <name>.common:g_sContext</name>
         <uninitialized>true</uninitialized>
         <run_address>0x2000ca84</run_address>
         <size>0x1c</size>
      </object_component>
      <object_component id="oc-1a8">
         <name>.common:q1</name>
         <uninitialized>true</uninitialized>
         <run_address>0x2000cb54</run_address>
         <size>0x4</size>
      </object_component>
      <object_component id="oc-1d9">
         <name>.common:peoplePos</name>
         <uninitialized>true</uninitialized>
         <run_address>0x2000ca64</run_address>
         <size>0x20</size>
      </object_component>
      <object_component id="oc-30b">
         <name>.common:Lcd_Orientation</name>
         <uninitialized>true</uninitialized>
         <run_address>0x2000cb60</run_address>
         <size>0x1</size>
      </object_component>
      <object_component id="oc-303">
         <name>.common:Lcd_ScreenWidth</name>
         <uninitialized>true</uninitialized>
         <run_address>0x2000cb5a</run_address>
         <size>0x2</size>
      </object_component>
      <object_component id="oc-306">
         <name>.common:Lcd_ScreenHeigth</name>
         <uninitialized>true</uninitialized>
         <run_address>0x2000cb58</run_address>
         <size>0x2</size>
      </object_component>
      <object_component id="oc-307">
         <name>.common:Lcd_PenSolid</name>
         <uninitialized>true</uninitialized>
         <run_address>0x2000cb61</run_address>
         <size>0x1</size>
      </object_component>
      <object_component id="oc-308">
         <name>.common:Lcd_FontSolid</name>
         <uninitialized>true</uninitialized>
         <run_address>0x2000cb5f</run_address>
         <size>0x1</size>
      </object_component>
      <object_component id="oc-309">
         <name>.common:Lcd_FlagRead</name>
         <uninitialized>true</uninitialized>
         <run_address>0x2000cb5e</run_address>
         <size>0x1</size>
      </object_component>
      <object_component id="oc-30a">
         <name>.common:Lcd_TouchTrim</name>
         <uninitialized>true</uninitialized>
         <run_address>0x2000cb5c</run_address>
         <size>0x2</size>
      </object_component>
      <object_component id="oc-24">
         <name>.stack</name>
         <uninitialized>true</uninitialized>
         <run_address>0x2000fc00</run_address>
         <size>0x4</size>
         <input_file_ref idref="fl-fe"/>
      </object_component>
      <object_component id="oc-787">
         <name>.stack</name>
         <uninitialized>true</uninitialized>
         <run_address>0x2000fc00</run_address>
         <size>0x0</size>
      </object_component>
      <object_component id="oc-21">
         <name>.intvecs:retain</name>
         <load_address>0x0</load_address>
         <run_address>0x0</run_address>
         <size>0xe4</size>
         <input_file_ref idref="fl-8"/>
      </object_component>
      <object_component id="oc-44d">
         <name>.debug_info</name>
         <load_address>0x0</load_address>
         <run_address>0x0</run_address>
         <size>0x9a5</size>
         <input_file_ref idref="fl-2"/>
      </object_component>
      <object_component id="oc-5bf">
         <name>.debug_info</name>
         <load_address>0x9a5</load_address>
         <run_address>0x9a5</run_address>
         <size>0x9a</size>
         <input_file_ref idref="fl-2"/>
      </object_component>
      <object_component id="oc-25d">
         <name>.debug_info</name>
         <load_address>0xa3f</load_address>
         <run_address>0xa3f</run_address>
         <size>0x26b</size>
         <input_file_ref idref="fl-2"/>
      </object_component>
      <object_component id="oc-2e9">
         <name>.debug_info</name>
         <load_address>0xcaa</load_address>
         <run_address>0xcaa</run_address>
         <size>0x1055</size>
         <input_file_ref idref="fl-2"/>
      </object_component>
      <object_component id="oc-2e4">
         <name>.debug_info</name>
         <load_address>0x1cff</load_address>
         <run_address>0x1cff</run_address>
         <size>0x37e2</size>
         <input_file_ref idref="fl-2"/>
      </object_component>
      <object_component id="oc-3c3">
         <name>.debug_info</name>
         <load_address>0x54e1</load_address>
         <run_address>0x54e1</run_address>
         <size>0x341</size>
         <input_file_ref idref="fl-2"/>
      </object_component>
      <object_component id="oc-1e2">
         <name>.debug_info</name>
         <load_address>0x5822</load_address>
         <run_address>0x5822</run_address>
         <size>0x8b</size>
         <input_file_ref idref="fl-2"/>
      </object_component>
      <object_component id="oc-2f8">
         <name>.debug_info</name>
         <load_address>0x58ad</load_address>
         <run_address>0x58ad</run_address>
         <size>0x2a4</size>
         <input_file_ref idref="fl-2"/>
      </object_component>
      <object_component id="oc-3ab">
         <name>.debug_info</name>
         <load_address>0x5b51</load_address>
         <run_address>0x5b51</run_address>
         <size>0xef</size>
         <input_file_ref idref="fl-2"/>
      </object_component>
      <object_component id="oc-d7">
         <name>.debug_info</name>
         <load_address>0x5c40</load_address>
         <run_address>0x5c40</run_address>
         <size>0xbb</size>
         <input_file_ref idref="fl-2"/>
      </object_component>
      <object_component id="oc-4ba">
         <name>.debug_info</name>
         <load_address>0x5cfb</load_address>
         <run_address>0x5cfb</run_address>
         <size>0x131</size>
         <input_file_ref idref="fl-2"/>
      </object_component>
      <object_component id="oc-58a">
         <name>.debug_info</name>
         <load_address>0x5e2c</load_address>
         <run_address>0x5e2c</run_address>
         <size>0x102</size>
         <input_file_ref idref="fl-2"/>
      </object_component>
      <object_component id="oc-2d">
         <name>.debug_info</name>
         <load_address>0x5f2e</load_address>
         <run_address>0x5f2e</run_address>
         <size>0x84</size>
         <input_file_ref idref="fl-3"/>
      </object_component>
      <object_component id="oc-17f">
         <name>.debug_info</name>
         <load_address>0x5fb2</load_address>
         <run_address>0x5fb2</run_address>
         <size>0x81a</size>
         <input_file_ref idref="fl-4"/>
      </object_component>
      <object_component id="oc-22d">
         <name>.debug_info</name>
         <load_address>0x67cc</load_address>
         <run_address>0x67cc</run_address>
         <size>0x3b8</size>
         <input_file_ref idref="fl-4"/>
      </object_component>
      <object_component id="oc-3b3">
         <name>.debug_info</name>
         <load_address>0x6b84</load_address>
         <run_address>0x6b84</run_address>
         <size>0xb0</size>
         <input_file_ref idref="fl-4"/>
      </object_component>
      <object_component id="oc-310">
         <name>.debug_info</name>
         <load_address>0x6c34</load_address>
         <run_address>0x6c34</run_address>
         <size>0x439</size>
         <input_file_ref idref="fl-4"/>
      </object_component>
      <object_component id="oc-1f1">
         <name>.debug_info</name>
         <load_address>0x706d</load_address>
         <run_address>0x706d</run_address>
         <size>0xcc</size>
         <input_file_ref idref="fl-4"/>
      </object_component>
      <object_component id="oc-1e7">
         <name>.debug_info</name>
         <load_address>0x7139</load_address>
         <run_address>0x7139</run_address>
         <size>0x2c</size>
         <input_file_ref idref="fl-4"/>
      </object_component>
      <object_component id="oc-181">
         <name>.debug_info</name>
         <load_address>0x7165</load_address>
         <run_address>0x7165</run_address>
         <size>0x76d</size>
         <input_file_ref idref="fl-5"/>
      </object_component>
      <object_component id="oc-183">
         <name>.debug_info</name>
         <load_address>0x78d2</load_address>
         <run_address>0x78d2</run_address>
         <size>0x1088</size>
         <input_file_ref idref="fl-6"/>
      </object_component>
      <object_component id="oc-255">
         <name>.debug_info</name>
         <load_address>0x895a</load_address>
         <run_address>0x895a</run_address>
         <size>0xe2</size>
         <input_file_ref idref="fl-6"/>
      </object_component>
      <object_component id="oc-1aa">
         <name>.debug_info</name>
         <load_address>0x8a3c</load_address>
         <run_address>0x8a3c</run_address>
         <size>0x159</size>
         <input_file_ref idref="fl-6"/>
      </object_component>
      <object_component id="oc-252">
         <name>.debug_info</name>
         <load_address>0x8b95</load_address>
         <run_address>0x8b95</run_address>
         <size>0xcf</size>
         <input_file_ref idref="fl-6"/>
      </object_component>
      <object_component id="oc-7c">
         <name>.debug_info</name>
         <load_address>0x8c64</load_address>
[...]
      </symbol>
      <symbol id="sm-bff">
         <name>PCM_getCoreVoltageLevel</name>
         <value>0x8027</value>
         <object_component_ref idref="oc-4fd"/>
      </symbol>
      <symbol id="sm-c00">
         <name>PCM_getPowerMode</name>
         <value>0x8085</value>
         <object_component_ref idref="oc-4f7"/>
      </symbol>
      <symbol id="sm-c01">
         <name>PCM_getPowerState</name>
         <value>0x8c35</value>
         <object_component_ref idref="oc-503"/>
      </symbol>
      <symbol id="sm-c02">
         <name>PCM_gotoLPM0</name>
         <value>0x8a5d</value>
         <object_component_ref idref="oc-232"/>
      </symbol>
      <symbol id="sm-c03">
         <name>PCM_setPowerMode</name>
         <value>0x8ce9</value>
         <object_component_ref idref="oc-509"/>
      </symbol>
      <symbol id="sm-c43">
         <name>EUSCI_B_SPI_enable</name>
         <value>0x8bb1</value>
         <object_component_ref idref="oc-602"/>
      </symbol>
      <symbol id="sm-c44">
         <name>SPI_enableModule</name>
         <value>0x8acb</value>
         <object_component_ref idref="oc-4b0"/>
      </symbol>
      <symbol id="sm-c45">
         <name>EUSCI_A_SPI_enable</name>
         <value>0x8b9b</value>
         <object_component_ref idref="oc-5fc"/>
      </symbol>
      <symbol id="sm-c46">
         <name>SPI_initMaster</name>
         <value>0x762f</value>
         <object_component_ref idref="oc-4aa"/>
      </symbol>
      <symbol id="sm-c5d">
         <name>SysCtl_A_getTLVInfo</name>
         <value>0x78ad</value>
         <object_component_ref idref="oc-725"/>
      </symbol>
      <symbol id="sm-c96">
         <name>Timer32_startTimer</name>
         <value>0x864d</value>
         <object_component_ref idref="oc-1c1"/>
      </symbol>
      <symbol id="sm-c97">
         <name>Timer32_setCount</name>
         <value>0x8725</value>
         <object_component_ref idref="oc-1bb"/>
      </symbol>
      <symbol id="sm-c98">
         <name>Timer32_getValue</name>
         <value>0x8cf9</value>
         <object_component_ref idref="oc-1c7"/>
      </symbol>
      <symbol id="sm-c99">
         <name>Timer32_disableInterrupt</name>
         <value>0x8c49</value>
         <object_component_ref idref="oc-1b5"/>
      </symbol>
      <symbol id="sm-c9a">
         <name>Timer32_initModule</name>
         <value>0x7dc1</value>
         <object_component_ref idref="oc-1af"/>
      </symbol>
      <symbol id="sm-d06">
         <name>Timer_A_clearCaptureCompareInterrupt</name>
         <value>0x8969</value>
         <object_component_ref idref="oc-1cd"/>
      </symbol>
      <symbol id="sm-d07">
         <name>Timer_A_initCompare</name>
         <value>0x82dd</value>
         <object_component_ref idref="oc-11e"/>
      </symbol>
      <symbol id="sm-d08">
         <name>Timer_A_startCounter</name>
         <value>0x8bf3</value>
         <object_component_ref idref="oc-118"/>
      </symbol>
      <symbol id="sm-d09">
         <name>Timer_A_initCapture</name>
         <value>0x80e1</value>
         <object_component_ref idref="oc-12a"/>
      </symbol>
      <symbol id="sm-d0a">
         <name>Timer_A_getCaptureCompareCount</name>
         <value>0x8aa9</value>
         <object_component_ref idref="oc-1d3"/>
      </symbol>
      <symbol id="sm-d0b">
         <name>Timer_A_stopTimer</name>
         <value>0x8c5d</value>
         <object_component_ref idref="oc-106"/>
      </symbol>
      <symbol id="sm-d0c">
         <name>Timer_A_configureUpMode</name>
         <value>0x7e29</value>
         <object_component_ref idref="oc-112"/>
      </symbol>
      <symbol id="sm-d0d">
         <name>Timer_A_configureContinuousMode</name>
         <value>0x8759</value>
         <object_component_ref idref="oc-130"/>
      </symbol>
      <symbol id="sm-d45">
         <name>UART_enableModule</name>
         <value>0x8c09</value>
         <object_component_ref idref="oc-397"/>
      </symbol>
      <symbol id="sm-d46">
         <name>UART_transmitData</name>
         <value>0x878d</value>
         <object_component_ref idref="oc-39d"/>
      </symbol>
      <symbol id="sm-d47">
         <name>UART_initModule</name>
         <value>0x6a65</value>
         <object_component_ref idref="oc-391"/>
      </symbol>
      <symbol id="sm-d53">
         <name>WDT_A_holdTimer</name>
         <value>0x8a85</value>
         <object_component_ref idref="oc-13c"/>
      </symbol>
      <symbol id="sm-d6d">
         <name>CPU_wfi</name>
         <value>0x8d69</value>
         <object_component_ref idref="oc-42b"/>
      </symbol>
      <symbol id="sm-d6e">
         <name>CPU_cpsie</name>
         <value>0x8d3d</value>
         <object_component_ref idref="oc-35e"/>
      </symbol>
      <symbol id="sm-d6f">
         <name>CPU_cpsid</name>
         <value>0x8d31</value>
         <object_component_ref idref="oc-34c"/>
      </symbol>
      <symbol id="sm-d9b">
         <name>printf</name>
         <value>0x7ef9</value>
         <object_component_ref idref="oc-172"/>
      </symbol>
      <symbol id="sm-f05">
         <name>__TI_printfi</name>
         <value>0x2761</value>
         <object_component_ref idref="oc-371"/>
      </symbol>
      <symbol id="sm-f27">
         <name>sprintf</name>
         <value>0x8555</value>
         <object_component_ref idref="oc-24a"/>
      </symbol>
      <symbol id="sm-f51">
         <name>vsnprintf</name>
         <value>0x8595</value>
         <object_component_ref idref="oc-1da"/>
      </symbol>
      <symbol id="sm-f68">
         <name>__aeabi_dsub</name>
         <value>0x5eb9</value>
         <object_component_ref idref="oc-655"/>
      </symbol>
      <symbol id="sm-f69">
         <name>__aeabi_dadd</name>
         <value>0x5ec3</value>
         <object_component_ref idref="oc-655"/>
      </symbol>
      <symbol id="sm-f8b">
         <name>__aeabi_cdcmpeq</name>
         <value>0x7a51</value>
         <object_component_ref idref="oc-52b"/>
      </symbol>
      <symbol id="sm-f8c">
         <name>__aeabi_cdcmple</name>
         <value>0x7a51</value>
         <object_component_ref idref="oc-52b"/>
      </symbol>
      <symbol id="sm-f8d">
         <name>__aeabi_cdrcmple</name>
         <value>0x7ad7</value>
         <object_component_ref idref="oc-640"/>
      </symbol>
      <symbol id="sm-fa1">
         <name>__aeabi_ddiv</name>
         <value>0x65ad</value>
         <object_component_ref idref="oc-63b"/>
      </symbol>
      <symbol id="sm-fac">
         <name>__aeabi_dmul</name>
         <value>0x6e9d</value>
         <object_component_ref idref="oc-636"/>
      </symbol>
      <symbol id="sm-fb6">
         <name>__aeabi_d2iz</name>
         <value>0x8409</value>
         <object_component_ref idref="oc-645"/>
      </symbol>
      <symbol id="sm-fc0">
         <name>__aeabi_i2d</name>
         <value>0x88b5</value>
         <object_component_ref idref="oc-650"/>
      </symbol>
      <symbol id="sm-fdb">
         <name>memcpy</name>
         <value>0x777b</value>
         <object_component_ref idref="oc-32"/>
      </symbol>
      <symbol id="sm-fdc">
         <name>__aeabi_memcpy</name>
         <value>0x777b</value>
         <object_component_ref idref="oc-32"/>
      </symbol>
      <symbol id="sm-fdd">
         <name>__aeabi_memcpy8</name>
         <value>0x777b</value>
         <object_component_ref idref="oc-32"/>
      </symbol>
      <symbol id="sm-fde">
         <name>__aeabi_memcpy4</name>
         <value>0x777b</value>
         <object_component_ref idref="oc-32"/>
      </symbol>
      <symbol id="sm-fed">
         <name>__aeabi_memset</name>
         <value>0x7cdb</value>
         <object_component_ref idref="oc-99"/>
      </symbol>
      <symbol id="sm-fee">
         <name>memset</name>
         <value>0x7ce1</value>
         <object_component_ref idref="oc-99"/>
      </symbol>
      <symbol id="sm-fef">
         <name>__aeabi_memset8</name>
         <value>0x7cdb</value>
         <object_component_ref idref="oc-99"/>
      </symbol>
      <symbol id="sm-ff0">
         <name>__aeabi_memset4</name>
         <value>0x7cdb</value>
         <object_component_ref idref="oc-99"/>
      </symbol>
      <symbol id="sm-ff1">
         <name>__aeabi_memclr8</name>
         <value>0x7cd9</value>
         <object_component_ref idref="oc-99"/>
      </symbol>
      <symbol id="sm-ff2">
         <name>__aeabi_memclr4</name>
         <value>0x7cd9</value>
         <object_component_ref idref="oc-99"/>
      </symbol>
      <symbol id="sm-ff3">
         <name>__aeabi_memclr</name>
         <value>0x7cd9</value>
         <object_component_ref idref="oc-99"/>
      </symbol>
      <symbol id="sm-1000">
         <name>__aeabi_uldivmod</name>
         <value>0x7817</value>
         <object_component_ref idref="oc-62f"/>
      </symbol>
      <symbol id="sm-1017">
         <name>__TI_zero_init</name>
         <value>0x8d49</value>
         <object_component_ref idref="oc-44"/>
      </symbol>
      <symbol id="sm-102e">
         <name>__TI_decompress_none</name>
         <value>0x8d07</value>
         <object_component_ref idref="oc-18"/>
      </symbol>
      <symbol id="sm-1051">
         <name>__TI_decompress_lzss</name>
         <value>0x7e91</value>
         <object_component_ref idref="oc-12"/>
      </symbol>
      <symbol id="sm-1066">
         <name>_nop</name>
         <value>0x275f</value>
         <object_component_ref idref="oc-566"/>
      </symbol>
      <symbol id="sm-1067">
         <name>_lock</name>
         <value>0x2000cd64</value>
         <object_component_ref idref="oc-377"/>
      </symbol>
      <symbol id="sm-1068">
         <name>_unlock</name>
         <value>0x2000cd68</value>
         <object_component_ref idref="oc-377"/>
      </symbol>
      <symbol id="sm-1077">
         <name>__TI_ltoa</name>
         <value>0x81e5</value>
         <object_component_ref idref="oc-64a"/>
      </symbol>
      <symbol id="sm-108d">
         <name>atoi</name>
         <value>0x832d</value>
         <object_component_ref idref="oc-51f"/>
      </symbol>
      <symbol id="sm-1098">
         <name>_ctypes_</name>
         <value>0x9194</value>
         <object_component_ref idref="oc-62a"/>
      </symbol>
      <symbol id="sm-10a4">
         <name>_ftable</name>
         <value>0x2000cb68</value>
         <object_component_ref idref="oc-37a"/>
      </symbol>
      <symbol id="sm-10b4">
         <name>memccpy</name>
         <value>0x8ae7</value>
         <object_component_ref idref="oc-548"/>
      </symbol>
      <symbol id="sm-10c4">
         <name>strchr</name>
         <value>0x8c1f</value>
         <object_component_ref idref="oc-681"/>
      </symbol>
      <symbol id="sm-10d2">
         <name>strlen</name>
         <value>0x8c71</value>
         <object_component_ref idref="oc-519"/>
      </symbol>
      <symbol id="sm-10e5">
         <name>__stack</name>
         <value>0x2000fc00</value>
         <object_component_ref idref="oc-24"/>
      </symbol>
      <symbol id="sm-10e6">
         <name>_c_int00_noargs</name>
         <value>0x87c1</value>
         <object_component_ref idref="oc-50"/>
      </symbol>
      <symbol id="sm-10fc">
         <name>__aeabi_errno_addr</name>
         <value>0x8d61</value>
         <object_component_ref idref="oc-554"/>
      </symbol>
      <symbol id="sm-10fd">
         <name>errno</name>
         <value>0x2000cd6c</value>
         <object_component_ref idref="oc-691"/>
      </symbol>
      <symbol id="sm-1116">
         <name>wcslen</name>
         <value>0x8c97</value>
         <object_component_ref idref="oc-54e"/>
      </symbol>
      <symbol id="sm-1136">
         <name>frexpl</name>
         <value>0x7f61</value>
         <object_component_ref idref="oc-675"/>
      </symbol>
      <symbol id="sm-1137">
         <name>frexp</name>
         <value>0x7f61</value>
         <object_component_ref idref="oc-675"/>
      </symbol>
      <symbol id="sm-1154">
         <name>scalbn</name>
         <value>0x6b81</value>
         <object_component_ref idref="oc-67b"/>
      </symbol>
      <symbol id="sm-1155">
         <name>scalbnl</name>
         <value>0x6b81</value>
         <object_component_ref idref="oc-67b"/>
      </symbol>
      <symbol id="sm-1156">
         <name>ldexpl</name>
         <value>0x6b81</value>
         <object_component_ref idref="oc-67b"/>
      </symbol>
      <symbol id="sm-1157">
         <name>ldexp</name>
         <value>0x6b81</value>
         <object_component_ref idref="oc-67b"/>
      </symbol>
      <symbol id="sm-1161">
         <name>__aeabi_idiv0</name>
         <value>0x31af</value>
         <object_component_ref idref="oc-6ee"/>
      </symbol>
      <symbol id="sm-1162">
         <name>__aeabi_ldiv0</name>
         <value>0x31af</value>
         <object_component_ref idref="oc-6ee"/>
      </symbol>
      <symbol id="sm-118a">
         <name>__TI_auto_init_nobinit_nopinit</name>
         <value>0x8451</value>
         <object_component_ref idref="oc-27e"/>
      </symbol>
      <symbol id="sm-1194">
         <name>_system_pre_init</name>
         <value>0x8d75</value>
         <object_component_ref idref="oc-9f"/>
      </symbol>
      <symbol id="sm-11a0">
         <name>C$$EXIT</name>
         <value>0x8d79</value>
         <object_component_ref idref="oc-272"/>
      </symbol>
      <symbol id="sm-11a1">
         <name>abort</name>
         <value>0x8d79</value>
         <object_component_ref idref="oc-272"/>
      </symbol>
      <symbol id="sm-11ac">
         <name>copysign</name>
         <value>0x8b51</value>
         <object_component_ref idref="oc-707"/>
      </symbol>
      <symbol id="sm-11ad">
         <name>copysignl</name>
         <value>0x8b51</value>
         <object_component_ref idref="oc-707"/>
      </symbol>
      <symbol id="sm-11ae">
         <name>__TI_static_base__</name>
         <value>0x94b0</value>
      </symbol>
      <symbol id="sm-11b1">
         <name>__mpu_init</name>
         <value>0x0</value>
      </symbol>
      <symbol id="sm-11b2">
         <name>_system_post_cinit</name>
         <value>0x0</value>
      </symbol>
      <symbol id="sm-11b3">
         <name>NMI_Handler</name>
         <value>0x8d21</value>
      </symbol>
      <symbol id="sm-11b4">
         <name>HardFault_Handler</name>
         <value>0x8d21</value>
      </symbol>
      <symbol id="sm-11b5">
         <name>MemManage_Handler</name>
         <value>0x8d21</value>
      </symbol>
      <symbol id="sm-11b6">
         <name>BusFault_Handler</name>
         <value>0x8d21</value>
      </symbol>
      <symbol id="sm-11b7">
         <name>UsageFault_Handler</name>
         <value>0x8d21</value>
      </symbol>
      <symbol id="sm-11b8">
         <name>vPortSVCHandler</name>
         <value>0x72fd</value>
      </symbol>
      <symbol id="sm-11b9">
         <name>DebugMon_Handler</name>
         <value>0x8d21</value>
      </symbol>
      <symbol id="sm-11ba">
         <name>xPortPendSVHandler</name>
         <value>0x729d</value>
      </symbol>
      <symbol id="sm-11bb">
         <name>xPortSysTickHandler</name>
         <value>0x4c7f</value>
      </symbol>
      <symbol id="sm-11bc">
         <name>PSS_IRQHandler</name>
         <value>0x8d21</value>
      </symbol>
      <symbol id="sm-11bd">
         <name>CS_IRQHandler</name>
         <value>0x8d21</value>
      </symbol>
      <symbol id="sm-11be">
         <name>PCM_IRQHandler</name>
         <value>0x8d21</value>
      </symbol>
      <symbol id="sm-11bf">
         <name>WDT_A_IRQHandler</name>
         <value>0x8d21</value>
      </symbol>
      <symbol id="sm-11c0">
         <name>FPU_IRQHandler</name>
         <value>0x8d21</value>
      </symbol>
      <symbol id="sm-11c1">
         <name>FLCTL_IRQHandler</name>
         <value>0x8d21</value>
      </symbol>
      <symbol id="sm-11c2">
         <name>COMP_E0_IRQHandler</name>
         <value>0x8d21</value>
      </symbol>
      <symbol id="sm-11c3">
         <name>COMP_E1_IRQHandler</name>
         <value>0x8d21</value>
      </symbol>
      <symbol id="sm-11c4">
         <name>TA0_0_IRQHandler</name>
         <value>0x8d21</value>
      </symbol>
      <symbol id="sm-11c5">
         <name>TA0_N_IRQHandler</name>
         <value>0x3e49</value>
      </symbol>
      <symbol id="sm-11c6">
         <name>TA1_0_IRQHandler</name>
         <value>0x8d21</value>
      </symbol>
      <symbol id="sm-11c7">
         <name>TA1_N_IRQHandler</name>
         <value>0x8d21</value>
      </symbol>
      <symbol id="sm-11c8">
         <name>TA2_0_IRQHandler</name>
         <value>0x8d21</value>
      </symbol>
      <symbol id="sm-11c9">
         <name>TA2_N_IRQHandler</name>
         <value>0x8d21</value>
      </symbol>
      <symbol id="sm-11ca">
         <name>TA3_0_IRQHandler</name>
         <value>0x8d21</value>
      </symbol>
      <symbol id="sm-11cb">
         <name>TA3_N_IRQHandler</name>
         <value>0x8d21</value>
      </symbol>
      <symbol id="sm-11cc">
         <name>EUSCIA0_IRQHandler</name>
         <value>0x8d21</value>
      </symbol>
      <symbol id="sm-11cd">
         <name>EUSCIA1_IRQHandler</name>
         <value>0x8d21</value>
      </symbol>
      <symbol id="sm-11ce">
         <name>EUSCIA2_IRQHandler</name>
         <value>0x8d21</value>
      </symbol>
      <symbol id="sm-11cf">
         <name>EUSCIA3_IRQHandler</name>
         <value>0x8d21</value>
      </symbol>
      <symbol id="sm-11d0">
         <name>EUSCIB0_IRQHandler</name>
         <value>0x8d21</value>
      </symbol>
      <symbol id="sm-11d1">
         <name>EUSCIB1_IRQHandler</name>
         <value>0x8d21</value>
      </symbol>
      <symbol id="sm-11d2">
         <name>EUSCIB2_IRQHandler</name>
         <value>0x8d21</value>
      </symbol>
      <symbol id="sm-11d3">
         <name>EUSCIB3_IRQHandler</name>
         <value>0x8d21</value>
      </symbol>
      <symbol id="sm-11d4">
         <name>ADC14_IRQHandler</name>
         <value>0x5749</value>
      </symbol>
      <symbol id="sm-11d5">
         <name>T32_INT1_IRQHandler</name>
         <value>0x8d21</value>
      </symbol>
      <symbol id="sm-11d6">
         <name>T32_INT2_IRQHandler</name>
         <value>0x8d21</value>
      </symbol>
      <symbol id="sm-11d7">
         <name>T32_INTC_IRQHandler</name>
         <value>0x8d21</value>
      </symbol>
      <symbol id="sm-11d8">
         <name>AES256_IRQHandler</name>
         <value>0x8d21</value>
      </symbol>
      <symbol id="sm-11d9">
         <name>RTC_C_IRQHandler</name>
         <value>0x8d21</value>
      </symbol>
      <symbol id="sm-11da">
         <name>DMA_ERR_IRQHandler</name>
         <value>0x8d21</value>
      </symbol>
      <symbol id="sm-11db">
         <name>DMA_INT3_IRQHandler</name>
         <value>0x8d21</value>
      </symbol>
      <symbol id="sm-11dc">
         <name>DMA_INT2_IRQHandler</name>
         <value>0x8d21</value>
      </symbol>
      <symbol id="sm-11dd">
         <name>DMA_INT1_IRQHandler</name>
         <value>0x8d21</value>
      </symbol>
      <symbol id="sm-11de">
         <name>DMA_INT0_IRQHandler</name>
         <value>0x8d21</value>
      </symbol>
      <symbol id="sm-11df">
         <name>PORT1_IRQHandler</name>
         <value>0x8d21</value>
      </symbol>
      <symbol id="sm-11e0">
         <name>PORT2_IRQHandler</name>
         <value>0x8d21</value>
      </symbol>
      <symbol id="sm-11e1">
         <name>PORT3_IRQHandler</name>
         <value>0x8d21</value>
      </symbol>
      <symbol id="sm-11e2">
         <name>PORT4_IRQHandler</name>
         <value>0x8d21</value>
      </symbol>
      <symbol id="sm-11e3">
         <name>PORT5_IRQHandler</name>
         <value>0x8d21</value>
      </symbol>
      <symbol id="sm-11e4">
         <name>PORT6_IRQHandler</name>
         <value>0x8d21</value>
      </symbol>
   </symbol_table>
   <title>Link errors: red sections failed placement</title>
</link_info>
