******************************************************************************
                  TI ARM Linker PC v20.2.7                     
******************************************************************************
>> Linked Wed Feb  1 13:24:48 2023

OUTPUT FILE NAME:   <CardDealer.out>
ENTRY POINT SYMBOL: "_c_int00_noargs"  address: 00009361


MEMORY CONFIGURATION

         name            origin    length      used     unused   attr    fill
----------------------  --------  ---------  --------  --------  ----  --------
  MAIN                  00000000   00040000  0000a45c  00035ba4  R  X
  INFO                  00200000   00004000  00000000  00004000  R  X
  SRAM_CODE             01000000   00010000  0000d269  00002d97  RW X
  SRAM_DATA             20000000   00010000  0000d269  00002d97  RW  


SEGMENT ALLOCATION MAP

run origin  load origin   length   init length attrs members
----------  ----------- ---------- ----------- ----- -------
00000000    00000000    0000a460   0000a460    r-x
  00000000    00000000    000000e4   000000e4    r-- .intvecs
  000000e4    000000e4    000098bc   000098bc    r-x .text
  000099a0    000099a0    000009e4   000009e4    r-- .const
  0000a388    0000a388    000000d8   000000d8    r-- .cinit
20000000    20000000    0000ce6a   00000000    rw-
  20000000    20000000    0000cb8b   00000000    rw- .bss
  2000cb8c    2000cb8c    000002de   00000000    rw- .data
2000fc00    2000fc00    00000400   00000000    rw-
  2000fc00    2000fc00    00000400   00000000    rw- .stack


SECTION ALLOCATION MAP

 output                                  attributes/
section   page    origin      length       input sections
--------  ----  ----------  ----------   ----------------
.text      0    000000e4    000098bc     
                  000000e4    00001970     tasks.obj (.text)
                  00001a54    00000d0a     queue.obj (.text)
                  0000275e    00000002     rtsv7M4_T_le_v4SPD16_eabi.lib : _lock.c.obj (.text:_nop)
                  00002760    00000a4e                                   : _printfi.c.obj (.text:__TI_printfi)
                  000031ae    00000002                                   : div0.asm.obj (.text)
                  000031b0    00000774     actions.obj (.text)
                  00003924    0000073c     timers.obj (.text)
                  00004060    00000680     Crystalfontz128x128_ST7735.obj (.text)
                  000046e0    0000047e     grlib.a : string.obj (.text:Graphics_drawString)
                  00004b5e    00000002     --HOLE-- [fill = 0]
                  00004b60    0000042c     port.obj (.text)
                  00004f8c    00000428     inizializations.obj (.text)
                  000053b4    000003e8     screens.obj (.text)
                  0000579c    00000368     heap_4.obj (.text)
                  00005b04    00000334     system_msp432p401r.obj (.text)
                  00005e38    00000270     rtsv7M4_T_le_v4SPD16_eabi.lib : _printfi.c.obj (.text:_pconv_a)
                  000060a8    00000214     main_freertos.obj (.text)
                  000062bc    000001ec     uart.obj (.text)
                  000064a8    000001d0     rtsv7M4_T_le_v4SPD16_eabi.lib : _printfi.c.obj (.text:_pconv_g)
                  00006678    000001b6                                   : fd_add_t2.asm.obj (.text)
                  0000682e    00000002     --HOLE-- [fill = 0]
                  00006830    00000160     msp432p4xx_driverlib.lib : adc14.o (.text:_getIndexForMemRegister)
                  00006990    0000015c                              : pcm.o (.text:__PCM_setPowerModeAdvanced)
                  00006aec    00000150     peripherials.obj (.text)
                  00006c3c    00000144     msp432p4xx_driverlib.lib : timer_a.o (.text:privateTimer_AProcessClockSourceDivider)
                  00006d80    0000013c     rtsv7M4_T_le_v4SPD16_eabi.lib : _printfi.c.obj (.text:_pconv_e)
                  00006ebc    00000136                                   : fd_div_t2.asm.obj (.text)
                  00006ff2    0000012a     list.obj (.text)
                  0000711c    00000124     rtsv7M4_T_le_v4SPD16_eabi.lib : _printfi.c.obj (.text:fcvt)
                  00007240    0000011c     msp432p4xx_driverlib.lib : uart.o (.text:UART_initModule)
                  0000735c    00000110     rtsv7M4_T_le_v4SPD16_eabi.lib : s_scalbn.c.obj (.text:scalbn)
                  0000746c    00000108     msp432p4xx_driverlib.lib : pcm.o (.text:__PCM_setCoreVoltageLevelAdvanced)
                  00007574    00000104                              : cs.o (.text:_CSComputeCLKFrequency)
                  00007678    000000fc     rtsv7M4_T_le_v4SPD16_eabi.lib : fd_mul_t2.asm.obj (.text)
                  00007774    000000fa     grlib.a : string.obj (.text:Graphics_getStringWidth)
                  0000786e    00000002     --HOLE-- [fill = 0]
                  00007870    000000f8     msp432p4xx_driverlib.lib : cs.o (.text:CS_getDCOFrequency)
                  00007968    000000d2     portasm.obj (.text)
                  00007a3a    00000002     --HOLE-- [fill = 0]
                  00007a3c    000000cc     HAL_MSP_EXP432P401R_Crystalfontz128x128_ST7735.obj (.text)
                  00007b08    000000b4     msp432p4xx_driverlib.lib : adc14.o (.text:ADC14_configureConversionMemory)
                  00007bbc    000000b4                              : adc14.o (.text:ADC14_configureMultiSequenceMode)
                  00007c70    000000b1     rtsv7M4_T_le_v4SPD16_eabi.lib : _printfi.c.obj (.text:_ltostr)
                  00007d21    00000001     --HOLE-- [fill = 0]
                  00007d22    000000b0     msp432p4xx_driverlib.lib : spi.o (.text:SPI_initMaster)
                  00007dd2    0000009c     grlib.a : line.obj (.text:Graphics_drawLineH)
                  00007e6e    0000009c     rtsv7M4_T_le_v4SPD16_eabi.lib : memcpy_t2.asm.obj (.text)
                  00007f0a    00000096                                   : ull_div_t2.asm.obj (.text)
                  00007fa0    00000094     msp432p4xx_driverlib.lib : sysctl_a.o (.text:SysCtl_A_getTLVInfo)
                  00008034    00000088                              : gpio.o (.text:GPIO_setAsPeripheralModuleFunctionInputPin)
                  000080bc    00000088                              : gpio.o (.text:GPIO_setAsPeripheralModuleFunctionOutputPin)
                  00008144    00000086     rtsv7M4_T_le_v4SPD16_eabi.lib : fd_cmp_t2.asm.obj (.text:__aeabi_cdcmple)
                  000081ca    00000086                                   : fd_cmp_t2.asm.obj (.text:__aeabi_cdrcmple)
                  00008250    00000084     msp432p4xx_driverlib.lib : gpio.o (.text:GPIO_getEnabledInterruptStatus)
                  000082d4    00000080                              : interrupt.o (.text:Interrupt_disableInterrupt)
                  00008354    00000080                              : interrupt.o (.text:Interrupt_enableInterrupt)
                  000083d4    0000007c                              : cs.o (.text:_CSGetDOCFrequency)
                  00008450    0000007c     rtsv7M4_T_le_v4SPD16_eabi.lib : fflush.c.obj (.text:fflush)
                  000084cc    0000007a                                   : memset_t2.asm.obj (.text)
                  00008546    0000006e                                   : _printfi.c.obj (.text:_mcpy)
                  000085b4    0000006c                                   : hostrename.c.obj (.text:HOSTrename)
                  00008620    00000068                                   : hostlseek.c.obj (.text:HOSTlseek)
                  00008688    00000068     msp432p4xx_driverlib.lib : timer32.o (.text:Timer32_initModule)
                  000086f0    00000068                              : timer_a.o (.text:Timer_A_configureUpMode)
                  00008758    00000068     rtsv7M4_T_le_v4SPD16_eabi.lib : copy_decompress_lzss.c.obj (.text:decompress:lzss:__TI_decompress_lzss)
                  000087c0    00000068                                   : printf.c.obj (.text:printf)
                  00008828    00000064     events.obj (.text)
                  0000888c    00000064     rtsv7M4_T_le_v4SPD16_eabi.lib : s_frexp.c.obj (.text:frexp)
                  000088f0    00000062     msp432p4xx_driverlib.lib : cs.o (.text:_CSGetDividerValue)
                  00008952    00000002     --HOLE-- [fill = 0]
                  00008954    00000060     rtsv7M4_T_le_v4SPD16_eabi.lib : hostopen.c.obj (.text:HOSTopen)
                  000089b4    0000005e     msp432p4xx_driverlib.lib : pcm.o (.text:PCM_getCoreVoltageLevel)
                  00008a12    0000005a                              : pcm.o (.text:PCM_getPowerMode)
                  00008a6c    00000058                              : gpio.o (.text:GPIO_setAsInputPinWithPullUpResistor)
                  00008ac4    00000058     rtsv7M4_T_le_v4SPD16_eabi.lib : hostread.c.obj (.text:HOSTread)
                  00008b1c    00000058                                   : hostwrite.c.obj (.text:HOSTwrite)
                  00008b74    00000058     msp432p4xx_driverlib.lib : timer_a.o (.text:Timer_A_initCapture)
                  00008bcc    00000056     rtsv7M4_T_le_v4SPD16_eabi.lib : _printfi.c.obj (.text:_pconv_f)
                  00008c22    00000002     --HOLE-- [fill = 0]
                  00008c24    00000054     msp432p4xx_driverlib.lib : adc14.o (.text:ADC14_initModule)
                  00008c78    00000054     rtsv7M4_T_le_v4SPD16_eabi.lib : _ltoa.c.obj (.text:__TI_ltoa)
                  00008ccc    00000052     grlib.a : context.obj (.text:Graphics_initContext)
                  00008d1e    00000052     rtsv7M4_T_le_v4SPD16_eabi.lib : _printfi.c.obj (.text:_ecpy)
                  00008d70    0000004e     msp432p4xx_driverlib.lib : timer_a.o (.text:Timer_A_initCompare)
                  00008dbe    0000004c     rtsv7M4_T_le_v4SPD16_eabi.lib : fflush.c.obj (.text:__TI_doflush)
                  00008e0a    00000002     --HOLE-- [fill = 0]
                  00008e0c    0000004c                                   : atoi.c.obj (.text:atoi)
                  00008e58    00000048     msp432p4xx_driverlib.lib : flash.o (.text:FlashCtl_setWaitState)
                  00008ea0    00000048     grlib.a : string.obj (.text:Graphics_drawStringCentered)
                  00008ee8    00000048     rtsv7M4_T_le_v4SPD16_eabi.lib : fd_toi_t2.asm.obj (.text)
                  00008f30    00000044                                   : hostclose.c.obj (.text:HOSTclose)
                  00008f74    00000044                                   : hostunlink.c.obj (.text:HOSTunlink)
                  00008fb8    00000044                                   : autoinit.c.obj (.text:__TI_auto_init_nobinit_nopinit:__TI_auto_init_nobinit_nopinit)
                  00008ffc    00000040     msp432p4xx_driverlib.lib : gpio.o (.text:GPIO_setAsOutputPin)
                  0000903c    00000040     grlib.a : string.obj (.text:Graphics_getNumberOfLeadingZeros)
                  0000907c    00000040     msp432p4xx_driverlib.lib : spi.o (.text:is_A_Module)
                  000090bc    00000040     rtsv7M4_T_le_v4SPD16_eabi.lib : sprintf.c.obj (.text:sprintf)
                  000090fc    00000040                                   : vsnprintf.c.obj (.text:vsnprintf)
                  0000913c    0000003e                                   : _printfi.c.obj (.text:_fcpy)
                  0000917a    00000002     --HOLE-- [fill = 0]
                  0000917c    00000038     msp432p4xx_driverlib.lib : adc14.o (.text:ADC14_getEnabledInterruptStatus)
                  000091b4    00000038                              : timer32.o (.text:Timer32_startTimer)
                  000091ec    00000038     rtsv7M4_T_le_v4SPD16_eabi.lib : trgmsg.c.obj (.text:__TI_writemsg)
                  00009224    00000036     grlib.a : display.obj (.text:Graphics_drawHorizontalLineOnDisplay)
                  0000925a    00000002     --HOLE-- [fill = 0]
                  0000925c    00000034     msp432p4xx_driverlib.lib : adc14.o (.text:ADC14_enableSampleTimer)
                  00009290    00000034                              : timer32.o (.text:Timer32_setCount)
                  000092c4    00000034                              : timer_a.o (.text:Timer_A_configureContinuousMode)
                  000092f8    00000034                              : uart.o (.text:UART_transmitData)
                  0000932c    00000034     rtsv7M4_T_le_v4SPD16_eabi.lib : trgmsg.c.obj (.text:__TI_readmsg)
                  00009360    00000034                                   : boot_cortex_m.c.obj (.text:_c_int00_noargs:_c_int00_noargs)
                  00009394    00000030     msp432p4xx_driverlib.lib : adc14.o (.text:ADC14_clearInterruptFlag)
                  000093c4    00000030                              : adc14.o (.text:ADC14_enableInterrupt)
                  000093f4    00000030                              : cs.o (.text:CS_clearInterruptFlag)
                  00009424    00000030     rtsv7M4_T_le_v4SPD16_eabi.lib : vsnprintf.c.obj (.text:_outs)
                  00009454    0000002e                                   : i_tofd_t2.asm.obj (.text)
                  00009482    00000002     --HOLE-- [fill = 0]
                  00009484    0000002c     msp432p4xx_driverlib.lib : adc14.o (.text:ADC14_getInterruptStatus)
                  000094b0    0000002c                              : adc14.o (.text:ADC14_toggleConversionTrigger)
                  000094dc    0000002c     grlib.a : display.obj (.text:Graphics_drawPixelOnDisplay)
                  00009508    0000002c     msp432p4xx_driverlib.lib : timer_a.o (.text:Timer_A_clearCaptureCompareInterrupt)
                  00009534    00000028                              : adc14.o (.text:ADC14_enableConversion)
                  0000955c    00000028                              : adc14.o (.text:ADC14_getResult)
                  00009584    00000028                              : cs.o (.text:CS_getSMCLK)
                  000095ac    00000028                              : gpio.o (.text:GPIO_clearInterruptFlag)
                  000095d4    00000028                              : gpio.o (.text:GPIO_enableInterrupt)
                  000095fc    00000028                              : gpio.o (.text:GPIO_setOutputHighOnPin)
                  00009624    00000028                              : gpio.o (.text:GPIO_setOutputLowOnPin)
                  0000964c    00000028     rtsv7M4_T_le_v4SPD16_eabi.lib : write.c.obj (.text:write)
                  00009674    00000024     msp432p4xx_driverlib.lib : gpio.o (.text:GPIO_getInterruptStatus)
                  00009698    00000024                              : wdt_a.o (.text:WDT_A_holdTimer)
                  000096bc    00000022                              : timer_a.o (.text:Timer_A_getCaptureCompareCount)
                  000096de    0000001c                              : spi.o (.text:SPI_enableModule)
                  000096fa    0000001c     rtsv7M4_T_le_v4SPD16_eabi.lib : memccpy.c.obj (.text:memccpy)
                  00009716    0000001a     grlib.a : display.obj (.text:Graphics_clearDisplayOnDisplay)
                  00009730    0000001a             : context.obj (.text:Graphics_setBackgroundColor)
                  0000974a    0000001a             : context.obj (.text:Graphics_setFont)
                  00009764    0000001a     rtsv7M4_T_le_v4SPD16_eabi.lib : s_copysign.c.obj (.text:copysign)
                  0000977e    00000018                                   : vsnprintf.c.obj (.text:_outc)
                  00009796    00000018                                   : sprintf.c.obj (.text:_outs)
                  000097ae    00000016     msp432p4xx_driverlib.lib : spi.o (.text:EUSCI_A_SPI_enable)
                  000097c4    00000016                              : spi.o (.text:EUSCI_B_SPI_enable)
                  000097da    00000016     grlib.a : context.obj (.text:Graphics_setForegroundColor)
                  000097f0    00000016             : display.obj (.text:Graphics_translateColorOnDisplay)
                  00009806    00000016     msp432p4xx_driverlib.lib : timer_a.o (.text:Timer_A_startCounter)
                  0000981c    00000016                              : uart.o (.text:UART_enableModule)
                  00009832    00000016     rtsv7M4_T_le_v4SPD16_eabi.lib : strchr.c.obj (.text:strchr)
                  00009848    00000014     msp432p4xx_driverlib.lib : pcm.o (.text:PCM_getPowerState)
                  0000985c    00000014                              : timer32.o (.text:Timer32_disableInterrupt)
                  00009870    00000014                              : timer_a.o (.text:Timer_A_stopTimer)
                  00009884    00000014     rtsv7M4_T_le_v4SPD16_eabi.lib : strcpy.c.obj (.text:strcpy)
                  00009898    00000014                                   : strlen.c.obj (.text:strlen)
                  000098ac    00000012     grlib.a : context.obj (.text:Graphics_clearDisplay)
                  000098be    00000012     rtsv7M4_T_le_v4SPD16_eabi.lib : wcslen.c.obj (.text:wcslen)
                  000098d0    00000010     msp432p4xx_driverlib.lib : adc14.o (.text:ADCIsConversionRunning)
                  000098e0    00000010                              : interrupt.o (.text:Interrupt_disableMaster)
                  000098f0    00000010                              : interrupt.o (.text:Interrupt_enableMaster)
                  00009900    00000010                              : pcm.o (.text:PCM_setCoreVoltageLevel)
                  00009910    00000010                              : pcm.o (.text:PCM_setPowerMode)
                  00009920    0000000e                              : timer32.o (.text:Timer32_getValue)
                  0000992e    0000000e     rtsv7M4_T_le_v4SPD16_eabi.lib : copy_decompress_none.c.obj (.text:decompress:none:__TI_decompress_none)
                  0000993c    0000000e     startup_msp432p401r_FreeRTOS_ccs.obj (.text)
                  0000994a    00000002     --HOLE-- [fill = 0]
                  0000994c    0000000c     msp432p4xx_driverlib.lib : adc14.o (.text:ADC14_enableModule)
                  00009958    0000000c                              : cpu.o (.text:CPU_cpsid)
                  00009964    0000000c                              : cpu.o (.text:CPU_cpsie)
                  00009970    0000000c     rtsv7M4_T_le_v4SPD16_eabi.lib : copy_zero_init.c.obj (.text:decompress:ZI:__TI_zero_init)
                  0000997c    0000000a                                   : sprintf.c.obj (.text:_outc)
                  00009986    00000002     --HOLE-- [fill = 0]
                  00009988    00000008                                   : errno.c.obj (.text:__aeabi_errno_addr)
                  00009990    00000004                                   : printf.c.obj (.text:_outc)
                  00009994    00000004                                   : printf.c.obj (.text:_outs)
                  00009998    00000004                                   : pre_init.c.obj (.text:_system_pre_init)
                  0000999c    00000004                                   : exit.c.obj (.text:abort:abort)

.const     0    000099a0    000009e4     
                  000099a0    0000059a     grlib.a : fontcmsc12.obj (.const:.string:g_pucCmsc12Data)
                  00009f3a    00000002     --HOLE-- [fill = 0]
                  00009f3c    00000120     uart.obj (.const:UCxBRS)
                  0000a05c    00000101     rtsv7M4_T_le_v4SPD16_eabi.lib : ctype.c.obj (.const:.string:_ctypes_)
                  0000a15d    00000003     --HOLE-- [fill = 0]
                  0000a160    000000c8     grlib.a : fontcmsc12.obj (.const:g_sFontCmsc12)
                  0000a228    00000080     msp432p4xx_driverlib.lib : adc14.o (.const:_ctlRegs)
                  0000a2a8    00000030                              : gpio.o (.const:GPIO_PORT_TO_BASE)
                  0000a2d8    00000020     Crystalfontz128x128_ST7735.obj (.const:g_sCrystalfontz128x128_funcs)
                  0000a2f8    0000001c     HAL_MSP_EXP432P401R_Crystalfontz128x128_ST7735.obj (.const:$P$T0$1)
                  0000a314    00000018     inizializations.obj (.const:BZ_upConfig)
                  0000a32c    00000018     inizializations.obj (.const:DS_captureModeConfig)
                  0000a344    00000010     inizializations.obj (.const:BZ_compareConfig_PWM)
                  0000a354    00000010     inizializations.obj (.const:DS_continuousModeConfig)
                  0000a364    00000008     Crystalfontz128x128_ST7735.obj (.const:$P$T0$1)
                  0000a36c    00000008     msp432p4xx_driverlib.lib : interrupt.o (.const:g_pulDisRegs)
                  0000a374    00000008                              : interrupt.o (.const:g_pulEnRegs)
                  0000a37c    00000008     port.obj (.const)

.cinit     0    0000a388    000000d8     
                  0000a388    000000b2     (.cinit..data.load) [load image, compression = lzss]
                  0000a43a    00000002     --HOLE-- [fill = 0]
                  0000a43c    0000000c     (__TI_handler_table)
                  0000a448    00000008     (.cinit..bss.load) [load image, compression = zero_init]
                  0000a450    00000010     (__TI_cinit_table)

.init_array 
*          0    00000000    00000000     UNINITIALIZED

.intvecs   0    00000000    000000e4     
                  00000000    000000e4     startup_msp432p401r_FreeRTOS_ccs.obj (.intvecs:retain)

.bss       0    20000000    0000cb8b     UNINITIALIZED
                  20000000    0000c800     heap_4.obj (.bss:ucHeap)
                  2000c800    00000120     rtsv7M4_T_le_v4SPD16_eabi.lib : trgmsg.c.obj (.bss:_CIOBUF_)
                  2000c920    00000100     uart.obj (.bss:print_buffer$1)
                  2000ca20    00000064     tasks.obj (.bss:pxReadyTasksLists)
                  2000ca84    00000020     actions.obj (.bss:peoplePosition)
                  2000caa4    0000001c     (.common:g_sContext)
                  2000cac0    00000014     timers.obj (.bss:xActiveTimerList1)
                  2000cad4    00000014     timers.obj (.bss:xActiveTimerList2)
                  2000cae8    00000014     tasks.obj (.bss:xDelayedTaskList1)
                  2000cafc    00000014     tasks.obj (.bss:xDelayedTaskList2)
                  2000cb10    00000014     tasks.obj (.bss:xPendingReadyList)
                  2000cb24    00000014     tasks.obj (.bss:xSuspendedTaskList)
                  2000cb38    00000014     tasks.obj (.bss:xTasksWaitingTermination)
                  2000cb4c    00000008     msp432p4xx_driverlib.lib : cs.o (.bss)
                  2000cb54    00000008     tasks.obj (.bss)
                  2000cb5c    00000008     timers.obj (.bss)
                  2000cb64    00000008     heap_4.obj (.bss:xStart)
                  2000cb6c    00000008     (.common:parmbuf)
                  2000cb74    00000004     actions.obj (.bss)
                  2000cb78    00000004     inizializations.obj (.bss)
                  2000cb7c    00000004     inizializations.obj (.bss:resultsBuffer)
                  2000cb80    00000002     (.common:Lcd_ScreenHeigth)
                  2000cb82    00000002     (.common:Lcd_ScreenWidth)
                  2000cb84    00000002     (.common:Lcd_TouchTrim)
                  2000cb86    00000001     (.common:Lcd_FlagRead)
                  2000cb87    00000001     (.common:Lcd_FontSolid)
                  2000cb88    00000001     (.common:Lcd_Orientation)
                  2000cb89    00000001     (.common:Lcd_PenSolid)
                  2000cb8a    00000001     (.common:current_state)

.data      0    2000cb8c    000002de     UNINITIALIZED
                  2000cb8c    000000f0     rtsv7M4_T_le_v4SPD16_eabi.lib : defs.c.obj (.data:_ftable)
                  2000cc7c    00000078                                   : host_device.c.obj (.data:_device)
                  2000ccf4    00000050                                   : host_device.c.obj (.data:_stream)
                  2000cd44    00000038     main_freertos.obj (.data:fsm)
                  2000cd7c    00000034     tasks.obj (.data)
                  2000cdb0    00000028     uart.obj (.data:uart_config)
                  2000cdd8    00000018     port.obj (.data)
                  2000cdf0    00000014     inizializations.obj (.data)
                  2000ce04    00000010     actions.obj (.data)
                  2000ce14    00000010     Crystalfontz128x128_ST7735.obj (.data:g_sCrystalfontz128x128)
                  2000ce24    00000010     heap_4.obj (.data)
                  2000ce34    00000010     rtsv7M4_T_le_v4SPD16_eabi.lib : defs.c.obj (.data)
                  2000ce44    0000000c     timers.obj (.data)
                  2000ce50    00000008     rtsv7M4_T_le_v4SPD16_eabi.lib : _lock.c.obj (.data:$O1$$)
                  2000ce58    00000004     peripherials.obj (.data)
                  2000ce5c    00000004     rtsv7M4_T_le_v4SPD16_eabi.lib : errno.c.obj (.data)
                  2000ce60    00000004     screens.obj (.data)
                  2000ce64    00000004     system_msp432p401r.obj (.data)
                  2000ce68    00000001     events.obj (.data)
                  2000ce69    00000001     main_freertos.obj (.data)

.stack     0    2000fc00    00000400     UNINITIALIZED
                  2000fc00    00000004     rtsv7M4_T_le_v4SPD16_eabi.lib : boot_cortex_m.c.obj (.stack)
                  2000fc04    000003fc     --HOLE--

__llvm_prf_cnts 
*          0    20000000    00000000     UNINITIALIZED

.binit     0    00000000    00000000     

MODULE SUMMARY

       Module                                               code    ro data   rw data
       ------                                               ----    -------   -------
    .\
       system_msp432p401r.obj                               820     0         8      
       main_freertos.obj                                    532     0         172    
       startup_msp432p401r_FreeRTOS_ccs.obj                 14      228       0      
    +--+----------------------------------------------------+-------+---------+---------+
       Total:                                               1366    228       180    
                                                                                     
    .\FreeRTOS\
       tasks.obj                                            6512    0         520    
       queue.obj                                            3338    0         0      
       timers.obj                                           1852    0         120    
       list.obj                                             298     0         0      
    +--+----------------------------------------------------+-------+---------+---------+
       Total:                                               12000   0         640    
                                                                                     
    .\FreeRTOS\portable\CCS\ARM_CM4F\
       port.obj                                             1068    8         48     
       portasm.obj                                          210     0         0      
    +--+----------------------------------------------------+-------+---------+---------+
       Total:                                               1278    8         48     
                                                                                     
    .\FreeRTOS\portable\MemMang\
       heap_4.obj                                           872     0         102448 
    +--+----------------------------------------------------+-------+---------+---------+
       Total:                                               872     0         102448 
                                                                                     
    .\LcdDriver\
       Crystalfontz128x128_ST7735.obj                       1664    40        52     
       HAL_MSP_EXP432P401R_Crystalfontz128x128_ST7735.obj   204     28        0      
    +--+----------------------------------------------------+-------+---------+---------+
       Total:                                               1868    68        52     
                                                                                     
    .\Libraries\
       actions.obj                                          1908    0         104    
       inizializations.obj                                  1064    80        56     
       screens.obj                                          1000    0         8      
       peripherials.obj                                     336     0         8      
       events.obj                                           100     0         2      
    +--+----------------------------------------------------+-------+---------+---------+
       Total:                                               4408    80        178    
                                                                                     
    .\Libraries\DefaultLib\
       uart.obj                                             492     288       592    
    +--+----------------------------------------------------+-------+---------+---------+
       Total:                                               492     288       592    
                                                                                     
    C:/Users/Francesco Olivieri/Documents/simplelink_msp432p4_sdk_3_40_01_02/simplelink_msp432p4_sdk_3_40_01_02/source/ti/devices/msp432p4xx/driverlib/ccs/msp432p4xx_driverlib.lib
       adc14.o                                              1196    128       0      
       pcm.o                                                848     0         0      
       cs.o                                                 818     0         16     
       gpio.o                                               752     48        0      
       timer_a.o                                            766     0         0      
       uart.o                                               358     0         0      
       spi.o                                                312     0         0      
       interrupt.o                                          288     16        0      
       timer32.o                                            246     0         0      
       sysctl_a.o                                           148     0         0      
       flash.o                                              72      0         0      
       wdt_a.o                                              36      0         0      
       cpu.o                                                24      0         0      
    +--+----------------------------------------------------+-------+---------+---------+
       Total:                                               5864    192       16     
                                                                                     
    C:/Users/Francesco Olivieri/Documents/simplelink_msp432p4_sdk_3_40_01_02/simplelink_msp432p4_sdk_3_40_01_02/source/ti/grlib/lib/ccs/m4f/grlib.a
       fontcmsc12.obj                                       0       1634      0      
       string.obj                                           1536    0         0      
       context.obj                                          174     0         0      
       line.obj                                             156     0         0      
       display.obj                                          146     0         0      
    +--+----------------------------------------------------+-------+---------+---------+
       Total:                                               2012    1634      0      
                                                                                     
    C:\ti\ccs1210\ccs\tools\compiler\ti-cgt-arm_20.2.7.LTS\lib\rtsv7M4_T_le_v4SPD16_eabi.lib
       _printfi.c.obj                                       4851    0         0      
       trgmsg.c.obj                                         108     0         576    
       defs.c.obj                                           0       0         512    
       fd_add_t2.asm.obj                                    438     0         0      
       host_device.c.obj                                    0       0         400    
       fd_div_t2.asm.obj                                    310     0         0      
       s_scalbn.c.obj                                       272     0         0      
       fd_cmp_t2.asm.obj                                    268     0         0      
       ctype.c.obj                                          0       257       0      
       fd_mul_t2.asm.obj                                    252     0         0      
       fflush.c.obj                                         200     0         0      
       memcpy_t2.asm.obj                                    156     0         0      
       ull_div_t2.asm.obj                                   150     0         0      
       vsnprintf.c.obj                                      136     0         0      
       memset_t2.asm.obj                                    122     0         0      
       hostopen.c.obj                                       96      0         16     
       printf.c.obj                                         112     0         0      
       hostrename.c.obj                                     108     0         0      
       copy_decompress_lzss.c.obj                           104     0         0      
       hostlseek.c.obj                                      104     0         0      
       s_frexp.c.obj                                        100     0         0      
       sprintf.c.obj                                        98      0         0      
       hostread.c.obj                                       88      0         0      
       hostwrite.c.obj                                      88      0         0      
       _ltoa.c.obj                                          84      0         0      
       atoi.c.obj                                           76      0         0      
       fd_toi_t2.asm.obj                                    72      0         0      
       autoinit.c.obj                                       68      0         0      
       hostclose.c.obj                                      68      0         0      
       hostunlink.c.obj                                     68      0         0      
       boot_cortex_m.c.obj                                  52      0         0      
       i_tofd_t2.asm.obj                                    46      0         0      
       write.c.obj                                          40      0         0      
       memccpy.c.obj                                        28      0         0      
       s_copysign.c.obj                                     26      0         0      
       strchr.c.obj                                         22      0         0      
       strcpy.c.obj                                         20      0         0      
       strlen.c.obj                                         20      0         0      
       _lock.c.obj                                          2       0         16     
       wcslen.c.obj                                         18      0         0      
       errno.c.obj                                          8       0         8      
       copy_decompress_none.c.obj                           14      0         0      
       copy_zero_init.c.obj                                 12      0         0      
       exit.c.obj                                           4       0         0      
       pre_init.c.obj                                       4       0         0      
       div0.asm.obj                                         2       0         0      
    +--+----------------------------------------------------+-------+---------+---------+
       Total:                                               8915    257       1528   
                                                                                     
       Stack:                                               0       0         2048   
       Linker Generated:                                    0       214       0      
    +--+----------------------------------------------------+-------+---------+---------+
       Grand Total:                                         39075   2969      107730 


LINKER GENERATED COPY TABLES

__TI_cinit_table @ 0000a450 records: 2, size/record: 8, table size: 16
	.data: load addr=0000a388, load size=000000b2 bytes, run addr=2000cb8c, run size=000002de bytes, compression=lzss
	.bss: load addr=0000a448, load size=00000008 bytes, run addr=20000000, run size=0000cb8b bytes, compression=zero_init


LINKER GENERATED HANDLER TABLE

__TI_handler_table @ 0000a43c records: 3, size/record: 4, table size: 12
	index: 0, handler: __TI_decompress_lzss
	index: 1, handler: __TI_decompress_none
	index: 2, handler: __TI_zero_init


GLOBAL SYMBOLS: SORTED ALPHABETICALLY BY Name 

address   name                                       
-------   ----                                       
000051d3  ADC14_IRQHandler                           
000051d3  ADC14_IRQHandler                           
00009395  ADC14_clearInterruptFlag                   
00007b09  ADC14_configureConversionMemory            
00007bbd  ADC14_configureMultiSequenceMode           
00009535  ADC14_enableConversion                     
000093c5  ADC14_enableInterrupt                      
0000994d  ADC14_enableModule                         
0000925d  ADC14_enableSampleTimer                    
0000917d  ADC14_getEnabledInterruptStatus            
00009485  ADC14_getInterruptStatus                   
0000955d  ADC14_getResult                            
00008c25  ADC14_initModule                           
000094b1  ADC14_toggleConversionTrigger              
00009949  AES256_IRQHandler                          
00009949  BusFault_Handler                           
0000999d  C$$EXIT                                    
0000921b  C$$IO$$                                    
00009949  COMP_E0_IRQHandler                         
00009949  COMP_E1_IRQHandler                         
00009959  CPU_cpsid                                  
00009965  CPU_cpsie                                  
00009949  CS_IRQHandler                              
000093f5  CS_clearInterruptFlag                      
00007871  CS_getDCOFrequency                         
00009585  CS_getSMCLK                                
00004061  Crystalfontz128x128_Init                   
00004175  Crystalfontz128x128_SetDrawFrame           
000042a3  Crystalfontz128x128_SetOrientation         
00006c0b  DCM_moveBackward                           
00006bf7  DCM_moveForward                            
00006c1f  DCM_turnOff                                
00009949  DMA_ERR_IRQHandler                         
00009949  DMA_INT0_IRQHandler                        
00009949  DMA_INT1_IRQHandler                        
00009949  DMA_INT2_IRQHandler                        
00009949  DMA_INT3_IRQHandler                        
000052cb  DS_getMeasure                              
000052c5  DS_hasNewMeasure                           
00006bcf  DS_sendTrigger                             
00009949  DebugMon_Handler                           
00009949  Default_Handler                            
00009949  EUSCIA0_IRQHandler                         
00009949  EUSCIA1_IRQHandler                         
00009949  EUSCIA2_IRQHandler                         
00009949  EUSCIA3_IRQHandler                         
00009949  EUSCIB0_IRQHandler                         
00009949  EUSCIB1_IRQHandler                         
00009949  EUSCIB2_IRQHandler                         
00009949  EUSCIB3_IRQHandler                         
000097af  EUSCI_A_SPI_enable                         
000097c5  EUSCI_B_SPI_enable                         
00009949  FLCTL_IRQHandler                           
00009949  FPU_IRQHandler                             
00008e59  FlashCtl_setWaitState                      
000095ad  GPIO_clearInterruptFlag                    
000095d5  GPIO_enableInterrupt                       
00008251  GPIO_getEnabledInterruptStatus             
00009675  GPIO_getInterruptStatus                    
00008a6d  GPIO_setAsInputPinWithPullUpResistor       
00008ffd  GPIO_setAsOutputPin                        
00008035  GPIO_setAsPeripheralModuleFunctionInputPin 
000080bd  GPIO_setAsPeripheralModuleFunctionOutputPin
000095fd  GPIO_setOutputHighOnPin                    
00009625  GPIO_setOutputLowOnPin                     
000098ad  Graphics_clearDisplay                      
00009717  Graphics_clearDisplayOnDisplay             
00009225  Graphics_drawHorizontalLineOnDisplay       
00007dd3  Graphics_drawLineH                         
000094dd  Graphics_drawPixelOnDisplay                
000046e1  Graphics_drawString                        
00008ea1  Graphics_drawStringCentered                
00007775  Graphics_getStringWidth                    
00008ccd  Graphics_initContext                       
00009731  Graphics_setBackgroundColor                
0000974b  Graphics_setFont                           
000097db  Graphics_setForegroundColor                
000097f1  Graphics_translateColorOnDisplay           
00007a3d  HAL_LCD_PortInit                           
00007a6d  HAL_LCD_SpiInit                            
00007aa3  HAL_LCD_writeCommand                       
00007ad3  HAL_LCD_writeData                          
00008f31  HOSTclose                                  
00008621  HOSTlseek                                  
00008955  HOSTopen                                   
00008ac5  HOSTread                                   
000085b5  HOSTrename                                 
00008f75  HOSTunlink                                 
00008b1d  HOSTwrite                                  
00009949  HardFault_Handler                          
000082d5  Interrupt_disableInterrupt                 
000098e1  Interrupt_disableMaster                    
00008355  Interrupt_enableInterrupt                  
000098f1  Interrupt_enableMaster                     
2000cb86  Lcd_FlagRead                               
2000cb87  Lcd_FontSolid                              
2000cb88  Lcd_Orientation                            
2000cb89  Lcd_PenSolid                               
2000cb80  Lcd_ScreenHeigth                           
2000cb82  Lcd_ScreenWidth                            
2000cb84  Lcd_TouchTrim                              
00009949  MemManage_Handler                          
00009949  NMI_Handler                                
00009949  PCM_IRQHandler                             
000089b5  PCM_getCoreVoltageLevel                    
00008a13  PCM_getPowerMode                           
00009849  PCM_getPowerState                          
00009901  PCM_setCoreVoltageLevel                    
00009911  PCM_setPowerMode                           
00009949  PORT1_IRQHandler                           
00009949  PORT2_IRQHandler                           
0000525f  PORT3_IRQHandler                           
0000525f  PORT3_IRQHandler                           
00009949  PORT4_IRQHandler                           
0000527d  PORT5_IRQHandler                           
0000527d  PORT5_IRQHandler                           
00009949  PORT6_IRQHandler                           
00009949  PSS_IRQHandler                             
00009949  RTC_C_IRQHandler                           
0000993d  Reset_Handler                              
00006aed  SM_makeStep                                
000096df  SPI_enableModule                           
00007d23  SPI_initMaster                             
00007fa1  SysCtl_A_getTLVInfo                        
2000ce64  SystemCoreClock                            
00005b05  SystemCoreClockUpdate                      
00005d7d  SystemInit                                 
00009949  T32_INT1_IRQHandler                        
00009949  T32_INT2_IRQHandler                        
00009949  T32_INTC_IRQHandler                        
00009949  TA0_0_IRQHandler                           
00005165  TA0_N_IRQHandler                           
00005165  TA0_N_IRQHandler                           
00009949  TA1_0_IRQHandler                           
00009949  TA1_N_IRQHandler                           
00009949  TA2_0_IRQHandler                           
00009949  TA2_N_IRQHandler                           
00009949  TA3_0_IRQHandler                           
00009949  TA3_N_IRQHandler                           
0000985d  Timer32_disableInterrupt                   
00009921  Timer32_getValue                           
00008689  Timer32_initModule                         
00009291  Timer32_setCount                           
000091b5  Timer32_startTimer                         
00009509  Timer_A_clearCaptureCompareInterrupt       
000092c5  Timer_A_configureContinuousMode            
000086f1  Timer_A_configureUpMode                    
000096bd  Timer_A_getCaptureCompareCount             
00008b75  Timer_A_initCapture                        
00008d71  Timer_A_initCompare                        
00009807  Timer_A_startCounter                       
00009871  Timer_A_stopTimer                          
0000981d  UART_enableModule                          
00007241  UART_initModule                            
000092f9  UART_transmitData                          
00009f3c  UCxBRS                                     
00009949  UsageFault_Handler                         
4000480c  WDTCTL_SYM                                 
00009949  WDT_A_IRQHandler                           
00009699  WDT_A_holdTimer                            
00005059  _DCMotorInit                               
2000c800  __CIOBUF_                                  
20010000  __STACK_END                                
00000400  __STACK_SIZE                               
0000a450  __TI_CINIT_Base                            
0000a460  __TI_CINIT_Limit                           
0000a43c  __TI_Handler_Table_Base                    
0000a448  __TI_Handler_Table_Limit                   
00008fb9  __TI_auto_init_nobinit_nopinit             
00008759  __TI_decompress_lzss                       
0000992f  __TI_decompress_none                       
00008dbf  __TI_doflush                               
2000ce34  __TI_ft_end                                
00008c79  __TI_ltoa                                  
ffffffff  __TI_pprof_out_hndl                        
00002761  __TI_printfi                               
ffffffff  __TI_prof_data_size                        
ffffffff  __TI_prof_data_start                       
0000932d  __TI_readmsg                               
0000a388  __TI_static_base__                         
000091ed  __TI_writemsg                              
00009971  __TI_zero_init                             
00008145  __aeabi_cdcmpeq                            
00008145  __aeabi_cdcmple                            
000081cb  __aeabi_cdrcmple                           
00008ee9  __aeabi_d2iz                               
00006683  __aeabi_dadd                               
00006ebd  __aeabi_ddiv                               
00007679  __aeabi_dmul                               
00006679  __aeabi_dsub                               
00009989  __aeabi_errno_addr                         
00009455  __aeabi_i2d                                
000031af  __aeabi_idiv0                              
000031af  __aeabi_ldiv0                              
000084cd  __aeabi_memclr                             
000084cd  __aeabi_memclr4                            
000084cd  __aeabi_memclr8                            
00007e6f  __aeabi_memcpy                             
00007e6f  __aeabi_memcpy4                            
00007e6f  __aeabi_memcpy8                            
000084cf  __aeabi_memset                             
000084cf  __aeabi_memset4                            
000084cf  __aeabi_memset8                            
2000ce40  __aeabi_stderr                             
2000ce38  __aeabi_stdin                              
2000ce3c  __aeabi_stdout                             
00007f0b  __aeabi_uldivmod                           
ffffffff  __binit__                                  
ffffffff  __c_args__                                 
UNDEFED   __mpu_init                                 
2000fc00  __stack                                    
20000000  __start___llvm_prf_cnts                    
20000000  __stop___llvm_prf_cnts                     
00004f8d  _adcInit                                   
00005029  _buttonsInit                               
00009361  _c_int00_noargs                            
0000a05c  _ctypes_                                   
2000cc7c  _device                                    
000050cb  _distanceSensorInit                        
2000cb8c  _ftable                                    
00004ff1  _graphicsInit                              
00005127  _hwInit                                    
2000ce50  _lock                                      
0000275f  _nop                                       
000050a7  _stepMotorInit                             
2000ccf4  _stream                                    
UNDEFED   _system_post_cinit                         
00009999  _system_pre_init                           
2000ce54  _unlock                                    
0000999d  abort                                      
00008e0d  atoi                                       
ffffffff  binit                                      
00008841  button1_press                              
00008849  button2_press                              
00003749  cardRemoved                                
00003759  cardsRefill                                
0000887f  clearEvent                                 
0000371b  clearHomePosition                          
00009765  copysign                                   
00009765  copysignl                                  
2000cb8a  current_state                              
00003863  degreesToSteps                             
0000330f  distributeCards                            
0000115d  eTaskConfirmSleepModeStatus                
00000505  eTaskGetState                              
00008851  end_arrive                                 
2000ce5c  errno                                      
00008451  fflush                                     
000061db  fn_DISTRIBUTION                            
0000621b  fn_EMERGENCY_STOP                          
000061fd  fn_GAME                                    
000061b7  fn_GAME_SELECTION                          
00006101  fn_IDLE                                    
0000616b  fn_SCAN                                    
00006121  fn_WAITING                                 
0000645d  fputc                                      
0000646f  fputs                                      
0000888d  frexp                                      
0000888d  frexpl                                     
2000cd44  fsm                                        
2000caa4  g_sContext                                 
2000ce14  g_sCrystalfontz128x128                     
0000a2d8  g_sCrystalfontz128x128_funcs               
0000a160  g_sFontCmsc12                              
0000326f  gameSelection                              
00003743  getCardsLeft                               
00008879  getEvent                                   
00005361  getGraphicsContext                         
000036f9  getHomeDistance                            
0000387f  getPeopleNumber                            
00003885  getPeoplePosition                          
00005577  get_number_player                          
000037d5  giveOneCard                                
00008861  give_card                                  
000038a3  incPeopleNumber                            
000031b1  init                                       
00000000  interruptVectors                           
00008839  joystick_down                              
00008829  joystick_press                             
00008831  joystick_up                                
0000735d  ldexp                                      
0000735d  ldexpl                                     
000060a9  main                                       
00006259  malloc                                     
000096fb  memccpy                                    
00007e6f  memcpy                                     
000084d5  memset                                     
2000cb6c  parmbuf                                    
00000b31  pcTaskGetName                              
00003ae3  pcTimerGetName                             
000031cd  peopleDetection                            
00008871  person_detected                            
000087c1  printf                                     
0000579d  pvPortMalloc                               
000014cb  pvTaskIncrementMutexHeldCount              
00003f6d  pvTimerGetTimerID                          
2000cd7c  pxCurrentTCB                               
00004b61  pxPortInitialiseStack                      
00003723  resetPosition                              
0000735d  scalbn                                     
0000735d  scalbnl                                    
0000551d  screen_card_distribution                   
000055ef  screen_cards_refill                        
000054f5  screen_center_string                       
0000557d  screen_continue                            
0000564b  screen_restart                             
00005445  screen_scanning                            
00005475  screen_selecting_cards                     
000053b5  screen_start_game                          
000038b5  setNewPersonPosition                       
00008869  skip                                       
000090bd  sprintf                                    
000033bd  startGame                                  
00008859  start_arrive                               
2000ce69  state_transition                           
00009833  strchr                                     
00009885  strcpy                                     
00009899  strlen                                     
00005329  turnOffBuzzer                              
000052dd  turnOnBuzzer                               
2000cdb0  uart_config                                
000062bd  uart_init                                  
000063db  uart_init_gpio                             
000063f3  uart_println                               
0000a37c  ulMaxSyscallInterruptPriority              
00007979  ulPortGetIPSR                              
000014e9  ulTaskNotifyTake                           
000036ff  updateHomePosition                         
000070d5  uxListRemove                               
0000240d  uxQueueMessagesWaiting                     
0000246b  uxQueueMessagesWaitingFromISR              
00002437  uxQueueSpacesAvailable                     
00000b2b  uxTaskGetNumberOfTasks                     
000005a1  uxTaskPriorityGet                          
000005cd  uxTaskPriorityGetFromISR                   
000014a9  uxTaskResetEventItemValue                  
0000623f  vApplicationIdleHook                       
0000622f  vApplicationMallocFailedHook               
00006241  vApplicationStackOverflowHook              
0000626d  vApplicationTickHook                       
00006ff3  vListInitialise                            
00007023  vListInitialiseItem                        
0000706f  vListInsert                                
00007033  vListInsertEnd                             
00007a2d  vPortEnableVFP                             
00004c81  vPortEndScheduler                          
00004ca5  vPortEnterCritical                         
00004ce7  vPortExitCritical                          
000058ff  vPortFree                                  
0000599d  vPortInitialiseBlocks                      
000079f1  vPortSVCHandler                            
000079f1  vPortSVCHandler                            
00004e95  vPortSetupTimerInterrupt                   
00007a11  vPortStartFirstTask                        
00004d3d  vPortSuppressTicksAndSleep                 
00004ef5  vPortValidateInterruptPriority             
00006263  vPreSleepProcessing                        
00002491  vQueueDelete                               
00002703  vQueueWaitForMessageRestricted             
0000049d  vTaskDelay                                 
000003bb  vTaskDelayUntil                            
000002f1  vTaskDelete                                
00003511  vTaskDistanceSensor                        
0000097d  vTaskEndScheduler                          
000060e9  vTaskMain                                  
000010e7  vTaskMissedYield                           
00001873  vTaskNotifyGiveFromISR                     
00000df7  vTaskPlaceOnEventList                      
00000e8d  vTaskPlaceOnEventListRestricted            
00000e27  vTaskPlaceOnUnorderedEventList             
000012ef  vTaskPriorityInherit                       
00000615  vTaskPrioritySet                           
00000873  vTaskResume                                
00001017  vTaskSetTimeOutState                       
00000905  vTaskStartScheduler                        
00003631  vTaskStepMotor                             
00000b95  vTaskStepTick                              
00000749  vTaskSuspend                               
00000999  vTaskSuspendAll                            
00000d31  vTaskSwitchContext                         
00003f9b  vTimerSetTimerID                           
000090fd  vsnprintf                                  
000098bf  wcslen                                     
0000964d  write                                      
00005991  xPortGetFreeHeapSize                       
00005997  xPortGetMinimumEverFreeHeapSize            
00007991  xPortPendSVHandler                         
00007991  xPortPendSVHandler                         
00004bed  xPortStartScheduler                        
00004d13  xPortSysTickHandler                        
00004d13  xPortSysTickHandler                        
00001ca9  xQueueCreateCountingSemaphore              
00001bd1  xQueueCreateMutex                          
00001b07  xQueueGenericCreate                        
000020ab  xQueueGenericReceive                       
00001a55  xQueueGenericReset                         
00001d05  xQueueGenericSend                          
00001eb7  xQueueGenericSendFromISR                   
00001fbd  xQueueGiveFromISR                          
00001bfd  xQueueGiveMutexRecursive                   
00002677  xQueueIsQueueEmptyFromISR                  
000026cd  xQueueIsQueueFullFromISR                   
0000235b  xQueuePeekFromISR                          
00002285  xQueueReceiveFromISR                       
00001c4d  xQueueTakeMutexRecursive                   
00001045  xTaskCheckForTimeOut                       
000000e5  xTaskCreate                                
00001615  xTaskGenericNotify                         
00001735  xTaskGenericNotifyFromISR                  
000012b1  xTaskGetCurrentTaskHandle                  
00000b61  xTaskGetIdleTaskHandle                     
000012c9  xTaskGetSchedulerState                     
00000b07  xTaskGetTickCount                          
00000b17  xTaskGetTickCountFromISR                   
00000be5  xTaskIncrementTick                         
0000195d  xTaskNotifyStateClear                      
00001571  xTaskNotifyWait                            
000013c9  xTaskPriorityDisinherit                    
00000ed5  xTaskRemoveFromEventList                   
00000f79  xTaskRemoveFromUnorderedEventList          
00000a05  xTaskResumeAll                             
00003963  xTimerCreate                               
00003925  xTimerCreateTimerTask                      
000039f1  xTimerGenericCommand                       
00003ab9  xTimerGetExpiryTime                        
00003a93  xTimerGetPeriod                            
00003a71  xTimerGetTimerDaemonTaskHandle             
00003f2d  xTimerIsTimerActive                        
00003fff  xTimerPendFunctionCall                     
00003fc9  xTimerPendFunctionCallFromISR              


GLOBAL SYMBOLS: SORTED BY Symbol Address 

address   name                                       
-------   ----                                       
00000000  interruptVectors                           
000000e5  xTaskCreate                                
000002f1  vTaskDelete                                
000003bb  vTaskDelayUntil                            
00000400  __STACK_SIZE                               
0000049d  vTaskDelay                                 
00000505  eTaskGetState                              
000005a1  uxTaskPriorityGet                          
000005cd  uxTaskPriorityGetFromISR                   
00000615  vTaskPrioritySet                           
00000749  vTaskSuspend                               
00000873  vTaskResume                                
00000905  vTaskStartScheduler                        
0000097d  vTaskEndScheduler                          
00000999  vTaskSuspendAll                            
00000a05  xTaskResumeAll                             
00000b07  xTaskGetTickCount                          
00000b17  xTaskGetTickCountFromISR                   
00000b2b  uxTaskGetNumberOfTasks                     
00000b31  pcTaskGetName                              
00000b61  xTaskGetIdleTaskHandle                     
00000b95  vTaskStepTick                              
00000be5  xTaskIncrementTick                         
00000d31  vTaskSwitchContext                         
00000df7  vTaskPlaceOnEventList                      
00000e27  vTaskPlaceOnUnorderedEventList             
00000e8d  vTaskPlaceOnEventListRestricted            
00000ed5  xTaskRemoveFromEventList                   
00000f79  xTaskRemoveFromUnorderedEventList          
00001017  vTaskSetTimeOutState                       
00001045  xTaskCheckForTimeOut                       
000010e7  vTaskMissedYield                           
0000115d  eTaskConfirmSleepModeStatus                
000012b1  xTaskGetCurrentTaskHandle                  
000012c9  xTaskGetSchedulerState                     
000012ef  vTaskPriorityInherit                       
000013c9  xTaskPriorityDisinherit                    
000014a9  uxTaskResetEventItemValue                  
000014cb  pvTaskIncrementMutexHeldCount              
000014e9  ulTaskNotifyTake                           
00001571  xTaskNotifyWait                            
00001615  xTaskGenericNotify                         
00001735  xTaskGenericNotifyFromISR                  
00001873  vTaskNotifyGiveFromISR                     
0000195d  xTaskNotifyStateClear                      
00001a55  xQueueGenericReset                         
00001b07  xQueueGenericCreate                        
00001bd1  xQueueCreateMutex                          
00001bfd  xQueueGiveMutexRecursive                   
00001c4d  xQueueTakeMutexRecursive                   
00001ca9  xQueueCreateCountingSemaphore              
00001d05  xQueueGenericSend                          
00001eb7  xQueueGenericSendFromISR                   
00001fbd  xQueueGiveFromISR                          
000020ab  xQueueGenericReceive                       
00002285  xQueueReceiveFromISR                       
0000235b  xQueuePeekFromISR                          
0000240d  uxQueueMessagesWaiting                     
00002437  uxQueueSpacesAvailable                     
0000246b  uxQueueMessagesWaitingFromISR              
00002491  vQueueDelete                               
00002677  xQueueIsQueueEmptyFromISR                  
000026cd  xQueueIsQueueFullFromISR                   
00002703  vQueueWaitForMessageRestricted             
0000275f  _nop                                       
00002761  __TI_printfi                               
000031af  __aeabi_idiv0                              
000031af  __aeabi_ldiv0                              
000031b1  init                                       
000031cd  peopleDetection                            
0000326f  gameSelection                              
0000330f  distributeCards                            
000033bd  startGame                                  
00003511  vTaskDistanceSensor                        
00003631  vTaskStepMotor                             
000036f9  getHomeDistance                            
000036ff  updateHomePosition                         
0000371b  clearHomePosition                          
00003723  resetPosition                              
00003743  getCardsLeft                               
00003749  cardRemoved                                
00003759  cardsRefill                                
000037d5  giveOneCard                                
00003863  degreesToSteps                             
0000387f  getPeopleNumber                            
00003885  getPeoplePosition                          
000038a3  incPeopleNumber                            
000038b5  setNewPersonPosition                       
00003925  xTimerCreateTimerTask                      
00003963  xTimerCreate                               
000039f1  xTimerGenericCommand                       
00003a71  xTimerGetTimerDaemonTaskHandle             
00003a93  xTimerGetPeriod                            
00003ab9  xTimerGetExpiryTime                        
00003ae3  pcTimerGetName                             
00003f2d  xTimerIsTimerActive                        
00003f6d  pvTimerGetTimerID                          
00003f9b  vTimerSetTimerID                           
00003fc9  xTimerPendFunctionCallFromISR              
00003fff  xTimerPendFunctionCall                     
00004061  Crystalfontz128x128_Init                   
00004175  Crystalfontz128x128_SetDrawFrame           
000042a3  Crystalfontz128x128_SetOrientation         
000046e1  Graphics_drawString                        
00004b61  pxPortInitialiseStack                      
00004bed  xPortStartScheduler                        
00004c81  vPortEndScheduler                          
00004ca5  vPortEnterCritical                         
00004ce7  vPortExitCritical                          
00004d13  xPortSysTickHandler                        
00004d13  xPortSysTickHandler                        
00004d3d  vPortSuppressTicksAndSleep                 
00004e95  vPortSetupTimerInterrupt                   
00004ef5  vPortValidateInterruptPriority             
00004f8d  _adcInit                                   
00004ff1  _graphicsInit                              
00005029  _buttonsInit                               
00005059  _DCMotorInit                               
000050a7  _stepMotorInit                             
000050cb  _distanceSensorInit                        
00005127  _hwInit                                    
00005165  TA0_N_IRQHandler                           
00005165  TA0_N_IRQHandler                           
000051d3  ADC14_IRQHandler                           
000051d3  ADC14_IRQHandler                           
0000525f  PORT3_IRQHandler                           
0000525f  PORT3_IRQHandler                           
0000527d  PORT5_IRQHandler                           
0000527d  PORT5_IRQHandler                           
000052c5  DS_hasNewMeasure                           
000052cb  DS_getMeasure                              
000052dd  turnOnBuzzer                               
00005329  turnOffBuzzer                              
00005361  getGraphicsContext                         
000053b5  screen_start_game                          
00005445  screen_scanning                            
00005475  screen_selecting_cards                     
000054f5  screen_center_string                       
0000551d  screen_card_distribution                   
00005577  get_number_player                          
0000557d  screen_continue                            
000055ef  screen_cards_refill                        
0000564b  screen_restart                             
0000579d  pvPortMalloc                               
000058ff  vPortFree                                  
00005991  xPortGetFreeHeapSize                       
00005997  xPortGetMinimumEverFreeHeapSize            
0000599d  vPortInitialiseBlocks                      
00005b05  SystemCoreClockUpdate                      
00005d7d  SystemInit                                 
000060a9  main                                       
000060e9  vTaskMain                                  
00006101  fn_IDLE                                    
00006121  fn_WAITING                                 
0000616b  fn_SCAN                                    
000061b7  fn_GAME_SELECTION                          
000061db  fn_DISTRIBUTION                            
000061fd  fn_GAME                                    
0000621b  fn_EMERGENCY_STOP                          
0000622f  vApplicationMallocFailedHook               
0000623f  vApplicationIdleHook                       
00006241  vApplicationStackOverflowHook              
00006259  malloc                                     
00006263  vPreSleepProcessing                        
0000626d  vApplicationTickHook                       
000062bd  uart_init                                  
000063db  uart_init_gpio                             
000063f3  uart_println                               
0000645d  fputc                                      
0000646f  fputs                                      
00006679  __aeabi_dsub                               
00006683  __aeabi_dadd                               
00006aed  SM_makeStep                                
00006bcf  DS_sendTrigger                             
00006bf7  DCM_moveForward                            
00006c0b  DCM_moveBackward                           
00006c1f  DCM_turnOff                                
00006ebd  __aeabi_ddiv                               
00006ff3  vListInitialise                            
00007023  vListInitialiseItem                        
00007033  vListInsertEnd                             
0000706f  vListInsert                                
000070d5  uxListRemove                               
00007241  UART_initModule                            
0000735d  ldexp                                      
0000735d  ldexpl                                     
0000735d  scalbn                                     
0000735d  scalbnl                                    
00007679  __aeabi_dmul                               
00007775  Graphics_getStringWidth                    
00007871  CS_getDCOFrequency                         
00007979  ulPortGetIPSR                              
00007991  xPortPendSVHandler                         
00007991  xPortPendSVHandler                         
000079f1  vPortSVCHandler                            
000079f1  vPortSVCHandler                            
00007a11  vPortStartFirstTask                        
00007a2d  vPortEnableVFP                             
00007a3d  HAL_LCD_PortInit                           
00007a6d  HAL_LCD_SpiInit                            
00007aa3  HAL_LCD_writeCommand                       
00007ad3  HAL_LCD_writeData                          
00007b09  ADC14_configureConversionMemory            
00007bbd  ADC14_configureMultiSequenceMode           
00007d23  SPI_initMaster                             
00007dd3  Graphics_drawLineH                         
00007e6f  __aeabi_memcpy                             
00007e6f  __aeabi_memcpy4                            
00007e6f  __aeabi_memcpy8                            
00007e6f  memcpy                                     
00007f0b  __aeabi_uldivmod                           
00007fa1  SysCtl_A_getTLVInfo                        
00008035  GPIO_setAsPeripheralModuleFunctionInputPin 
000080bd  GPIO_setAsPeripheralModuleFunctionOutputPin
00008145  __aeabi_cdcmpeq                            
00008145  __aeabi_cdcmple                            
000081cb  __aeabi_cdrcmple                           
00008251  GPIO_getEnabledInterruptStatus             
000082d5  Interrupt_disableInterrupt                 
00008355  Interrupt_enableInterrupt                  
00008451  fflush                                     
000084cd  __aeabi_memclr                             
000084cd  __aeabi_memclr4                            
000084cd  __aeabi_memclr8                            
000084cf  __aeabi_memset                             
000084cf  __aeabi_memset4                            
000084cf  __aeabi_memset8                            
000084d5  memset                                     
000085b5  HOSTrename                                 
00008621  HOSTlseek                                  
00008689  Timer32_initModule                         
000086f1  Timer_A_configureUpMode                    
00008759  __TI_decompress_lzss                       
000087c1  printf                                     
00008829  joystick_press                             
00008831  joystick_up                                
00008839  joystick_down                              
00008841  button1_press                              
00008849  button2_press                              
00008851  end_arrive                                 
00008859  start_arrive                               
00008861  give_card                                  
00008869  skip                                       
00008871  person_detected                            
00008879  getEvent                                   
0000887f  clearEvent                                 
0000888d  frexp                                      
0000888d  frexpl                                     
00008955  HOSTopen                                   
000089b5  PCM_getCoreVoltageLevel                    
00008a13  PCM_getPowerMode                           
00008a6d  GPIO_setAsInputPinWithPullUpResistor       
00008ac5  HOSTread                                   
00008b1d  HOSTwrite                                  
00008b75  Timer_A_initCapture                        
00008c25  ADC14_initModule                           
00008c79  __TI_ltoa                                  
00008ccd  Graphics_initContext                       
00008d71  Timer_A_initCompare                        
00008dbf  __TI_doflush                               
00008e0d  atoi                                       
00008e59  FlashCtl_setWaitState                      
00008ea1  Graphics_drawStringCentered                
00008ee9  __aeabi_d2iz                               
00008f31  HOSTclose                                  
00008f75  HOSTunlink                                 
00008fb9  __TI_auto_init_nobinit_nopinit             
00008ffd  GPIO_setAsOutputPin                        
000090bd  sprintf                                    
000090fd  vsnprintf                                  
0000917d  ADC14_getEnabledInterruptStatus            
000091b5  Timer32_startTimer                         
000091ed  __TI_writemsg                              
0000921b  C$$IO$$                                    
00009225  Graphics_drawHorizontalLineOnDisplay       
0000925d  ADC14_enableSampleTimer                    
00009291  Timer32_setCount                           
000092c5  Timer_A_configureContinuousMode            
000092f9  UART_transmitData                          
0000932d  __TI_readmsg                               
00009361  _c_int00_noargs                            
00009395  ADC14_clearInterruptFlag                   
000093c5  ADC14_enableInterrupt                      
000093f5  CS_clearInterruptFlag                      
00009455  __aeabi_i2d                                
00009485  ADC14_getInterruptStatus                   
000094b1  ADC14_toggleConversionTrigger              
000094dd  Graphics_drawPixelOnDisplay                
00009509  Timer_A_clearCaptureCompareInterrupt       
00009535  ADC14_enableConversion                     
0000955d  ADC14_getResult                            
00009585  CS_getSMCLK                                
000095ad  GPIO_clearInterruptFlag                    
000095d5  GPIO_enableInterrupt                       
000095fd  GPIO_setOutputHighOnPin                    
00009625  GPIO_setOutputLowOnPin                     
0000964d  write                                      
00009675  GPIO_getInterruptStatus                    
00009699  WDT_A_holdTimer                            
000096bd  Timer_A_getCaptureCompareCount             
000096df  SPI_enableModule                           
000096fb  memccpy                                    
00009717  Graphics_clearDisplayOnDisplay             
00009731  Graphics_setBackgroundColor                
0000974b  Graphics_setFont                           
00009765  copysign                                   
00009765  copysignl                                  
000097af  EUSCI_A_SPI_enable                         
000097c5  EUSCI_B_SPI_enable                         
000097db  Graphics_setForegroundColor                
000097f1  Graphics_translateColorOnDisplay           
00009807  Timer_A_startCounter                       
0000981d  UART_enableModule                          
00009833  strchr                                     
00009849  PCM_getPowerState                          
0000985d  Timer32_disableInterrupt                   
00009871  Timer_A_stopTimer                          
00009885  strcpy                                     
00009899  strlen                                     
000098ad  Graphics_clearDisplay                      
000098bf  wcslen                                     
000098e1  Interrupt_disableMaster                    
000098f1  Interrupt_enableMaster                     
00009901  PCM_setCoreVoltageLevel                    
00009911  PCM_setPowerMode                           
00009921  Timer32_getValue                           
0000992f  __TI_decompress_none                       
0000993d  Reset_Handler                              
00009949  AES256_IRQHandler                          
00009949  BusFault_Handler                           
00009949  COMP_E0_IRQHandler                         
00009949  COMP_E1_IRQHandler                         
00009949  CS_IRQHandler                              
00009949  DMA_ERR_IRQHandler                         
00009949  DMA_INT0_IRQHandler                        
00009949  DMA_INT1_IRQHandler                        
00009949  DMA_INT2_IRQHandler                        
00009949  DMA_INT3_IRQHandler                        
00009949  DebugMon_Handler                           
00009949  Default_Handler                            
00009949  EUSCIA0_IRQHandler                         
00009949  EUSCIA1_IRQHandler                         
00009949  EUSCIA2_IRQHandler                         
00009949  EUSCIA3_IRQHandler                         
00009949  EUSCIB0_IRQHandler                         
00009949  EUSCIB1_IRQHandler                         
00009949  EUSCIB2_IRQHandler                         
00009949  EUSCIB3_IRQHandler                         
00009949  FLCTL_IRQHandler                           
00009949  FPU_IRQHandler                             
00009949  HardFault_Handler                          
00009949  MemManage_Handler                          
00009949  NMI_Handler                                
00009949  PCM_IRQHandler                             
00009949  PORT1_IRQHandler                           
00009949  PORT2_IRQHandler                           
00009949  PORT4_IRQHandler                           
00009949  PORT6_IRQHandler                           
00009949  PSS_IRQHandler                             
00009949  RTC_C_IRQHandler                           
00009949  T32_INT1_IRQHandler                        
00009949  T32_INT2_IRQHandler                        
00009949  T32_INTC_IRQHandler                        
00009949  TA0_0_IRQHandler                           
00009949  TA1_0_IRQHandler                           
00009949  TA1_N_IRQHandler                           
00009949  TA2_0_IRQHandler                           
00009949  TA2_N_IRQHandler                           
00009949  TA3_0_IRQHandler                           
00009949  TA3_N_IRQHandler                           
00009949  UsageFault_Handler                         
00009949  WDT_A_IRQHandler                           
0000994d  ADC14_enableModule                         
00009959  CPU_cpsid                                  
00009965  CPU_cpsie                                  
00009971  __TI_zero_init                             
00009989  __aeabi_errno_addr                         
00009999  _system_pre_init                           
0000999d  C$$EXIT                                    
0000999d  abort                                      
00009f3c  UCxBRS                                     
0000a05c  _ctypes_                                   
0000a160  g_sFontCmsc12                              
0000a2d8  g_sCrystalfontz128x128_funcs               
0000a37c  ulMaxSyscallInterruptPriority              
0000a388  __TI_static_base__                         
0000a43c  __TI_Handler_Table_Base                    
0000a448  __TI_Handler_Table_Limit                   
0000a450  __TI_CINIT_Base                            
0000a460  __TI_CINIT_Limit                           
20000000  __start___llvm_prf_cnts                    
20000000  __stop___llvm_prf_cnts                     
2000c800  __CIOBUF_                                  
2000caa4  g_sContext                                 
2000cb6c  parmbuf                                    
2000cb80  Lcd_ScreenHeigth                           
2000cb82  Lcd_ScreenWidth                            
2000cb84  Lcd_TouchTrim                              
2000cb86  Lcd_FlagRead                               
2000cb87  Lcd_FontSolid                              
2000cb88  Lcd_Orientation                            
2000cb89  Lcd_PenSolid                               
2000cb8a  current_state                              
2000cb8c  _ftable                                    
2000cc7c  _device                                    
2000ccf4  _stream                                    
2000cd44  fsm                                        
2000cd7c  pxCurrentTCB                               
2000cdb0  uart_config                                
2000ce14  g_sCrystalfontz128x128                     
2000ce34  __TI_ft_end                                
2000ce38  __aeabi_stdin                              
2000ce3c  __aeabi_stdout                             
2000ce40  __aeabi_stderr                             
2000ce50  _lock                                      
2000ce54  _unlock                                    
2000ce5c  errno                                      
2000ce64  SystemCoreClock                            
2000ce69  state_transition                           
2000fc00  __stack                                    
20010000  __STACK_END                                
4000480c  WDTCTL_SYM                                 
ffffffff  __TI_pprof_out_hndl                        
ffffffff  __TI_prof_data_size                        
ffffffff  __TI_prof_data_start                       
ffffffff  __binit__                                  
ffffffff  __c_args__                                 
ffffffff  binit                                      
UNDEFED   __mpu_init                                 
UNDEFED   _system_post_cinit                         

[430 symbols]
