******************************************************************************
                  TI ARM Linker PC v20.2.7                     
******************************************************************************
>> Linked Tue Jan  3 11:38:12 2023

OUTPUT FILE NAME:   <CardDealer.out>
ENTRY POINT SYMBOL: "_c_int00_noargs"  address: 00008701


MEMORY CONFIGURATION

         name            origin    length      used     unused   attr    fill
----------------------  --------  ---------  --------  --------  ----  --------
  MAIN                  00000000   00040000  0000947c  00036b84  R  X
  INFO                  00200000   00004000  00000000  00004000  R  X
  SRAM_CODE             01000000   00010000  0000d166  00002e9a  RW X
  SRAM_DATA             20000000   00010000  0000d166  00002e9a  RW  


SEGMENT ALLOCATION MAP

run origin  load origin   length   init length attrs members
----------  ----------- ---------- ----------- ----- -------
00000000    00000000    00009480   00009480    r-x
  00000000    00000000    000000e4   000000e4    r-- .intvecs
  000000e4    000000e4    00008bd8   00008bd8    r-x .text
  00008cbc    00008cbc    00000730   00000730    r-- .const
  000093f0    000093f0    00000090   00000090    r-- .cinit
20000000    20000000    0000cd68   00000000    rw-
  20000000    20000000    0000cb5e   00000000    rw- .bss
  2000cb60    2000cb60    00000208   00000000    rw- .data
2000fc00    2000fc00    00000400   00000000    rw-
  2000fc00    2000fc00    00000400   00000000    rw- .stack


SECTION ALLOCATION MAP

 output                                  attributes/
section   page    origin      length       input sections
--------  ----  ----------  ----------   ----------------
.text      0    000000e4    00008bd8     
                  000000e4    00001970     tasks.obj (.text)
                  00001a54    00000d0a     queue.obj (.text)
                  0000275e    00000002     rtsv7M4_T_le_v4SPD16_eabi.lib : _lock.c.obj (.text:_nop)
                  00002760    00000a4e                                   : _printfi.c.obj (.text:__TI_printfi)
                  000031ae    00000002                                   : div0.asm.obj (.text)
                  000031b0    00000914     main_freertos.obj (.text)
                  00003ac4    0000073c     timers.obj (.text)
                  00004200    00000680     Crystalfontz128x128_ST7735.obj (.text)
                  00004880    0000047e     grlib.a : string.obj (.text:Graphics_drawString)
                  00004cfe    00000002     --HOLE-- [fill = 0]
                  00004d00    0000042c     port.obj (.text)
                  0000512c    00000368     heap_4.obj (.text)
                  00005494    00000334     system_msp432p401r.obj (.text)
                  000057c8    00000270     rtsv7M4_T_le_v4SPD16_eabi.lib : _printfi.c.obj (.text:_pconv_a)
                  00005a38    000001ec     uart.obj (.text)
                  00005c24    000001d0     rtsv7M4_T_le_v4SPD16_eabi.lib : _printfi.c.obj (.text:_pconv_g)
                  00005df4    000001b6                                   : fd_add_t2.asm.obj (.text)
                  00005faa    00000002     --HOLE-- [fill = 0]
                  00005fac    00000160     msp432p4xx_driverlib.lib : adc14.o (.text:_getIndexForMemRegister)
                  0000610c    0000015c                              : pcm.o (.text:__PCM_setPowerModeAdvanced)
                  00006268    00000144                              : timer_a.o (.text:privateTimer_AProcessClockSourceDivider)
                  000063ac    0000013c     rtsv7M4_T_le_v4SPD16_eabi.lib : _printfi.c.obj (.text:_pconv_e)
                  000064e8    00000136                                   : fd_div_t2.asm.obj (.text)
                  0000661e    00000002     --HOLE-- [fill = 0]
                  00006620    00000130     msp432p4xx_driverlib.lib : cs.o (.text:CS_initClockSignal)
                  00006750    0000012a     list.obj (.text)
                  0000687a    00000002     --HOLE-- [fill = 0]
                  0000687c    00000124     rtsv7M4_T_le_v4SPD16_eabi.lib : _printfi.c.obj (.text:fcvt)
                  000069a0    0000011c     msp432p4xx_driverlib.lib : uart.o (.text:UART_initModule)
                  00006abc    00000110     rtsv7M4_T_le_v4SPD16_eabi.lib : s_scalbn.c.obj (.text:scalbn)
                  00006bcc    00000108     msp432p4xx_driverlib.lib : pcm.o (.text:__PCM_setCoreVoltageLevelAdvanced)
                  00006cd4    00000104                              : cs.o (.text:_CSComputeCLKFrequency)
                  00006dd8    000000fc     rtsv7M4_T_le_v4SPD16_eabi.lib : fd_mul_t2.asm.obj (.text)
                  00006ed4    000000fa     grlib.a : string.obj (.text:Graphics_getStringWidth)
                  00006fce    00000002     --HOLE-- [fill = 0]
                  00006fd0    000000f8     msp432p4xx_driverlib.lib : cs.o (.text:CS_getDCOFrequency)
                  000070c8    000000ec     action.obj (.text)
                  000071b4    000000d2     portasm.obj (.text)
                  00007286    00000002     --HOLE-- [fill = 0]
                  00007288    000000cc     HAL_MSP_EXP432P401R_Crystalfontz128x128_ST7735.obj (.text)
                  00007354    000000b4     msp432p4xx_driverlib.lib : adc14.o (.text:ADC14_configureConversionMemory)
                  00007408    000000b4                              : adc14.o (.text:ADC14_configureMultiSequenceMode)
                  000074bc    000000b1     rtsv7M4_T_le_v4SPD16_eabi.lib : _printfi.c.obj (.text:_ltostr)
                  0000756d    00000001     --HOLE-- [fill = 0]
                  0000756e    000000b0     msp432p4xx_driverlib.lib : spi.o (.text:SPI_initMaster)
                  0000761e    0000009c     grlib.a : line.obj (.text:Graphics_drawLineH)
                  000076ba    0000009c     rtsv7M4_T_le_v4SPD16_eabi.lib : memcpy_t2.asm.obj (.text)
                  00007756    00000096                                   : ull_div_t2.asm.obj (.text)
                  000077ec    00000094     msp432p4xx_driverlib.lib : sysctl_a.o (.text:SysCtl_A_getTLVInfo)
                  00007880    00000088                              : gpio.o (.text:GPIO_setAsPeripheralModuleFunctionInputPin)
                  00007908    00000088                              : gpio.o (.text:GPIO_setAsPeripheralModuleFunctionOutputPin)
                  00007990    00000086     rtsv7M4_T_le_v4SPD16_eabi.lib : fd_cmp_t2.asm.obj (.text:__aeabi_cdcmple)
                  00007a16    00000086                                   : fd_cmp_t2.asm.obj (.text:__aeabi_cdrcmple)
                  00007a9c    00000080     msp432p4xx_driverlib.lib : interrupt.o (.text:Interrupt_disableInterrupt)
                  00007b1c    00000080                              : interrupt.o (.text:Interrupt_enableInterrupt)
                  00007b9c    0000007c                              : cs.o (.text:_CSGetDOCFrequency)
                  00007c18    0000007a     rtsv7M4_T_le_v4SPD16_eabi.lib : memset_t2.asm.obj (.text)
                  00007c92    0000006e                                   : _printfi.c.obj (.text:_mcpy)
                  00007d00    00000068     msp432p4xx_driverlib.lib : timer32.o (.text:Timer32_initModule)
                  00007d68    00000068                              : timer_a.o (.text:Timer_A_configureUpMode)
                  00007dd0    00000068     rtsv7M4_T_le_v4SPD16_eabi.lib : copy_decompress_lzss.c.obj (.text:decompress:lzss:__TI_decompress_lzss)
                  00007e38    00000068                                   : printf.c.obj (.text:printf)
                  00007ea0    00000064                                   : s_frexp.c.obj (.text:frexp)
                  00007f04    00000062     msp432p4xx_driverlib.lib : cs.o (.text:_CSGetDividerValue)
                  00007f66    0000005e                              : pcm.o (.text:PCM_getCoreVoltageLevel)
                  00007fc4    0000005a                              : pcm.o (.text:PCM_getPowerMode)
                  0000801e    00000002     --HOLE-- [fill = 0]
                  00008020    00000058                              : timer_a.o (.text:Timer_A_initCapture)
                  00008078    00000056     rtsv7M4_T_le_v4SPD16_eabi.lib : _printfi.c.obj (.text:_pconv_f)
                  000080ce    00000002     --HOLE-- [fill = 0]
                  000080d0    00000054     msp432p4xx_driverlib.lib : adc14.o (.text:ADC14_initModule)
                  00008124    00000054     rtsv7M4_T_le_v4SPD16_eabi.lib : _ltoa.c.obj (.text:__TI_ltoa)
                  00008178    00000052     grlib.a : context.obj (.text:Graphics_initContext)
                  000081ca    00000052     rtsv7M4_T_le_v4SPD16_eabi.lib : _printfi.c.obj (.text:_ecpy)
                  0000821c    0000004e     msp432p4xx_driverlib.lib : timer_a.o (.text:Timer_A_initCompare)
                  0000826a    00000002     --HOLE-- [fill = 0]
                  0000826c    0000004c     rtsv7M4_T_le_v4SPD16_eabi.lib : atoi.c.obj (.text:atoi)
                  000082b8    00000048     msp432p4xx_driverlib.lib : flash.o (.text:FlashCtl_setWaitState)
                  00008300    00000048     grlib.a : string.obj (.text:Graphics_drawStringCentered)
                  00008348    00000048     rtsv7M4_T_le_v4SPD16_eabi.lib : fd_toi_t2.asm.obj (.text)
                  00008390    00000044                                   : autoinit.c.obj (.text:__TI_auto_init_nobinit_nopinit:__TI_auto_init_nobinit_nopinit)
                  000083d4    00000040     msp432p4xx_driverlib.lib : gpio.o (.text:GPIO_setAsOutputPin)
                  00008414    00000040     grlib.a : string.obj (.text:Graphics_getNumberOfLeadingZeros)
                  00008454    00000040     msp432p4xx_driverlib.lib : spi.o (.text:is_A_Module)
                  00008494    00000040     rtsv7M4_T_le_v4SPD16_eabi.lib : sprintf.c.obj (.text:sprintf)
                  000084d4    00000040                                   : vsnprintf.c.obj (.text:vsnprintf)
                  00008514    0000003e                                   : _printfi.c.obj (.text:_fcpy)
                  00008552    00000002     --HOLE-- [fill = 0]
                  00008554    00000038     msp432p4xx_driverlib.lib : adc14.o (.text:ADC14_getEnabledInterruptStatus)
                  0000858c    00000038                              : timer32.o (.text:Timer32_startTimer)
                  000085c4    00000036     grlib.a : display.obj (.text:Graphics_drawHorizontalLineOnDisplay)
                  000085fa    00000002     --HOLE-- [fill = 0]
                  000085fc    00000034     msp432p4xx_driverlib.lib : adc14.o (.text:ADC14_enableSampleTimer)
                  00008630    00000034                              : cs.o (.text:CS_setDCOCenteredFrequency)
                  00008664    00000034                              : timer32.o (.text:Timer32_setCount)
                  00008698    00000034                              : timer_a.o (.text:Timer_A_configureContinuousMode)
                  000086cc    00000034                              : uart.o (.text:UART_transmitData)
                  00008700    00000034     rtsv7M4_T_le_v4SPD16_eabi.lib : boot_cortex_m.c.obj (.text:_c_int00_noargs:_c_int00_noargs)
                  00008734    00000030     msp432p4xx_driverlib.lib : adc14.o (.text:ADC14_clearInterruptFlag)
                  00008764    00000030                              : adc14.o (.text:ADC14_enableInterrupt)
                  00008794    00000030                              : cs.o (.text:CS_clearInterruptFlag)
                  000087c4    00000030     rtsv7M4_T_le_v4SPD16_eabi.lib : vsnprintf.c.obj (.text:_outs)
                  000087f4    0000002e                                   : i_tofd_t2.asm.obj (.text)
                  00008822    00000002     --HOLE-- [fill = 0]
                  00008824    0000002c     msp432p4xx_driverlib.lib : adc14.o (.text:ADC14_getInterruptStatus)
                  00008850    0000002c                              : adc14.o (.text:ADC14_toggleConversionTrigger)
                  0000887c    0000002c     grlib.a : display.obj (.text:Graphics_drawPixelOnDisplay)
                  000088a8    0000002c     msp432p4xx_driverlib.lib : timer_a.o (.text:Timer_A_clearCaptureCompareInterrupt)
                  000088d4    00000028                              : adc14.o (.text:ADC14_enableConversion)
                  000088fc    00000028                              : adc14.o (.text:ADC14_getResult)
                  00008924    00000028                              : cs.o (.text:CS_getSMCLK)
                  0000894c    00000028                              : gpio.o (.text:GPIO_setOutputHighOnPin)
                  00008974    00000028                              : gpio.o (.text:GPIO_setOutputLowOnPin)
                  0000899c    00000028                              : pcm.o (.text:PCM_gotoLPM0)
                  000089c4    00000024                              : wdt_a.o (.text:WDT_A_holdTimer)
                  000089e8    00000022                              : timer_a.o (.text:Timer_A_getCaptureCompareCount)
                  00008a0a    0000001c                              : spi.o (.text:SPI_enableModule)
                  00008a26    0000001c     rtsv7M4_T_le_v4SPD16_eabi.lib : memccpy.c.obj (.text:memccpy)
                  00008a42    0000001a     grlib.a : display.obj (.text:Graphics_clearDisplayOnDisplay)
                  00008a5c    0000001a             : context.obj (.text:Graphics_setBackgroundColor)
                  00008a76    0000001a             : context.obj (.text:Graphics_setFont)
                  00008a90    0000001a     rtsv7M4_T_le_v4SPD16_eabi.lib : s_copysign.c.obj (.text:copysign)
                  00008aaa    00000018                                   : vsnprintf.c.obj (.text:_outc)
                  00008ac2    00000018                                   : sprintf.c.obj (.text:_outs)
                  00008ada    00000016     msp432p4xx_driverlib.lib : spi.o (.text:EUSCI_A_SPI_enable)
                  00008af0    00000016                              : spi.o (.text:EUSCI_B_SPI_enable)
                  00008b06    00000016     grlib.a : context.obj (.text:Graphics_setForegroundColor)
                  00008b1c    00000016             : display.obj (.text:Graphics_translateColorOnDisplay)
                  00008b32    00000016     msp432p4xx_driverlib.lib : timer_a.o (.text:Timer_A_startCounter)
                  00008b48    00000016                              : uart.o (.text:UART_enableModule)
                  00008b5e    00000016     rtsv7M4_T_le_v4SPD16_eabi.lib : strchr.c.obj (.text:strchr)
                  00008b74    00000014     msp432p4xx_driverlib.lib : pcm.o (.text:PCM_getPowerState)
                  00008b88    00000014                              : timer32.o (.text:Timer32_disableInterrupt)
                  00008b9c    00000014                              : timer_a.o (.text:Timer_A_stopTimer)
                  00008bb0    00000014     rtsv7M4_T_le_v4SPD16_eabi.lib : strlen.c.obj (.text:strlen)
                  00008bc4    00000012     grlib.a : context.obj (.text:Graphics_clearDisplay)
                  00008bd6    00000012     rtsv7M4_T_le_v4SPD16_eabi.lib : wcslen.c.obj (.text:wcslen)
                  00008be8    00000010     msp432p4xx_driverlib.lib : adc14.o (.text:ADCIsConversionRunning)
                  00008bf8    00000010                              : interrupt.o (.text:Interrupt_disableMaster)
                  00008c08    00000010                              : interrupt.o (.text:Interrupt_enableMaster)
                  00008c18    00000010                              : pcm.o (.text:PCM_setCoreVoltageLevel)
                  00008c28    00000010                              : pcm.o (.text:PCM_setPowerMode)
                  00008c38    0000000e                              : timer32.o (.text:Timer32_getValue)
                  00008c46    0000000e     rtsv7M4_T_le_v4SPD16_eabi.lib : copy_decompress_none.c.obj (.text:decompress:none:__TI_decompress_none)
                  00008c54    0000000e     startup_msp432p401r_FreeRTOS_ccs.obj (.text)
                  00008c62    00000002     --HOLE-- [fill = 0]
                  00008c64    0000000c     msp432p4xx_driverlib.lib : adc14.o (.text:ADC14_enableModule)
                  00008c70    0000000c                              : cpu.o (.text:CPU_cpsid)
                  00008c7c    0000000c                              : cpu.o (.text:CPU_cpsie)
                  00008c88    0000000c     rtsv7M4_T_le_v4SPD16_eabi.lib : copy_zero_init.c.obj (.text:decompress:ZI:__TI_zero_init)
                  00008c94    0000000a                                   : sprintf.c.obj (.text:_outc)
                  00008c9e    00000002     --HOLE-- [fill = 0]
                  00008ca0    00000008                                   : errno.c.obj (.text:__aeabi_errno_addr)
                  00008ca8    00000004     msp432p4xx_driverlib.lib : cpu.o (.text:CPU_wfi)
                  00008cac    00000004     rtsv7M4_T_le_v4SPD16_eabi.lib : printf.c.obj (.text:_outc)
                  00008cb0    00000004                                   : printf.c.obj (.text:_outs)
                  00008cb4    00000004                                   : pre_init.c.obj (.text:_system_pre_init)
                  00008cb8    00000004                                   : exit.c.obj (.text:abort:abort)

.const     0    00008cbc    00000730     
                  00008cbc    000002f8     grlib.a : fontfixed6x8.obj (.const:.string:g_pucFontFixed6x8Data)
                  00008fb4    00000120     uart.obj (.const:UCxBRS)
                  000090d4    00000101     rtsv7M4_T_le_v4SPD16_eabi.lib : ctype.c.obj (.const:.string:_ctypes_)
                  000091d5    00000003     --HOLE-- [fill = 0]
                  000091d8    000000c8     grlib.a : fontfixed6x8.obj (.const:g_sFontFixed6x8)
                  000092a0    00000080     msp432p4xx_driverlib.lib : adc14.o (.const:_ctlRegs)
                  00009320    00000030                              : gpio.o (.const:GPIO_PORT_TO_BASE)
                  00009350    00000020     Crystalfontz128x128_ST7735.obj (.const:g_sCrystalfontz128x128_funcs)
                  00009370    0000001c     HAL_MSP_EXP432P401R_Crystalfontz128x128_ST7735.obj (.const:$P$T0$1)
                  0000938c    00000018     main_freertos.obj (.const:captureModeConfig)
                  000093a4    00000018     main_freertos.obj (.const:upConfig)
                  000093bc    00000010     main_freertos.obj (.const:continuousModeConfig)
                  000093cc    00000008     Crystalfontz128x128_ST7735.obj (.const:$P$T0$1)
                  000093d4    00000008     msp432p4xx_driverlib.lib : interrupt.o (.const:g_pulDisRegs)
                  000093dc    00000008                              : interrupt.o (.const:g_pulEnRegs)
                  000093e4    00000008     port.obj (.const)

.cinit     0    000093f0    00000090     
                  000093f0    0000006b     (.cinit..data.load) [load image, compression = lzss]
                  0000945b    00000001     --HOLE-- [fill = 0]
                  0000945c    0000000c     (__TI_handler_table)
                  00009468    00000008     (.cinit..bss.load) [load image, compression = zero_init]
                  00009470    00000010     (__TI_cinit_table)

.init_array 
*          0    00000000    00000000     UNINITIALIZED

.intvecs   0    00000000    000000e4     
                  00000000    000000e4     startup_msp432p401r_FreeRTOS_ccs.obj (.intvecs:retain)

.bss       0    20000000    0000cb5e     UNINITIALIZED
                  20000000    0000c800     heap_4.obj (.bss:ucHeap)
                  2000c800    00000100     main_freertos.obj (.bss:print_buffer$1)
                  2000c900    00000100     uart.obj (.bss:print_buffer$1)
                  2000ca00    00000064     tasks.obj (.bss:pxReadyTasksLists)
                  2000ca64    00000020     (.common:peoplePos)
                  2000ca84    0000001c     (.common:g_sContext)
                  2000caa0    00000014     timers.obj (.bss:xActiveTimerList1)
                  2000cab4    00000014     timers.obj (.bss:xActiveTimerList2)
                  2000cac8    00000014     tasks.obj (.bss:xDelayedTaskList1)
                  2000cadc    00000014     tasks.obj (.bss:xDelayedTaskList2)
                  2000caf0    00000014     tasks.obj (.bss:xPendingReadyList)
                  2000cb04    00000014     tasks.obj (.bss:xSuspendedTaskList)
                  2000cb18    00000014     tasks.obj (.bss:xTasksWaitingTermination)
                  2000cb2c    00000008     msp432p4xx_driverlib.lib : cs.o (.bss)
                  2000cb34    00000008     tasks.obj (.bss)
                  2000cb3c    00000008     timers.obj (.bss)
                  2000cb44    00000008     heap_4.obj (.bss:xStart)
                  2000cb4c    00000004     main_freertos.obj (.bss:resultsBuffer)
                  2000cb50    00000004     (.common:q1)
                  2000cb54    00000002     (.common:Lcd_ScreenHeigth)
                  2000cb56    00000002     (.common:Lcd_ScreenWidth)
                  2000cb58    00000002     (.common:Lcd_TouchTrim)
                  2000cb5a    00000001     (.common:Lcd_FlagRead)
                  2000cb5b    00000001     (.common:Lcd_FontSolid)
                  2000cb5c    00000001     (.common:Lcd_Orientation)
                  2000cb5d    00000001     (.common:Lcd_PenSolid)

.data      0    2000cb60    00000208     UNINITIALIZED
                  2000cb60    000000f0     rtsv7M4_T_le_v4SPD16_eabi.lib : defs.c.obj (.data:_ftable)
                  2000cc50    00000034     tasks.obj (.data)
                  2000cc84    00000030     main_freertos.obj (.data:fsm)
                  2000ccb4    00000028     uart.obj (.data:uart_config)
                  2000ccdc    0000001c     main_freertos.obj (.data)
                  2000ccf8    00000018     port.obj (.data)
                  2000cd10    00000010     main_freertos.obj (.data:compareConfig_PWM)
                  2000cd20    00000010     Crystalfontz128x128_ST7735.obj (.data:g_sCrystalfontz128x128)
                  2000cd30    00000010     heap_4.obj (.data)
                  2000cd40    0000000c     timers.obj (.data)
                  2000cd4c    00000009     varaibles.obj (.data)
                  2000cd55    00000003     --HOLE--
                  2000cd58    00000008     rtsv7M4_T_le_v4SPD16_eabi.lib : _lock.c.obj (.data:$O1$$)
                  2000cd60    00000004                                   : errno.c.obj (.data)
                  2000cd64    00000004     system_msp432p401r.obj (.data)

.stack     0    2000fc00    00000400     UNINITIALIZED
                  2000fc00    00000004     rtsv7M4_T_le_v4SPD16_eabi.lib : boot_cortex_m.c.obj (.stack)
                  2000fc04    000003fc     --HOLE--

__llvm_prf_cnts 
*          0    20000000    00000000     UNINITIALIZED

.binit     0    00000000    00000000     

MODULE SUMMARY

       Module                                               code    ro data   rw data
       ------                                               ----    -------   -------
    .\
       main_freertos.obj                                    2324    64        776    
       uart.obj                                             492     288       592    
       system_msp432p401r.obj                               820     0         8      
       action.obj                                           236     0         56     
       startup_msp432p401r_FreeRTOS_ccs.obj                 14      228       0      
       varaibles.obj                                        0       0         18     
    +--+----------------------------------------------------+-------+---------+---------+
       Total:                                               3886    580       1450   
                                                                                     
    .\FreeRTOS\
       tasks.obj                                            6512    0         520    
       queue.obj                                            3338    0         0      
       timers.obj                                           1852    0         120    
       list.obj                                             298     0         0      
    +--+----------------------------------------------------+-------+---------+---------+
       Total:                                               12000   0         640    
                                                                                     
    .\FreeRTOS\portable\CCS\ARM_CM4F\
       port.obj                                             1068    8         48     
       portasm.obj                                          210     0         0      
    +--+----------------------------------------------------+-------+---------+---------+
       Total:                                               1278    8         48     
                                                                                     
    .\FreeRTOS\portable\MemMang\
       heap_4.obj                                           872     0         102448 
    +--+----------------------------------------------------+-------+---------+---------+
       Total:                                               872     0         102448 
                                                                                     
    .\LcdDriver\
       Crystalfontz128x128_ST7735.obj                       1664    40        52     
       HAL_MSP_EXP432P401R_Crystalfontz128x128_ST7735.obj   204     28        0      
    +--+----------------------------------------------------+-------+---------+---------+
       Total:                                               1868    68        52     
                                                                                     
    C:/Users/eddie/OneDrive/Documenti/simplelink_msp432p4_sdk_3_40_01_02/source/ti/devices/msp432p4xx/driverlib/ccs/msp432p4xx_driverlib.lib
       adc14.o                                              1196    128       0      
       cs.o                                                 1174    0         16     
       pcm.o                                                888     0         0      
       timer_a.o                                            766     0         0      
       gpio.o                                               416     48        0      
       uart.o                                               358     0         0      
       spi.o                                                312     0         0      
       interrupt.o                                          288     16        0      
       timer32.o                                            246     0         0      
       sysctl_a.o                                           148     0         0      
       flash.o                                              72      0         0      
       wdt_a.o                                              36      0         0      
       cpu.o                                                28      0         0      
    +--+----------------------------------------------------+-------+---------+---------+
       Total:                                               5928    192       16     
                                                                                     
    C:/Users/eddie/OneDrive/Documenti/simplelink_msp432p4_sdk_3_40_01_02/source/ti/grlib/lib/ccs/m4f/grlib.a
       string.obj                                           1536    0         0      
       fontfixed6x8.obj                                     0       960       0      
       context.obj                                          174     0         0      
       line.obj                                             156     0         0      
       display.obj                                          146     0         0      
    +--+----------------------------------------------------+-------+---------+---------+
       Total:                                               2012    960       0      
                                                                                     
    C:\ti\ccs1210\ccs\tools\compiler\ti-cgt-arm_20.2.7.LTS\lib\rtsv7M4_T_le_v4SPD16_eabi.lib
       _printfi.c.obj                                       4851    0         0      
       defs.c.obj                                           0       0         480    
       fd_add_t2.asm.obj                                    438     0         0      
       fd_div_t2.asm.obj                                    310     0         0      
       s_scalbn.c.obj                                       272     0         0      
       fd_cmp_t2.asm.obj                                    268     0         0      
       ctype.c.obj                                          0       257       0      
       fd_mul_t2.asm.obj                                    252     0         0      
       memcpy_t2.asm.obj                                    156     0         0      
       ull_div_t2.asm.obj                                   150     0         0      
       vsnprintf.c.obj                                      136     0         0      
       memset_t2.asm.obj                                    122     0         0      
       printf.c.obj                                         112     0         0      
       copy_decompress_lzss.c.obj                           104     0         0      
       s_frexp.c.obj                                        100     0         0      
       sprintf.c.obj                                        98      0         0      
       _ltoa.c.obj                                          84      0         0      
       atoi.c.obj                                           76      0         0      
       fd_toi_t2.asm.obj                                    72      0         0      
       autoinit.c.obj                                       68      0         0      
       boot_cortex_m.c.obj                                  52      0         0      
       i_tofd_t2.asm.obj                                    46      0         0      
       memccpy.c.obj                                        28      0         0      
       s_copysign.c.obj                                     26      0         0      
       strchr.c.obj                                         22      0         0      
       strlen.c.obj                                         20      0         0      
       _lock.c.obj                                          2       0         16     
       wcslen.c.obj                                         18      0         0      
       errno.c.obj                                          8       0         8      
       copy_decompress_none.c.obj                           14      0         0      
       copy_zero_init.c.obj                                 12      0         0      
       exit.c.obj                                           4       0         0      
       pre_init.c.obj                                       4       0         0      
       div0.asm.obj                                         2       0         0      
    +--+----------------------------------------------------+-------+---------+---------+
       Total:                                               7927    257       504    
                                                                                     
       Stack:                                               0       0         2048   
       Linker Generated:                                    0       143       0      
    +--+----------------------------------------------------+-------+---------+---------+
       Grand Total:                                         35771   2208      107206 


LINKER GENERATED COPY TABLES

__TI_cinit_table @ 00009470 records: 2, size/record: 8, table size: 16
	.data: load addr=000093f0, load size=0000006b bytes, run addr=2000cb60, run size=00000208 bytes, compression=lzss
	.bss: load addr=00009468, load size=00000008 bytes, run addr=20000000, run size=0000cb5e bytes, compression=zero_init


LINKER GENERATED HANDLER TABLE

__TI_handler_table @ 0000945c records: 3, size/record: 4, table size: 12
	index: 0, handler: __TI_decompress_lzss
	index: 1, handler: __TI_decompress_none
	index: 2, handler: __TI_zero_init


GLOBAL SYMBOLS: SORTED ALPHABETICALLY BY Name 

address   name                                       
-------   ----                                       
000038a5  ADC14_IRQHandler                           
000038a5  ADC14_IRQHandler                           
00008735  ADC14_clearInterruptFlag                   
00007355  ADC14_configureConversionMemory            
00007409  ADC14_configureMultiSequenceMode           
000088d5  ADC14_enableConversion                     
00008765  ADC14_enableInterrupt                      
00008c65  ADC14_enableModule                         
000085fd  ADC14_enableSampleTimer                    
00008555  ADC14_getEnabledInterruptStatus            
00008825  ADC14_getInterruptStatus                   
000088fd  ADC14_getResult                            
000080d1  ADC14_initModule                           
00008851  ADC14_toggleConversionTrigger              
00008c61  AES256_IRQHandler                          
00008c61  BusFault_Handler                           
00008cb9  C$$EXIT                                    
00008c61  COMP_E0_IRQHandler                         
00008c61  COMP_E1_IRQHandler                         
00008c71  CPU_cpsid                                  
00008c7d  CPU_cpsie                                  
00008ca9  CPU_wfi                                    
00008c61  CS_IRQHandler                              
00008795  CS_clearInterruptFlag                      
00006fd1  CS_getDCOFrequency                         
00008925  CS_getSMCLK                                
00006621  CS_initClockSignal                         
00008631  CS_setDCOCenteredFrequency                 
00004201  Crystalfontz128x128_Init                   
00004315  Crystalfontz128x128_SetDrawFrame           
00004443  Crystalfontz128x128_SetOrientation         
00008c61  DMA_ERR_IRQHandler                         
00008c61  DMA_INT0_IRQHandler                        
00008c61  DMA_INT1_IRQHandler                        
00008c61  DMA_INT2_IRQHandler                        
00008c61  DMA_INT3_IRQHandler                        
00008c61  DebugMon_Handler                           
00008c61  Default_Handler                            
00008c61  EUSCIA0_IRQHandler                         
00008c61  EUSCIA1_IRQHandler                         
00008c61  EUSCIA2_IRQHandler                         
00008c61  EUSCIA3_IRQHandler                         
00008c61  EUSCIB0_IRQHandler                         
00008c61  EUSCIB1_IRQHandler                         
00008c61  EUSCIB2_IRQHandler                         
00008c61  EUSCIB3_IRQHandler                         
00008adb  EUSCI_A_SPI_enable                         
00008af1  EUSCI_B_SPI_enable                         
00008c61  FLCTL_IRQHandler                           
00008c61  FPU_IRQHandler                             
000082b9  FlashCtl_setWaitState                      
000083d5  GPIO_setAsOutputPin                        
00007881  GPIO_setAsPeripheralModuleFunctionInputPin 
00007909  GPIO_setAsPeripheralModuleFunctionOutputPin
0000894d  GPIO_setOutputHighOnPin                    
00008975  GPIO_setOutputLowOnPin                     
00008bc5  Graphics_clearDisplay                      
00008a43  Graphics_clearDisplayOnDisplay             
000085c5  Graphics_drawHorizontalLineOnDisplay       
0000761f  Graphics_drawLineH                         
0000887d  Graphics_drawPixelOnDisplay                
00004881  Graphics_drawString                        
00008301  Graphics_drawStringCentered                
00006ed5  Graphics_getStringWidth                    
00008179  Graphics_initContext                       
00008a5d  Graphics_setBackgroundColor                
00008a77  Graphics_setFont                           
00008b07  Graphics_setForegroundColor                
00008b1d  Graphics_translateColorOnDisplay           
00007289  HAL_LCD_PortInit                           
000072b9  HAL_LCD_SpiInit                            
000072ef  HAL_LCD_writeCommand                       
0000731f  HAL_LCD_writeData                          
00008c61  HardFault_Handler                          
00007a9d  Interrupt_disableInterrupt                 
00008bf9  Interrupt_disableMaster                    
00007b1d  Interrupt_enableInterrupt                  
00008c09  Interrupt_enableMaster                     
2000cb5a  Lcd_FlagRead                               
2000cb5b  Lcd_FontSolid                              
2000cb5c  Lcd_Orientation                            
2000cb5d  Lcd_PenSolid                               
2000cb54  Lcd_ScreenHeigth                           
2000cb56  Lcd_ScreenWidth                            
2000cb58  Lcd_TouchTrim                              
00008c61  MemManage_Handler                          
00008c61  NMI_Handler                                
00008c61  PCM_IRQHandler                             
00007f67  PCM_getCoreVoltageLevel                    
00007fc5  PCM_getPowerMode                           
00008b75  PCM_getPowerState                          
0000899d  PCM_gotoLPM0                               
00008c19  PCM_setCoreVoltageLevel                    
00008c29  PCM_setPowerMode                           
00008c61  PORT1_IRQHandler                           
00008c61  PORT2_IRQHandler                           
00008c61  PORT3_IRQHandler                           
00008c61  PORT4_IRQHandler                           
00008c61  PORT5_IRQHandler                           
00008c61  PORT6_IRQHandler                           
00008c61  PSS_IRQHandler                             
00008c61  RTC_C_IRQHandler                           
00008c55  Reset_Handler                              
00008a0b  SPI_enableModule                           
0000756f  SPI_initMaster                             
000077ed  SysCtl_A_getTLVInfo                        
2000cd64  SystemCoreClock                            
00005495  SystemCoreClockUpdate                      
0000570d  SystemInit                                 
00008c61  T32_INT1_IRQHandler                        
00008c61  T32_INT2_IRQHandler                        
00008c61  T32_INTC_IRQHandler                        
00008c61  TA0_0_IRQHandler                           
00003825  TA0_N_IRQHandler                           
00003825  TA0_N_IRQHandler                           
00008c61  TA1_0_IRQHandler                           
00008c61  TA1_N_IRQHandler                           
00008c61  TA2_0_IRQHandler                           
00008c61  TA2_N_IRQHandler                           
00008c61  TA3_0_IRQHandler                           
00008c61  TA3_N_IRQHandler                           
00008b89  Timer32_disableInterrupt                   
00008c39  Timer32_getValue                           
00007d01  Timer32_initModule                         
00008665  Timer32_setCount                           
0000858d  Timer32_startTimer                         
000088a9  Timer_A_clearCaptureCompareInterrupt       
00008699  Timer_A_configureContinuousMode            
00007d69  Timer_A_configureUpMode                    
000089e9  Timer_A_getCaptureCompareCount             
00008021  Timer_A_initCapture                        
0000821d  Timer_A_initCompare                        
00008b33  Timer_A_startCounter                       
00008b9d  Timer_A_stopTimer                          
00008b49  UART_enableModule                          
000069a1  UART_initModule                            
000086cd  UART_transmitData                          
00008fb4  UCxBRS                                     
00008c61  UsageFault_Handler                         
4000480c  WDTCTL_SYM                                 
00008c61  WDT_A_IRQHandler                           
000089c5  WDT_A_holdTimer                            
20010000  __STACK_END                                
00000400  __STACK_SIZE                               
00009470  __TI_CINIT_Base                            
00009480  __TI_CINIT_Limit                           
0000945c  __TI_Handler_Table_Base                    
00009468  __TI_Handler_Table_Limit                   
00008391  __TI_auto_init_nobinit_nopinit             
00007dd1  __TI_decompress_lzss                       
00008c47  __TI_decompress_none                       
00008125  __TI_ltoa                                  
ffffffff  __TI_pprof_out_hndl                        
00002761  __TI_printfi                               
ffffffff  __TI_prof_data_size                        
ffffffff  __TI_prof_data_start                       
000093f0  __TI_static_base__                         
00008c89  __TI_zero_init                             
00007991  __aeabi_cdcmpeq                            
00007991  __aeabi_cdcmple                            
00007a17  __aeabi_cdrcmple                           
00008349  __aeabi_d2iz                               
00005dff  __aeabi_dadd                               
000064e9  __aeabi_ddiv                               
00006dd9  __aeabi_dmul                               
00005df5  __aeabi_dsub                               
00008ca1  __aeabi_errno_addr                         
000087f5  __aeabi_i2d                                
000031af  __aeabi_idiv0                              
000031af  __aeabi_ldiv0                              
00007c19  __aeabi_memclr                             
00007c19  __aeabi_memclr4                            
00007c19  __aeabi_memclr8                            
000076bb  __aeabi_memcpy                             
000076bb  __aeabi_memcpy4                            
000076bb  __aeabi_memcpy8                            
00007c1b  __aeabi_memset                             
00007c1b  __aeabi_memset4                            
00007c1b  __aeabi_memset8                            
00007757  __aeabi_uldivmod                           
ffffffff  __binit__                                  
ffffffff  __c_args__                                 
UNDEFED   __mpu_init                                 
2000fc00  __stack                                    
20000000  __start___llvm_prf_cnts                    
20000000  __stop___llvm_prf_cnts                     
000031b1  _adcInit                                   
00008701  _c_int00_noargs                            
000090d4  _ctypes_                                   
2000cb60  _ftable                                    
0000321f  _graphicsInit                              
000032e1  _hwInit                                    
2000cd58  _lock                                      
0000275f  _nop                                       
UNDEFED   _system_post_cinit                         
00008cb5  _system_pre_init                           
2000cd5c  _unlock                                    
00008cb9  abort                                      
0000826d  atoi                                       
ffffffff  binit                                      
0000938c  captureModeConfig                          
2000cd10  compareConfig_PWM                          
2000ccf4  contPeople                                 
000093bc  continuousModeConfig                       
00008a91  copysign                                   
00008a91  copysignl                                  
2000cd50  count                                      
2000ccdc  counter                                    
2000cd4d  current_state                              
0000115d  eTaskConfirmSleepModeStatus                
00000505  eTaskGetState                              
0000712f  end_game                                   
2000cd60  errno                                      
2000cd4c  event                                      
000033bd  fn_CARTE                                   
000033d3  fn_DISTRIBUZIONE                           
000033e9  fn_GAME1                                   
000033ff  fn_GAME2                                   
000033a7  fn_SCAN                                    
00003391  fn_WAITING                                 
00005bd9  fputc                                      
00005beb  fputs                                      
00007ea1  frexp                                      
00007ea1  frexpl                                     
2000cc84  fsm                                        
2000ca84  g_sContext                                 
2000cd20  g_sCrystalfontz128x128                     
00009350  g_sCrystalfontz128x128_funcs               
000091d8  g_sFontFixed6x8                            
0000710d  game_play                                  
0000712d  give1_card                                 
000070ed  give_card                                  
00000000  interruptVectors                           
00006abd  ldexp                                      
00006abd  ldexpl                                     
00003415  main                                       
00003a79  malloc                                     
2000cce4  meas1                                      
2000ccec  meas1Count                                 
2000cce8  meas2                                      
00008a27  memccpy                                    
000076bb  memcpy                                     
00007c21  memset                                     
00000b31  pcTaskGetName                              
00003c83  pcTimerGetName                             
00003465  peopleDetection                            
2000ca64  peoplePos                                  
2000cd4e  pressed                                    
00007e39  printf                                     
0000512d  pvPortMalloc                               
000014cb  pvTaskIncrementMutexHeldCount              
0000410d  pvTimerGetTimerID                          
2000cc50  pxCurrentTCB                               
00004d01  pxPortInitialiseStack                      
2000cb50  q1                                         
00006abd  scalbn                                     
00006abd  scalbnl                                    
000070c9  scan_players                               
0000714f  select_card                                
2000cd54  semaforo                                   
00008495  sprintf                                    
00008b5f  strchr                                     
00008bb1  strlen                                     
2000ccf0  takeVal                                    
000032a9  turnOffBuzzer                              
0000326f  turnOnBuzzer                               
2000ccb4  uart_config                                
00005a39  uart_init                                  
00005b57  uart_init_gpio                             
00005b6f  uart_println                               
000039cd  uart_println_mutex                         
000093e4  ulMaxSyscallInterruptPriority              
000071c5  ulPortGetIPSR                              
000014e9  ulTaskNotifyTake                           
000093a4  upConfig                                   
00006833  uxListRemove                               
0000240d  uxQueueMessagesWaiting                     
0000246b  uxQueueMessagesWaitingFromISR              
00002437  uxQueueSpacesAvailable                     
00000b2b  uxTaskGetNumberOfTasks                     
000005a1  uxTaskPriorityGet                          
000005cd  uxTaskPriorityGetFromISR                   
000014a9  uxTaskResetEventItemValue                  
00003a47  vApplicationIdleHook                       
00003a37  vApplicationMallocFailedHook               
00003a5b  vApplicationStackOverflowHook              
00003a8d  vApplicationTickHook                       
00006751  vListInitialise                            
00006781  vListInitialiseItem                        
000067cd  vListInsert                                
00006791  vListInsertEnd                             
00007279  vPortEnableVFP                             
00004e21  vPortEndScheduler                          
00004e45  vPortEnterCritical                         
00004e87  vPortExitCritical                          
0000528f  vPortFree                                  
0000532d  vPortInitialiseBlocks                      
0000723d  vPortSVCHandler                            
0000723d  vPortSVCHandler                            
00005035  vPortSetupTimerInterrupt                   
0000725d  vPortStartFirstTask                        
00004edd  vPortSuppressTicksAndSleep                 
00005095  vPortValidateInterruptPriority             
00003a83  vPreSleepProcessing                        
00002491  vQueueDelete                               
00002703  vQueueWaitForMessageRestricted             
0000049d  vTaskDelay                                 
000003bb  vTaskDelayUntil                            
000002f1  vTaskDelete                                
000036b5  vTaskDistanceSensor                        
0000097d  vTaskEndScheduler                          
000010e7  vTaskMissedYield                           
00001873  vTaskNotifyGiveFromISR                     
00000df7  vTaskPlaceOnEventList                      
00000e8d  vTaskPlaceOnEventListRestricted            
00000e27  vTaskPlaceOnUnorderedEventList             
000012ef  vTaskPriorityInherit                       
00000615  vTaskPrioritySet                           
00000873  vTaskResume                                
00001017  vTaskSetTimeOutState                       
00000905  vTaskStartScheduler                        
00000b95  vTaskStepTick                              
000034fd  vTaskStepperMotor                          
00000749  vTaskSuspend                               
00000999  vTaskSuspendAll                            
00000d31  vTaskSwitchContext                         
0000413b  vTimerSetTimerID                           
000084d5  vsnprintf                                  
00008bd7  wcslen                                     
00005321  xPortGetFreeHeapSize                       
00005327  xPortGetMinimumEverFreeHeapSize            
000071dd  xPortPendSVHandler                         
000071dd  xPortPendSVHandler                         
00004d8d  xPortStartScheduler                        
00004eb3  xPortSysTickHandler                        
00004eb3  xPortSysTickHandler                        
00001ca9  xQueueCreateCountingSemaphore              
00001bd1  xQueueCreateMutex                          
00001b07  xQueueGenericCreate                        
000020ab  xQueueGenericReceive                       
00001a55  xQueueGenericReset                         
00001d05  xQueueGenericSend                          
00001eb7  xQueueGenericSendFromISR                   
00001fbd  xQueueGiveFromISR                          
00001bfd  xQueueGiveMutexRecursive                   
00002677  xQueueIsQueueEmptyFromISR                  
000026cd  xQueueIsQueueFullFromISR                   
0000235b  xQueuePeekFromISR                          
00002285  xQueueReceiveFromISR                       
00001c4d  xQueueTakeMutexRecursive                   
00001045  xTaskCheckForTimeOut                       
000000e5  xTaskCreate                                
00001615  xTaskGenericNotify                         
00001735  xTaskGenericNotifyFromISR                  
000012b1  xTaskGetCurrentTaskHandle                  
00000b61  xTaskGetIdleTaskHandle                     
000012c9  xTaskGetSchedulerState                     
00000b07  xTaskGetTickCount                          
00000b17  xTaskGetTickCountFromISR                   
00000be5  xTaskIncrementTick                         
0000195d  xTaskNotifyStateClear                      
00001571  xTaskNotifyWait                            
000013c9  xTaskPriorityDisinherit                    
00000ed5  xTaskRemoveFromEventList                   
00000f79  xTaskRemoveFromUnorderedEventList          
00000a05  xTaskResumeAll                             
2000cce0  xTaskXHandle                               
00003b03  xTimerCreate                               
00003ac5  xTimerCreateTimerTask                      
00003b91  xTimerGenericCommand                       
00003c59  xTimerGetExpiryTime                        
00003c33  xTimerGetPeriod                            
00003c11  xTimerGetTimerDaemonTaskHandle             
000040cd  xTimerIsTimerActive                        
0000419f  xTimerPendFunctionCall                     
00004169  xTimerPendFunctionCallFromISR              


GLOBAL SYMBOLS: SORTED BY Symbol Address 

address   name                                       
-------   ----                                       
00000000  interruptVectors                           
000000e5  xTaskCreate                                
000002f1  vTaskDelete                                
000003bb  vTaskDelayUntil                            
00000400  __STACK_SIZE                               
0000049d  vTaskDelay                                 
00000505  eTaskGetState                              
000005a1  uxTaskPriorityGet                          
000005cd  uxTaskPriorityGetFromISR                   
00000615  vTaskPrioritySet                           
00000749  vTaskSuspend                               
00000873  vTaskResume                                
00000905  vTaskStartScheduler                        
0000097d  vTaskEndScheduler                          
00000999  vTaskSuspendAll                            
00000a05  xTaskResumeAll                             
00000b07  xTaskGetTickCount                          
00000b17  xTaskGetTickCountFromISR                   
00000b2b  uxTaskGetNumberOfTasks                     
00000b31  pcTaskGetName                              
00000b61  xTaskGetIdleTaskHandle                     
00000b95  vTaskStepTick                              
00000be5  xTaskIncrementTick                         
00000d31  vTaskSwitchContext                         
00000df7  vTaskPlaceOnEventList                      
00000e27  vTaskPlaceOnUnorderedEventList             
00000e8d  vTaskPlaceOnEventListRestricted            
00000ed5  xTaskRemoveFromEventList                   
00000f79  xTaskRemoveFromUnorderedEventList          
00001017  vTaskSetTimeOutState                       
00001045  xTaskCheckForTimeOut                       
000010e7  vTaskMissedYield                           
0000115d  eTaskConfirmSleepModeStatus                
000012b1  xTaskGetCurrentTaskHandle                  
000012c9  xTaskGetSchedulerState                     
000012ef  vTaskPriorityInherit                       
000013c9  xTaskPriorityDisinherit                    
000014a9  uxTaskResetEventItemValue                  
000014cb  pvTaskIncrementMutexHeldCount              
000014e9  ulTaskNotifyTake                           
00001571  xTaskNotifyWait                            
00001615  xTaskGenericNotify                         
00001735  xTaskGenericNotifyFromISR                  
00001873  vTaskNotifyGiveFromISR                     
0000195d  xTaskNotifyStateClear                      
00001a55  xQueueGenericReset                         
00001b07  xQueueGenericCreate                        
00001bd1  xQueueCreateMutex                          
00001bfd  xQueueGiveMutexRecursive                   
00001c4d  xQueueTakeMutexRecursive                   
00001ca9  xQueueCreateCountingSemaphore              
00001d05  xQueueGenericSend                          
00001eb7  xQueueGenericSendFromISR                   
00001fbd  xQueueGiveFromISR                          
000020ab  xQueueGenericReceive                       
00002285  xQueueReceiveFromISR                       
0000235b  xQueuePeekFromISR                          
0000240d  uxQueueMessagesWaiting                     
00002437  uxQueueSpacesAvailable                     
0000246b  uxQueueMessagesWaitingFromISR              
00002491  vQueueDelete                               
00002677  xQueueIsQueueEmptyFromISR                  
000026cd  xQueueIsQueueFullFromISR                   
00002703  vQueueWaitForMessageRestricted             
0000275f  _nop                                       
00002761  __TI_printfi                               
000031af  __aeabi_idiv0                              
000031af  __aeabi_ldiv0                              
000031b1  _adcInit                                   
0000321f  _graphicsInit                              
0000326f  turnOnBuzzer                               
000032a9  turnOffBuzzer                              
000032e1  _hwInit                                    
00003391  fn_WAITING                                 
000033a7  fn_SCAN                                    
000033bd  fn_CARTE                                   
000033d3  fn_DISTRIBUZIONE                           
000033e9  fn_GAME1                                   
000033ff  fn_GAME2                                   
00003415  main                                       
00003465  peopleDetection                            
000034fd  vTaskStepperMotor                          
000036b5  vTaskDistanceSensor                        
00003825  TA0_N_IRQHandler                           
00003825  TA0_N_IRQHandler                           
000038a5  ADC14_IRQHandler                           
000038a5  ADC14_IRQHandler                           
000039cd  uart_println_mutex                         
00003a37  vApplicationMallocFailedHook               
00003a47  vApplicationIdleHook                       
00003a5b  vApplicationStackOverflowHook              
00003a79  malloc                                     
00003a83  vPreSleepProcessing                        
00003a8d  vApplicationTickHook                       
00003ac5  xTimerCreateTimerTask                      
00003b03  xTimerCreate                               
00003b91  xTimerGenericCommand                       
00003c11  xTimerGetTimerDaemonTaskHandle             
00003c33  xTimerGetPeriod                            
00003c59  xTimerGetExpiryTime                        
00003c83  pcTimerGetName                             
000040cd  xTimerIsTimerActive                        
0000410d  pvTimerGetTimerID                          
0000413b  vTimerSetTimerID                           
00004169  xTimerPendFunctionCallFromISR              
0000419f  xTimerPendFunctionCall                     
00004201  Crystalfontz128x128_Init                   
00004315  Crystalfontz128x128_SetDrawFrame           
00004443  Crystalfontz128x128_SetOrientation         
00004881  Graphics_drawString                        
00004d01  pxPortInitialiseStack                      
00004d8d  xPortStartScheduler                        
00004e21  vPortEndScheduler                          
00004e45  vPortEnterCritical                         
00004e87  vPortExitCritical                          
00004eb3  xPortSysTickHandler                        
00004eb3  xPortSysTickHandler                        
00004edd  vPortSuppressTicksAndSleep                 
00005035  vPortSetupTimerInterrupt                   
00005095  vPortValidateInterruptPriority             
0000512d  pvPortMalloc                               
0000528f  vPortFree                                  
00005321  xPortGetFreeHeapSize                       
00005327  xPortGetMinimumEverFreeHeapSize            
0000532d  vPortInitialiseBlocks                      
00005495  SystemCoreClockUpdate                      
0000570d  SystemInit                                 
00005a39  uart_init                                  
00005b57  uart_init_gpio                             
00005b6f  uart_println                               
00005bd9  fputc                                      
00005beb  fputs                                      
00005df5  __aeabi_dsub                               
00005dff  __aeabi_dadd                               
000064e9  __aeabi_ddiv                               
00006621  CS_initClockSignal                         
00006751  vListInitialise                            
00006781  vListInitialiseItem                        
00006791  vListInsertEnd                             
000067cd  vListInsert                                
00006833  uxListRemove                               
000069a1  UART_initModule                            
00006abd  ldexp                                      
00006abd  ldexpl                                     
00006abd  scalbn                                     
00006abd  scalbnl                                    
00006dd9  __aeabi_dmul                               
00006ed5  Graphics_getStringWidth                    
00006fd1  CS_getDCOFrequency                         
000070c9  scan_players                               
000070ed  give_card                                  
0000710d  game_play                                  
0000712d  give1_card                                 
0000712f  end_game                                   
0000714f  select_card                                
000071c5  ulPortGetIPSR                              
000071dd  xPortPendSVHandler                         
000071dd  xPortPendSVHandler                         
0000723d  vPortSVCHandler                            
0000723d  vPortSVCHandler                            
0000725d  vPortStartFirstTask                        
00007279  vPortEnableVFP                             
00007289  HAL_LCD_PortInit                           
000072b9  HAL_LCD_SpiInit                            
000072ef  HAL_LCD_writeCommand                       
0000731f  HAL_LCD_writeData                          
00007355  ADC14_configureConversionMemory            
00007409  ADC14_configureMultiSequenceMode           
0000756f  SPI_initMaster                             
0000761f  Graphics_drawLineH                         
000076bb  __aeabi_memcpy                             
000076bb  __aeabi_memcpy4                            
000076bb  __aeabi_memcpy8                            
000076bb  memcpy                                     
00007757  __aeabi_uldivmod                           
000077ed  SysCtl_A_getTLVInfo                        
00007881  GPIO_setAsPeripheralModuleFunctionInputPin 
00007909  GPIO_setAsPeripheralModuleFunctionOutputPin
00007991  __aeabi_cdcmpeq                            
00007991  __aeabi_cdcmple                            
00007a17  __aeabi_cdrcmple                           
00007a9d  Interrupt_disableInterrupt                 
00007b1d  Interrupt_enableInterrupt                  
00007c19  __aeabi_memclr                             
00007c19  __aeabi_memclr4                            
00007c19  __aeabi_memclr8                            
00007c1b  __aeabi_memset                             
00007c1b  __aeabi_memset4                            
00007c1b  __aeabi_memset8                            
00007c21  memset                                     
00007d01  Timer32_initModule                         
00007d69  Timer_A_configureUpMode                    
00007dd1  __TI_decompress_lzss                       
00007e39  printf                                     
00007ea1  frexp                                      
00007ea1  frexpl                                     
00007f67  PCM_getCoreVoltageLevel                    
00007fc5  PCM_getPowerMode                           
00008021  Timer_A_initCapture                        
000080d1  ADC14_initModule                           
00008125  __TI_ltoa                                  
00008179  Graphics_initContext                       
0000821d  Timer_A_initCompare                        
0000826d  atoi                                       
000082b9  FlashCtl_setWaitState                      
00008301  Graphics_drawStringCentered                
00008349  __aeabi_d2iz                               
00008391  __TI_auto_init_nobinit_nopinit             
000083d5  GPIO_setAsOutputPin                        
00008495  sprintf                                    
000084d5  vsnprintf                                  
00008555  ADC14_getEnabledInterruptStatus            
0000858d  Timer32_startTimer                         
000085c5  Graphics_drawHorizontalLineOnDisplay       
000085fd  ADC14_enableSampleTimer                    
00008631  CS_setDCOCenteredFrequency                 
00008665  Timer32_setCount                           
00008699  Timer_A_configureContinuousMode            
000086cd  UART_transmitData                          
00008701  _c_int00_noargs                            
00008735  ADC14_clearInterruptFlag                   
00008765  ADC14_enableInterrupt                      
00008795  CS_clearInterruptFlag                      
000087f5  __aeabi_i2d                                
00008825  ADC14_getInterruptStatus                   
00008851  ADC14_toggleConversionTrigger              
0000887d  Graphics_drawPixelOnDisplay                
000088a9  Timer_A_clearCaptureCompareInterrupt       
000088d5  ADC14_enableConversion                     
000088fd  ADC14_getResult                            
00008925  CS_getSMCLK                                
0000894d  GPIO_setOutputHighOnPin                    
00008975  GPIO_setOutputLowOnPin                     
0000899d  PCM_gotoLPM0                               
000089c5  WDT_A_holdTimer                            
000089e9  Timer_A_getCaptureCompareCount             
00008a0b  SPI_enableModule                           
00008a27  memccpy                                    
00008a43  Graphics_clearDisplayOnDisplay             
00008a5d  Graphics_setBackgroundColor                
00008a77  Graphics_setFont                           
00008a91  copysign                                   
00008a91  copysignl                                  
00008adb  EUSCI_A_SPI_enable                         
00008af1  EUSCI_B_SPI_enable                         
00008b07  Graphics_setForegroundColor                
00008b1d  Graphics_translateColorOnDisplay           
00008b33  Timer_A_startCounter                       
00008b49  UART_enableModule                          
00008b5f  strchr                                     
00008b75  PCM_getPowerState                          
00008b89  Timer32_disableInterrupt                   
00008b9d  Timer_A_stopTimer                          
00008bb1  strlen                                     
00008bc5  Graphics_clearDisplay                      
00008bd7  wcslen                                     
00008bf9  Interrupt_disableMaster                    
00008c09  Interrupt_enableMaster                     
00008c19  PCM_setCoreVoltageLevel                    
00008c29  PCM_setPowerMode                           
00008c39  Timer32_getValue                           
00008c47  __TI_decompress_none                       
00008c55  Reset_Handler                              
00008c61  AES256_IRQHandler                          
00008c61  BusFault_Handler                           
00008c61  COMP_E0_IRQHandler                         
00008c61  COMP_E1_IRQHandler                         
00008c61  CS_IRQHandler                              
00008c61  DMA_ERR_IRQHandler                         
00008c61  DMA_INT0_IRQHandler                        
00008c61  DMA_INT1_IRQHandler                        
00008c61  DMA_INT2_IRQHandler                        
00008c61  DMA_INT3_IRQHandler                        
00008c61  DebugMon_Handler                           
00008c61  Default_Handler                            
00008c61  EUSCIA0_IRQHandler                         
00008c61  EUSCIA1_IRQHandler                         
00008c61  EUSCIA2_IRQHandler                         
00008c61  EUSCIA3_IRQHandler                         
00008c61  EUSCIB0_IRQHandler                         
00008c61  EUSCIB1_IRQHandler                         
00008c61  EUSCIB2_IRQHandler                         
00008c61  EUSCIB3_IRQHandler                         
00008c61  FLCTL_IRQHandler                           
00008c61  FPU_IRQHandler                             
00008c61  HardFault_Handler                          
00008c61  MemManage_Handler                          
00008c61  NMI_Handler                                
00008c61  PCM_IRQHandler                             
00008c61  PORT1_IRQHandler                           
00008c61  PORT2_IRQHandler                           
00008c61  PORT3_IRQHandler                           
00008c61  PORT4_IRQHandler                           
00008c61  PORT5_IRQHandler                           
00008c61  PORT6_IRQHandler                           
00008c61  PSS_IRQHandler                             
00008c61  RTC_C_IRQHandler                           
00008c61  T32_INT1_IRQHandler                        
00008c61  T32_INT2_IRQHandler                        
00008c61  T32_INTC_IRQHandler                        
00008c61  TA0_0_IRQHandler                           
00008c61  TA1_0_IRQHandler                           
00008c61  TA1_N_IRQHandler                           
00008c61  TA2_0_IRQHandler                           
00008c61  TA2_N_IRQHandler                           
00008c61  TA3_0_IRQHandler                           
00008c61  TA3_N_IRQHandler                           
00008c61  UsageFault_Handler                         
00008c61  WDT_A_IRQHandler                           
00008c65  ADC14_enableModule                         
00008c71  CPU_cpsid                                  
00008c7d  CPU_cpsie                                  
00008c89  __TI_zero_init                             
00008ca1  __aeabi_errno_addr                         
00008ca9  CPU_wfi                                    
00008cb5  _system_pre_init                           
00008cb9  C$$EXIT                                    
00008cb9  abort                                      
00008fb4  UCxBRS                                     
000090d4  _ctypes_                                   
000091d8  g_sFontFixed6x8                            
00009350  g_sCrystalfontz128x128_funcs               
0000938c  captureModeConfig                          
000093a4  upConfig                                   
000093bc  continuousModeConfig                       
000093e4  ulMaxSyscallInterruptPriority              
000093f0  __TI_static_base__                         
0000945c  __TI_Handler_Table_Base                    
00009468  __TI_Handler_Table_Limit                   
00009470  __TI_CINIT_Base                            
00009480  __TI_CINIT_Limit                           
20000000  __start___llvm_prf_cnts                    
20000000  __stop___llvm_prf_cnts                     
2000ca64  peoplePos                                  
2000ca84  g_sContext                                 
2000cb50  q1                                         
2000cb54  Lcd_ScreenHeigth                           
2000cb56  Lcd_ScreenWidth                            
2000cb58  Lcd_TouchTrim                              
2000cb5a  Lcd_FlagRead                               
2000cb5b  Lcd_FontSolid                              
2000cb5c  Lcd_Orientation                            
2000cb5d  Lcd_PenSolid                               
2000cb60  _ftable                                    
2000cc50  pxCurrentTCB                               
2000cc84  fsm                                        
2000ccb4  uart_config                                
2000ccdc  counter                                    
2000cce0  xTaskXHandle                               
2000cce4  meas1                                      
2000cce8  meas2                                      
2000ccec  meas1Count                                 
2000ccf0  takeVal                                    
2000ccf4  contPeople                                 
2000cd10  compareConfig_PWM                          
2000cd20  g_sCrystalfontz128x128                     
2000cd4c  event                                      
2000cd4d  current_state                              
2000cd4e  pressed                                    
2000cd50  count                                      
2000cd54  semaforo                                   
2000cd58  _lock                                      
2000cd5c  _unlock                                    
2000cd60  errno                                      
2000cd64  SystemCoreClock                            
2000fc00  __stack                                    
20010000  __STACK_END                                
4000480c  WDTCTL_SYM                                 
ffffffff  __TI_pprof_out_hndl                        
ffffffff  __TI_prof_data_size                        
ffffffff  __TI_prof_data_start                       
ffffffff  __binit__                                  
ffffffff  __c_args__                                 
ffffffff  binit                                      
UNDEFED   __mpu_init                                 
UNDEFED   _system_post_cinit                         

[376 symbols]
