<?xml version="1.0" encoding="ISO-8859-1" ?>
<link_info>
   <banner>TI ARM Linker PC v20.2.7.LTS</banner>
   <copyright>Copyright (c) 1996-2018 Texas Instruments Incorporated</copyright>
   <link_time>0x63b59afd</link_time>
   <link_errors>0x0</link_errors>
   <output_file>CardDealer.out</output_file>
   <entry_point>
      <name>_c_int00_noargs</name>
      <address>0x8b71</address>
   </entry_point>
   <input_file_list>
      <input_file id="fl-2">
         <path>.\</path>
         <kind>object</kind>
         <file>HAL_I2C.obj</file>
         <name>HAL_I2C.obj</name>
      </input_file>
      <input_file id="fl-3">
         <path>.\</path>
         <kind>object</kind>
         <file>HAL_OPT3001.obj</file>
         <name>HAL_OPT3001.obj</name>
      </input_file>
      <input_file id="fl-4">
         <path>.\</path>
         <kind>object</kind>
         <file>action.obj</file>
         <name>action.obj</name>
      </input_file>
      <input_file id="fl-5">
         <path>.\</path>
         <kind>object</kind>
         <file>condition.obj</file>
         <name>condition.obj</name>
      </input_file>
      <input_file id="fl-6">
         <path>.\</path>
         <kind>object</kind>
         <file>main_freertos.obj</file>
         <name>main_freertos.obj</name>
      </input_file>
      <input_file id="fl-7">
         <path>.\</path>
         <kind>object</kind>
         <file>startup_msp432p401r_FreeRTOS_ccs.obj</file>
         <name>startup_msp432p401r_FreeRTOS_ccs.obj</name>
      </input_file>
      <input_file id="fl-8">
         <path>.\</path>
         <kind>object</kind>
         <file>system_msp432p401r.obj</file>
         <name>system_msp432p401r.obj</name>
      </input_file>
      <input_file id="fl-9">
         <path>.\</path>
         <kind>object</kind>
         <file>uart.obj</file>
         <name>uart.obj</name>
      </input_file>
      <input_file id="fl-a">
         <path>.\</path>
         <kind>object</kind>
         <file>variables.obj</file>
         <name>variables.obj</name>
      </input_file>
      <input_file id="fl-b">
         <path>.\FreeRTOS\</path>
         <kind>object</kind>
         <file>croutine.obj</file>
         <name>croutine.obj</name>
      </input_file>
      <input_file id="fl-c">
         <path>.\FreeRTOS\</path>
         <kind>object</kind>
         <file>event_groups.obj</file>
         <name>event_groups.obj</name>
      </input_file>
      <input_file id="fl-d">
         <path>.\FreeRTOS\</path>
         <kind>object</kind>
         <file>list.obj</file>
         <name>list.obj</name>
      </input_file>
      <input_file id="fl-e">
         <path>.\FreeRTOS\</path>
         <kind>object</kind>
         <file>queue.obj</file>
         <name>queue.obj</name>
      </input_file>
      <input_file id="fl-f">
         <path>.\FreeRTOS\</path>
         <kind>object</kind>
         <file>tasks.obj</file>
         <name>tasks.obj</name>
      </input_file>
      <input_file id="fl-10">
         <path>.\FreeRTOS\</path>
         <kind>object</kind>
         <file>timers.obj</file>
         <name>timers.obj</name>
      </input_file>
      <input_file id="fl-11">
         <path>.\FreeRTOS\portable\CCS\ARM_CM4F\</path>
         <kind>object</kind>
         <file>port.obj</file>
         <name>port.obj</name>
      </input_file>
      <input_file id="fl-12">
         <path>.\FreeRTOS\portable\CCS\ARM_CM4F\</path>
         <kind>object</kind>
         <file>portasm.obj</file>
         <name>portasm.obj</name>
      </input_file>
      <input_file id="fl-13">
         <path>.\FreeRTOS\portable\MemMang\</path>
         <kind>object</kind>
         <file>heap_4.obj</file>
         <name>heap_4.obj</name>
      </input_file>
      <input_file id="fl-14">
         <path>.\LcdDriver\</path>
         <kind>object</kind>
         <file>Crystalfontz128x128_ST7735.obj</file>
         <name>Crystalfontz128x128_ST7735.obj</name>
      </input_file>
      <input_file id="fl-15">
         <path>.\LcdDriver\</path>
         <kind>object</kind>
         <file>HAL_MSP_EXP432P401R_Crystalfontz128x128_ST7735.obj</file>
         <name>HAL_MSP_EXP432P401R_Crystalfontz128x128_ST7735.obj</name>
      </input_file>
      <input_file id="fl-1b">
         <kind>object</kind>
         <file>&lt;internal&gt;</file>
         <name>&lt;internal&gt;</name>
      </input_file>
      <input_file id="fl-1c">
         <path>C:\Users\eddie\OneDrive\Documenti\simplelink_msp432p4_sdk_3_40_01_02\source\ti\grlib\lib\ccs\m4f\</path>
         <kind>archive</kind>
         <file>grlib.a</file>
         <name>context.obj</name>
      </input_file>
      <input_file id="fl-1d">
         <path>C:\Users\eddie\OneDrive\Documenti\simplelink_msp432p4_sdk_3_40_01_02\source\ti\grlib\lib\ccs\m4f\</path>
         <kind>archive</kind>
         <file>grlib.a</file>
         <name>display.obj</name>
      </input_file>
      <input_file id="fl-1e">
         <path>C:\Users\eddie\OneDrive\Documenti\simplelink_msp432p4_sdk_3_40_01_02\source\ti\grlib\lib\ccs\m4f\</path>
         <kind>archive</kind>
         <file>grlib.a</file>
         <name>fontfixed6x8.obj</name>
      </input_file>
      <input_file id="fl-1f">
         <path>C:\Users\eddie\OneDrive\Documenti\simplelink_msp432p4_sdk_3_40_01_02\source\ti\grlib\lib\ccs\m4f\</path>
         <kind>archive</kind>
         <file>grlib.a</file>
         <name>string.obj</name>
      </input_file>
      <input_file id="fl-20">
         <path>C:\Users\eddie\OneDrive\Documenti\simplelink_msp432p4_sdk_3_40_01_02\source\ti\grlib\lib\ccs\m4f\</path>
         <kind>archive</kind>
         <file>grlib.a</file>
         <name>line.obj</name>
      </input_file>
      <input_file id="fl-21">
         <path>C:\Users\eddie\OneDrive\Documenti\simplelink_msp432p4_sdk_3_40_01_02\source\ti\devices\msp432p4xx\driverlib\ccs\</path>
         <kind>archive</kind>
         <file>msp432p4xx_driverlib.lib</file>
         <name>adc14.o</name>
      </input_file>
      <input_file id="fl-22">
         <path>C:\Users\eddie\OneDrive\Documenti\simplelink_msp432p4_sdk_3_40_01_02\source\ti\devices\msp432p4xx\driverlib\ccs\</path>
         <kind>archive</kind>
         <file>msp432p4xx_driverlib.lib</file>
         <name>cs.o</name>
      </input_file>
      <input_file id="fl-23">
         <path>C:\Users\eddie\OneDrive\Documenti\simplelink_msp432p4_sdk_3_40_01_02\source\ti\devices\msp432p4xx\driverlib\ccs\</path>
         <kind>archive</kind>
         <file>msp432p4xx_driverlib.lib</file>
         <name>flash.o</name>
      </input_file>
      <input_file id="fl-24">
         <path>C:\Users\eddie\OneDrive\Documenti\simplelink_msp432p4_sdk_3_40_01_02\source\ti\devices\msp432p4xx\driverlib\ccs\</path>
         <kind>archive</kind>
         <file>msp432p4xx_driverlib.lib</file>
         <name>gpio.o</name>
      </input_file>
      <input_file id="fl-25">
         <path>C:\Users\eddie\OneDrive\Documenti\simplelink_msp432p4_sdk_3_40_01_02\source\ti\devices\msp432p4xx\driverlib\ccs\</path>
         <kind>archive</kind>
         <file>msp432p4xx_driverlib.lib</file>
         <name>i2c.o</name>
      </input_file>
      <input_file id="fl-26">
         <path>C:\Users\eddie\OneDrive\Documenti\simplelink_msp432p4_sdk_3_40_01_02\source\ti\devices\msp432p4xx\driverlib\ccs\</path>
         <kind>archive</kind>
         <file>msp432p4xx_driverlib.lib</file>
         <name>interrupt.o</name>
      </input_file>
      <input_file id="fl-27">
         <path>C:\Users\eddie\OneDrive\Documenti\simplelink_msp432p4_sdk_3_40_01_02\source\ti\devices\msp432p4xx\driverlib\ccs\</path>
         <kind>archive</kind>
         <file>msp432p4xx_driverlib.lib</file>
         <name>pcm.o</name>
      </input_file>
      <input_file id="fl-28">
         <path>C:\Users\eddie\OneDrive\Documenti\simplelink_msp432p4_sdk_3_40_01_02\source\ti\devices\msp432p4xx\driverlib\ccs\</path>
         <kind>archive</kind>
         <file>msp432p4xx_driverlib.lib</file>
         <name>rtc_c.o</name>
      </input_file>
      <input_file id="fl-29">
         <path>C:\Users\eddie\OneDrive\Documenti\simplelink_msp432p4_sdk_3_40_01_02\source\ti\devices\msp432p4xx\driverlib\ccs\</path>
         <kind>archive</kind>
         <file>msp432p4xx_driverlib.lib</file>
         <name>spi.o</name>
      </input_file>
      <input_file id="fl-2a">
         <path>C:\Users\eddie\OneDrive\Documenti\simplelink_msp432p4_sdk_3_40_01_02\source\ti\devices\msp432p4xx\driverlib\ccs\</path>
         <kind>archive</kind>
         <file>msp432p4xx_driverlib.lib</file>
         <name>sysctl.o</name>
      </input_file>
      <input_file id="fl-2b">
         <path>C:\Users\eddie\OneDrive\Documenti\simplelink_msp432p4_sdk_3_40_01_02\source\ti\devices\msp432p4xx\driverlib\ccs\</path>
         <kind>archive</kind>
         <file>msp432p4xx_driverlib.lib</file>
         <name>sysctl_a.o</name>
      </input_file>
      <input_file id="fl-2c">
         <path>C:\Users\eddie\OneDrive\Documenti\simplelink_msp432p4_sdk_3_40_01_02\source\ti\devices\msp432p4xx\driverlib\ccs\</path>
         <kind>archive</kind>
         <file>msp432p4xx_driverlib.lib</file>
         <name>timer32.o</name>
      </input_file>
      <input_file id="fl-2d">
         <path>C:\Users\eddie\OneDrive\Documenti\simplelink_msp432p4_sdk_3_40_01_02\source\ti\devices\msp432p4xx\driverlib\ccs\</path>
         <kind>archive</kind>
         <file>msp432p4xx_driverlib.lib</file>
         <name>timer_a.o</name>
      </input_file>
      <input_file id="fl-2e">
         <path>C:\Users\eddie\OneDrive\Documenti\simplelink_msp432p4_sdk_3_40_01_02\source\ti\devices\msp432p4xx\driverlib\ccs\</path>
         <kind>archive</kind>
         <file>msp432p4xx_driverlib.lib</file>
         <name>uart.o</name>
      </input_file>
      <input_file id="fl-2f">
         <path>C:\Users\eddie\OneDrive\Documenti\simplelink_msp432p4_sdk_3_40_01_02\source\ti\devices\msp432p4xx\driverlib\ccs\</path>
         <kind>archive</kind>
         <file>msp432p4xx_driverlib.lib</file>
         <name>wdt_a.o</name>
      </input_file>
      <input_file id="fl-30">
         <path>C:\Users\eddie\OneDrive\Documenti\simplelink_msp432p4_sdk_3_40_01_02\source\ti\devices\msp432p4xx\driverlib\ccs\</path>
         <kind>archive</kind>
         <file>msp432p4xx_driverlib.lib</file>
         <name>cpu.o</name>
      </input_file>
      <input_file id="fl-e6">
         <path>C:\ti\ccs1210\ccs\tools\compiler\ti-cgt-arm_20.2.7.LTS\lib\</path>
         <kind>archive</kind>
         <file>rtsv7M4_T_le_v4SPD16_eabi.lib</file>
         <name>printf.c.obj</name>
      </input_file>
      <input_file id="fl-e7">
         <path>C:\ti\ccs1210\ccs\tools\compiler\ti-cgt-arm_20.2.7.LTS\lib\</path>
         <kind>archive</kind>
         <file>rtsv7M4_T_le_v4SPD16_eabi.lib</file>
         <name>_printfi.c.obj</name>
      </input_file>
      <input_file id="fl-e8">
         <path>C:\ti\ccs1210\ccs\tools\compiler\ti-cgt-arm_20.2.7.LTS\lib\</path>
         <kind>archive</kind>
         <file>rtsv7M4_T_le_v4SPD16_eabi.lib</file>
         <name>sprintf.c.obj</name>
      </input_file>
      <input_file id="fl-e9">
         <path>C:\ti\ccs1210\ccs\tools\compiler\ti-cgt-arm_20.2.7.LTS\lib\</path>
         <kind>archive</kind>
         <file>rtsv7M4_T_le_v4SPD16_eabi.lib</file>
         <name>vsnprintf.c.obj</name>
      </input_file>
      <input_file id="fl-ea">
         <path>C:\ti\ccs1210\ccs\tools\compiler\ti-cgt-arm_20.2.7.LTS\lib\</path>
         <kind>archive</kind>
         <file>rtsv7M4_T_le_v4SPD16_eabi.lib</file>
         <name>fflush.c.obj</name>
      </input_file>
      <input_file id="fl-eb">
         <path>C:\ti\ccs1210\ccs\tools\compiler\ti-cgt-arm_20.2.7.LTS\lib\</path>
         <kind>archive</kind>
         <file>rtsv7M4_T_le_v4SPD16_eabi.lib</file>
         <name>fd_add_t2.asm.obj</name>
      </input_file>
      <input_file id="fl-ec">
         <path>C:\ti\ccs1210\ccs\tools\compiler\ti-cgt-arm_20.2.7.LTS\lib\</path>
         <kind>archive</kind>
         <file>rtsv7M4_T_le_v4SPD16_eabi.lib</file>
         <name>fd_cmp_t2.asm.obj</name>
      </input_file>
      <input_file id="fl-ed">
         <path>C:\ti\ccs1210\ccs\tools\compiler\ti-cgt-arm_20.2.7.LTS\lib\</path>
         <kind>archive</kind>
         <file>rtsv7M4_T_le_v4SPD16_eabi.lib</file>
         <name>fd_div_t2.asm.obj</name>
      </input_file>
      <input_file id="fl-ee">
         <path>C:\ti\ccs1210\ccs\tools\compiler\ti-cgt-arm_20.2.7.LTS\lib\</path>
         <kind>archive</kind>
         <file>rtsv7M4_T_le_v4SPD16_eabi.lib</file>
         <name>fd_mul_t2.asm.obj</name>
      </input_file>
      <input_file id="fl-ef">
         <path>C:\ti\ccs1210\ccs\tools\compiler\ti-cgt-arm_20.2.7.LTS\lib\</path>
         <kind>archive</kind>
         <file>rtsv7M4_T_le_v4SPD16_eabi.lib</file>
         <name>fd_toi_t2.asm.obj</name>
      </input_file>
      <input_file id="fl-f0">
         <path>C:\ti\ccs1210\ccs\tools\compiler\ti-cgt-arm_20.2.7.LTS\lib\</path>
         <kind>archive</kind>
         <file>rtsv7M4_T_le_v4SPD16_eabi.lib</file>
         <name>i_tofd_t2.asm.obj</name>
      </input_file>
      <input_file id="fl-f1">
         <path>C:\ti\ccs1210\ccs\tools\compiler\ti-cgt-arm_20.2.7.LTS\lib\</path>
         <kind>archive</kind>
         <file>rtsv7M4_T_le_v4SPD16_eabi.lib</file>
         <name>memcpy_t2.asm.obj</name>
      </input_file>
      <input_file id="fl-f2">
         <path>C:\ti\ccs1210\ccs\tools\compiler\ti-cgt-arm_20.2.7.LTS\lib\</path>
         <kind>archive</kind>
         <file>rtsv7M4_T_le_v4SPD16_eabi.lib</file>
         <name>memset_t2.asm.obj</name>
      </input_file>
      <input_file id="fl-f3">
         <path>C:\ti\ccs1210\ccs\tools\compiler\ti-cgt-arm_20.2.7.LTS\lib\</path>
         <kind>archive</kind>
         <file>rtsv7M4_T_le_v4SPD16_eabi.lib</file>
         <name>ull_div_t2.asm.obj</name>
      </input_file>
      <input_file id="fl-f4">
         <path>C:\ti\ccs1210\ccs\tools\compiler\ti-cgt-arm_20.2.7.LTS\lib\</path>
         <kind>archive</kind>
         <file>rtsv7M4_T_le_v4SPD16_eabi.lib</file>
         <name>copy_zero_init.c.obj</name>
      </input_file>
      <input_file id="fl-f5">
         <path>C:\ti\ccs1210\ccs\tools\compiler\ti-cgt-arm_20.2.7.LTS\lib\</path>
         <kind>archive</kind>
         <file>rtsv7M4_T_le_v4SPD16_eabi.lib</file>
         <name>copy_decompress_none.c.obj</name>
      </input_file>
      <input_file id="fl-f6">
         <path>C:\ti\ccs1210\ccs\tools\compiler\ti-cgt-arm_20.2.7.LTS\lib\</path>
         <kind>archive</kind>
         <file>rtsv7M4_T_le_v4SPD16_eabi.lib</file>
         <name>copy_decompress_lzss.c.obj</name>
      </input_file>
      <input_file id="fl-f7">
         <path>C:\ti\ccs1210\ccs\tools\compiler\ti-cgt-arm_20.2.7.LTS\lib\</path>
         <kind>archive</kind>
         <file>rtsv7M4_T_le_v4SPD16_eabi.lib</file>
         <name>_lock.c.obj</name>
      </input_file>
      <input_file id="fl-f8">
         <path>C:\ti\ccs1210\ccs\tools\compiler\ti-cgt-arm_20.2.7.LTS\lib\</path>
         <kind>archive</kind>
         <file>rtsv7M4_T_le_v4SPD16_eabi.lib</file>
         <name>_ltoa.c.obj</name>
      </input_file>
      <input_file id="fl-f9">
         <path>C:\ti\ccs1210\ccs\tools\compiler\ti-cgt-arm_20.2.7.LTS\lib\</path>
         <kind>archive</kind>
         <file>rtsv7M4_T_le_v4SPD16_eabi.lib</file>
         <name>atoi.c.obj</name>
      </input_file>
      <input_file id="fl-fa">
         <path>C:\ti\ccs1210\ccs\tools\compiler\ti-cgt-arm_20.2.7.LTS\lib\</path>
         <kind>archive</kind>
         <file>rtsv7M4_T_le_v4SPD16_eabi.lib</file>
         <name>ctype.c.obj</name>
      </input_file>
      <input_file id="fl-fb">
         <path>C:\ti\ccs1210\ccs\tools\compiler\ti-cgt-arm_20.2.7.LTS\lib\</path>
         <kind>archive</kind>
         <file>rtsv7M4_T_le_v4SPD16_eabi.lib</file>
         <name>defs.c.obj</name>
      </input_file>
      <input_file id="fl-fc">
         <path>C:\ti\ccs1210\ccs\tools\compiler\ti-cgt-arm_20.2.7.LTS\lib\</path>
         <kind>archive</kind>
         <file>rtsv7M4_T_le_v4SPD16_eabi.lib</file>
         <name>memccpy.c.obj</name>
      </input_file>
      <input_file id="fl-fd">
         <path>C:\ti\ccs1210\ccs\tools\compiler\ti-cgt-arm_20.2.7.LTS\lib\</path>
         <kind>archive</kind>
         <file>rtsv7M4_T_le_v4SPD16_eabi.lib</file>
         <name>strchr.c.obj</name>
      </input_file>
      <input_file id="fl-fe">
         <path>C:\ti\ccs1210\ccs\tools\compiler\ti-cgt-arm_20.2.7.LTS\lib\</path>
         <kind>archive</kind>
         <file>rtsv7M4_T_le_v4SPD16_eabi.lib</file>
         <name>strlen.c.obj</name>
      </input_file>
      <input_file id="fl-ff">
         <path>C:\ti\ccs1210\ccs\tools\compiler\ti-cgt-arm_20.2.7.LTS\lib\</path>
         <kind>archive</kind>
         <file>rtsv7M4_T_le_v4SPD16_eabi.lib</file>
         <name>boot_cortex_m.c.obj</name>
      </input_file>
      <input_file id="fl-100">
         <path>C:\ti\ccs1210\ccs\tools\compiler\ti-cgt-arm_20.2.7.LTS\lib\</path>
         <kind>archive</kind>
         <file>rtsv7M4_T_le_v4SPD16_eabi.lib</file>
         <name>write.c.obj</name>
      </input_file>
      <input_file id="fl-101">
         <path>C:\ti\ccs1210\ccs\tools\compiler\ti-cgt-arm_20.2.7.LTS\lib\</path>
         <kind>archive</kind>
         <file>rtsv7M4_T_le_v4SPD16_eabi.lib</file>
         <name>host_device.c.obj</name>
      </input_file>
      <input_file id="fl-102">
         <path>C:\ti\ccs1210\ccs\tools\compiler\ti-cgt-arm_20.2.7.LTS\lib\</path>
         <kind>archive</kind>
         <file>rtsv7M4_T_le_v4SPD16_eabi.lib</file>
         <name>errno.c.obj</name>
      </input_file>
      <input_file id="fl-103">
         <path>C:\ti\ccs1210\ccs\tools\compiler\ti-cgt-arm_20.2.7.LTS\lib\</path>
         <kind>archive</kind>
         <file>rtsv7M4_T_le_v4SPD16_eabi.lib</file>
         <name>wcslen.c.obj</name>
      </input_file>
      <input_file id="fl-104">
         <path>C:\ti\ccs1210\ccs\tools\compiler\ti-cgt-arm_20.2.7.LTS\lib\</path>
         <kind>archive</kind>
         <file>rtsv7M4_T_le_v4SPD16_eabi.lib</file>
         <name>s_frexp.c.obj</name>
      </input_file>
      <input_file id="fl-105">
         <path>C:\ti\ccs1210\ccs\tools\compiler\ti-cgt-arm_20.2.7.LTS\lib\</path>
         <kind>archive</kind>
         <file>rtsv7M4_T_le_v4SPD16_eabi.lib</file>
         <name>s_scalbn.c.obj</name>
      </input_file>
      <input_file id="fl-106">
         <path>C:\ti\ccs1210\ccs\tools\compiler\ti-cgt-arm_20.2.7.LTS\lib\</path>
         <kind>archive</kind>
         <file>rtsv7M4_T_le_v4SPD16_eabi.lib</file>
         <name>div0.asm.obj</name>
      </input_file>
      <input_file id="fl-107">
         <path>C:\ti\ccs1210\ccs\tools\compiler\ti-cgt-arm_20.2.7.LTS\lib\</path>
         <kind>archive</kind>
         <file>rtsv7M4_T_le_v4SPD16_eabi.lib</file>
         <name>autoinit.c.obj</name>
      </input_file>
      <input_file id="fl-108">
         <path>C:\ti\ccs1210\ccs\tools\compiler\ti-cgt-arm_20.2.7.LTS\lib\</path>
         <kind>archive</kind>
         <file>rtsv7M4_T_le_v4SPD16_eabi.lib</file>
         <name>pre_init.c.obj</name>
      </input_file>
      <input_file id="fl-109">
         <path>C:\ti\ccs1210\ccs\tools\compiler\ti-cgt-arm_20.2.7.LTS\lib\</path>
         <kind>archive</kind>
         <file>rtsv7M4_T_le_v4SPD16_eabi.lib</file>
         <name>cpy_tbl.c.obj</name>
      </input_file>
      <input_file id="fl-10a">
         <path>C:\ti\ccs1210\ccs\tools\compiler\ti-cgt-arm_20.2.7.LTS\lib\</path>
         <kind>archive</kind>
         <file>rtsv7M4_T_le_v4SPD16_eabi.lib</file>
         <name>exit.c.obj</name>
      </input_file>
      <input_file id="fl-10b">
         <path>C:\ti\ccs1210\ccs\tools\compiler\ti-cgt-arm_20.2.7.LTS\lib\</path>
         <kind>archive</kind>
         <file>rtsv7M4_T_le_v4SPD16_eabi.lib</file>
         <name>args_main.c.obj</name>
      </input_file>
      <input_file id="fl-10c">
         <path>C:\ti\ccs1210\ccs\tools\compiler\ti-cgt-arm_20.2.7.LTS\lib\</path>
         <kind>archive</kind>
         <file>rtsv7M4_T_le_v4SPD16_eabi.lib</file>
         <name>hostclose.c.obj</name>
      </input_file>
      <input_file id="fl-10d">
         <path>C:\ti\ccs1210\ccs\tools\compiler\ti-cgt-arm_20.2.7.LTS\lib\</path>
         <kind>archive</kind>
         <file>rtsv7M4_T_le_v4SPD16_eabi.lib</file>
         <name>hostlseek.c.obj</name>
      </input_file>
      <input_file id="fl-10e">
         <path>C:\ti\ccs1210\ccs\tools\compiler\ti-cgt-arm_20.2.7.LTS\lib\</path>
         <kind>archive</kind>
         <file>rtsv7M4_T_le_v4SPD16_eabi.lib</file>
         <name>hostopen.c.obj</name>
      </input_file>
      <input_file id="fl-10f">
         <path>C:\ti\ccs1210\ccs\tools\compiler\ti-cgt-arm_20.2.7.LTS\lib\</path>
         <kind>archive</kind>
         <file>rtsv7M4_T_le_v4SPD16_eabi.lib</file>
         <name>hostread.c.obj</name>
      </input_file>
      <input_file id="fl-110">
         <path>C:\ti\ccs1210\ccs\tools\compiler\ti-cgt-arm_20.2.7.LTS\lib\</path>
         <kind>archive</kind>
         <file>rtsv7M4_T_le_v4SPD16_eabi.lib</file>
         <name>hostrename.c.obj</name>
      </input_file>
      <input_file id="fl-111">
         <path>C:\ti\ccs1210\ccs\tools\compiler\ti-cgt-arm_20.2.7.LTS\lib\</path>
         <kind>archive</kind>
         <file>rtsv7M4_T_le_v4SPD16_eabi.lib</file>
         <name>hostunlink.c.obj</name>
      </input_file>
      <input_file id="fl-112">
         <path>C:\ti\ccs1210\ccs\tools\compiler\ti-cgt-arm_20.2.7.LTS\lib\</path>
         <kind>archive</kind>
         <file>rtsv7M4_T_le_v4SPD16_eabi.lib</file>
         <name>hostwrite.c.obj</name>
      </input_file>
      <input_file id="fl-113">
         <path>C:\ti\ccs1210\ccs\tools\compiler\ti-cgt-arm_20.2.7.LTS\lib\</path>
         <kind>archive</kind>
         <file>rtsv7M4_T_le_v4SPD16_eabi.lib</file>
         <name>trgmsg.c.obj</name>
      </input_file>
      <input_file id="fl-114">
         <path>C:\ti\ccs1210\ccs\tools\compiler\ti-cgt-arm_20.2.7.LTS\lib\</path>
         <kind>archive</kind>
         <file>rtsv7M4_T_le_v4SPD16_eabi.lib</file>
         <name>s_copysign.c.obj</name>
      </input_file>
      <input_file id="fl-115">
         <path>C:\ti\ccs1210\ccs\tools\compiler\ti-cgt-arm_20.2.7.LTS\lib\</path>
         <kind>archive</kind>
         <file>rtsv7M4_T_le_v4SPD16_eabi.lib</file>
         <name>strcpy.c.obj</name>
      </input_file>
   </input_file_list>
   <object_component_list>
      <object_component id="oc-b8">
         <name>.text</name>
         <load_address>0xe4</load_address>
         <run_address>0xe4</run_address>
         <size>0x1970</size>
         <input_file_ref idref="fl-f"/>
      </object_component>
      <object_component id="oc-1a2">
         <name>.text</name>
         <load_address>0x1a54</load_address>
         <run_address>0x1a54</run_address>
         <size>0xd0a</size>
         <input_file_ref idref="fl-e"/>
      </object_component>
      <object_component id="oc-57c">
         <name>.text:_nop</name>
         <load_address>0x275e</load_address>
         <run_address>0x275e</run_address>
         <size>0x2</size>
         <input_file_ref idref="fl-f7"/>
      </object_component>
      <object_component id="oc-393">
         <name>.text:__TI_printfi</name>
         <load_address>0x2760</load_address>
         <run_address>0x2760</run_address>
         <size>0xa4e</size>
         <input_file_ref idref="fl-e7"/>
      </object_component>
      <object_component id="oc-6f8">
         <name>.text</name>
         <load_address>0x31ae</load_address>
         <run_address>0x31ae</run_address>
         <size>0x2</size>
         <input_file_ref idref="fl-106"/>
      </object_component>
      <object_component id="oc-73">
         <name>.text</name>
         <load_address>0x31b0</load_address>
         <run_address>0x31b0</run_address>
         <size>0x960</size>
         <input_file_ref idref="fl-6"/>
      </object_component>
      <object_component id="oc-2c9">
         <name>.text</name>
         <load_address>0x3b10</load_address>
         <run_address>0x3b10</run_address>
         <size>0x73c</size>
         <input_file_ref idref="fl-10"/>
      </object_component>
      <object_component id="oc-118">
         <name>.text</name>
         <load_address>0x424c</load_address>
         <run_address>0x424c</run_address>
         <size>0x680</size>
         <input_file_ref idref="fl-14"/>
      </object_component>
      <object_component id="oc-359">
         <name>.text:Graphics_drawString</name>
         <load_address>0x48cc</load_address>
         <run_address>0x48cc</run_address>
         <size>0x47e</size>
         <input_file_ref idref="fl-1f"/>
      </object_component>
      <object_component id="oc-6d">
         <name>.text</name>
         <load_address>0x4d4c</load_address>
         <run_address>0x4d4c</run_address>
         <size>0x42c</size>
         <input_file_ref idref="fl-11"/>
      </object_component>
      <object_component id="oc-2b1">
         <name>.text</name>
         <load_address>0x5178</load_address>
         <run_address>0x5178</run_address>
         <size>0x368</size>
         <input_file_ref idref="fl-13"/>
      </object_component>
      <object_component id="oc-ab">
         <name>.text</name>
         <load_address>0x54e0</load_address>
         <run_address>0x54e0</run_address>
         <size>0x334</size>
         <input_file_ref idref="fl-8"/>
      </object_component>
      <object_component id="oc-558">
         <name>.text:_pconv_a</name>
         <load_address>0x5814</load_address>
         <run_address>0x5814</run_address>
         <size>0x270</size>
         <input_file_ref idref="fl-e7"/>
      </object_component>
      <object_component id="oc-1ae">
         <name>.text</name>
         <load_address>0x5a84</load_address>
         <run_address>0x5a84</run_address>
         <size>0x1ec</size>
         <input_file_ref idref="fl-9"/>
      </object_component>
      <object_component id="oc-546">
         <name>.text:_pconv_g</name>
         <load_address>0x5c70</load_address>
         <run_address>0x5c70</run_address>
         <size>0x1d0</size>
         <input_file_ref idref="fl-e7"/>
      </object_component>
      <object_component id="oc-663">
         <name>.text</name>
         <load_address>0x5e40</load_address>
         <run_address>0x5e40</run_address>
         <size>0x1b6</size>
         <input_file_ref idref="fl-eb"/>
      </object_component>
      <object_component id="oc-30e">
         <name>.text:_getIndexForMemRegister</name>
         <load_address>0x5ff8</load_address>
         <run_address>0x5ff8</run_address>
         <size>0x160</size>
         <input_file_ref idref="fl-21"/>
      </object_component>
      <object_component id="oc-623">
         <name>.text:__PCM_setPowerModeAdvanced</name>
         <load_address>0x6158</load_address>
         <run_address>0x6158</run_address>
         <size>0x15c</size>
         <input_file_ref idref="fl-27"/>
      </object_component>
      <object_component id="oc-367">
         <name>.text:privateTimer_AProcessClockSourceDivider</name>
         <load_address>0x62b4</load_address>
         <run_address>0x62b4</run_address>
         <size>0x144</size>
         <input_file_ref idref="fl-2d"/>
      </object_component>
      <object_component id="oc-552">
         <name>.text:_pconv_e</name>
         <load_address>0x63f8</load_address>
         <run_address>0x63f8</run_address>
         <size>0x13c</size>
         <input_file_ref idref="fl-e7"/>
      </object_component>
      <object_component id="oc-649">
         <name>.text</name>
         <load_address>0x6534</load_address>
         <run_address>0x6534</run_address>
         <size>0x136</size>
         <input_file_ref idref="fl-ed"/>
      </object_component>
      <object_component id="oc-196">
         <name>.text:CS_initClockSignal</name>
         <load_address>0x666c</load_address>
         <run_address>0x666c</run_address>
         <size>0x130</size>
         <input_file_ref idref="fl-22"/>
      </object_component>
      <object_component id="oc-2b7">
         <name>.text</name>
         <load_address>0x679c</load_address>
         <run_address>0x679c</run_address>
         <size>0x12a</size>
         <input_file_ref idref="fl-d"/>
      </object_component>
      <object_component id="oc-675">
         <name>.text:fcvt</name>
         <load_address>0x68c8</load_address>
         <run_address>0x68c8</run_address>
         <size>0x124</size>
         <input_file_ref idref="fl-e7"/>
      </object_component>
      <object_component id="oc-3b0">
         <name>.text:UART_initModule</name>
         <load_address>0x69ec</load_address>
         <run_address>0x69ec</run_address>
         <size>0x11c</size>
         <input_file_ref idref="fl-2e"/>
      </object_component>
      <object_component id="oc-689">
         <name>.text:scalbn</name>
         <load_address>0x6b08</load_address>
         <run_address>0x6b08</run_address>
         <size>0x110</size>
         <input_file_ref idref="fl-105"/>
      </object_component>
      <object_component id="oc-37c">
         <name>.text:__PCM_setCoreVoltageLevelAdvanced</name>
         <load_address>0x6c18</load_address>
         <run_address>0x6c18</run_address>
         <size>0x108</size>
         <input_file_ref idref="fl-27"/>
      </object_component>
      <object_component id="oc-58f">
         <name>.text:_CSComputeCLKFrequency</name>
         <load_address>0x6d20</load_address>
         <run_address>0x6d20</run_address>
         <size>0x104</size>
         <input_file_ref idref="fl-22"/>
      </object_component>
      <object_component id="oc-644">
         <name>.text</name>
         <load_address>0x6e24</load_address>
         <run_address>0x6e24</run_address>
         <size>0xfc</size>
         <input_file_ref idref="fl-ee"/>
      </object_component>
      <object_component id="oc-353">
         <name>.text:Graphics_getStringWidth</name>
         <load_address>0x6f20</load_address>
         <run_address>0x6f20</run_address>
         <size>0xfa</size>
         <input_file_ref idref="fl-1f"/>
      </object_component>
      <object_component id="oc-6bf">
         <name>.text:CS_getDCOFrequency</name>
         <load_address>0x701c</load_address>
         <run_address>0x701c</run_address>
         <size>0xf8</size>
         <input_file_ref idref="fl-22"/>
      </object_component>
      <object_component id="oc-19c">
         <name>.text</name>
         <load_address>0x7114</load_address>
         <run_address>0x7114</run_address>
         <size>0xf4</size>
         <input_file_ref idref="fl-4"/>
      </object_component>
      <object_component id="oc-68">
         <name>.text</name>
         <load_address>0x7208</load_address>
         <run_address>0x7208</run_address>
         <size>0xd2</size>
         <input_file_ref idref="fl-12"/>
      </object_component>
      <object_component id="oc-329">
         <name>.text</name>
         <load_address>0x72dc</load_address>
         <run_address>0x72dc</run_address>
         <size>0xcc</size>
         <input_file_ref idref="fl-15"/>
      </object_component>
      <object_component id="oc-ee">
         <name>.text:ADC14_configureConversionMemory</name>
         <load_address>0x73a8</load_address>
         <run_address>0x73a8</run_address>
         <size>0xb4</size>
         <input_file_ref idref="fl-21"/>
      </object_component>
      <object_component id="oc-e8">
         <name>.text:ADC14_configureMultiSequenceMode</name>
         <load_address>0x745c</load_address>
         <run_address>0x745c</run_address>
         <size>0xb4</size>
         <input_file_ref idref="fl-21"/>
      </object_component>
      <object_component id="oc-53b">
         <name>.text:_ltostr</name>
         <load_address>0x7510</load_address>
         <run_address>0x7510</run_address>
         <size>0xb1</size>
         <input_file_ref idref="fl-e7"/>
      </object_component>
      <object_component id="oc-4c5">
         <name>.text:SPI_initMaster</name>
         <load_address>0x75c2</load_address>
         <run_address>0x75c2</run_address>
         <size>0xb0</size>
         <input_file_ref idref="fl-29"/>
      </object_component>
      <object_component id="oc-4f4">
         <name>.text:Graphics_drawLineH</name>
         <load_address>0x7672</load_address>
         <run_address>0x7672</run_address>
         <size>0x9c</size>
         <input_file_ref idref="fl-20"/>
      </object_component>
      <object_component id="oc-32">
         <name>.text</name>
         <load_address>0x770e</load_address>
         <run_address>0x770e</run_address>
         <size>0x9c</size>
         <input_file_ref idref="fl-f1"/>
      </object_component>
      <object_component id="oc-63d">
         <name>.text</name>
         <load_address>0x77aa</load_address>
         <run_address>0x77aa</run_address>
         <size>0x96</size>
         <input_file_ref idref="fl-f3"/>
      </object_component>
      <object_component id="oc-72f">
         <name>.text:SysCtl_A_getTLVInfo</name>
         <load_address>0x7840</load_address>
         <run_address>0x7840</run_address>
         <size>0x94</size>
         <input_file_ref idref="fl-2b"/>
      </object_component>
      <object_component id="oc-d6">
         <name>.text:GPIO_setAsPeripheralModuleFunctionInputPin</name>
         <load_address>0x78d4</load_address>
         <run_address>0x78d4</run_address>
         <size>0x88</size>
         <input_file_ref idref="fl-24"/>
      </object_component>
      <object_component id="oc-14e">
         <name>.text:GPIO_setAsPeripheralModuleFunctionOutputPin</name>
         <load_address>0x795c</load_address>
         <run_address>0x795c</run_address>
         <size>0x88</size>
         <input_file_ref idref="fl-24"/>
      </object_component>
      <object_component id="oc-541">
         <name>.text:__aeabi_cdcmple</name>
         <load_address>0x79e4</load_address>
         <run_address>0x79e4</run_address>
         <size>0x86</size>
         <input_file_ref idref="fl-ec"/>
      </object_component>
      <object_component id="oc-64e">
         <name>.text:__aeabi_cdrcmple</name>
         <load_address>0x7a6a</load_address>
         <run_address>0x7a6a</run_address>
         <size>0x86</size>
         <input_file_ref idref="fl-ec"/>
      </object_component>
      <object_component id="oc-142">
         <name>.text:Interrupt_disableInterrupt</name>
         <load_address>0x7af0</load_address>
         <run_address>0x7af0</run_address>
         <size>0x80</size>
         <input_file_ref idref="fl-26"/>
      </object_component>
      <object_component id="oc-fa">
         <name>.text:Interrupt_enableInterrupt</name>
         <load_address>0x7b70</load_address>
         <run_address>0x7b70</run_address>
         <size>0x80</size>
         <input_file_ref idref="fl-26"/>
      </object_component>
      <object_component id="oc-735">
         <name>.text:_CSGetDOCFrequency</name>
         <load_address>0x7bf0</load_address>
         <run_address>0x7bf0</run_address>
         <size>0x7c</size>
         <input_file_ref idref="fl-22"/>
      </object_component>
      <object_component id="oc-231">
         <name>.text</name>
         <load_address>0x7c6c</load_address>
         <run_address>0x7c6c</run_address>
         <size>0x7c</size>
         <input_file_ref idref="fl-5"/>
      </object_component>
      <object_component id="oc-1b4">
         <name>.text:fflush</name>
         <load_address>0x7ce8</load_address>
         <run_address>0x7ce8</run_address>
         <size>0x7c</size>
         <input_file_ref idref="fl-ea"/>
      </object_component>
      <object_component id="oc-93">
         <name>.text</name>
         <load_address>0x7d64</load_address>
         <run_address>0x7d64</run_address>
         <size>0x7a</size>
         <input_file_ref idref="fl-f2"/>
      </object_component>
      <object_component id="oc-66e">
         <name>.text:_mcpy</name>
         <load_address>0x7dde</load_address>
         <run_address>0x7dde</run_address>
         <size>0x6e</size>
         <input_file_ref idref="fl-e7"/>
      </object_component>
      <object_component id="oc-790">
         <name>.text:HOSTrename</name>
         <load_address>0x7e4c</load_address>
         <run_address>0x7e4c</run_address>
         <size>0x6c</size>
         <input_file_ref idref="fl-110"/>
      </object_component>
      <object_component id="oc-784">
         <name>.text:HOSTlseek</name>
         <load_address>0x7eb8</load_address>
         <run_address>0x7eb8</run_address>
         <size>0x68</size>
         <input_file_ref idref="fl-10d"/>
      </object_component>
      <object_component id="oc-1ee">
         <name>.text:Timer32_initModule</name>
         <load_address>0x7f20</load_address>
         <run_address>0x7f20</run_address>
         <size>0x68</size>
         <input_file_ref idref="fl-2c"/>
      </object_component>
      <object_component id="oc-154">
         <name>.text:Timer_A_configureUpMode</name>
         <load_address>0x7f88</load_address>
         <run_address>0x7f88</run_address>
         <size>0x68</size>
         <input_file_ref idref="fl-2d"/>
      </object_component>
      <object_component id="oc-12">
         <name>.text:decompress:lzss:__TI_decompress_lzss</name>
         <load_address>0x7ff0</load_address>
         <run_address>0x7ff0</run_address>
         <size>0x68</size>
         <input_file_ref idref="fl-f6"/>
      </object_component>
      <object_component id="oc-1a8">
         <name>.text:printf</name>
         <load_address>0x8058</load_address>
         <run_address>0x8058</run_address>
         <size>0x68</size>
         <input_file_ref idref="fl-e6"/>
      </object_component>
      <object_component id="oc-683">
         <name>.text:frexp</name>
         <load_address>0x80c0</load_address>
         <run_address>0x80c0</run_address>
         <size>0x64</size>
         <input_file_ref idref="fl-104"/>
      </object_component>
      <object_component id="oc-6b3">
         <name>.text:_CSGetDividerValue</name>
         <load_address>0x8124</load_address>
         <run_address>0x8124</run_address>
         <size>0x62</size>
         <input_file_ref idref="fl-22"/>
      </object_component>
      <object_component id="oc-76c">
         <name>.text:HOSTopen</name>
         <load_address>0x8188</load_address>
         <run_address>0x8188</run_address>
         <size>0x60</size>
         <input_file_ref idref="fl-10e"/>
      </object_component>
      <object_component id="oc-514">
         <name>.text:PCM_getCoreVoltageLevel</name>
         <load_address>0x81e8</load_address>
         <run_address>0x81e8</run_address>
         <size>0x5e</size>
         <input_file_ref idref="fl-27"/>
      </object_component>
      <object_component id="oc-50e">
         <name>.text:PCM_getPowerMode</name>
         <load_address>0x8246</load_address>
         <run_address>0x8246</run_address>
         <size>0x5a</size>
         <input_file_ref idref="fl-27"/>
      </object_component>
      <object_component id="oc-778">
         <name>.text:HOSTread</name>
         <load_address>0x82a0</load_address>
         <run_address>0x82a0</run_address>
         <size>0x58</size>
         <input_file_ref idref="fl-10f"/>
      </object_component>
      <object_component id="oc-77e">
         <name>.text:HOSTwrite</name>
         <load_address>0x82f8</load_address>
         <run_address>0x82f8</run_address>
         <size>0x58</size>
         <input_file_ref idref="fl-112"/>
      </object_component>
      <object_component id="oc-16c">
         <name>.text:Timer_A_initCapture</name>
         <load_address>0x8350</load_address>
         <run_address>0x8350</run_address>
         <size>0x58</size>
         <input_file_ref idref="fl-2d"/>
      </object_component>
      <object_component id="oc-54c">
         <name>.text:_pconv_f</name>
         <load_address>0x83a8</load_address>
         <run_address>0x83a8</run_address>
         <size>0x56</size>
         <input_file_ref idref="fl-e7"/>
      </object_component>
      <object_component id="oc-e2">
         <name>.text:ADC14_initModule</name>
         <load_address>0x8400</load_address>
         <run_address>0x8400</run_address>
         <size>0x54</size>
         <input_file_ref idref="fl-21"/>
      </object_component>
      <object_component id="oc-658">
         <name>.text:__TI_ltoa</name>
         <load_address>0x8454</load_address>
         <run_address>0x8454</run_address>
         <size>0x54</size>
         <input_file_ref idref="fl-f8"/>
      </object_component>
      <object_component id="oc-11e">
         <name>.text:Graphics_initContext</name>
         <load_address>0x84a8</load_address>
         <run_address>0x84a8</run_address>
         <size>0x52</size>
         <input_file_ref idref="fl-1c"/>
      </object_component>
      <object_component id="oc-668">
         <name>.text:_ecpy</name>
         <load_address>0x84fa</load_address>
         <run_address>0x84fa</run_address>
         <size>0x52</size>
         <input_file_ref idref="fl-e7"/>
      </object_component>
      <object_component id="oc-160">
         <name>.text:Timer_A_initCompare</name>
         <load_address>0x854c</load_address>
         <run_address>0x854c</run_address>
         <size>0x4e</size>
         <input_file_ref idref="fl-2d"/>
      </object_component>
      <object_component id="oc-3d0">
         <name>.text:__TI_doflush</name>
         <load_address>0x859a</load_address>
         <run_address>0x859a</run_address>
         <size>0x4c</size>
         <input_file_ref idref="fl-ea"/>
      </object_component>
      <object_component id="oc-535">
         <name>.text:atoi</name>
         <load_address>0x85e8</load_address>
         <run_address>0x85e8</run_address>
         <size>0x4c</size>
         <input_file_ref idref="fl-f9"/>
      </object_component>
      <object_component id="oc-18a">
         <name>.text:FlashCtl_setWaitState</name>
         <load_address>0x8634</load_address>
         <run_address>0x8634</run_address>
         <size>0x48</size>
         <input_file_ref idref="fl-23"/>
      </object_component>
      <object_component id="oc-13c">
         <name>.text:Graphics_drawStringCentered</name>
         <load_address>0x867c</load_address>
         <run_address>0x867c</run_address>
         <size>0x48</size>
         <input_file_ref idref="fl-1f"/>
      </object_component>
      <object_component id="oc-653">
         <name>.text</name>
         <load_address>0x86c4</load_address>
         <run_address>0x86c4</run_address>
         <size>0x48</size>
         <input_file_ref idref="fl-ef"/>
      </object_component>
      <object_component id="oc-772">
         <name>.text:HOSTclose</name>
         <load_address>0x870c</load_address>
         <run_address>0x870c</run_address>
         <size>0x44</size>
         <input_file_ref idref="fl-10c"/>
      </object_component>
      <object_component id="oc-78a">
         <name>.text:HOSTunlink</name>
         <load_address>0x8750</load_address>
         <run_address>0x8750</run_address>
         <size>0x44</size>
         <input_file_ref idref="fl-111"/>
      </object_component>
      <object_component id="oc-279">
         <name>.text:__TI_auto_init_nobinit_nopinit:__TI_auto_init_nobinit_nopinit</name>
         <load_address>0x8794</load_address>
         <run_address>0x8794</run_address>
         <size>0x44</size>
         <input_file_ref idref="fl-107"/>
      </object_component>
      <object_component id="oc-166">
         <name>.text:GPIO_setAsOutputPin</name>
         <load_address>0x87d8</load_address>
         <run_address>0x87d8</run_address>
         <size>0x40</size>
         <input_file_ref idref="fl-24"/>
      </object_component>
      <object_component id="oc-4ee">
         <name>.text:Graphics_getNumberOfLeadingZeros</name>
         <load_address>0x8818</load_address>
         <run_address>0x8818</run_address>
         <size>0x40</size>
         <input_file_ref idref="fl-1f"/>
      </object_component>
      <object_component id="oc-5fc">
         <name>.text:is_A_Module</name>
         <load_address>0x8858</load_address>
         <run_address>0x8858</run_address>
         <size>0x40</size>
         <input_file_ref idref="fl-29"/>
      </object_component>
      <object_component id="oc-22b">
         <name>.text:sprintf</name>
         <load_address>0x8898</load_address>
         <run_address>0x8898</run_address>
         <size>0x40</size>
         <input_file_ref idref="fl-e8"/>
      </object_component>
      <object_component id="oc-237">
         <name>.text:vsnprintf</name>
         <load_address>0x88d8</load_address>
         <run_address>0x88d8</run_address>
         <size>0x40</size>
         <input_file_ref idref="fl-e9"/>
      </object_component>
      <object_component id="oc-67b">
         <name>.text:_fcpy</name>
         <load_address>0x8918</load_address>
         <run_address>0x8918</run_address>
         <size>0x3e</size>
         <input_file_ref idref="fl-e7"/>
      </object_component>
      <object_component id="oc-219">
         <name>.text:ADC14_getEnabledInterruptStatus</name>
         <load_address>0x8958</load_address>
         <run_address>0x8958</run_address>
         <size>0x38</size>
         <input_file_ref idref="fl-21"/>
      </object_component>
      <object_component id="oc-200">
         <name>.text:Timer32_startTimer</name>
         <load_address>0x8990</load_address>
         <run_address>0x8990</run_address>
         <size>0x38</size>
         <input_file_ref idref="fl-2c"/>
      </object_component>
      <object_component id="oc-79c">
         <name>.text:__TI_writemsg</name>
         <load_address>0x89c8</load_address>
         <run_address>0x89c8</run_address>
         <size>0x38</size>
         <input_file_ref idref="fl-113"/>
      </object_component>
      <object_component id="oc-617">
         <name>.text:Graphics_drawHorizontalLineOnDisplay</name>
         <load_address>0x8a00</load_address>
         <run_address>0x8a00</run_address>
         <size>0x36</size>
         <input_file_ref idref="fl-1d"/>
      </object_component>
      <object_component id="oc-106">
         <name>.text:ADC14_enableSampleTimer</name>
         <load_address>0x8a38</load_address>
         <run_address>0x8a38</run_address>
         <size>0x34</size>
         <input_file_ref idref="fl-21"/>
      </object_component>
      <object_component id="oc-190">
         <name>.text:CS_setDCOCenteredFrequency</name>
         <load_address>0x8a6c</load_address>
         <run_address>0x8a6c</run_address>
         <size>0x34</size>
         <input_file_ref idref="fl-22"/>
      </object_component>
      <object_component id="oc-1fa">
         <name>.text:Timer32_setCount</name>
         <load_address>0x8aa0</load_address>
         <run_address>0x8aa0</run_address>
         <size>0x34</size>
         <input_file_ref idref="fl-2c"/>
      </object_component>
      <object_component id="oc-172">
         <name>.text:Timer_A_configureContinuousMode</name>
         <load_address>0x8ad4</load_address>
         <run_address>0x8ad4</run_address>
         <size>0x34</size>
         <input_file_ref idref="fl-2d"/>
      </object_component>
      <object_component id="oc-3bc">
         <name>.text:UART_transmitData</name>
         <load_address>0x8b08</load_address>
         <run_address>0x8b08</run_address>
         <size>0x34</size>
         <input_file_ref idref="fl-2e"/>
      </object_component>
      <object_component id="oc-7a2">
         <name>.text:__TI_readmsg</name>
         <load_address>0x8b3c</load_address>
         <run_address>0x8b3c</run_address>
         <size>0x34</size>
         <input_file_ref idref="fl-113"/>
      </object_component>
      <object_component id="oc-50">
         <name>.text:_c_int00_noargs:_c_int00_noargs</name>
         <load_address>0x8b70</load_address>
         <run_address>0x8b70</run_address>
         <size>0x34</size>
         <input_file_ref idref="fl-ff"/>
      </object_component>
      <object_component id="oc-21f">
         <name>.text:ADC14_clearInterruptFlag</name>
         <load_address>0x8ba4</load_address>
         <run_address>0x8ba4</run_address>
         <size>0x30</size>
         <input_file_ref idref="fl-21"/>
      </object_component>
      <object_component id="oc-f4">
         <name>.text:ADC14_enableInterrupt</name>
         <load_address>0x8bd4</load_address>
         <run_address>0x8bd4</run_address>
         <size>0x30</size>
         <input_file_ref idref="fl-21"/>
      </object_component>
      <object_component id="oc-6b9">
         <name>.text:CS_clearInterruptFlag</name>
         <load_address>0x8c04</load_address>
         <run_address>0x8c04</run_address>
         <size>0x30</size>
         <input_file_ref idref="fl-22"/>
      </object_component>
      <object_component id="oc-42d">
         <name>.text:_outs</name>
         <load_address>0x8c34</load_address>
         <run_address>0x8c34</run_address>
         <size>0x30</size>
         <input_file_ref idref="fl-e9"/>
      </object_component>
      <object_component id="oc-65e">
         <name>.text</name>
         <load_address>0x8c64</load_address>
         <run_address>0x8c64</run_address>
         <size>0x2e</size>
         <input_file_ref idref="fl-f0"/>
      </object_component>
      <object_component id="oc-410">
         <name>.text:ADC14_getInterruptStatus</name>
         <load_address>0x8c94</load_address>
         <run_address>0x8c94</run_address>
         <size>0x2c</size>
         <input_file_ref idref="fl-21"/>
      </object_component>
      <object_component id="oc-112">
         <name>.text:ADC14_toggleConversionTrigger</name>
         <load_address>0x8cc0</load_address>
         <run_address>0x8cc0</run_address>
         <size>0x2c</size>
         <input_file_ref idref="fl-21"/>
      </object_component>
      <object_component id="oc-4fa">
         <name>.text:Graphics_drawPixelOnDisplay</name>
         <load_address>0x8cec</load_address>
         <run_address>0x8cec</run_address>
         <size>0x2c</size>
         <input_file_ref idref="fl-1d"/>
      </object_component>
      <object_component id="oc-20c">
         <name>.text:Timer_A_clearCaptureCompareInterrupt</name>
         <load_address>0x8d18</load_address>
         <run_address>0x8d18</run_address>
         <size>0x2c</size>
         <input_file_ref idref="fl-2d"/>
      </object_component>
      <object_component id="oc-10c">
         <name>.text:ADC14_enableConversion</name>
         <load_address>0x8d44</load_address>
         <run_address>0x8d44</run_address>
         <size>0x28</size>
         <input_file_ref idref="fl-21"/>
      </object_component>
      <object_component id="oc-225">
         <name>.text:ADC14_getResult</name>
         <load_address>0x8d6c</load_address>
         <run_address>0x8d6c</run_address>
         <size>0x28</size>
         <input_file_ref idref="fl-21"/>
      </object_component>
      <object_component id="oc-3aa">
         <name>.text:CS_getSMCLK</name>
         <load_address>0x8d94</load_address>
         <run_address>0x8d94</run_address>
         <size>0x28</size>
         <input_file_ref idref="fl-22"/>
      </object_component>
      <object_component id="oc-1db">
         <name>.text:GPIO_setOutputHighOnPin</name>
         <load_address>0x8dbc</load_address>
         <run_address>0x8dbc</run_address>
         <size>0x28</size>
         <input_file_ref idref="fl-24"/>
      </object_component>
      <object_component id="oc-1e1">
         <name>.text:GPIO_setOutputLowOnPin</name>
         <load_address>0x8de4</load_address>
         <run_address>0x8de4</run_address>
         <size>0x28</size>
         <input_file_ref idref="fl-24"/>
      </object_component>
      <object_component id="oc-5a5">
         <name>.text:write</name>
         <load_address>0x8e0c</load_address>
         <run_address>0x8e0c</run_address>
         <size>0x28</size>
         <input_file_ref idref="fl-100"/>
      </object_component>
      <object_component id="oc-178">
         <name>.text:WDT_A_holdTimer</name>
         <load_address>0x8e34</load_address>
         <run_address>0x8e34</run_address>
         <size>0x24</size>
         <input_file_ref idref="fl-2f"/>
      </object_component>
      <object_component id="oc-212">
         <name>.text:Timer_A_getCaptureCompareCount</name>
         <load_address>0x8e58</load_address>
         <run_address>0x8e58</run_address>
         <size>0x22</size>
         <input_file_ref idref="fl-2d"/>
      </object_component>
      <object_component id="oc-4cb">
         <name>.text:SPI_enableModule</name>
         <load_address>0x8e7a</load_address>
         <run_address>0x8e7a</run_address>
         <size>0x1c</size>
         <input_file_ref idref="fl-29"/>
      </object_component>
      <object_component id="oc-55e">
         <name>.text:memccpy</name>
         <load_address>0x8e96</load_address>
         <run_address>0x8e96</run_address>
         <size>0x1c</size>
         <input_file_ref idref="fl-fc"/>
      </object_component>
      <object_component id="oc-34c">
         <name>.text:Graphics_clearDisplayOnDisplay</name>
         <load_address>0x8eb2</load_address>
         <run_address>0x8eb2</run_address>
         <size>0x1a</size>
         <input_file_ref idref="fl-1d"/>
      </object_component>
      <object_component id="oc-12a">
         <name>.text:Graphics_setBackgroundColor</name>
         <load_address>0x8ecc</load_address>
         <run_address>0x8ecc</run_address>
         <size>0x1a</size>
         <input_file_ref idref="fl-1c"/>
      </object_component>
      <object_component id="oc-130">
         <name>.text:Graphics_setFont</name>
         <load_address>0x8ee6</load_address>
         <run_address>0x8ee6</run_address>
         <size>0x1a</size>
         <input_file_ref idref="fl-1c"/>
      </object_component>
      <object_component id="oc-711">
         <name>.text:copysign</name>
         <load_address>0x8f00</load_address>
         <run_address>0x8f00</run_address>
         <size>0x1a</size>
         <input_file_ref idref="fl-114"/>
      </object_component>
      <object_component id="oc-433">
         <name>.text:_outc</name>
         <load_address>0x8f1a</load_address>
         <run_address>0x8f1a</run_address>
         <size>0x18</size>
         <input_file_ref idref="fl-e9"/>
      </object_component>
      <object_component id="oc-419">
         <name>.text:_outs</name>
         <load_address>0x8f32</load_address>
         <run_address>0x8f32</run_address>
         <size>0x18</size>
         <input_file_ref idref="fl-e8"/>
      </object_component>
      <object_component id="oc-604">
         <name>.text:EUSCI_A_SPI_enable</name>
         <load_address>0x8f4a</load_address>
         <run_address>0x8f4a</run_address>
         <size>0x16</size>
         <input_file_ref idref="fl-29"/>
      </object_component>
      <object_component id="oc-60a">
         <name>.text:EUSCI_B_SPI_enable</name>
         <load_address>0x8f60</load_address>
         <run_address>0x8f60</run_address>
         <size>0x16</size>
         <input_file_ref idref="fl-29"/>
      </object_component>
      <object_component id="oc-124">
         <name>.text:Graphics_setForegroundColor</name>
         <load_address>0x8f76</load_address>
         <run_address>0x8f76</run_address>
         <size>0x16</size>
         <input_file_ref idref="fl-1c"/>
      </object_component>
      <object_component id="oc-343">
         <name>.text:Graphics_translateColorOnDisplay</name>
         <load_address>0x8f8c</load_address>
         <run_address>0x8f8c</run_address>
         <size>0x16</size>
         <input_file_ref idref="fl-1d"/>
      </object_component>
      <object_component id="oc-15a">
         <name>.text:Timer_A_startCounter</name>
         <load_address>0x8fa2</load_address>
         <run_address>0x8fa2</run_address>
         <size>0x16</size>
         <input_file_ref idref="fl-2d"/>
      </object_component>
      <object_component id="oc-3b6">
         <name>.text:UART_enableModule</name>
         <load_address>0x8fb8</load_address>
         <run_address>0x8fb8</run_address>
         <size>0x16</size>
         <input_file_ref idref="fl-2e"/>
      </object_component>
      <object_component id="oc-68f">
         <name>.text:strchr</name>
         <load_address>0x8fce</load_address>
         <run_address>0x8fce</run_address>
         <size>0x16</size>
         <input_file_ref idref="fl-fd"/>
      </object_component>
      <object_component id="oc-51a">
         <name>.text:PCM_getPowerState</name>
         <load_address>0x8fe4</load_address>
         <run_address>0x8fe4</run_address>
         <size>0x14</size>
         <input_file_ref idref="fl-27"/>
      </object_component>
      <object_component id="oc-1f4">
         <name>.text:Timer32_disableInterrupt</name>
         <load_address>0x8ff8</load_address>
         <run_address>0x8ff8</run_address>
         <size>0x14</size>
         <input_file_ref idref="fl-2c"/>
      </object_component>
      <object_component id="oc-148">
         <name>.text:Timer_A_stopTimer</name>
         <load_address>0x900c</load_address>
         <run_address>0x900c</run_address>
         <size>0x14</size>
         <input_file_ref idref="fl-2d"/>
      </object_component>
      <object_component id="oc-7b6">
         <name>.text:strcpy</name>
         <load_address>0x9020</load_address>
         <run_address>0x9020</run_address>
         <size>0x14</size>
         <input_file_ref idref="fl-115"/>
      </object_component>
      <object_component id="oc-52f">
         <name>.text:strlen</name>
         <load_address>0x9034</load_address>
         <run_address>0x9034</run_address>
         <size>0x14</size>
         <input_file_ref idref="fl-fe"/>
      </object_component>
      <object_component id="oc-136">
         <name>.text:Graphics_clearDisplay</name>
         <load_address>0x9048</load_address>
         <run_address>0x9048</run_address>
         <size>0x12</size>
         <input_file_ref idref="fl-1c"/>
      </object_component>
      <object_component id="oc-564">
         <name>.text:wcslen</name>
         <load_address>0x905a</load_address>
         <run_address>0x905a</run_address>
         <size>0x12</size>
         <input_file_ref idref="fl-103"/>
      </object_component>
      <object_component id="oc-307">
         <name>.text:ADCIsConversionRunning</name>
         <load_address>0x906c</load_address>
         <run_address>0x906c</run_address>
         <size>0x10</size>
         <input_file_ref idref="fl-21"/>
      </object_component>
      <object_component id="oc-17e">
         <name>.text:Interrupt_disableMaster</name>
         <load_address>0x907c</load_address>
         <run_address>0x907c</run_address>
         <size>0x10</size>
         <input_file_ref idref="fl-26"/>
      </object_component>
      <object_component id="oc-100">
         <name>.text:Interrupt_enableMaster</name>
         <load_address>0x908c</load_address>
         <run_address>0x908c</run_address>
         <size>0x10</size>
         <input_file_ref idref="fl-26"/>
      </object_component>
      <object_component id="oc-184">
         <name>.text:PCM_setCoreVoltageLevel</name>
         <load_address>0x909c</load_address>
         <run_address>0x909c</run_address>
         <size>0x10</size>
         <input_file_ref idref="fl-27"/>
      </object_component>
      <object_component id="oc-520">
         <name>.text:PCM_setPowerMode</name>
         <load_address>0x90ac</load_address>
         <run_address>0x90ac</run_address>
         <size>0x10</size>
         <input_file_ref idref="fl-27"/>
      </object_component>
      <object_component id="oc-206">
         <name>.text:Timer32_getValue</name>
         <load_address>0x90bc</load_address>
         <run_address>0x90bc</run_address>
         <size>0xe</size>
         <input_file_ref idref="fl-2c"/>
      </object_component>
      <object_component id="oc-18">
         <name>.text:decompress:none:__TI_decompress_none</name>
         <load_address>0x90ca</load_address>
         <run_address>0x90ca</run_address>
         <size>0xe</size>
         <input_file_ref idref="fl-f5"/>
      </object_component>
      <object_component id="oc-62">
         <name>.text</name>
         <load_address>0x90d8</load_address>
         <run_address>0x90d8</run_address>
         <size>0xe</size>
         <input_file_ref idref="fl-7"/>
      </object_component>
      <object_component id="oc-dc">
         <name>.text:ADC14_enableModule</name>
         <load_address>0x90e8</load_address>
         <run_address>0x90e8</run_address>
         <size>0xc</size>
         <input_file_ref idref="fl-21"/>
      </object_component>
      <object_component id="oc-375">
         <name>.text:CPU_cpsid</name>
         <load_address>0x90f4</load_address>
         <run_address>0x90f4</run_address>
         <size>0xc</size>
         <input_file_ref idref="fl-30"/>
      </object_component>
      <object_component id="oc-31f">
         <name>.text:CPU_cpsie</name>
         <load_address>0x9100</load_address>
         <run_address>0x9100</run_address>
         <size>0xc</size>
         <input_file_ref idref="fl-30"/>
      </object_component>
      <object_component id="oc-44">
         <name>.text:decompress:ZI:__TI_zero_init</name>
         <load_address>0x910c</load_address>
         <run_address>0x910c</run_address>
         <size>0xc</size>
         <input_file_ref idref="fl-f4"/>
      </object_component>
      <object_component id="oc-41f">
         <name>.text:_outc</name>
         <load_address>0x9118</load_address>
         <run_address>0x9118</run_address>
         <size>0xa</size>
         <input_file_ref idref="fl-e8"/>
      </object_component>
      <object_component id="oc-56a">
         <name>.text:__aeabi_errno_addr</name>
         <load_address>0x9124</load_address>
         <run_address>0x9124</run_address>
         <size>0x8</size>
         <input_file_ref idref="fl-102"/>
      </object_component>
      <object_component id="oc-3a2">
         <name>.text:_outc</name>
         <load_address>0x912c</load_address>
         <run_address>0x912c</run_address>
         <size>0x4</size>
         <input_file_ref idref="fl-e6"/>
      </object_component>
      <object_component id="oc-39c">
         <name>.text:_outs</name>
         <load_address>0x9130</load_address>
         <run_address>0x9130</run_address>
         <size>0x4</size>
         <input_file_ref idref="fl-e6"/>
      </object_component>
      <object_component id="oc-99">
         <name>.text:_system_pre_init</name>
         <load_address>0x9134</load_address>
         <run_address>0x9134</run_address>
         <size>0x4</size>
         <input_file_ref idref="fl-108"/>
      </object_component>
      <object_component id="oc-26d">
         <name>.text:abort:abort</name>
         <load_address>0x9138</load_address>
         <run_address>0x9138</run_address>
         <size>0x4</size>
         <input_file_ref idref="fl-10a"/>
      </object_component>
      <object_component id="oc-3f1">
         <name>.const:.string:g_pucFontFixed6x8Data</name>
         <load_address>0x913c</load_address>
         <run_address>0x913c</run_address>
         <size>0x2f8</size>
         <input_file_ref idref="fl-1e"/>
      </object_component>
      <object_component id="oc-3c5">
         <name>.const:UCxBRS</name>
         <load_address>0x9434</load_address>
         <run_address>0x9434</run_address>
         <size>0x120</size>
         <input_file_ref idref="fl-9"/>
      </object_component>
      <object_component id="oc-638">
         <name>.const:.string:_ctypes_</name>
         <load_address>0x9554</load_address>
         <run_address>0x9554</run_address>
         <size>0x101</size>
         <input_file_ref idref="fl-fa"/>
      </object_component>
      <object_component id="oc-1c9">
         <name>.const:g_sFontFixed6x8</name>
         <load_address>0x9658</load_address>
         <run_address>0x9658</run_address>
         <size>0xc8</size>
         <input_file_ref idref="fl-1e"/>
      </object_component>
      <object_component id="oc-314">
         <name>.const:_ctlRegs</name>
         <load_address>0x9720</load_address>
         <run_address>0x9720</run_address>
         <size>0x80</size>
         <input_file_ref idref="fl-21"/>
      </object_component>
      <object_component id="oc-2f8">
         <name>.const:GPIO_PORT_TO_BASE</name>
         <load_address>0x97a0</load_address>
         <run_address>0x97a0</run_address>
         <size>0x30</size>
         <input_file_ref idref="fl-24"/>
      </object_component>
      <object_component id="oc-1c6">
         <name>.const:g_sCrystalfontz128x128_funcs</name>
         <load_address>0x97d0</load_address>
         <run_address>0x97d0</run_address>
         <size>0x20</size>
         <input_file_ref idref="fl-14"/>
      </object_component>
      <object_component id="oc-4d1">
         <name>.const:$P$T0$1</name>
         <load_address>0x97f0</load_address>
         <run_address>0x97f0</run_address>
         <size>0x1c</size>
         <input_file_ref idref="fl-15"/>
      </object_component>
      <object_component id="oc-1d2">
         <name>.const:captureModeConfig</name>
         <load_address>0x980c</load_address>
         <run_address>0x980c</run_address>
         <size>0x18</size>
         <input_file_ref idref="fl-6"/>
      </object_component>
      <object_component id="oc-1cc">
         <name>.const:upConfig</name>
         <load_address>0x9824</load_address>
         <run_address>0x9824</run_address>
         <size>0x18</size>
         <input_file_ref idref="fl-6"/>
      </object_component>
      <object_component id="oc-1d5">
         <name>.const:continuousModeConfig</name>
         <load_address>0x983c</load_address>
         <run_address>0x983c</run_address>
         <size>0x10</size>
         <input_file_ref idref="fl-6"/>
      </object_component>
      <object_component id="oc-338">
         <name>.const:$P$T0$1</name>
         <load_address>0x984c</load_address>
         <run_address>0x984c</run_address>
         <size>0x8</size>
         <input_file_ref idref="fl-14"/>
      </object_component>
      <object_component id="oc-361">
         <name>.const:g_pulDisRegs</name>
         <load_address>0x9854</load_address>
         <run_address>0x9854</run_address>
         <size>0x8</size>
         <input_file_ref idref="fl-26"/>
      </object_component>
      <object_component id="oc-31b">
         <name>.const:g_pulEnRegs</name>
         <load_address>0x985c</load_address>
         <run_address>0x985c</run_address>
         <size>0x8</size>
         <input_file_ref idref="fl-26"/>
      </object_component>
      <object_component id="oc-b5">
         <name>.const</name>
         <load_address>0x9864</load_address>
         <run_address>0x9864</run_address>
         <size>0x8</size>
         <input_file_ref idref="fl-11"/>
      </object_component>
      <object_component id="oc-809">
         <name>.cinit..data.load</name>
         <load_address>0x9870</load_address>
         <run_address>0x9870</run_address>
         <size>0x8e</size>
      </object_component>
      <object_component id="oc-807">
         <name>__TI_handler_table</name>
         <load_address>0x9900</load_address>
         <run_address>0x9900</run_address>
         <size>0xc</size>
      </object_component>
      <object_component id="oc-80a">
         <name>.cinit..bss.load</name>
         <load_address>0x9910</load_address>
         <run_address>0x9910</run_address>
         <size>0x8</size>
      </object_component>
      <object_component id="oc-808">
         <name>__TI_cinit_table</name>
         <load_address>0x9918</load_address>
         <run_address>0x9918</run_address>
         <size>0x10</size>
      </object_component>
      <object_component id="oc-427">
         <name>.data</name>
         <load_address>0x2000cf30</load_address>
         <run_address>0x2000cf30</run_address>
         <size>0x4</size>
         <input_file_ref idref="fl-5"/>
      </object_component>
      <object_component id="oc-1cf">
         <name>.data:compareConfig_PWM</name>
         <load_address>0x2000ced0</load_address>
         <run_address>0x2000ced0</run_address>
         <size>0x10</size>
         <input_file_ref idref="fl-6"/>
      </object_component>
      <object_component id="oc-1eb">
         <name>.data</name>
         <load_address>0x2000ce9c</load_address>
         <run_address>0x2000ce9c</run_address>
         <size>0x1c</size>
         <input_file_ref idref="fl-6"/>
      </object_component>
      <object_component id="oc-c2">
         <name>.data</name>
         <load_address>0x2000cf38</load_address>
         <run_address>0x2000cf38</run_address>
         <size>0x4</size>
         <input_file_ref idref="fl-8"/>
      </object_component>
      <object_component id="oc-3c2">
         <name>.data:uart_config</name>
         <load_address>0x2000ce74</load_address>
         <run_address>0x2000ce74</run_address>
         <size>0x28</size>
         <input_file_ref idref="fl-9"/>
      </object_component>
      <object_component id="oc-1d8">
         <name>.data</name>
         <load_address>0x2000cf1c</load_address>
         <run_address>0x2000cf1c</run_address>
         <size>0x9</size>
         <input_file_ref idref="fl-a"/>
      </object_component>
      <object_component id="oc-b2">
         <name>.data</name>
         <load_address>0x2000ce40</load_address>
         <run_address>0x2000ce40</run_address>
         <size>0x34</size>
         <input_file_ref idref="fl-f"/>
      </object_component>
      <object_component id="oc-48b">
         <name>.data</name>
         <load_address>0x2000cf10</load_address>
         <run_address>0x2000cf10</run_address>
         <size>0xc</size>
         <input_file_ref idref="fl-10"/>
      </object_component>
      <object_component id="oc-bf">
         <name>.data</name>
         <load_address>0x2000ceb8</load_address>
         <run_address>0x2000ceb8</run_address>
         <size>0x18</size>
         <input_file_ref idref="fl-11"/>
      </object_component>
      <object_component id="oc-476">
         <name>.data</name>
         <load_address>0x2000cef0</load_address>
         <run_address>0x2000cef0</run_address>
         <size>0x10</size>
         <input_file_ref idref="fl-13"/>
      </object_component>
      <object_component id="oc-1c3">
         <name>.data:g_sCrystalfontz128x128</name>
         <load_address>0x2000cee0</load_address>
         <run_address>0x2000cee0</run_address>
         <size>0x10</size>
         <input_file_ref idref="fl-14"/>
      </object_component>
      <object_component id="oc-399">
         <name>.data:$O1$$</name>
         <load_address>0x2000cf28</load_address>
         <run_address>0x2000cf28</run_address>
         <size>0x8</size>
         <input_file_ref idref="fl-f7"/>
      </object_component>
      <object_component id="oc-1e8">
         <name>.data:_ftable</name>
         <load_address>0x2000cc88</load_address>
         <run_address>0x2000cc88</run_address>
         <size>0xf0</size>
         <input_file_ref idref="fl-fb"/>
      </object_component>
      <object_component id="oc-3d6">
         <name>.data</name>
         <load_address>0x2000cf00</load_address>
         <run_address>0x2000cf00</run_address>
         <size>0x10</size>
         <input_file_ref idref="fl-fb"/>
      </object_component>
      <object_component id="oc-73f">
         <name>.data:_device</name>
         <load_address>0x2000cd78</load_address>
         <run_address>0x2000cd78</run_address>
         <size>0x78</size>
         <input_file_ref idref="fl-101"/>
      </object_component>
      <object_component id="oc-6d0">
         <name>.data:_stream</name>
         <load_address>0x2000cdf0</load_address>
         <run_address>0x2000cdf0</run_address>
         <size>0x50</size>
         <input_file_ref idref="fl-101"/>
      </object_component>
      <object_component id="oc-69f">
         <name>.data</name>
         <load_address>0x2000cf34</load_address>
         <run_address>0x2000cf34</run_address>
         <size>0x4</size>
         <input_file_ref idref="fl-102"/>
      </object_component>
      <object_component id="oc-23d">
         <name>.bss:resultsBuffer</name>
         <uninitialized>true</uninitialized>
         <run_address>0x2000cc74</run_address>
         <size>0x4</size>
         <input_file_ref idref="fl-6"/>
      </object_component>
      <object_component id="oc-240">
         <name>.bss:print_buffer$1</name>
         <uninitialized>true</uninitialized>
         <run_address>0x2000c920</run_address>
         <size>0x100</size>
         <input_file_ref idref="fl-6"/>
      </object_component>
      <object_component id="oc-3c8">
         <name>.bss:print_buffer$1</name>
         <uninitialized>true</uninitialized>
         <run_address>0x2000ca20</run_address>
         <size>0x100</size>
         <input_file_ref idref="fl-9"/>
      </object_component>
      <object_component id="oc-2bd">
         <name>.bss:pxReadyTasksLists</name>
         <uninitialized>true</uninitialized>
         <run_address>0x2000cb20</run_address>
         <size>0x64</size>
         <input_file_ref idref="fl-f"/>
      </object_component>
      <object_component id="oc-2d2">
         <name>.bss:xDelayedTaskList1</name>
         <uninitialized>true</uninitialized>
         <run_address>0x2000cbe8</run_address>
         <size>0x14</size>
         <input_file_ref idref="fl-f"/>
      </object_component>
      <object_component id="oc-2d5">
         <name>.bss:xDelayedTaskList2</name>
         <uninitialized>true</uninitialized>
         <run_address>0x2000cbfc</run_address>
         <size>0x14</size>
         <input_file_ref idref="fl-f"/>
      </object_component>
      <object_component id="oc-2c3">
         <name>.bss</name>
         <uninitialized>true</uninitialized>
         <run_address>0x2000cc54</run_address>
         <size>0x8</size>
         <input_file_ref idref="fl-f"/>
      </object_component>
      <object_component id="oc-2cf">
         <name>.bss:xPendingReadyList</name>
         <uninitialized>true</uninitialized>
         <run_address>0x2000cc10</run_address>
         <size>0x14</size>
         <input_file_ref idref="fl-f"/>
      </object_component>
      <object_component id="oc-2c0">
         <name>.bss:xTasksWaitingTermination</name>
         <uninitialized>true</uninitialized>
         <run_address>0x2000cc38</run_address>
         <size>0x14</size>
         <input_file_ref idref="fl-f"/>
      </object_component>
      <object_component id="oc-2c6">
         <name>.bss:xSuspendedTaskList</name>
         <uninitialized>true</uninitialized>
         <run_address>0x2000cc24</run_address>
         <size>0x14</size>
         <input_file_ref idref="fl-f"/>
      </object_component>
      <object_component id="oc-491">
         <name>.bss:xActiveTimerList1</name>
         <uninitialized>true</uninitialized>
         <run_address>0x2000cbc0</run_address>
         <size>0x14</size>
         <input_file_ref idref="fl-10"/>
      </object_component>
      <object_component id="oc-494">
         <name>.bss:xActiveTimerList2</name>
         <uninitialized>true</uninitialized>
         <run_address>0x2000cbd4</run_address>
         <size>0x14</size>
         <input_file_ref idref="fl-10"/>
      </object_component>
      <object_component id="oc-48e">
         <name>.bss</name>
         <uninitialized>true</uninitialized>
         <run_address>0x2000cc5c</run_address>
         <size>0x8</size>
         <input_file_ref idref="fl-10"/>
      </object_component>
      <object_component id="oc-47c">
         <name>.bss:ucHeap</name>
         <uninitialized>true</uninitialized>
         <run_address>0x20000000</run_address>
         <size>0xc800</size>
         <input_file_ref idref="fl-13"/>
      </object_component>
      <object_component id="oc-479">
         <name>.bss:xStart</name>
         <uninitialized>true</uninitialized>
         <run_address>0x2000cc64</run_address>
         <size>0x8</size>
         <input_file_ref idref="fl-13"/>
      </object_component>
      <object_component id="oc-6c5">
         <name>.bss</name>
         <uninitialized>true</uninitialized>
         <run_address>0x2000cc4c</run_address>
         <size>0x8</size>
         <input_file_ref idref="fl-22"/>
      </object_component>
      <object_component id="oc-7be">
         <name>.bss:_CIOBUF_</name>
         <uninitialized>true</uninitialized>
         <run_address>0x2000c800</run_address>
         <size>0x120</size>
         <input_file_ref idref="fl-113"/>
      </object_component>
      <object_component id="oc-1ba">
         <name>.common:g_sContext</name>
         <uninitialized>true</uninitialized>
         <run_address>0x2000cba4</run_address>
         <size>0x1c</size>
      </object_component>
      <object_component id="oc-42a">
         <name>.common:end</name>
         <uninitialized>true</uninitialized>
         <run_address>0x2000cc86</run_address>
         <size>0x1</size>
      </object_component>
      <object_component id="oc-42b">
         <name>.common:start</name>
         <uninitialized>true</uninitialized>
         <run_address>0x2000cc87</run_address>
         <size>0x1</size>
      </object_component>
      <object_component id="oc-1e7">
         <name>.common:q1</name>
         <uninitialized>true</uninitialized>
         <run_address>0x2000cc78</run_address>
         <size>0x4</size>
      </object_component>
      <object_component id="oc-218">
         <name>.common:peoplePos</name>
         <uninitialized>true</uninitialized>
         <run_address>0x2000cb84</run_address>
         <size>0x20</size>
      </object_component>
      <object_component id="oc-337">
         <name>.common:Lcd_Orientation</name>
         <uninitialized>true</uninitialized>
         <run_address>0x2000cc84</run_address>
         <size>0x1</size>
      </object_component>
      <object_component id="oc-32f">
         <name>.common:Lcd_ScreenWidth</name>
         <uninitialized>true</uninitialized>
         <run_address>0x2000cc7e</run_address>
         <size>0x2</size>
      </object_component>
      <object_component id="oc-332">
         <name>.common:Lcd_ScreenHeigth</name>
         <uninitialized>true</uninitialized>
         <run_address>0x2000cc7c</run_address>
         <size>0x2</size>
      </object_component>
      <object_component id="oc-333">
         <name>.common:Lcd_PenSolid</name>
         <uninitialized>true</uninitialized>
         <run_address>0x2000cc85</run_address>
         <size>0x1</size>
      </object_component>
      <object_component id="oc-334">
         <name>.common:Lcd_FontSolid</name>
         <uninitialized>true</uninitialized>
         <run_address>0x2000cc83</run_address>
         <size>0x1</size>
      </object_component>
      <object_component id="oc-335">
         <name>.common:Lcd_FlagRead</name>
         <uninitialized>true</uninitialized>
         <run_address>0x2000cc82</run_address>
         <size>0x1</size>
      </object_component>
      <object_component id="oc-336">
         <name>.common:Lcd_TouchTrim</name>
         <uninitialized>true</uninitialized>
         <run_address>0x2000cc80</run_address>
         <size>0x2</size>
      </object_component>
      <object_component id="oc-7a8">
         <name>.common:parmbuf</name>
         <uninitialized>true</uninitialized>
         <run_address>0x2000cc6c</run_address>
         <size>0x8</size>
      </object_component>
      <object_component id="oc-24">
         <name>.stack</name>
         <uninitialized>true</uninitialized>
         <run_address>0x2000fc00</run_address>
         <size>0x4</size>
[...]
         <object_component_ref idref="oc-212"/>
      </symbol>
      <symbol id="sm-d0b">
         <name>Timer_A_stopTimer</name>
         <value>0x900d</value>
         <object_component_ref idref="oc-148"/>
      </symbol>
      <symbol id="sm-d0c">
         <name>Timer_A_configureUpMode</name>
         <value>0x7f89</value>
         <object_component_ref idref="oc-154"/>
      </symbol>
      <symbol id="sm-d0d">
         <name>Timer_A_configureContinuousMode</name>
         <value>0x8ad5</value>
         <object_component_ref idref="oc-172"/>
      </symbol>
      <symbol id="sm-d45">
         <name>UART_enableModule</name>
         <value>0x8fb9</value>
         <object_component_ref idref="oc-3b6"/>
      </symbol>
      <symbol id="sm-d46">
         <name>UART_transmitData</name>
         <value>0x8b09</value>
         <object_component_ref idref="oc-3bc"/>
      </symbol>
      <symbol id="sm-d47">
         <name>UART_initModule</name>
         <value>0x69ed</value>
         <object_component_ref idref="oc-3b0"/>
      </symbol>
      <symbol id="sm-d53">
         <name>WDT_A_holdTimer</name>
         <value>0x8e35</value>
         <object_component_ref idref="oc-178"/>
      </symbol>
      <symbol id="sm-d65">
         <name>CPU_cpsie</name>
         <value>0x9101</value>
         <object_component_ref idref="oc-31f"/>
      </symbol>
      <symbol id="sm-d66">
         <name>CPU_cpsid</name>
         <value>0x90f5</value>
         <object_component_ref idref="oc-375"/>
      </symbol>
      <symbol id="sm-d92">
         <name>printf</name>
         <value>0x8059</value>
         <object_component_ref idref="oc-1a8"/>
      </symbol>
      <symbol id="sm-efc">
         <name>__TI_printfi</name>
         <value>0x2761</value>
         <object_component_ref idref="oc-393"/>
      </symbol>
      <symbol id="sm-f1e">
         <name>sprintf</name>
         <value>0x8899</value>
         <object_component_ref idref="oc-22b"/>
      </symbol>
      <symbol id="sm-f48">
         <name>vsnprintf</name>
         <value>0x88d9</value>
         <object_component_ref idref="oc-237"/>
      </symbol>
      <symbol id="sm-f69">
         <name>__TI_doflush</name>
         <value>0x859b</value>
         <object_component_ref idref="oc-3d0"/>
      </symbol>
      <symbol id="sm-f6a">
         <name>fflush</name>
         <value>0x7ce9</value>
         <object_component_ref idref="oc-1b4"/>
      </symbol>
      <symbol id="sm-f81">
         <name>__aeabi_dsub</name>
         <value>0x5e41</value>
         <object_component_ref idref="oc-663"/>
      </symbol>
      <symbol id="sm-f82">
         <name>__aeabi_dadd</name>
         <value>0x5e4b</value>
         <object_component_ref idref="oc-663"/>
      </symbol>
      <symbol id="sm-fa4">
         <name>__aeabi_cdcmpeq</name>
         <value>0x79e5</value>
         <object_component_ref idref="oc-541"/>
      </symbol>
      <symbol id="sm-fa5">
         <name>__aeabi_cdcmple</name>
         <value>0x79e5</value>
         <object_component_ref idref="oc-541"/>
      </symbol>
      <symbol id="sm-fa6">
         <name>__aeabi_cdrcmple</name>
         <value>0x7a6b</value>
         <object_component_ref idref="oc-64e"/>
      </symbol>
      <symbol id="sm-fba">
         <name>__aeabi_ddiv</name>
         <value>0x6535</value>
         <object_component_ref idref="oc-649"/>
      </symbol>
      <symbol id="sm-fc5">
         <name>__aeabi_dmul</name>
         <value>0x6e25</value>
         <object_component_ref idref="oc-644"/>
      </symbol>
      <symbol id="sm-fcf">
         <name>__aeabi_d2iz</name>
         <value>0x86c5</value>
         <object_component_ref idref="oc-653"/>
      </symbol>
      <symbol id="sm-fd9">
         <name>__aeabi_i2d</name>
         <value>0x8c65</value>
         <object_component_ref idref="oc-65e"/>
      </symbol>
      <symbol id="sm-ff4">
         <name>memcpy</name>
         <value>0x770f</value>
         <object_component_ref idref="oc-32"/>
      </symbol>
      <symbol id="sm-ff5">
         <name>__aeabi_memcpy</name>
         <value>0x770f</value>
         <object_component_ref idref="oc-32"/>
      </symbol>
      <symbol id="sm-ff6">
         <name>__aeabi_memcpy8</name>
         <value>0x770f</value>
         <object_component_ref idref="oc-32"/>
      </symbol>
      <symbol id="sm-ff7">
         <name>__aeabi_memcpy4</name>
         <value>0x770f</value>
         <object_component_ref idref="oc-32"/>
      </symbol>
      <symbol id="sm-1006">
         <name>__aeabi_memset</name>
         <value>0x7d67</value>
         <object_component_ref idref="oc-93"/>
      </symbol>
      <symbol id="sm-1007">
         <name>memset</name>
         <value>0x7d6d</value>
         <object_component_ref idref="oc-93"/>
      </symbol>
      <symbol id="sm-1008">
         <name>__aeabi_memset8</name>
         <value>0x7d67</value>
         <object_component_ref idref="oc-93"/>
      </symbol>
      <symbol id="sm-1009">
         <name>__aeabi_memset4</name>
         <value>0x7d67</value>
         <object_component_ref idref="oc-93"/>
      </symbol>
      <symbol id="sm-100a">
         <name>__aeabi_memclr8</name>
         <value>0x7d65</value>
         <object_component_ref idref="oc-93"/>
      </symbol>
      <symbol id="sm-100b">
         <name>__aeabi_memclr4</name>
         <value>0x7d65</value>
         <object_component_ref idref="oc-93"/>
      </symbol>
      <symbol id="sm-100c">
         <name>__aeabi_memclr</name>
         <value>0x7d65</value>
         <object_component_ref idref="oc-93"/>
      </symbol>
      <symbol id="sm-1019">
         <name>__aeabi_uldivmod</name>
         <value>0x77ab</value>
         <object_component_ref idref="oc-63d"/>
      </symbol>
      <symbol id="sm-1030">
         <name>__TI_zero_init</name>
         <value>0x910d</value>
         <object_component_ref idref="oc-44"/>
      </symbol>
      <symbol id="sm-1047">
         <name>__TI_decompress_none</name>
         <value>0x90cb</value>
         <object_component_ref idref="oc-18"/>
      </symbol>
      <symbol id="sm-106a">
         <name>__TI_decompress_lzss</name>
         <value>0x7ff1</value>
         <object_component_ref idref="oc-12"/>
      </symbol>
      <symbol id="sm-107f">
         <name>_nop</name>
         <value>0x275f</value>
         <object_component_ref idref="oc-57c"/>
      </symbol>
      <symbol id="sm-1080">
         <name>_lock</name>
         <value>0x2000cf28</value>
         <object_component_ref idref="oc-399"/>
      </symbol>
      <symbol id="sm-1081">
         <name>_unlock</name>
         <value>0x2000cf2c</value>
         <object_component_ref idref="oc-399"/>
      </symbol>
      <symbol id="sm-1090">
         <name>__TI_ltoa</name>
         <value>0x8455</value>
         <object_component_ref idref="oc-658"/>
      </symbol>
      <symbol id="sm-10a6">
         <name>atoi</name>
         <value>0x85e9</value>
         <object_component_ref idref="oc-535"/>
      </symbol>
      <symbol id="sm-10b1">
         <name>_ctypes_</name>
         <value>0x9554</value>
         <object_component_ref idref="oc-638"/>
      </symbol>
      <symbol id="sm-10c6">
         <name>__aeabi_stdout</name>
         <value>0x2000cf08</value>
         <object_component_ref idref="oc-3d6"/>
      </symbol>
      <symbol id="sm-10c7">
         <name>__aeabi_stderr</name>
         <value>0x2000cf0c</value>
         <object_component_ref idref="oc-3d6"/>
      </symbol>
      <symbol id="sm-10c8">
         <name>__aeabi_stdin</name>
         <value>0x2000cf04</value>
         <object_component_ref idref="oc-3d6"/>
      </symbol>
      <symbol id="sm-10c9">
         <name>_ftable</name>
         <value>0x2000cc88</value>
         <object_component_ref idref="oc-1e8"/>
      </symbol>
      <symbol id="sm-10ca">
         <name>__TI_ft_end</name>
         <value>0x2000cf00</value>
         <object_component_ref idref="oc-3d6"/>
      </symbol>
      <symbol id="sm-10da">
         <name>memccpy</name>
         <value>0x8e97</value>
         <object_component_ref idref="oc-55e"/>
      </symbol>
      <symbol id="sm-10ea">
         <name>strchr</name>
         <value>0x8fcf</value>
         <object_component_ref idref="oc-68f"/>
      </symbol>
      <symbol id="sm-10f8">
         <name>strlen</name>
         <value>0x9035</value>
         <object_component_ref idref="oc-52f"/>
      </symbol>
      <symbol id="sm-110b">
         <name>__stack</name>
         <value>0x2000fc00</value>
         <object_component_ref idref="oc-24"/>
      </symbol>
      <symbol id="sm-110c">
         <name>_c_int00_noargs</name>
         <value>0x8b71</value>
         <object_component_ref idref="oc-50"/>
      </symbol>
      <symbol id="sm-1126">
         <name>write</name>
         <value>0x8e0d</value>
         <object_component_ref idref="oc-5a5"/>
      </symbol>
      <symbol id="sm-1137">
         <name>_stream</name>
         <value>0x2000cdf0</value>
         <object_component_ref idref="oc-6d0"/>
      </symbol>
      <symbol id="sm-1138">
         <name>_device</name>
         <value>0x2000cd78</value>
         <object_component_ref idref="oc-73f"/>
      </symbol>
      <symbol id="sm-114e">
         <name>__aeabi_errno_addr</name>
         <value>0x9125</value>
         <object_component_ref idref="oc-56a"/>
      </symbol>
      <symbol id="sm-114f">
         <name>errno</name>
         <value>0x2000cf34</value>
         <object_component_ref idref="oc-69f"/>
      </symbol>
      <symbol id="sm-1168">
         <name>wcslen</name>
         <value>0x905b</value>
         <object_component_ref idref="oc-564"/>
      </symbol>
      <symbol id="sm-1188">
         <name>frexpl</name>
         <value>0x80c1</value>
         <object_component_ref idref="oc-683"/>
      </symbol>
      <symbol id="sm-1189">
         <name>frexp</name>
         <value>0x80c1</value>
         <object_component_ref idref="oc-683"/>
      </symbol>
      <symbol id="sm-11a6">
         <name>scalbn</name>
         <value>0x6b09</value>
         <object_component_ref idref="oc-689"/>
      </symbol>
      <symbol id="sm-11a7">
         <name>scalbnl</name>
         <value>0x6b09</value>
         <object_component_ref idref="oc-689"/>
      </symbol>
      <symbol id="sm-11a8">
         <name>ldexpl</name>
         <value>0x6b09</value>
         <object_component_ref idref="oc-689"/>
      </symbol>
      <symbol id="sm-11a9">
         <name>ldexp</name>
         <value>0x6b09</value>
         <object_component_ref idref="oc-689"/>
      </symbol>
      <symbol id="sm-11b3">
         <name>__aeabi_idiv0</name>
         <value>0x31af</value>
         <object_component_ref idref="oc-6f8"/>
      </symbol>
      <symbol id="sm-11b4">
         <name>__aeabi_ldiv0</name>
         <value>0x31af</value>
         <object_component_ref idref="oc-6f8"/>
      </symbol>
      <symbol id="sm-11dc">
         <name>__TI_auto_init_nobinit_nopinit</name>
         <value>0x8795</value>
         <object_component_ref idref="oc-279"/>
      </symbol>
      <symbol id="sm-11e6">
         <name>_system_pre_init</name>
         <value>0x9135</value>
         <object_component_ref idref="oc-99"/>
      </symbol>
      <symbol id="sm-11f2">
         <name>C$$EXIT</name>
         <value>0x9139</value>
         <object_component_ref idref="oc-26d"/>
      </symbol>
      <symbol id="sm-11f3">
         <name>abort</name>
         <value>0x9139</value>
         <object_component_ref idref="oc-26d"/>
      </symbol>
      <symbol id="sm-1205">
         <name>HOSTclose</name>
         <value>0x870d</value>
         <object_component_ref idref="oc-772"/>
      </symbol>
      <symbol id="sm-1216">
         <name>HOSTlseek</name>
         <value>0x7eb9</value>
         <object_component_ref idref="oc-784"/>
      </symbol>
      <symbol id="sm-1228">
         <name>parmbuf</name>
         <value>0x2000cc6c</value>
      </symbol>
      <symbol id="sm-1229">
         <name>HOSTopen</name>
         <value>0x8189</value>
         <object_component_ref idref="oc-76c"/>
      </symbol>
      <symbol id="sm-123a">
         <name>HOSTread</name>
         <value>0x82a1</value>
         <object_component_ref idref="oc-778"/>
      </symbol>
      <symbol id="sm-124b">
         <name>HOSTrename</name>
         <value>0x7e4d</value>
         <object_component_ref idref="oc-790"/>
      </symbol>
      <symbol id="sm-125c">
         <name>HOSTunlink</name>
         <value>0x8751</value>
         <object_component_ref idref="oc-78a"/>
      </symbol>
      <symbol id="sm-126d">
         <name>HOSTwrite</name>
         <value>0x82f9</value>
         <object_component_ref idref="oc-77e"/>
      </symbol>
      <symbol id="sm-1291">
         <name>__TI_readmsg</name>
         <value>0x8b3d</value>
         <object_component_ref idref="oc-7a2"/>
      </symbol>
      <symbol id="sm-1292">
         <name>C$$IO$$</name>
         <value>0x89f7</value>
         <object_component_ref idref="oc-79c"/>
      </symbol>
      <symbol id="sm-1293">
         <name>__CIOBUF_</name>
         <value>0x2000c800</value>
         <object_component_ref idref="oc-7be"/>
      </symbol>
      <symbol id="sm-1294">
         <name>__TI_writemsg</name>
         <value>0x89c9</value>
         <object_component_ref idref="oc-79c"/>
      </symbol>
      <symbol id="sm-129e">
         <name>copysign</name>
         <value>0x8f01</value>
         <object_component_ref idref="oc-711"/>
      </symbol>
      <symbol id="sm-129f">
         <name>copysignl</name>
         <value>0x8f01</value>
         <object_component_ref idref="oc-711"/>
      </symbol>
      <symbol id="sm-12ad">
         <name>strcpy</name>
         <value>0x9021</value>
         <object_component_ref idref="oc-7b6"/>
      </symbol>
      <symbol id="sm-12ae">
         <name>__TI_static_base__</name>
         <value>0x9870</value>
      </symbol>
      <symbol id="sm-12b1">
         <name>__mpu_init</name>
         <value>0x0</value>
      </symbol>
      <symbol id="sm-12b2">
         <name>_system_post_cinit</name>
         <value>0x0</value>
      </symbol>
      <symbol id="sm-12b3">
         <name>NMI_Handler</name>
         <value>0x90e5</value>
      </symbol>
      <symbol id="sm-12b4">
         <name>HardFault_Handler</name>
         <value>0x90e5</value>
      </symbol>
      <symbol id="sm-12b5">
         <name>MemManage_Handler</name>
         <value>0x90e5</value>
      </symbol>
      <symbol id="sm-12b6">
         <name>BusFault_Handler</name>
         <value>0x90e5</value>
      </symbol>
      <symbol id="sm-12b7">
         <name>UsageFault_Handler</name>
         <value>0x90e5</value>
      </symbol>
      <symbol id="sm-12b8">
         <name>vPortSVCHandler</name>
         <value>0x7291</value>
      </symbol>
      <symbol id="sm-12b9">
         <name>DebugMon_Handler</name>
         <value>0x90e5</value>
      </symbol>
      <symbol id="sm-12ba">
         <name>xPortPendSVHandler</name>
         <value>0x7231</value>
      </symbol>
      <symbol id="sm-12bb">
         <name>xPortSysTickHandler</name>
         <value>0x4eff</value>
      </symbol>
      <symbol id="sm-12bc">
         <name>PSS_IRQHandler</name>
         <value>0x90e5</value>
      </symbol>
      <symbol id="sm-12bd">
         <name>CS_IRQHandler</name>
         <value>0x90e5</value>
      </symbol>
      <symbol id="sm-12be">
         <name>PCM_IRQHandler</name>
         <value>0x90e5</value>
      </symbol>
      <symbol id="sm-12bf">
         <name>WDT_A_IRQHandler</name>
         <value>0x90e5</value>
      </symbol>
      <symbol id="sm-12c0">
         <name>FPU_IRQHandler</name>
         <value>0x90e5</value>
      </symbol>
      <symbol id="sm-12c1">
         <name>FLCTL_IRQHandler</name>
         <value>0x90e5</value>
      </symbol>
      <symbol id="sm-12c2">
         <name>COMP_E0_IRQHandler</name>
         <value>0x90e5</value>
      </symbol>
      <symbol id="sm-12c3">
         <name>COMP_E1_IRQHandler</name>
         <value>0x90e5</value>
      </symbol>
      <symbol id="sm-12c4">
         <name>TA0_0_IRQHandler</name>
         <value>0x90e5</value>
      </symbol>
      <symbol id="sm-12c5">
         <name>TA0_N_IRQHandler</name>
         <value>0x3869</value>
      </symbol>
      <symbol id="sm-12c6">
         <name>TA1_0_IRQHandler</name>
         <value>0x90e5</value>
      </symbol>
      <symbol id="sm-12c7">
         <name>TA1_N_IRQHandler</name>
         <value>0x90e5</value>
      </symbol>
      <symbol id="sm-12c8">
         <name>TA2_0_IRQHandler</name>
         <value>0x90e5</value>
      </symbol>
      <symbol id="sm-12c9">
         <name>TA2_N_IRQHandler</name>
         <value>0x90e5</value>
      </symbol>
      <symbol id="sm-12ca">
         <name>TA3_0_IRQHandler</name>
         <value>0x90e5</value>
      </symbol>
      <symbol id="sm-12cb">
         <name>TA3_N_IRQHandler</name>
         <value>0x90e5</value>
      </symbol>
      <symbol id="sm-12cc">
         <name>EUSCIA0_IRQHandler</name>
         <value>0x90e5</value>
      </symbol>
      <symbol id="sm-12cd">
         <name>EUSCIA1_IRQHandler</name>
         <value>0x90e5</value>
      </symbol>
      <symbol id="sm-12ce">
         <name>EUSCIA2_IRQHandler</name>
         <value>0x90e5</value>
      </symbol>
      <symbol id="sm-12cf">
         <name>EUSCIA3_IRQHandler</name>
         <value>0x90e5</value>
      </symbol>
      <symbol id="sm-12d0">
         <name>EUSCIB0_IRQHandler</name>
         <value>0x90e5</value>
      </symbol>
      <symbol id="sm-12d1">
         <name>EUSCIB1_IRQHandler</name>
         <value>0x90e5</value>
      </symbol>
      <symbol id="sm-12d2">
         <name>EUSCIB2_IRQHandler</name>
         <value>0x90e5</value>
      </symbol>
      <symbol id="sm-12d3">
         <name>EUSCIB3_IRQHandler</name>
         <value>0x90e5</value>
      </symbol>
      <symbol id="sm-12d4">
         <name>ADC14_IRQHandler</name>
         <value>0x38e9</value>
      </symbol>
      <symbol id="sm-12d5">
         <name>T32_INT1_IRQHandler</name>
         <value>0x90e5</value>
      </symbol>
      <symbol id="sm-12d6">
         <name>T32_INT2_IRQHandler</name>
         <value>0x90e5</value>
      </symbol>
      <symbol id="sm-12d7">
         <name>T32_INTC_IRQHandler</name>
         <value>0x90e5</value>
      </symbol>
      <symbol id="sm-12d8">
         <name>AES256_IRQHandler</name>
         <value>0x90e5</value>
      </symbol>
      <symbol id="sm-12d9">
         <name>RTC_C_IRQHandler</name>
         <value>0x90e5</value>
      </symbol>
      <symbol id="sm-12da">
         <name>DMA_ERR_IRQHandler</name>
         <value>0x90e5</value>
      </symbol>
      <symbol id="sm-12db">
         <name>DMA_INT3_IRQHandler</name>
         <value>0x90e5</value>
      </symbol>
      <symbol id="sm-12dc">
         <name>DMA_INT2_IRQHandler</name>
         <value>0x90e5</value>
      </symbol>
      <symbol id="sm-12dd">
         <name>DMA_INT1_IRQHandler</name>
         <value>0x90e5</value>
      </symbol>
      <symbol id="sm-12de">
         <name>DMA_INT0_IRQHandler</name>
         <value>0x90e5</value>
      </symbol>
      <symbol id="sm-12df">
         <name>PORT1_IRQHandler</name>
         <value>0x90e5</value>
      </symbol>
      <symbol id="sm-12e0">
         <name>PORT2_IRQHandler</name>
         <value>0x90e5</value>
      </symbol>
      <symbol id="sm-12e1">
         <name>PORT3_IRQHandler</name>
         <value>0x90e5</value>
      </symbol>
      <symbol id="sm-12e2">
         <name>PORT4_IRQHandler</name>
         <value>0x90e5</value>
      </symbol>
      <symbol id="sm-12e3">
         <name>PORT5_IRQHandler</name>
         <value>0x90e5</value>
      </symbol>
      <symbol id="sm-12e4">
         <name>PORT6_IRQHandler</name>
         <value>0x90e5</value>
      </symbol>
   </symbol_table>
   <title>Link successful</title>
</link_info>
