******************************************************************************
                  TI ARM Linker PC v20.2.7                     
******************************************************************************
>> Linked Sat Dec 31 16:03:13 2022

OUTPUT FILE NAME:   <CardDealer.out>
ENTRY POINT SYMBOL: "_c_int00_noargs"  address: 0000793d


MEMORY CONFIGURATION

         name            origin    length      used     unused   attr    fill
----------------------  --------  ---------  --------  --------  ----  --------
  MAIN                  00000000   00040000  00008478  00037b88  R  X
  INFO                  00200000   00004000  00000000  00004000  R  X
  SRAM_CODE             01000000   00010000  0000d12a  00002ed6  RW X
  SRAM_DATA             20000000   00010000  0000d12a  00002ed6  RW  


SEGMENT ALLOCATION MAP

run origin  load origin   length   init length attrs members
----------  ----------- ---------- ----------- ----- -------
00000000    00000000    00008478   00008478    r-x
  00000000    00000000    000000e4   000000e4    r-- .intvecs
  000000e4    000000e4    00007c74   00007c74    r-x .text
  00007d58    00007d58    000006b0   000006b0    r-- .const
  00008408    00008408    00000070   00000070    r-- .cinit
20000000    20000000    0000cd2c   00000000    rw-
  20000000    20000000    0000cb5a   00000000    rw- .bss
  2000cb5c    2000cb5c    000001d0   00000000    rw- .data
2000fc00    2000fc00    00000400   00000000    rw-
  2000fc00    2000fc00    00000400   00000000    rw- .stack


SECTION ALLOCATION MAP

 output                                  attributes/
section   page    origin      length       input sections
--------  ----  ----------  ----------   ----------------
.text      0    000000e4    00007c74     
                  000000e4    00001970     tasks.obj (.text)
                  00001a54    00000d0a     queue.obj (.text)
                  0000275e    00000002     rtsv7M4_T_le_v4SPD16_eabi.lib : _lock.c.obj (.text:_nop)
                  00002760    00000a4e                                   : _printfi.c.obj (.text:__TI_printfi)
                  000031ae    00000002                                   : div0.asm.obj (.text)
                  000031b0    0000073c     timers.obj (.text)
                  000038ec    000006e0     main_freertos.obj (.text)
                  00003fcc    00000680     Crystalfontz128x128_ST7735.obj (.text)
                  0000464c    0000042c     port.obj (.text)
                  00004a78    00000368     heap_4.obj (.text)
                  00004de0    00000334     system_msp432p401r.obj (.text)
                  00005114    00000270     rtsv7M4_T_le_v4SPD16_eabi.lib : _printfi.c.obj (.text:_pconv_a)
                  00005384    000001ec     uart.obj (.text)
                  00005570    000001d0     rtsv7M4_T_le_v4SPD16_eabi.lib : _printfi.c.obj (.text:_pconv_g)
                  00005740    000001b6                                   : fd_add_t2.asm.obj (.text)
                  000058f6    00000002     --HOLE-- [fill = 0]
                  000058f8    0000015c     msp432p4xx_driverlib.lib : pcm.o (.text:__PCM_setPowerModeAdvanced)
                  00005a54    00000144                              : timer_a.o (.text:privateTimer_AProcessClockSourceDivider)
                  00005b98    0000013c     rtsv7M4_T_le_v4SPD16_eabi.lib : _printfi.c.obj (.text:_pconv_e)
                  00005cd4    00000136                                   : fd_div_t2.asm.obj (.text)
                  00005e0a    00000002     --HOLE-- [fill = 0]
                  00005e0c    00000130     msp432p4xx_driverlib.lib : cs.o (.text:CS_initClockSignal)
                  00005f3c    0000012a     list.obj (.text)
                  00006066    00000002     --HOLE-- [fill = 0]
                  00006068    00000124     rtsv7M4_T_le_v4SPD16_eabi.lib : _printfi.c.obj (.text:fcvt)
                  0000618c    0000011c     msp432p4xx_driverlib.lib : uart.o (.text:UART_initModule)
                  000062a8    00000110     rtsv7M4_T_le_v4SPD16_eabi.lib : s_scalbn.c.obj (.text:scalbn)
                  000063b8    00000108     msp432p4xx_driverlib.lib : pcm.o (.text:__PCM_setCoreVoltageLevelAdvanced)
                  000064c0    00000104                              : cs.o (.text:_CSComputeCLKFrequency)
                  000065c4    000000fc     rtsv7M4_T_le_v4SPD16_eabi.lib : fd_mul_t2.asm.obj (.text)
                  000066c0    000000f8     msp432p4xx_driverlib.lib : cs.o (.text:CS_getDCOFrequency)
                  000067b8    000000d2     portasm.obj (.text)
                  0000688a    00000002     --HOLE-- [fill = 0]
                  0000688c    000000cc     HAL_MSP_EXP432P401R_Crystalfontz128x128_ST7735.obj (.text)
                  00006958    000000b1     rtsv7M4_T_le_v4SPD16_eabi.lib : _printfi.c.obj (.text:_ltostr)
                  00006a09    00000001     --HOLE-- [fill = 0]
                  00006a0a    000000b0     msp432p4xx_driverlib.lib : spi.o (.text:SPI_initMaster)
                  00006aba    0000009c     rtsv7M4_T_le_v4SPD16_eabi.lib : memcpy_t2.asm.obj (.text)
                  00006b56    00000096                                   : ull_div_t2.asm.obj (.text)
                  00006bec    00000094     msp432p4xx_driverlib.lib : sysctl_a.o (.text:SysCtl_A_getTLVInfo)
                  00006c80    00000088                              : gpio.o (.text:GPIO_setAsPeripheralModuleFunctionInputPin)
                  00006d08    00000088                              : gpio.o (.text:GPIO_setAsPeripheralModuleFunctionOutputPin)
                  00006d90    00000086     rtsv7M4_T_le_v4SPD16_eabi.lib : fd_cmp_t2.asm.obj (.text:__aeabi_cdcmple)
                  00006e16    00000086                                   : fd_cmp_t2.asm.obj (.text:__aeabi_cdrcmple)
                  00006e9c    00000080     msp432p4xx_driverlib.lib : interrupt.o (.text:Interrupt_disableInterrupt)
                  00006f1c    00000080                              : interrupt.o (.text:Interrupt_enableInterrupt)
                  00006f9c    0000007c                              : cs.o (.text:_CSGetDOCFrequency)
                  00007018    0000007a     rtsv7M4_T_le_v4SPD16_eabi.lib : memset_t2.asm.obj (.text)
                  00007092    0000006e                                   : _printfi.c.obj (.text:_mcpy)
                  00007100    00000068     msp432p4xx_driverlib.lib : timer32.o (.text:Timer32_initModule)
                  00007168    00000068                              : timer_a.o (.text:Timer_A_configureUpMode)
                  000071d0    00000068     rtsv7M4_T_le_v4SPD16_eabi.lib : copy_decompress_lzss.c.obj (.text:decompress:lzss:__TI_decompress_lzss)
                  00007238    00000068                                   : printf.c.obj (.text:printf)
                  000072a0    00000064                                   : s_frexp.c.obj (.text:frexp)
                  00007304    00000062     msp432p4xx_driverlib.lib : cs.o (.text:_CSGetDividerValue)
                  00007366    0000005e                              : pcm.o (.text:PCM_getCoreVoltageLevel)
                  000073c4    0000005a                              : pcm.o (.text:PCM_getPowerMode)
                  0000741e    00000002     --HOLE-- [fill = 0]
                  00007420    00000058                              : timer_a.o (.text:Timer_A_initCapture)
                  00007478    00000056     rtsv7M4_T_le_v4SPD16_eabi.lib : _printfi.c.obj (.text:_pconv_f)
                  000074ce    00000054                                   : _ltoa.c.obj (.text:__TI_ltoa)
                  00007522    00000052     grlib.a : context.obj (.text:Graphics_initContext)
                  00007574    00000052     rtsv7M4_T_le_v4SPD16_eabi.lib : _printfi.c.obj (.text:_ecpy)
                  000075c6    0000004e     msp432p4xx_driverlib.lib : timer_a.o (.text:Timer_A_initCompare)
                  00007614    0000004c     rtsv7M4_T_le_v4SPD16_eabi.lib : atoi.c.obj (.text:atoi)
                  00007660    00000048     msp432p4xx_driverlib.lib : flash.o (.text:FlashCtl_setWaitState)
                  000076a8    00000048     rtsv7M4_T_le_v4SPD16_eabi.lib : fd_toi_t2.asm.obj (.text)
                  000076f0    00000044                                   : autoinit.c.obj (.text:__TI_auto_init_nobinit_nopinit:__TI_auto_init_nobinit_nopinit)
                  00007734    00000040     msp432p4xx_driverlib.lib : gpio.o (.text:GPIO_setAsOutputPin)
                  00007774    00000040                              : spi.o (.text:is_A_Module)
                  000077b4    00000040     rtsv7M4_T_le_v4SPD16_eabi.lib : vsnprintf.c.obj (.text:vsnprintf)
                  000077f4    0000003e                                   : _printfi.c.obj (.text:_fcpy)
                  00007832    00000002     --HOLE-- [fill = 0]
                  00007834    00000038     msp432p4xx_driverlib.lib : timer32.o (.text:Timer32_startTimer)
                  0000786c    00000034                              : cs.o (.text:CS_setDCOCenteredFrequency)
                  000078a0    00000034                              : timer32.o (.text:Timer32_setCount)
                  000078d4    00000034                              : timer_a.o (.text:Timer_A_configureContinuousMode)
                  00007908    00000034                              : uart.o (.text:UART_transmitData)
                  0000793c    00000034     rtsv7M4_T_le_v4SPD16_eabi.lib : boot_cortex_m.c.obj (.text:_c_int00_noargs:_c_int00_noargs)
                  00007970    00000030     msp432p4xx_driverlib.lib : cs.o (.text:CS_clearInterruptFlag)
                  000079a0    00000030     rtsv7M4_T_le_v4SPD16_eabi.lib : vsnprintf.c.obj (.text:_outs)
                  000079d0    0000002e                                   : i_tofd_t2.asm.obj (.text)
                  000079fe    00000002     --HOLE-- [fill = 0]
                  00007a00    0000002c     msp432p4xx_driverlib.lib : timer_a.o (.text:Timer_A_clearCaptureCompareInterrupt)
                  00007a2c    00000028                              : cs.o (.text:CS_getSMCLK)
                  00007a54    00000028                              : gpio.o (.text:GPIO_setOutputHighOnPin)
                  00007a7c    00000028                              : gpio.o (.text:GPIO_setOutputLowOnPin)
                  00007aa4    00000024                              : wdt_a.o (.text:WDT_A_holdTimer)
                  00007ac8    00000022                              : timer_a.o (.text:Timer_A_getCaptureCompareCount)
                  00007aea    0000001c                              : spi.o (.text:SPI_enableModule)
                  00007b06    0000001c     rtsv7M4_T_le_v4SPD16_eabi.lib : memccpy.c.obj (.text:memccpy)
                  00007b22    0000001a     grlib.a : display.obj (.text:Graphics_clearDisplayOnDisplay)
                  00007b3c    0000001a             : context.obj (.text:Graphics_setBackgroundColor)
                  00007b56    0000001a             : context.obj (.text:Graphics_setFont)
                  00007b70    0000001a     rtsv7M4_T_le_v4SPD16_eabi.lib : s_copysign.c.obj (.text:copysign)
                  00007b8a    00000018                                   : vsnprintf.c.obj (.text:_outc)
                  00007ba2    00000016     msp432p4xx_driverlib.lib : spi.o (.text:EUSCI_A_SPI_enable)
                  00007bb8    00000016                              : spi.o (.text:EUSCI_B_SPI_enable)
                  00007bce    00000016     grlib.a : context.obj (.text:Graphics_setForegroundColor)
                  00007be4    00000016             : display.obj (.text:Graphics_translateColorOnDisplay)
                  00007bfa    00000016     msp432p4xx_driverlib.lib : timer_a.o (.text:Timer_A_startCounter)
                  00007c10    00000016                              : uart.o (.text:UART_enableModule)
                  00007c26    00000016     rtsv7M4_T_le_v4SPD16_eabi.lib : strchr.c.obj (.text:strchr)
                  00007c3c    00000014     msp432p4xx_driverlib.lib : pcm.o (.text:PCM_getPowerState)
                  00007c50    00000014                              : timer32.o (.text:Timer32_disableInterrupt)
                  00007c64    00000014                              : timer_a.o (.text:Timer_A_stopTimer)
                  00007c78    00000014     rtsv7M4_T_le_v4SPD16_eabi.lib : strlen.c.obj (.text:strlen)
                  00007c8c    00000012     grlib.a : context.obj (.text:Graphics_clearDisplay)
                  00007c9e    00000012     rtsv7M4_T_le_v4SPD16_eabi.lib : wcslen.c.obj (.text:wcslen)
                  00007cb0    00000010     msp432p4xx_driverlib.lib : interrupt.o (.text:Interrupt_disableMaster)
                  00007cc0    00000010                              : interrupt.o (.text:Interrupt_enableMaster)
                  00007cd0    00000010                              : pcm.o (.text:PCM_setCoreVoltageLevel)
                  00007ce0    00000010                              : pcm.o (.text:PCM_setPowerMode)
                  00007cf0    0000000e                              : timer32.o (.text:Timer32_getValue)
                  00007cfe    0000000e     rtsv7M4_T_le_v4SPD16_eabi.lib : copy_decompress_none.c.obj (.text:decompress:none:__TI_decompress_none)
                  00007d0c    0000000e     startup_msp432p401r_FreeRTOS_ccs.obj (.text)
                  00007d1a    0000000c     msp432p4xx_driverlib.lib : cpu.o (.text:CPU_cpsid)
                  00007d26    0000000c                              : cpu.o (.text:CPU_cpsie)
                  00007d32    0000000c     rtsv7M4_T_le_v4SPD16_eabi.lib : copy_zero_init.c.obj (.text:decompress:ZI:__TI_zero_init)
                  00007d3e    00000002     --HOLE-- [fill = 0]
                  00007d40    00000008                                   : errno.c.obj (.text:__aeabi_errno_addr)
                  00007d48    00000004                                   : printf.c.obj (.text:_outc)
                  00007d4c    00000004                                   : printf.c.obj (.text:_outs)
                  00007d50    00000004                                   : pre_init.c.obj (.text:_system_pre_init)
                  00007d54    00000004                                   : exit.c.obj (.text:abort:abort)

.const     0    00007d58    000006b0     
                  00007d58    000002f8     grlib.a : fontfixed6x8.obj (.const:.string:g_pucFontFixed6x8Data)
                  00008050    00000120     uart.obj (.const:UCxBRS)
                  00008170    00000101     rtsv7M4_T_le_v4SPD16_eabi.lib : ctype.c.obj (.const:.string:_ctypes_)
                  00008271    00000003     --HOLE-- [fill = 0]
                  00008274    000000c8     grlib.a : fontfixed6x8.obj (.const:g_sFontFixed6x8)
                  0000833c    00000030     msp432p4xx_driverlib.lib : gpio.o (.const:GPIO_PORT_TO_BASE)
                  0000836c    00000020     Crystalfontz128x128_ST7735.obj (.const:g_sCrystalfontz128x128_funcs)
                  0000838c    0000001c     HAL_MSP_EXP432P401R_Crystalfontz128x128_ST7735.obj (.const:$P$T0$1)
                  000083a8    00000018     main_freertos.obj (.const:captureModeConfig)
                  000083c0    00000018     main_freertos.obj (.const:upConfig)
                  000083d8    00000010     main_freertos.obj (.const:continuousModeConfig)
                  000083e8    00000008     Crystalfontz128x128_ST7735.obj (.const:$P$T0$1)
                  000083f0    00000008     msp432p4xx_driverlib.lib : interrupt.o (.const:g_pulDisRegs)
                  000083f8    00000008                              : interrupt.o (.const:g_pulEnRegs)
                  00008400    00000008     port.obj (.const)

.cinit     0    00008408    00000070     
                  00008408    00000049     (.cinit..data.load) [load image, compression = lzss]
                  00008451    00000003     --HOLE-- [fill = 0]
                  00008454    0000000c     (__TI_handler_table)
                  00008460    00000008     (.cinit..bss.load) [load image, compression = zero_init]
                  00008468    00000010     (__TI_cinit_table)

.init_array 
*          0    00000000    00000000     UNINITIALIZED

.intvecs   0    00000000    000000e4     
                  00000000    000000e4     startup_msp432p401r_FreeRTOS_ccs.obj (.intvecs:retain)

.bss       0    20000000    0000cb5a     UNINITIALIZED
                  20000000    0000c800     heap_4.obj (.bss:ucHeap)
                  2000c800    00000100     main_freertos.obj (.bss:print_buffer$1)
                  2000c900    00000100     uart.obj (.bss:print_buffer$1)
                  2000ca00    00000064     tasks.obj (.bss:pxReadyTasksLists)
                  2000ca64    00000020     (.common:peoplePos)
                  2000ca84    0000001c     (.common:g_sContext)
                  2000caa0    00000014     timers.obj (.bss:xActiveTimerList1)
                  2000cab4    00000014     timers.obj (.bss:xActiveTimerList2)
                  2000cac8    00000014     tasks.obj (.bss:xDelayedTaskList1)
                  2000cadc    00000014     tasks.obj (.bss:xDelayedTaskList2)
                  2000caf0    00000014     tasks.obj (.bss:xPendingReadyList)
                  2000cb04    00000014     tasks.obj (.bss:xSuspendedTaskList)
                  2000cb18    00000014     tasks.obj (.bss:xTasksWaitingTermination)
                  2000cb2c    00000008     msp432p4xx_driverlib.lib : cs.o (.bss)
                  2000cb34    00000008     tasks.obj (.bss)
                  2000cb3c    00000008     timers.obj (.bss)
                  2000cb44    00000008     heap_4.obj (.bss:xStart)
                  2000cb4c    00000004     (.common:q1)
                  2000cb50    00000002     (.common:Lcd_ScreenHeigth)
                  2000cb52    00000002     (.common:Lcd_ScreenWidth)
                  2000cb54    00000002     (.common:Lcd_TouchTrim)
                  2000cb56    00000001     (.common:Lcd_FlagRead)
                  2000cb57    00000001     (.common:Lcd_FontSolid)
                  2000cb58    00000001     (.common:Lcd_Orientation)
                  2000cb59    00000001     (.common:Lcd_PenSolid)

.data      0    2000cb5c    000001d0     UNINITIALIZED
                  2000cb5c    000000f0     rtsv7M4_T_le_v4SPD16_eabi.lib : defs.c.obj (.data:_ftable)
                  2000cc4c    00000034     tasks.obj (.data)
                  2000cc80    00000028     uart.obj (.data:uart_config)
                  2000cca8    00000020     main_freertos.obj (.data)
                  2000ccc8    00000018     port.obj (.data)
                  2000cce0    00000010     main_freertos.obj (.data:compareConfig_PWM)
                  2000ccf0    00000010     Crystalfontz128x128_ST7735.obj (.data:g_sCrystalfontz128x128)
                  2000cd00    00000010     heap_4.obj (.data)
                  2000cd10    0000000c     timers.obj (.data)
                  2000cd1c    00000008     rtsv7M4_T_le_v4SPD16_eabi.lib : _lock.c.obj (.data:$O1$$)
                  2000cd24    00000004                                   : errno.c.obj (.data)
                  2000cd28    00000004     system_msp432p401r.obj (.data)

.stack     0    2000fc00    00000400     UNINITIALIZED
                  2000fc00    00000004     rtsv7M4_T_le_v4SPD16_eabi.lib : boot_cortex_m.c.obj (.stack)
                  2000fc04    000003fc     --HOLE--

__llvm_prf_cnts 
*          0    20000000    00000000     UNINITIALIZED

.binit     0    00000000    00000000     

MODULE SUMMARY

       Module                                               code    ro data   rw data
       ------                                               ----    -------   -------
    .\
       main_freertos.obj                                    1760    64        736    
       uart.obj                                             492     288       592    
       system_msp432p401r.obj                               820     0         8      
       startup_msp432p401r_FreeRTOS_ccs.obj                 14      228       0      
    +--+----------------------------------------------------+-------+---------+---------+
       Total:                                               3086    580       1336   
                                                                                     
    .\FreeRTOS\
       tasks.obj                                            6512    0         520    
       queue.obj                                            3338    0         0      
       timers.obj                                           1852    0         120    
       list.obj                                             298     0         0      
    +--+----------------------------------------------------+-------+---------+---------+
       Total:                                               12000   0         640    
                                                                                     
    .\FreeRTOS\portable\CCS\ARM_CM4F\
       port.obj                                             1068    8         48     
       portasm.obj                                          210     0         0      
    +--+----------------------------------------------------+-------+---------+---------+
       Total:                                               1278    8         48     
                                                                                     
    .\FreeRTOS\portable\MemMang\
       heap_4.obj                                           872     0         102448 
    +--+----------------------------------------------------+-------+---------+---------+
       Total:                                               872     0         102448 
                                                                                     
    .\LcdDriver\
       Crystalfontz128x128_ST7735.obj                       1664    40        52     
       HAL_MSP_EXP432P401R_Crystalfontz128x128_ST7735.obj   204     28        0      
    +--+----------------------------------------------------+-------+---------+---------+
       Total:                                               1868    68        52     
                                                                                     
    C:/Users/Francesco Olivieri/Documents/simplelink_msp432p4_sdk_3_40_01_02/simplelink_msp432p4_sdk_3_40_01_02/source/ti/devices/msp432p4xx/driverlib/ccs/msp432p4xx_driverlib.lib
       cs.o                                                 1174    0         16     
       pcm.o                                                848     0         0      
       timer_a.o                                            766     0         0      
       gpio.o                                               416     48        0      
       uart.o                                               358     0         0      
       spi.o                                                312     0         0      
       interrupt.o                                          288     16        0      
       timer32.o                                            246     0         0      
       sysctl_a.o                                           148     0         0      
       flash.o                                              72      0         0      
       wdt_a.o                                              36      0         0      
       cpu.o                                                24      0         0      
    +--+----------------------------------------------------+-------+---------+---------+
       Total:                                               4688    64        16     
                                                                                     
    C:/Users/Francesco Olivieri/Documents/simplelink_msp432p4_sdk_3_40_01_02/simplelink_msp432p4_sdk_3_40_01_02/source/ti/grlib/lib/ccs/m4f/grlib.a
       fontfixed6x8.obj                                     0       960       0      
       context.obj                                          174     0         0      
       display.obj                                          48      0         0      
    +--+----------------------------------------------------+-------+---------+---------+
       Total:                                               222     960       0      
                                                                                     
    C:\ti\ccs1210\ccs\tools\compiler\ti-cgt-arm_20.2.7.LTS\lib\rtsv7M4_T_le_v4SPD16_eabi.lib
       _printfi.c.obj                                       4851    0         0      
       defs.c.obj                                           0       0         480    
       fd_add_t2.asm.obj                                    438     0         0      
       fd_div_t2.asm.obj                                    310     0         0      
       s_scalbn.c.obj                                       272     0         0      
       fd_cmp_t2.asm.obj                                    268     0         0      
       ctype.c.obj                                          0       257       0      
       fd_mul_t2.asm.obj                                    252     0         0      
       memcpy_t2.asm.obj                                    156     0         0      
       ull_div_t2.asm.obj                                   150     0         0      
       vsnprintf.c.obj                                      136     0         0      
       memset_t2.asm.obj                                    122     0         0      
       printf.c.obj                                         112     0         0      
       copy_decompress_lzss.c.obj                           104     0         0      
       s_frexp.c.obj                                        100     0         0      
       _ltoa.c.obj                                          84      0         0      
       atoi.c.obj                                           76      0         0      
       fd_toi_t2.asm.obj                                    72      0         0      
       autoinit.c.obj                                       68      0         0      
       boot_cortex_m.c.obj                                  52      0         0      
       i_tofd_t2.asm.obj                                    46      0         0      
       memccpy.c.obj                                        28      0         0      
       s_copysign.c.obj                                     26      0         0      
       strchr.c.obj                                         22      0         0      
       strlen.c.obj                                         20      0         0      
       _lock.c.obj                                          2       0         16     
       wcslen.c.obj                                         18      0         0      
       errno.c.obj                                          8       0         8      
       copy_decompress_none.c.obj                           14      0         0      
       copy_zero_init.c.obj                                 12      0         0      
       exit.c.obj                                           4       0         0      
       pre_init.c.obj                                       4       0         0      
       div0.asm.obj                                         2       0         0      
    +--+----------------------------------------------------+-------+---------+---------+
       Total:                                               7829    257       504    
                                                                                     
       Stack:                                               0       0         2048   
       Linker Generated:                                    0       109       0      
    +--+----------------------------------------------------+-------+---------+---------+
       Grand Total:                                         31843   2046      107092 


LINKER GENERATED COPY TABLES

__TI_cinit_table @ 00008468 records: 2, size/record: 8, table size: 16
	.data: load addr=00008408, load size=00000049 bytes, run addr=2000cb5c, run size=000001d0 bytes, compression=lzss
	.bss: load addr=00008460, load size=00000008 bytes, run addr=20000000, run size=0000cb5a bytes, compression=zero_init


LINKER GENERATED HANDLER TABLE

__TI_handler_table @ 00008454 records: 3, size/record: 4, table size: 12
	index: 0, handler: __TI_decompress_lzss
	index: 1, handler: __TI_decompress_none
	index: 2, handler: __TI_zero_init


GLOBAL SYMBOLS: SORTED ALPHABETICALLY BY Name 

address   name                                       
-------   ----                                       
00007d19  ADC14_IRQHandler                           
00007d19  AES256_IRQHandler                          
00007d19  BusFault_Handler                           
00007d55  C$$EXIT                                    
00007d19  COMP_E0_IRQHandler                         
00007d19  COMP_E1_IRQHandler                         
00007d1b  CPU_cpsid                                  
00007d27  CPU_cpsie                                  
00007d19  CS_IRQHandler                              
00007971  CS_clearInterruptFlag                      
000066c1  CS_getDCOFrequency                         
00007a2d  CS_getSMCLK                                
00005e0d  CS_initClockSignal                         
0000786d  CS_setDCOCenteredFrequency                 
00003fcd  Crystalfontz128x128_Init                   
000040e1  Crystalfontz128x128_SetDrawFrame           
0000420f  Crystalfontz128x128_SetOrientation         
00007d19  DMA_ERR_IRQHandler                         
00007d19  DMA_INT0_IRQHandler                        
00007d19  DMA_INT1_IRQHandler                        
00007d19  DMA_INT2_IRQHandler                        
00007d19  DMA_INT3_IRQHandler                        
00007d19  DebugMon_Handler                           
00007d19  Default_Handler                            
00007d19  EUSCIA0_IRQHandler                         
00007d19  EUSCIA1_IRQHandler                         
00007d19  EUSCIA2_IRQHandler                         
00007d19  EUSCIA3_IRQHandler                         
00007d19  EUSCIB0_IRQHandler                         
00007d19  EUSCIB1_IRQHandler                         
00007d19  EUSCIB2_IRQHandler                         
00007d19  EUSCIB3_IRQHandler                         
00007ba3  EUSCI_A_SPI_enable                         
00007bb9  EUSCI_B_SPI_enable                         
00007d19  FLCTL_IRQHandler                           
00007d19  FPU_IRQHandler                             
00007661  FlashCtl_setWaitState                      
00007735  GPIO_setAsOutputPin                        
00006c81  GPIO_setAsPeripheralModuleFunctionInputPin 
00006d09  GPIO_setAsPeripheralModuleFunctionOutputPin
00007a55  GPIO_setOutputHighOnPin                    
00007a7d  GPIO_setOutputLowOnPin                     
00007c8d  Graphics_clearDisplay                      
00007b23  Graphics_clearDisplayOnDisplay             
00007523  Graphics_initContext                       
00007b3d  Graphics_setBackgroundColor                
00007b57  Graphics_setFont                           
00007bcf  Graphics_setForegroundColor                
00007be5  Graphics_translateColorOnDisplay           
0000688d  HAL_LCD_PortInit                           
000068bd  HAL_LCD_SpiInit                            
000068f3  HAL_LCD_writeCommand                       
00006923  HAL_LCD_writeData                          
00007d19  HardFault_Handler                          
00006e9d  Interrupt_disableInterrupt                 
00007cb1  Interrupt_disableMaster                    
00006f1d  Interrupt_enableInterrupt                  
00007cc1  Interrupt_enableMaster                     
2000cb56  Lcd_FlagRead                               
2000cb57  Lcd_FontSolid                              
2000cb58  Lcd_Orientation                            
2000cb59  Lcd_PenSolid                               
2000cb50  Lcd_ScreenHeigth                           
2000cb52  Lcd_ScreenWidth                            
2000cb54  Lcd_TouchTrim                              
00007d19  MemManage_Handler                          
00007d19  NMI_Handler                                
00007d19  PCM_IRQHandler                             
00007367  PCM_getCoreVoltageLevel                    
000073c5  PCM_getPowerMode                           
00007c3d  PCM_getPowerState                          
00007cd1  PCM_setCoreVoltageLevel                    
00007ce1  PCM_setPowerMode                           
00007d19  PORT1_IRQHandler                           
00007d19  PORT2_IRQHandler                           
00007d19  PORT3_IRQHandler                           
00007d19  PORT4_IRQHandler                           
00007d19  PORT5_IRQHandler                           
00007d19  PORT6_IRQHandler                           
00007d19  PSS_IRQHandler                             
00007d19  RTC_C_IRQHandler                           
00007d0d  Reset_Handler                              
00007aeb  SPI_enableModule                           
00006a0b  SPI_initMaster                             
00006bed  SysCtl_A_getTLVInfo                        
2000cd28  SystemCoreClock                            
00004de1  SystemCoreClockUpdate                      
00005059  SystemInit                                 
00007d19  T32_INT1_IRQHandler                        
00007d19  T32_INT2_IRQHandler                        
00007d19  T32_INTC_IRQHandler                        
00007d19  TA0_0_IRQHandler                           
00003e49  TA0_N_IRQHandler                           
00003e49  TA0_N_IRQHandler                           
00007d19  TA1_0_IRQHandler                           
00007d19  TA1_N_IRQHandler                           
00007d19  TA2_0_IRQHandler                           
00007d19  TA2_N_IRQHandler                           
00007d19  TA3_0_IRQHandler                           
00007d19  TA3_N_IRQHandler                           
00007c51  Timer32_disableInterrupt                   
00007cf1  Timer32_getValue                           
00007101  Timer32_initModule                         
000078a1  Timer32_setCount                           
00007835  Timer32_startTimer                         
00007a01  Timer_A_clearCaptureCompareInterrupt       
000078d5  Timer_A_configureContinuousMode            
00007169  Timer_A_configureUpMode                    
00007ac9  Timer_A_getCaptureCompareCount             
00007421  Timer_A_initCapture                        
000075c7  Timer_A_initCompare                        
00007bfb  Timer_A_startCounter                       
00007c65  Timer_A_stopTimer                          
00007c11  UART_enableModule                          
0000618d  UART_initModule                            
00007909  UART_transmitData                          
00008050  UCxBRS                                     
00007d19  UsageFault_Handler                         
4000480c  WDTCTL_SYM                                 
00007d19  WDT_A_IRQHandler                           
00007aa5  WDT_A_holdTimer                            
20010000  __STACK_END                                
00000400  __STACK_SIZE                               
00008468  __TI_CINIT_Base                            
00008478  __TI_CINIT_Limit                           
00008454  __TI_Handler_Table_Base                    
00008460  __TI_Handler_Table_Limit                   
000076f1  __TI_auto_init_nobinit_nopinit             
000071d1  __TI_decompress_lzss                       
00007cff  __TI_decompress_none                       
000074cf  __TI_ltoa                                  
ffffffff  __TI_pprof_out_hndl                        
00002761  __TI_printfi                               
ffffffff  __TI_prof_data_size                        
ffffffff  __TI_prof_data_start                       
00008408  __TI_static_base__                         
00007d33  __TI_zero_init                             
00006d91  __aeabi_cdcmpeq                            
00006d91  __aeabi_cdcmple                            
00006e17  __aeabi_cdrcmple                           
000076a9  __aeabi_d2iz                               
0000574b  __aeabi_dadd                               
00005cd5  __aeabi_ddiv                               
000065c5  __aeabi_dmul                               
00005741  __aeabi_dsub                               
00007d41  __aeabi_errno_addr                         
000079d1  __aeabi_i2d                                
000031af  __aeabi_idiv0                              
000031af  __aeabi_ldiv0                              
00007019  __aeabi_memclr                             
00007019  __aeabi_memclr4                            
00007019  __aeabi_memclr8                            
00006abb  __aeabi_memcpy                             
00006abb  __aeabi_memcpy4                            
00006abb  __aeabi_memcpy8                            
0000701b  __aeabi_memset                             
0000701b  __aeabi_memset4                            
0000701b  __aeabi_memset8                            
00006b57  __aeabi_uldivmod                           
ffffffff  __binit__                                  
ffffffff  __c_args__                                 
UNDEFED   __mpu_init                                 
2000fc00  __stack                                    
20000000  __start___llvm_prf_cnts                    
20000000  __stop___llvm_prf_cnts                     
0000793d  _c_int00_noargs                            
00008170  _ctypes_                                   
2000cb5c  _ftable                                    
000038ed  _graphicsInit                              
00003999  _hwInit                                    
2000cd1c  _lock                                      
0000275f  _nop                                       
UNDEFED   _system_post_cinit                         
00007d51  _system_pre_init                           
2000cd20  _unlock                                    
00007d55  abort                                      
00007615  atoi                                       
ffffffff  binit                                      
000083a8  captureModeConfig                          
2000cce0  compareConfig_PWM                          
2000ccc4  contPeople                                 
000083d8  continuousModeConfig                       
00007b71  copysign                                   
00007b71  copysignl                                  
2000cca8  counter                                    
2000ccc0  current_state                              
0000115d  eTaskConfirmSleepModeStatus                
00000505  eTaskGetState                              
2000cd24  errno                                      
00005525  fputc                                      
00005537  fputs                                      
000072a1  frexp                                      
000072a1  frexpl                                     
2000ca84  g_sContext                                 
2000ccf0  g_sCrystalfontz128x128                     
0000836c  g_sCrystalfontz128x128_funcs               
00008274  g_sFontFixed6x8                            
00000000  interruptVectors                           
000062a9  ldexp                                      
000062a9  ldexpl                                     
00003a45  main                                       
00003f45  malloc                                     
2000ccb0  meas1                                      
2000ccb8  meas1Count                                 
2000ccb4  meas2                                      
00007b07  memccpy                                    
00006abb  memcpy                                     
00007021  memset                                     
00000b31  pcTaskGetName                              
0000336f  pcTimerGetName                             
00003a97  peopleDetection                            
2000ca64  peoplePos                                  
00007239  printf                                     
00004a79  pvPortMalloc                               
000014cb  pvTaskIncrementMutexHeldCount              
000037f9  pvTimerGetTimerID                          
2000cc4c  pxCurrentTCB                               
0000464d  pxPortInitialiseStack                      
2000cb4c  q1                                         
000062a9  scalbn                                     
000062a9  scalbnl                                    
00007c27  strchr                                     
00007c79  strlen                                     
2000ccbc  takeVal                                    
00003961  turnOffBuzzer                              
00003927  turnOnBuzzer                               
2000cc80  uart_config                                
00005385  uart_init                                  
000054a3  uart_init_gpio                             
000054bb  uart_println                               
00003eb1  uart_println_mutex                         
00008400  ulMaxSyscallInterruptPriority              
000067c9  ulPortGetIPSR                              
000014e9  ulTaskNotifyTake                           
000083c0  upConfig                                   
0000601f  uxListRemove                               
0000240d  uxQueueMessagesWaiting                     
0000246b  uxQueueMessagesWaitingFromISR              
00002437  uxQueueSpacesAvailable                     
00000b2b  uxTaskGetNumberOfTasks                     
000005a1  uxTaskPriorityGet                          
000005cd  uxTaskPriorityGetFromISR                   
000014a9  uxTaskResetEventItemValue                  
00003f2b  vApplicationIdleHook                       
00003f1b  vApplicationMallocFailedHook               
00003f2d  vApplicationStackOverflowHook              
00003f59  vApplicationTickHook                       
00005f3d  vListInitialise                            
00005f6d  vListInitialiseItem                        
00005fb9  vListInsert                                
00005f7d  vListInsertEnd                             
0000687d  vPortEnableVFP                             
0000476d  vPortEndScheduler                          
00004791  vPortEnterCritical                         
000047d3  vPortExitCritical                          
00004bdb  vPortFree                                  
00004c79  vPortInitialiseBlocks                      
00006841  vPortSVCHandler                            
00006841  vPortSVCHandler                            
00004981  vPortSetupTimerInterrupt                   
00006861  vPortStartFirstTask                        
00004829  vPortSuppressTicksAndSleep                 
000049e1  vPortValidateInterruptPriority             
00003f4f  vPreSleepProcessing                        
00002491  vQueueDelete                               
00002703  vQueueWaitForMessageRestricted             
0000049d  vTaskDelay                                 
000003bb  vTaskDelayUntil                            
000002f1  vTaskDelete                                
00003cd9  vTaskDistanceSensor                        
0000097d  vTaskEndScheduler                          
000010e7  vTaskMissedYield                           
00001873  vTaskNotifyGiveFromISR                     
00000df7  vTaskPlaceOnEventList                      
00000e8d  vTaskPlaceOnEventListRestricted            
00000e27  vTaskPlaceOnUnorderedEventList             
000012ef  vTaskPriorityInherit                       
00000615  vTaskPrioritySet                           
00000873  vTaskResume                                
00001017  vTaskSetTimeOutState                       
00000905  vTaskStartScheduler                        
00000b95  vTaskStepTick                              
00003b21  vTaskStepperMotor                          
00000749  vTaskSuspend                               
00000999  vTaskSuspendAll                            
00000d31  vTaskSwitchContext                         
00003827  vTimerSetTimerID                           
000077b5  vsnprintf                                  
00007c9f  wcslen                                     
00004c6d  xPortGetFreeHeapSize                       
00004c73  xPortGetMinimumEverFreeHeapSize            
000067e1  xPortPendSVHandler                         
000067e1  xPortPendSVHandler                         
000046d9  xPortStartScheduler                        
000047ff  xPortSysTickHandler                        
000047ff  xPortSysTickHandler                        
00001ca9  xQueueCreateCountingSemaphore              
00001bd1  xQueueCreateMutex                          
00001b07  xQueueGenericCreate                        
000020ab  xQueueGenericReceive                       
00001a55  xQueueGenericReset                         
00001d05  xQueueGenericSend                          
00001eb7  xQueueGenericSendFromISR                   
00001fbd  xQueueGiveFromISR                          
00001bfd  xQueueGiveMutexRecursive                   
00002677  xQueueIsQueueEmptyFromISR                  
000026cd  xQueueIsQueueFullFromISR                   
0000235b  xQueuePeekFromISR                          
00002285  xQueueReceiveFromISR                       
00001c4d  xQueueTakeMutexRecursive                   
00001045  xTaskCheckForTimeOut                       
000000e5  xTaskCreate                                
00001615  xTaskGenericNotify                         
00001735  xTaskGenericNotifyFromISR                  
000012b1  xTaskGetCurrentTaskHandle                  
00000b61  xTaskGetIdleTaskHandle                     
000012c9  xTaskGetSchedulerState                     
00000b07  xTaskGetTickCount                          
00000b17  xTaskGetTickCountFromISR                   
00000be5  xTaskIncrementTick                         
0000195d  xTaskNotifyStateClear                      
00001571  xTaskNotifyWait                            
000013c9  xTaskPriorityDisinherit                    
00000ed5  xTaskRemoveFromEventList                   
00000f79  xTaskRemoveFromUnorderedEventList          
00000a05  xTaskResumeAll                             
2000ccac  xTaskXHandle                               
000031ef  xTimerCreate                               
000031b1  xTimerCreateTimerTask                      
0000327d  xTimerGenericCommand                       
00003345  xTimerGetExpiryTime                        
0000331f  xTimerGetPeriod                            
000032fd  xTimerGetTimerDaemonTaskHandle             
000037b9  xTimerIsTimerActive                        
0000388b  xTimerPendFunctionCall                     
00003855  xTimerPendFunctionCallFromISR              


GLOBAL SYMBOLS: SORTED BY Symbol Address 

address   name                                       
-------   ----                                       
00000000  interruptVectors                           
000000e5  xTaskCreate                                
000002f1  vTaskDelete                                
000003bb  vTaskDelayUntil                            
00000400  __STACK_SIZE                               
0000049d  vTaskDelay                                 
00000505  eTaskGetState                              
000005a1  uxTaskPriorityGet                          
000005cd  uxTaskPriorityGetFromISR                   
00000615  vTaskPrioritySet                           
00000749  vTaskSuspend                               
00000873  vTaskResume                                
00000905  vTaskStartScheduler                        
0000097d  vTaskEndScheduler                          
00000999  vTaskSuspendAll                            
00000a05  xTaskResumeAll                             
00000b07  xTaskGetTickCount                          
00000b17  xTaskGetTickCountFromISR                   
00000b2b  uxTaskGetNumberOfTasks                     
00000b31  pcTaskGetName                              
00000b61  xTaskGetIdleTaskHandle                     
00000b95  vTaskStepTick                              
00000be5  xTaskIncrementTick                         
00000d31  vTaskSwitchContext                         
00000df7  vTaskPlaceOnEventList                      
00000e27  vTaskPlaceOnUnorderedEventList             
00000e8d  vTaskPlaceOnEventListRestricted            
00000ed5  xTaskRemoveFromEventList                   
00000f79  xTaskRemoveFromUnorderedEventList          
00001017  vTaskSetTimeOutState                       
00001045  xTaskCheckForTimeOut                       
000010e7  vTaskMissedYield                           
0000115d  eTaskConfirmSleepModeStatus                
000012b1  xTaskGetCurrentTaskHandle                  
000012c9  xTaskGetSchedulerState                     
000012ef  vTaskPriorityInherit                       
000013c9  xTaskPriorityDisinherit                    
000014a9  uxTaskResetEventItemValue                  
000014cb  pvTaskIncrementMutexHeldCount              
000014e9  ulTaskNotifyTake                           
00001571  xTaskNotifyWait                            
00001615  xTaskGenericNotify                         
00001735  xTaskGenericNotifyFromISR                  
00001873  vTaskNotifyGiveFromISR                     
0000195d  xTaskNotifyStateClear                      
00001a55  xQueueGenericReset                         
00001b07  xQueueGenericCreate                        
00001bd1  xQueueCreateMutex                          
00001bfd  xQueueGiveMutexRecursive                   
00001c4d  xQueueTakeMutexRecursive                   
00001ca9  xQueueCreateCountingSemaphore              
00001d05  xQueueGenericSend                          
00001eb7  xQueueGenericSendFromISR                   
00001fbd  xQueueGiveFromISR                          
000020ab  xQueueGenericReceive                       
00002285  xQueueReceiveFromISR                       
0000235b  xQueuePeekFromISR                          
0000240d  uxQueueMessagesWaiting                     
00002437  uxQueueSpacesAvailable                     
0000246b  uxQueueMessagesWaitingFromISR              
00002491  vQueueDelete                               
00002677  xQueueIsQueueEmptyFromISR                  
000026cd  xQueueIsQueueFullFromISR                   
00002703  vQueueWaitForMessageRestricted             
0000275f  _nop                                       
00002761  __TI_printfi                               
000031af  __aeabi_idiv0                              
000031af  __aeabi_ldiv0                              
000031b1  xTimerCreateTimerTask                      
000031ef  xTimerCreate                               
0000327d  xTimerGenericCommand                       
000032fd  xTimerGetTimerDaemonTaskHandle             
0000331f  xTimerGetPeriod                            
00003345  xTimerGetExpiryTime                        
0000336f  pcTimerGetName                             
000037b9  xTimerIsTimerActive                        
000037f9  pvTimerGetTimerID                          
00003827  vTimerSetTimerID                           
00003855  xTimerPendFunctionCallFromISR              
0000388b  xTimerPendFunctionCall                     
000038ed  _graphicsInit                              
00003927  turnOnBuzzer                               
00003961  turnOffBuzzer                              
00003999  _hwInit                                    
00003a45  main                                       
00003a97  peopleDetection                            
00003b21  vTaskStepperMotor                          
00003cd9  vTaskDistanceSensor                        
00003e49  TA0_N_IRQHandler                           
00003e49  TA0_N_IRQHandler                           
00003eb1  uart_println_mutex                         
00003f1b  vApplicationMallocFailedHook               
00003f2b  vApplicationIdleHook                       
00003f2d  vApplicationStackOverflowHook              
00003f45  malloc                                     
00003f4f  vPreSleepProcessing                        
00003f59  vApplicationTickHook                       
00003fcd  Crystalfontz128x128_Init                   
000040e1  Crystalfontz128x128_SetDrawFrame           
0000420f  Crystalfontz128x128_SetOrientation         
0000464d  pxPortInitialiseStack                      
000046d9  xPortStartScheduler                        
0000476d  vPortEndScheduler                          
00004791  vPortEnterCritical                         
000047d3  vPortExitCritical                          
000047ff  xPortSysTickHandler                        
000047ff  xPortSysTickHandler                        
00004829  vPortSuppressTicksAndSleep                 
00004981  vPortSetupTimerInterrupt                   
000049e1  vPortValidateInterruptPriority             
00004a79  pvPortMalloc                               
00004bdb  vPortFree                                  
00004c6d  xPortGetFreeHeapSize                       
00004c73  xPortGetMinimumEverFreeHeapSize            
00004c79  vPortInitialiseBlocks                      
00004de1  SystemCoreClockUpdate                      
00005059  SystemInit                                 
00005385  uart_init                                  
000054a3  uart_init_gpio                             
000054bb  uart_println                               
00005525  fputc                                      
00005537  fputs                                      
00005741  __aeabi_dsub                               
0000574b  __aeabi_dadd                               
00005cd5  __aeabi_ddiv                               
00005e0d  CS_initClockSignal                         
00005f3d  vListInitialise                            
00005f6d  vListInitialiseItem                        
00005f7d  vListInsertEnd                             
00005fb9  vListInsert                                
0000601f  uxListRemove                               
0000618d  UART_initModule                            
000062a9  ldexp                                      
000062a9  ldexpl                                     
000062a9  scalbn                                     
000062a9  scalbnl                                    
000065c5  __aeabi_dmul                               
000066c1  CS_getDCOFrequency                         
000067c9  ulPortGetIPSR                              
000067e1  xPortPendSVHandler                         
000067e1  xPortPendSVHandler                         
00006841  vPortSVCHandler                            
00006841  vPortSVCHandler                            
00006861  vPortStartFirstTask                        
0000687d  vPortEnableVFP                             
0000688d  HAL_LCD_PortInit                           
000068bd  HAL_LCD_SpiInit                            
000068f3  HAL_LCD_writeCommand                       
00006923  HAL_LCD_writeData                          
00006a0b  SPI_initMaster                             
00006abb  __aeabi_memcpy                             
00006abb  __aeabi_memcpy4                            
00006abb  __aeabi_memcpy8                            
00006abb  memcpy                                     
00006b57  __aeabi_uldivmod                           
00006bed  SysCtl_A_getTLVInfo                        
00006c81  GPIO_setAsPeripheralModuleFunctionInputPin 
00006d09  GPIO_setAsPeripheralModuleFunctionOutputPin
00006d91  __aeabi_cdcmpeq                            
00006d91  __aeabi_cdcmple                            
00006e17  __aeabi_cdrcmple                           
00006e9d  Interrupt_disableInterrupt                 
00006f1d  Interrupt_enableInterrupt                  
00007019  __aeabi_memclr                             
00007019  __aeabi_memclr4                            
00007019  __aeabi_memclr8                            
0000701b  __aeabi_memset                             
0000701b  __aeabi_memset4                            
0000701b  __aeabi_memset8                            
00007021  memset                                     
00007101  Timer32_initModule                         
00007169  Timer_A_configureUpMode                    
000071d1  __TI_decompress_lzss                       
00007239  printf                                     
000072a1  frexp                                      
000072a1  frexpl                                     
00007367  PCM_getCoreVoltageLevel                    
000073c5  PCM_getPowerMode                           
00007421  Timer_A_initCapture                        
000074cf  __TI_ltoa                                  
00007523  Graphics_initContext                       
000075c7  Timer_A_initCompare                        
00007615  atoi                                       
00007661  FlashCtl_setWaitState                      
000076a9  __aeabi_d2iz                               
000076f1  __TI_auto_init_nobinit_nopinit             
00007735  GPIO_setAsOutputPin                        
000077b5  vsnprintf                                  
00007835  Timer32_startTimer                         
0000786d  CS_setDCOCenteredFrequency                 
000078a1  Timer32_setCount                           
000078d5  Timer_A_configureContinuousMode            
00007909  UART_transmitData                          
0000793d  _c_int00_noargs                            
00007971  CS_clearInterruptFlag                      
000079d1  __aeabi_i2d                                
00007a01  Timer_A_clearCaptureCompareInterrupt       
00007a2d  CS_getSMCLK                                
00007a55  GPIO_setOutputHighOnPin                    
00007a7d  GPIO_setOutputLowOnPin                     
00007aa5  WDT_A_holdTimer                            
00007ac9  Timer_A_getCaptureCompareCount             
00007aeb  SPI_enableModule                           
00007b07  memccpy                                    
00007b23  Graphics_clearDisplayOnDisplay             
00007b3d  Graphics_setBackgroundColor                
00007b57  Graphics_setFont                           
00007b71  copysign                                   
00007b71  copysignl                                  
00007ba3  EUSCI_A_SPI_enable                         
00007bb9  EUSCI_B_SPI_enable                         
00007bcf  Graphics_setForegroundColor                
00007be5  Graphics_translateColorOnDisplay           
00007bfb  Timer_A_startCounter                       
00007c11  UART_enableModule                          
00007c27  strchr                                     
00007c3d  PCM_getPowerState                          
00007c51  Timer32_disableInterrupt                   
00007c65  Timer_A_stopTimer                          
00007c79  strlen                                     
00007c8d  Graphics_clearDisplay                      
00007c9f  wcslen                                     
00007cb1  Interrupt_disableMaster                    
00007cc1  Interrupt_enableMaster                     
00007cd1  PCM_setCoreVoltageLevel                    
00007ce1  PCM_setPowerMode                           
00007cf1  Timer32_getValue                           
00007cff  __TI_decompress_none                       
00007d0d  Reset_Handler                              
00007d19  ADC14_IRQHandler                           
00007d19  AES256_IRQHandler                          
00007d19  BusFault_Handler                           
00007d19  COMP_E0_IRQHandler                         
00007d19  COMP_E1_IRQHandler                         
00007d19  CS_IRQHandler                              
00007d19  DMA_ERR_IRQHandler                         
00007d19  DMA_INT0_IRQHandler                        
00007d19  DMA_INT1_IRQHandler                        
00007d19  DMA_INT2_IRQHandler                        
00007d19  DMA_INT3_IRQHandler                        
00007d19  DebugMon_Handler                           
00007d19  Default_Handler                            
00007d19  EUSCIA0_IRQHandler                         
00007d19  EUSCIA1_IRQHandler                         
00007d19  EUSCIA2_IRQHandler                         
00007d19  EUSCIA3_IRQHandler                         
00007d19  EUSCIB0_IRQHandler                         
00007d19  EUSCIB1_IRQHandler                         
00007d19  EUSCIB2_IRQHandler                         
00007d19  EUSCIB3_IRQHandler                         
00007d19  FLCTL_IRQHandler                           
00007d19  FPU_IRQHandler                             
00007d19  HardFault_Handler                          
00007d19  MemManage_Handler                          
00007d19  NMI_Handler                                
00007d19  PCM_IRQHandler                             
00007d19  PORT1_IRQHandler                           
00007d19  PORT2_IRQHandler                           
00007d19  PORT3_IRQHandler                           
00007d19  PORT4_IRQHandler                           
00007d19  PORT5_IRQHandler                           
00007d19  PORT6_IRQHandler                           
00007d19  PSS_IRQHandler                             
00007d19  RTC_C_IRQHandler                           
00007d19  T32_INT1_IRQHandler                        
00007d19  T32_INT2_IRQHandler                        
00007d19  T32_INTC_IRQHandler                        
00007d19  TA0_0_IRQHandler                           
00007d19  TA1_0_IRQHandler                           
00007d19  TA1_N_IRQHandler                           
00007d19  TA2_0_IRQHandler                           
00007d19  TA2_N_IRQHandler                           
00007d19  TA3_0_IRQHandler                           
00007d19  TA3_N_IRQHandler                           
00007d19  UsageFault_Handler                         
00007d19  WDT_A_IRQHandler                           
00007d1b  CPU_cpsid                                  
00007d27  CPU_cpsie                                  
00007d33  __TI_zero_init                             
00007d41  __aeabi_errno_addr                         
00007d51  _system_pre_init                           
00007d55  C$$EXIT                                    
00007d55  abort                                      
00008050  UCxBRS                                     
00008170  _ctypes_                                   
00008274  g_sFontFixed6x8                            
0000836c  g_sCrystalfontz128x128_funcs               
000083a8  captureModeConfig                          
000083c0  upConfig                                   
000083d8  continuousModeConfig                       
00008400  ulMaxSyscallInterruptPriority              
00008408  __TI_static_base__                         
00008454  __TI_Handler_Table_Base                    
00008460  __TI_Handler_Table_Limit                   
00008468  __TI_CINIT_Base                            
00008478  __TI_CINIT_Limit                           
20000000  __start___llvm_prf_cnts                    
20000000  __stop___llvm_prf_cnts                     
2000ca64  peoplePos                                  
2000ca84  g_sContext                                 
2000cb4c  q1                                         
2000cb50  Lcd_ScreenHeigth                           
2000cb52  Lcd_ScreenWidth                            
2000cb54  Lcd_TouchTrim                              
2000cb56  Lcd_FlagRead                               
2000cb57  Lcd_FontSolid                              
2000cb58  Lcd_Orientation                            
2000cb59  Lcd_PenSolid                               
2000cb5c  _ftable                                    
2000cc4c  pxCurrentTCB                               
2000cc80  uart_config                                
2000cca8  counter                                    
2000ccac  xTaskXHandle                               
2000ccb0  meas1                                      
2000ccb4  meas2                                      
2000ccb8  meas1Count                                 
2000ccbc  takeVal                                    
2000ccc0  current_state                              
2000ccc4  contPeople                                 
2000cce0  compareConfig_PWM                          
2000ccf0  g_sCrystalfontz128x128                     
2000cd1c  _lock                                      
2000cd20  _unlock                                    
2000cd24  errno                                      
2000cd28  SystemCoreClock                            
2000fc00  __stack                                    
20010000  __STACK_END                                
4000480c  WDTCTL_SYM                                 
ffffffff  __TI_pprof_out_hndl                        
ffffffff  __TI_prof_data_size                        
ffffffff  __TI_prof_data_start                       
ffffffff  __binit__                                  
ffffffff  __c_args__                                 
ffffffff  binit                                      
UNDEFED   __mpu_init                                 
UNDEFED   _system_post_cinit                         

[336 symbols]
