******************************************************************************
                  TI ARM Linker PC v20.2.7                     
******************************************************************************
>> Linked Fri Dec 30 17:16:04 2022

OUTPUT FILE NAME:   <CardDealer.out>
ENTRY POINT SYMBOL: "_c_int00_noargs"  address: 000078a9


MEMORY CONFIGURATION

         name            origin    length      used     unused   attr    fill
----------------------  --------  ---------  --------  --------  ----  --------
  MAIN                  00000000   00040000  000083dc  00037c24  R  X
  INFO                  00200000   00004000  00000000  00004000  R  X
  SRAM_CODE             01000000   00010000  0000d12e  00002ed2  RW X
  SRAM_DATA             20000000   00010000  0000d12e  00002ed2  RW  


SEGMENT ALLOCATION MAP

run origin  load origin   length   init length attrs members
----------  ----------- ---------- ----------- ----- -------
00000000    00000000    000083e0   000083e0    r-x
  00000000    00000000    000000e4   000000e4    r-- .intvecs
  000000e4    000000e4    00007be0   00007be0    r-x .text
  00007cc4    00007cc4    000006a8   000006a8    r-- .const
  00008370    00008370    00000070   00000070    r-- .cinit
20000000    20000000    0000cd30   00000000    rw-
  20000000    20000000    0000cb5a   00000000    rw- .bss
  2000cb5c    2000cb5c    000001d4   00000000    rw- .data
2000fc00    2000fc00    00000400   00000000    rw-
  2000fc00    2000fc00    00000400   00000000    rw- .stack


SECTION ALLOCATION MAP

 output                                  attributes/
section   page    origin      length       input sections
--------  ----  ----------  ----------   ----------------
.text      0    000000e4    00007be0     
                  000000e4    00001970     tasks.obj (.text)
                  00001a54    00000d0a     queue.obj (.text)
                  0000275e    00000002     rtsv7M4_T_le_v4SPD16_eabi.lib : _lock.c.obj (.text:_nop)
                  00002760    00000a4e                                   : _printfi.c.obj (.text:__TI_printfi)
                  000031ae    00000002                                   : div0.asm.obj (.text)
                  000031b0    0000073c     timers.obj (.text)
                  000038ec    000006cc     main_freertos.obj (.text)
                  00003fb8    00000680     Crystalfontz128x128_ST7735.obj (.text)
                  00004638    0000042c     port.obj (.text)
                  00004a64    00000368     heap_4.obj (.text)
                  00004dcc    00000334     system_msp432p401r.obj (.text)
                  00005100    00000270     rtsv7M4_T_le_v4SPD16_eabi.lib : _printfi.c.obj (.text:_pconv_a)
                  00005370    000001ec     uart.obj (.text)
                  0000555c    000001d0     rtsv7M4_T_le_v4SPD16_eabi.lib : _printfi.c.obj (.text:_pconv_g)
                  0000572c    000001b6                                   : fd_add_t2.asm.obj (.text)
                  000058e2    00000002     --HOLE-- [fill = 0]
                  000058e4    0000015c     msp432p4xx_driverlib.lib : pcm.o (.text:__PCM_setPowerModeAdvanced)
                  00005a40    00000144                              : timer_a.o (.text:privateTimer_AProcessClockSourceDivider)
                  00005b84    0000013c     rtsv7M4_T_le_v4SPD16_eabi.lib : _printfi.c.obj (.text:_pconv_e)
                  00005cc0    00000136                                   : fd_div_t2.asm.obj (.text)
                  00005df6    00000002     --HOLE-- [fill = 0]
                  00005df8    00000130     msp432p4xx_driverlib.lib : cs.o (.text:CS_initClockSignal)
                  00005f28    0000012a     list.obj (.text)
                  00006052    00000002     --HOLE-- [fill = 0]
                  00006054    00000124     rtsv7M4_T_le_v4SPD16_eabi.lib : _printfi.c.obj (.text:fcvt)
                  00006178    0000011c     msp432p4xx_driverlib.lib : uart.o (.text:UART_initModule)
                  00006294    00000110     rtsv7M4_T_le_v4SPD16_eabi.lib : s_scalbn.c.obj (.text:scalbn)
                  000063a4    00000108     msp432p4xx_driverlib.lib : pcm.o (.text:__PCM_setCoreVoltageLevelAdvanced)
                  000064ac    00000104                              : cs.o (.text:_CSComputeCLKFrequency)
                  000065b0    000000fc     rtsv7M4_T_le_v4SPD16_eabi.lib : fd_mul_t2.asm.obj (.text)
                  000066ac    000000f8     msp432p4xx_driverlib.lib : cs.o (.text:CS_getDCOFrequency)
                  000067a4    000000d2     portasm.obj (.text)
                  00006876    00000002     --HOLE-- [fill = 0]
                  00006878    000000cc     HAL_MSP_EXP432P401R_Crystalfontz128x128_ST7735.obj (.text)
                  00006944    000000b1     rtsv7M4_T_le_v4SPD16_eabi.lib : _printfi.c.obj (.text:_ltostr)
                  000069f5    00000001     --HOLE-- [fill = 0]
                  000069f6    000000b0     msp432p4xx_driverlib.lib : spi.o (.text:SPI_initMaster)
                  00006aa6    0000009c     rtsv7M4_T_le_v4SPD16_eabi.lib : memcpy_t2.asm.obj (.text)
                  00006b42    00000096                                   : ull_div_t2.asm.obj (.text)
                  00006bd8    00000094     msp432p4xx_driverlib.lib : sysctl_a.o (.text:SysCtl_A_getTLVInfo)
                  00006c6c    00000088                              : gpio.o (.text:GPIO_setAsPeripheralModuleFunctionInputPin)
                  00006cf4    00000088                              : gpio.o (.text:GPIO_setAsPeripheralModuleFunctionOutputPin)
                  00006d7c    00000086     rtsv7M4_T_le_v4SPD16_eabi.lib : fd_cmp_t2.asm.obj (.text:__aeabi_cdcmple)
                  00006e02    00000086                                   : fd_cmp_t2.asm.obj (.text:__aeabi_cdrcmple)
                  00006e88    00000080     msp432p4xx_driverlib.lib : interrupt.o (.text:Interrupt_enableInterrupt)
                  00006f08    0000007c                              : cs.o (.text:_CSGetDOCFrequency)
                  00006f84    0000007a     rtsv7M4_T_le_v4SPD16_eabi.lib : memset_t2.asm.obj (.text)
                  00006ffe    0000006e                                   : _printfi.c.obj (.text:_mcpy)
                  0000706c    00000068     msp432p4xx_driverlib.lib : timer32.o (.text:Timer32_initModule)
                  000070d4    00000068                              : timer_a.o (.text:Timer_A_configureUpMode)
                  0000713c    00000068     rtsv7M4_T_le_v4SPD16_eabi.lib : copy_decompress_lzss.c.obj (.text:decompress:lzss:__TI_decompress_lzss)
                  000071a4    00000068                                   : printf.c.obj (.text:printf)
                  0000720c    00000064                                   : s_frexp.c.obj (.text:frexp)
                  00007270    00000062     msp432p4xx_driverlib.lib : cs.o (.text:_CSGetDividerValue)
                  000072d2    0000005e                              : pcm.o (.text:PCM_getCoreVoltageLevel)
                  00007330    0000005a                              : pcm.o (.text:PCM_getPowerMode)
                  0000738a    00000002     --HOLE-- [fill = 0]
                  0000738c    00000058                              : timer_a.o (.text:Timer_A_initCapture)
                  000073e4    00000056     rtsv7M4_T_le_v4SPD16_eabi.lib : _printfi.c.obj (.text:_pconv_f)
                  0000743a    00000054                                   : _ltoa.c.obj (.text:__TI_ltoa)
                  0000748e    00000052     grlib.a : context.obj (.text:Graphics_initContext)
                  000074e0    00000052     rtsv7M4_T_le_v4SPD16_eabi.lib : _printfi.c.obj (.text:_ecpy)
                  00007532    0000004e     msp432p4xx_driverlib.lib : timer_a.o (.text:Timer_A_initCompare)
                  00007580    0000004c     rtsv7M4_T_le_v4SPD16_eabi.lib : atoi.c.obj (.text:atoi)
                  000075cc    00000048     msp432p4xx_driverlib.lib : flash.o (.text:FlashCtl_setWaitState)
                  00007614    00000048     rtsv7M4_T_le_v4SPD16_eabi.lib : fd_toi_t2.asm.obj (.text)
                  0000765c    00000044                                   : autoinit.c.obj (.text:__TI_auto_init_nobinit_nopinit:__TI_auto_init_nobinit_nopinit)
                  000076a0    00000040     msp432p4xx_driverlib.lib : gpio.o (.text:GPIO_setAsOutputPin)
                  000076e0    00000040                              : spi.o (.text:is_A_Module)
                  00007720    00000040     rtsv7M4_T_le_v4SPD16_eabi.lib : vsnprintf.c.obj (.text:vsnprintf)
                  00007760    0000003e                                   : _printfi.c.obj (.text:_fcpy)
                  0000779e    00000002     --HOLE-- [fill = 0]
                  000077a0    00000038     msp432p4xx_driverlib.lib : timer32.o (.text:Timer32_startTimer)
                  000077d8    00000034                              : cs.o (.text:CS_setDCOCenteredFrequency)
                  0000780c    00000034                              : timer32.o (.text:Timer32_setCount)
                  00007840    00000034                              : timer_a.o (.text:Timer_A_configureContinuousMode)
                  00007874    00000034                              : uart.o (.text:UART_transmitData)
                  000078a8    00000034     rtsv7M4_T_le_v4SPD16_eabi.lib : boot_cortex_m.c.obj (.text:_c_int00_noargs:_c_int00_noargs)
                  000078dc    00000030     msp432p4xx_driverlib.lib : cs.o (.text:CS_clearInterruptFlag)
                  0000790c    00000030     rtsv7M4_T_le_v4SPD16_eabi.lib : vsnprintf.c.obj (.text:_outs)
                  0000793c    0000002e                                   : i_tofd_t2.asm.obj (.text)
                  0000796a    00000002     --HOLE-- [fill = 0]
                  0000796c    0000002c     msp432p4xx_driverlib.lib : timer_a.o (.text:Timer_A_clearCaptureCompareInterrupt)
                  00007998    00000028                              : cs.o (.text:CS_getSMCLK)
                  000079c0    00000028                              : gpio.o (.text:GPIO_setOutputHighOnPin)
                  000079e8    00000028                              : gpio.o (.text:GPIO_setOutputLowOnPin)
                  00007a10    00000024                              : wdt_a.o (.text:WDT_A_holdTimer)
                  00007a34    00000022                              : timer_a.o (.text:Timer_A_getCaptureCompareCount)
                  00007a56    0000001c                              : spi.o (.text:SPI_enableModule)
                  00007a72    0000001c     rtsv7M4_T_le_v4SPD16_eabi.lib : memccpy.c.obj (.text:memccpy)
                  00007a8e    0000001a     grlib.a : display.obj (.text:Graphics_clearDisplayOnDisplay)
                  00007aa8    0000001a             : context.obj (.text:Graphics_setBackgroundColor)
                  00007ac2    0000001a             : context.obj (.text:Graphics_setFont)
                  00007adc    0000001a     rtsv7M4_T_le_v4SPD16_eabi.lib : s_copysign.c.obj (.text:copysign)
                  00007af6    00000018                                   : vsnprintf.c.obj (.text:_outc)
                  00007b0e    00000016     msp432p4xx_driverlib.lib : spi.o (.text:EUSCI_A_SPI_enable)
                  00007b24    00000016                              : spi.o (.text:EUSCI_B_SPI_enable)
                  00007b3a    00000016     grlib.a : context.obj (.text:Graphics_setForegroundColor)
                  00007b50    00000016             : display.obj (.text:Graphics_translateColorOnDisplay)
                  00007b66    00000016     msp432p4xx_driverlib.lib : timer_a.o (.text:Timer_A_startCounter)
                  00007b7c    00000016                              : uart.o (.text:UART_enableModule)
                  00007b92    00000016     rtsv7M4_T_le_v4SPD16_eabi.lib : strchr.c.obj (.text:strchr)
                  00007ba8    00000014     msp432p4xx_driverlib.lib : pcm.o (.text:PCM_getPowerState)
                  00007bbc    00000014                              : timer32.o (.text:Timer32_disableInterrupt)
                  00007bd0    00000014                              : timer_a.o (.text:Timer_A_stopTimer)
                  00007be4    00000014     rtsv7M4_T_le_v4SPD16_eabi.lib : strlen.c.obj (.text:strlen)
                  00007bf8    00000012     grlib.a : context.obj (.text:Graphics_clearDisplay)
                  00007c0a    00000012     rtsv7M4_T_le_v4SPD16_eabi.lib : wcslen.c.obj (.text:wcslen)
                  00007c1c    00000010     msp432p4xx_driverlib.lib : interrupt.o (.text:Interrupt_disableMaster)
                  00007c2c    00000010                              : interrupt.o (.text:Interrupt_enableMaster)
                  00007c3c    00000010                              : pcm.o (.text:PCM_setCoreVoltageLevel)
                  00007c4c    00000010                              : pcm.o (.text:PCM_setPowerMode)
                  00007c5c    0000000e                              : timer32.o (.text:Timer32_getValue)
                  00007c6a    0000000e     rtsv7M4_T_le_v4SPD16_eabi.lib : copy_decompress_none.c.obj (.text:decompress:none:__TI_decompress_none)
                  00007c78    0000000e     startup_msp432p401r_FreeRTOS_ccs.obj (.text)
                  00007c86    0000000c     msp432p4xx_driverlib.lib : cpu.o (.text:CPU_cpsid)
                  00007c92    0000000c                              : cpu.o (.text:CPU_cpsie)
                  00007c9e    0000000c     rtsv7M4_T_le_v4SPD16_eabi.lib : copy_zero_init.c.obj (.text:decompress:ZI:__TI_zero_init)
                  00007caa    00000002     --HOLE-- [fill = 0]
                  00007cac    00000008                                   : errno.c.obj (.text:__aeabi_errno_addr)
                  00007cb4    00000004                                   : printf.c.obj (.text:_outc)
                  00007cb8    00000004                                   : printf.c.obj (.text:_outs)
                  00007cbc    00000004                                   : pre_init.c.obj (.text:_system_pre_init)
                  00007cc0    00000004                                   : exit.c.obj (.text:abort:abort)

.const     0    00007cc4    000006a8     
                  00007cc4    000002f8     grlib.a : fontfixed6x8.obj (.const:.string:g_pucFontFixed6x8Data)
                  00007fbc    00000120     uart.obj (.const:UCxBRS)
                  000080dc    00000101     rtsv7M4_T_le_v4SPD16_eabi.lib : ctype.c.obj (.const:.string:_ctypes_)
                  000081dd    00000003     --HOLE-- [fill = 0]
                  000081e0    000000c8     grlib.a : fontfixed6x8.obj (.const:g_sFontFixed6x8)
                  000082a8    00000030     msp432p4xx_driverlib.lib : gpio.o (.const:GPIO_PORT_TO_BASE)
                  000082d8    00000020     Crystalfontz128x128_ST7735.obj (.const:g_sCrystalfontz128x128_funcs)
                  000082f8    0000001c     HAL_MSP_EXP432P401R_Crystalfontz128x128_ST7735.obj (.const:$P$T0$1)
                  00008314    00000018     main_freertos.obj (.const:captureModeConfig)
                  0000832c    00000018     main_freertos.obj (.const:upConfig)
                  00008344    00000010     main_freertos.obj (.const:continuousModeConfig)
                  00008354    00000008     Crystalfontz128x128_ST7735.obj (.const:$P$T0$1)
                  0000835c    00000008     msp432p4xx_driverlib.lib : interrupt.o (.const:g_pulEnRegs)
                  00008364    00000008     port.obj (.const)

.cinit     0    00008370    00000070     
                  00008370    00000049     (.cinit..data.load) [load image, compression = lzss]
                  000083b9    00000003     --HOLE-- [fill = 0]
                  000083bc    0000000c     (__TI_handler_table)
                  000083c8    00000008     (.cinit..bss.load) [load image, compression = zero_init]
                  000083d0    00000010     (__TI_cinit_table)

.init_array 
*          0    00000000    00000000     UNINITIALIZED

.intvecs   0    00000000    000000e4     
                  00000000    000000e4     startup_msp432p401r_FreeRTOS_ccs.obj (.intvecs:retain)

.bss       0    20000000    0000cb5a     UNINITIALIZED
                  20000000    0000c800     heap_4.obj (.bss:ucHeap)
                  2000c800    00000100     main_freertos.obj (.bss:print_buffer$1)
                  2000c900    00000100     uart.obj (.bss:print_buffer$1)
                  2000ca00    00000064     tasks.obj (.bss:pxReadyTasksLists)
                  2000ca64    00000020     (.common:peoplePos)
                  2000ca84    0000001c     (.common:g_sContext)
                  2000caa0    00000014     timers.obj (.bss:xActiveTimerList1)
                  2000cab4    00000014     timers.obj (.bss:xActiveTimerList2)
                  2000cac8    00000014     tasks.obj (.bss:xDelayedTaskList1)
                  2000cadc    00000014     tasks.obj (.bss:xDelayedTaskList2)
                  2000caf0    00000014     tasks.obj (.bss:xPendingReadyList)
                  2000cb04    00000014     tasks.obj (.bss:xSuspendedTaskList)
                  2000cb18    00000014     tasks.obj (.bss:xTasksWaitingTermination)
                  2000cb2c    00000008     msp432p4xx_driverlib.lib : cs.o (.bss)
                  2000cb34    00000008     tasks.obj (.bss)
                  2000cb3c    00000008     timers.obj (.bss)
                  2000cb44    00000008     heap_4.obj (.bss:xStart)
                  2000cb4c    00000004     (.common:q1)
                  2000cb50    00000002     (.common:Lcd_ScreenHeigth)
                  2000cb52    00000002     (.common:Lcd_ScreenWidth)
                  2000cb54    00000002     (.common:Lcd_TouchTrim)
                  2000cb56    00000001     (.common:Lcd_FlagRead)
                  2000cb57    00000001     (.common:Lcd_FontSolid)
                  2000cb58    00000001     (.common:Lcd_Orientation)
                  2000cb59    00000001     (.common:Lcd_PenSolid)

.data      0    2000cb5c    000001d4     UNINITIALIZED
                  2000cb5c    000000f0     rtsv7M4_T_le_v4SPD16_eabi.lib : defs.c.obj (.data:_ftable)
                  2000cc4c    00000034     tasks.obj (.data)
                  2000cc80    00000028     uart.obj (.data:uart_config)
                  2000cca8    00000024     main_freertos.obj (.data)
                  2000cccc    00000018     port.obj (.data)
                  2000cce4    00000010     main_freertos.obj (.data:compareConfig_PWM)
                  2000ccf4    00000010     Crystalfontz128x128_ST7735.obj (.data:g_sCrystalfontz128x128)
                  2000cd04    00000010     heap_4.obj (.data)
                  2000cd14    0000000c     timers.obj (.data)
                  2000cd20    00000008     rtsv7M4_T_le_v4SPD16_eabi.lib : _lock.c.obj (.data:$O1$$)
                  2000cd28    00000004                                   : errno.c.obj (.data)
                  2000cd2c    00000004     system_msp432p401r.obj (.data)

.stack     0    2000fc00    00000400     UNINITIALIZED
                  2000fc00    00000004     rtsv7M4_T_le_v4SPD16_eabi.lib : boot_cortex_m.c.obj (.stack)
                  2000fc04    000003fc     --HOLE--

__llvm_prf_cnts 
*          0    20000000    00000000     UNINITIALIZED

.binit     0    00000000    00000000     

MODULE SUMMARY

       Module                                               code    ro data   rw data
       ------                                               ----    -------   -------
    .\
       main_freertos.obj                                    1740    64        744    
       uart.obj                                             492     288       592    
       system_msp432p401r.obj                               820     0         8      
       startup_msp432p401r_FreeRTOS_ccs.obj                 14      228       0      
    +--+----------------------------------------------------+-------+---------+---------+
       Total:                                               3066    580       1344   
                                                                                     
    .\FreeRTOS\
       tasks.obj                                            6512    0         520    
       queue.obj                                            3338    0         0      
       timers.obj                                           1852    0         120    
       list.obj                                             298     0         0      
    +--+----------------------------------------------------+-------+---------+---------+
       Total:                                               12000   0         640    
                                                                                     
    .\FreeRTOS\portable\CCS\ARM_CM4F\
       port.obj                                             1068    8         48     
       portasm.obj                                          210     0         0      
    +--+----------------------------------------------------+-------+---------+---------+
       Total:                                               1278    8         48     
                                                                                     
    .\FreeRTOS\portable\MemMang\
       heap_4.obj                                           872     0         102448 
    +--+----------------------------------------------------+-------+---------+---------+
       Total:                                               872     0         102448 
                                                                                     
    .\LcdDriver\
       Crystalfontz128x128_ST7735.obj                       1664    40        52     
       HAL_MSP_EXP432P401R_Crystalfontz128x128_ST7735.obj   204     28        0      
    +--+----------------------------------------------------+-------+---------+---------+
       Total:                                               1868    68        52     
                                                                                     
    C:/Users/eddie/OneDrive/Documenti/simplelink_msp432p4_sdk_3_40_01_02/source/ti/devices/msp432p4xx/driverlib/ccs/msp432p4xx_driverlib.lib
       cs.o                                                 1174    0         16     
       pcm.o                                                848     0         0      
       timer_a.o                                            766     0         0      
       gpio.o                                               416     48        0      
       uart.o                                               358     0         0      
       spi.o                                                312     0         0      
       timer32.o                                            246     0         0      
       interrupt.o                                          160     8         0      
       sysctl_a.o                                           148     0         0      
       flash.o                                              72      0         0      
       wdt_a.o                                              36      0         0      
       cpu.o                                                24      0         0      
    +--+----------------------------------------------------+-------+---------+---------+
       Total:                                               4560    56        16     
                                                                                     
    C:/Users/eddie/OneDrive/Documenti/simplelink_msp432p4_sdk_3_40_01_02/source/ti/grlib/lib/ccs/m4f/grlib.a
       fontfixed6x8.obj                                     0       960       0      
       context.obj                                          174     0         0      
       display.obj                                          48      0         0      
    +--+----------------------------------------------------+-------+---------+---------+
       Total:                                               222     960       0      
                                                                                     
    C:\ti\ccs1210\ccs\tools\compiler\ti-cgt-arm_20.2.7.LTS\lib\rtsv7M4_T_le_v4SPD16_eabi.lib
       _printfi.c.obj                                       4851    0         0      
       defs.c.obj                                           0       0         480    
       fd_add_t2.asm.obj                                    438     0         0      
       fd_div_t2.asm.obj                                    310     0         0      
       s_scalbn.c.obj                                       272     0         0      
       fd_cmp_t2.asm.obj                                    268     0         0      
       ctype.c.obj                                          0       257       0      
       fd_mul_t2.asm.obj                                    252     0         0      
       memcpy_t2.asm.obj                                    156     0         0      
       ull_div_t2.asm.obj                                   150     0         0      
       vsnprintf.c.obj                                      136     0         0      
       memset_t2.asm.obj                                    122     0         0      
       printf.c.obj                                         112     0         0      
       copy_decompress_lzss.c.obj                           104     0         0      
       s_frexp.c.obj                                        100     0         0      
       _ltoa.c.obj                                          84      0         0      
       atoi.c.obj                                           76      0         0      
       fd_toi_t2.asm.obj                                    72      0         0      
       autoinit.c.obj                                       68      0         0      
       boot_cortex_m.c.obj                                  52      0         0      
       i_tofd_t2.asm.obj                                    46      0         0      
       memccpy.c.obj                                        28      0         0      
       s_copysign.c.obj                                     26      0         0      
       strchr.c.obj                                         22      0         0      
       strlen.c.obj                                         20      0         0      
       _lock.c.obj                                          2       0         16     
       wcslen.c.obj                                         18      0         0      
       errno.c.obj                                          8       0         8      
       copy_decompress_none.c.obj                           14      0         0      
       copy_zero_init.c.obj                                 12      0         0      
       exit.c.obj                                           4       0         0      
       pre_init.c.obj                                       4       0         0      
       div0.asm.obj                                         2       0         0      
    +--+----------------------------------------------------+-------+---------+---------+
       Total:                                               7829    257       504    
                                                                                     
       Stack:                                               0       0         2048   
       Linker Generated:                                    0       109       0      
    +--+----------------------------------------------------+-------+---------+---------+
       Grand Total:                                         31695   2038      107100 


LINKER GENERATED COPY TABLES

__TI_cinit_table @ 000083d0 records: 2, size/record: 8, table size: 16
	.data: load addr=00008370, load size=00000049 bytes, run addr=2000cb5c, run size=000001d4 bytes, compression=lzss
	.bss: load addr=000083c8, load size=00000008 bytes, run addr=20000000, run size=0000cb5a bytes, compression=zero_init


LINKER GENERATED HANDLER TABLE

__TI_handler_table @ 000083bc records: 3, size/record: 4, table size: 12
	index: 0, handler: __TI_decompress_lzss
	index: 1, handler: __TI_decompress_none
	index: 2, handler: __TI_zero_init


GLOBAL SYMBOLS: SORTED ALPHABETICALLY BY Name 

address   name                                       
-------   ----                                       
00007c85  ADC14_IRQHandler                           
00007c85  AES256_IRQHandler                          
00007c85  BusFault_Handler                           
00007cc1  C$$EXIT                                    
00007c85  COMP_E0_IRQHandler                         
00007c85  COMP_E1_IRQHandler                         
00007c87  CPU_cpsid                                  
00007c93  CPU_cpsie                                  
00007c85  CS_IRQHandler                              
000078dd  CS_clearInterruptFlag                      
000066ad  CS_getDCOFrequency                         
00007999  CS_getSMCLK                                
00005df9  CS_initClockSignal                         
000077d9  CS_setDCOCenteredFrequency                 
00003fb9  Crystalfontz128x128_Init                   
000040cd  Crystalfontz128x128_SetDrawFrame           
000041fb  Crystalfontz128x128_SetOrientation         
00007c85  DMA_ERR_IRQHandler                         
00007c85  DMA_INT0_IRQHandler                        
00007c85  DMA_INT1_IRQHandler                        
00007c85  DMA_INT2_IRQHandler                        
00007c85  DMA_INT3_IRQHandler                        
00007c85  DebugMon_Handler                           
00007c85  Default_Handler                            
00007c85  EUSCIA0_IRQHandler                         
00007c85  EUSCIA1_IRQHandler                         
00007c85  EUSCIA2_IRQHandler                         
00007c85  EUSCIA3_IRQHandler                         
00007c85  EUSCIB0_IRQHandler                         
00007c85  EUSCIB1_IRQHandler                         
00007c85  EUSCIB2_IRQHandler                         
00007c85  EUSCIB3_IRQHandler                         
00007b0f  EUSCI_A_SPI_enable                         
00007b25  EUSCI_B_SPI_enable                         
00007c85  FLCTL_IRQHandler                           
00007c85  FPU_IRQHandler                             
000075cd  FlashCtl_setWaitState                      
000076a1  GPIO_setAsOutputPin                        
00006c6d  GPIO_setAsPeripheralModuleFunctionInputPin 
00006cf5  GPIO_setAsPeripheralModuleFunctionOutputPin
000079c1  GPIO_setOutputHighOnPin                    
000079e9  GPIO_setOutputLowOnPin                     
00007bf9  Graphics_clearDisplay                      
00007a8f  Graphics_clearDisplayOnDisplay             
0000748f  Graphics_initContext                       
00007aa9  Graphics_setBackgroundColor                
00007ac3  Graphics_setFont                           
00007b3b  Graphics_setForegroundColor                
00007b51  Graphics_translateColorOnDisplay           
00006879  HAL_LCD_PortInit                           
000068a9  HAL_LCD_SpiInit                            
000068df  HAL_LCD_writeCommand                       
0000690f  HAL_LCD_writeData                          
00007c85  HardFault_Handler                          
00007c1d  Interrupt_disableMaster                    
00006e89  Interrupt_enableInterrupt                  
00007c2d  Interrupt_enableMaster                     
2000cb56  Lcd_FlagRead                               
2000cb57  Lcd_FontSolid                              
2000cb58  Lcd_Orientation                            
2000cb59  Lcd_PenSolid                               
2000cb50  Lcd_ScreenHeigth                           
2000cb52  Lcd_ScreenWidth                            
2000cb54  Lcd_TouchTrim                              
00007c85  MemManage_Handler                          
00007c85  NMI_Handler                                
00007c85  PCM_IRQHandler                             
000072d3  PCM_getCoreVoltageLevel                    
00007331  PCM_getPowerMode                           
00007ba9  PCM_getPowerState                          
00007c3d  PCM_setCoreVoltageLevel                    
00007c4d  PCM_setPowerMode                           
00007c85  PORT1_IRQHandler                           
00007c85  PORT2_IRQHandler                           
00007c85  PORT3_IRQHandler                           
00007c85  PORT4_IRQHandler                           
00007c85  PORT5_IRQHandler                           
00007c85  PORT6_IRQHandler                           
00007c85  PSS_IRQHandler                             
00007c85  RTC_C_IRQHandler                           
00007c79  Reset_Handler                              
00007a57  SPI_enableModule                           
000069f7  SPI_initMaster                             
00006bd9  SysCtl_A_getTLVInfo                        
2000cd2c  SystemCoreClock                            
00004dcd  SystemCoreClockUpdate                      
00005045  SystemInit                                 
00007c85  T32_INT1_IRQHandler                        
00007c85  T32_INT2_IRQHandler                        
00007c85  T32_INTC_IRQHandler                        
00007c85  TA0_0_IRQHandler                           
00003e31  TA0_N_IRQHandler                           
00003e31  TA0_N_IRQHandler                           
00007c85  TA1_0_IRQHandler                           
00007c85  TA1_N_IRQHandler                           
00007c85  TA2_0_IRQHandler                           
00007c85  TA2_N_IRQHandler                           
00007c85  TA3_0_IRQHandler                           
00007c85  TA3_N_IRQHandler                           
00007bbd  Timer32_disableInterrupt                   
00007c5d  Timer32_getValue                           
0000706d  Timer32_initModule                         
0000780d  Timer32_setCount                           
000077a1  Timer32_startTimer                         
0000796d  Timer_A_clearCaptureCompareInterrupt       
00007841  Timer_A_configureContinuousMode            
000070d5  Timer_A_configureUpMode                    
00007a35  Timer_A_getCaptureCompareCount             
0000738d  Timer_A_initCapture                        
00007533  Timer_A_initCompare                        
00007b67  Timer_A_startCounter                       
00007bd1  Timer_A_stopTimer                          
00007b7d  UART_enableModule                          
00006179  UART_initModule                            
00007875  UART_transmitData                          
00007fbc  UCxBRS                                     
00007c85  UsageFault_Handler                         
4000480c  WDTCTL_SYM                                 
00007c85  WDT_A_IRQHandler                           
00007a11  WDT_A_holdTimer                            
20010000  __STACK_END                                
00000400  __STACK_SIZE                               
000083d0  __TI_CINIT_Base                            
000083e0  __TI_CINIT_Limit                           
000083bc  __TI_Handler_Table_Base                    
000083c8  __TI_Handler_Table_Limit                   
0000765d  __TI_auto_init_nobinit_nopinit             
0000713d  __TI_decompress_lzss                       
00007c6b  __TI_decompress_none                       
0000743b  __TI_ltoa                                  
ffffffff  __TI_pprof_out_hndl                        
00002761  __TI_printfi                               
ffffffff  __TI_prof_data_size                        
ffffffff  __TI_prof_data_start                       
00008370  __TI_static_base__                         
00007c9f  __TI_zero_init                             
00006d7d  __aeabi_cdcmpeq                            
00006d7d  __aeabi_cdcmple                            
00006e03  __aeabi_cdrcmple                           
00007615  __aeabi_d2iz                               
00005737  __aeabi_dadd                               
00005cc1  __aeabi_ddiv                               
000065b1  __aeabi_dmul                               
0000572d  __aeabi_dsub                               
00007cad  __aeabi_errno_addr                         
0000793d  __aeabi_i2d                                
000031af  __aeabi_idiv0                              
000031af  __aeabi_ldiv0                              
00006f85  __aeabi_memclr                             
00006f85  __aeabi_memclr4                            
00006f85  __aeabi_memclr8                            
00006aa7  __aeabi_memcpy                             
00006aa7  __aeabi_memcpy4                            
00006aa7  __aeabi_memcpy8                            
00006f87  __aeabi_memset                             
00006f87  __aeabi_memset4                            
00006f87  __aeabi_memset8                            
00006b43  __aeabi_uldivmod                           
ffffffff  __binit__                                  
ffffffff  __c_args__                                 
UNDEFED   __mpu_init                                 
2000fc00  __stack                                    
20000000  __start___llvm_prf_cnts                    
20000000  __stop___llvm_prf_cnts                     
000038ed  _buzzerInit                                
000078a9  _c_int00_noargs                            
000080dc  _ctypes_                                   
2000cb5c  _ftable                                    
00003933  _graphicsInit                              
0000396d  _hwInit                                    
2000cd20  _lock                                      
0000275f  _nop                                       
UNDEFED   _system_post_cinit                         
00007cbd  _system_pre_init                           
2000cd24  _unlock                                    
00007cc1  abort                                      
00007581  atoi                                       
ffffffff  binit                                      
2000cca8  cacca                                      
00008314  captureModeConfig                          
2000cce4  compareConfig_PWM                          
2000ccc8  contPeople                                 
00008344  continuousModeConfig                       
00007add  copysign                                   
00007add  copysignl                                  
2000ccac  counter                                    
2000ccc4  current_state                              
0000115d  eTaskConfirmSleepModeStatus                
00000505  eTaskGetState                              
2000cd28  errno                                      
00005511  fputc                                      
00005523  fputs                                      
0000720d  frexp                                      
0000720d  frexpl                                     
2000ca84  g_sContext                                 
2000ccf4  g_sCrystalfontz128x128                     
000082d8  g_sCrystalfontz128x128_funcs               
000081e0  g_sFontFixed6x8                            
00003a23  initPeriph                                 
00000000  interruptVectors                           
00006295  ldexp                                      
00006295  ldexpl                                     
000039cd  main                                       
0000390b  makeBuzz                                   
00003f31  malloc                                     
2000ccb4  meas1                                      
2000ccbc  meas1Count                                 
2000ccb8  meas2                                      
00007a73  memccpy                                    
00006aa7  memcpy                                     
00006f8d  memset                                     
00000b31  pcTaskGetName                              
0000336f  pcTimerGetName                             
00003a77  peopleDetection                            
2000ca64  peoplePos                                  
000071a5  printf                                     
00004a65  pvPortMalloc                               
000014cb  pvTaskIncrementMutexHeldCount              
000037f9  pvTimerGetTimerID                          
2000cc4c  pxCurrentTCB                               
00004639  pxPortInitialiseStack                      
2000cb4c  q1                                         
00006295  scalbn                                     
00006295  scalbnl                                    
00007b93  strchr                                     
00007be5  strlen                                     
2000ccc0  takeVal                                    
2000cc80  uart_config                                
00005371  uart_init                                  
0000548f  uart_init_gpio                             
000054a7  uart_println                               
00003e99  uart_println_mutex                         
00008364  ulMaxSyscallInterruptPriority              
000067b5  ulPortGetIPSR                              
000014e9  ulTaskNotifyTake                           
0000832c  upConfig                                   
0000600b  uxListRemove                               
0000240d  uxQueueMessagesWaiting                     
0000246b  uxQueueMessagesWaitingFromISR              
00002437  uxQueueSpacesAvailable                     
00000b2b  uxTaskGetNumberOfTasks                     
000005a1  uxTaskPriorityGet                          
000005cd  uxTaskPriorityGetFromISR                   
000014a9  uxTaskResetEventItemValue                  
00003f13  vApplicationIdleHook                       
00003f03  vApplicationMallocFailedHook               
00003f19  vApplicationStackOverflowHook              
00003f45  vApplicationTickHook                       
00005f29  vListInitialise                            
00005f59  vListInitialiseItem                        
00005fa5  vListInsert                                
00005f69  vListInsertEnd                             
00006869  vPortEnableVFP                             
00004759  vPortEndScheduler                          
0000477d  vPortEnterCritical                         
000047bf  vPortExitCritical                          
00004bc7  vPortFree                                  
00004c65  vPortInitialiseBlocks                      
0000682d  vPortSVCHandler                            
0000682d  vPortSVCHandler                            
0000496d  vPortSetupTimerInterrupt                   
0000684d  vPortStartFirstTask                        
00004815  vPortSuppressTicksAndSleep                 
000049cd  vPortValidateInterruptPriority             
00003f3b  vPreSleepProcessing                        
00002491  vQueueDelete                               
00002703  vQueueWaitForMessageRestricted             
0000049d  vTaskDelay                                 
000003bb  vTaskDelayUntil                            
000002f1  vTaskDelete                                
00003cc1  vTaskDistanceSensor                        
0000097d  vTaskEndScheduler                          
000010e7  vTaskMissedYield                           
00001873  vTaskNotifyGiveFromISR                     
00000df7  vTaskPlaceOnEventList                      
00000e8d  vTaskPlaceOnEventListRestricted            
00000e27  vTaskPlaceOnUnorderedEventList             
000012ef  vTaskPriorityInherit                       
00000615  vTaskPrioritySet                           
00000873  vTaskResume                                
00001017  vTaskSetTimeOutState                       
00000905  vTaskStartScheduler                        
00000b95  vTaskStepTick                              
00003b05  vTaskStepperMotor                          
00000749  vTaskSuspend                               
00000999  vTaskSuspendAll                            
00000d31  vTaskSwitchContext                         
00003827  vTimerSetTimerID                           
00007721  vsnprintf                                  
00007c0b  wcslen                                     
00004c59  xPortGetFreeHeapSize                       
00004c5f  xPortGetMinimumEverFreeHeapSize            
000067cd  xPortPendSVHandler                         
000067cd  xPortPendSVHandler                         
000046c5  xPortStartScheduler                        
000047eb  xPortSysTickHandler                        
000047eb  xPortSysTickHandler                        
00001ca9  xQueueCreateCountingSemaphore              
00001bd1  xQueueCreateMutex                          
00001b07  xQueueGenericCreate                        
000020ab  xQueueGenericReceive                       
00001a55  xQueueGenericReset                         
00001d05  xQueueGenericSend                          
00001eb7  xQueueGenericSendFromISR                   
00001fbd  xQueueGiveFromISR                          
00001bfd  xQueueGiveMutexRecursive                   
00002677  xQueueIsQueueEmptyFromISR                  
000026cd  xQueueIsQueueFullFromISR                   
0000235b  xQueuePeekFromISR                          
00002285  xQueueReceiveFromISR                       
00001c4d  xQueueTakeMutexRecursive                   
00001045  xTaskCheckForTimeOut                       
000000e5  xTaskCreate                                
00001615  xTaskGenericNotify                         
00001735  xTaskGenericNotifyFromISR                  
000012b1  xTaskGetCurrentTaskHandle                  
00000b61  xTaskGetIdleTaskHandle                     
000012c9  xTaskGetSchedulerState                     
00000b07  xTaskGetTickCount                          
00000b17  xTaskGetTickCountFromISR                   
00000be5  xTaskIncrementTick                         
0000195d  xTaskNotifyStateClear                      
00001571  xTaskNotifyWait                            
000013c9  xTaskPriorityDisinherit                    
00000ed5  xTaskRemoveFromEventList                   
00000f79  xTaskRemoveFromUnorderedEventList          
00000a05  xTaskResumeAll                             
2000ccb0  xTaskXHandle                               
000031ef  xTimerCreate                               
000031b1  xTimerCreateTimerTask                      
0000327d  xTimerGenericCommand                       
00003345  xTimerGetExpiryTime                        
0000331f  xTimerGetPeriod                            
000032fd  xTimerGetTimerDaemonTaskHandle             
000037b9  xTimerIsTimerActive                        
0000388b  xTimerPendFunctionCall                     
00003855  xTimerPendFunctionCallFromISR              


GLOBAL SYMBOLS: SORTED BY Symbol Address 

address   name                                       
-------   ----                                       
00000000  interruptVectors                           
000000e5  xTaskCreate                                
000002f1  vTaskDelete                                
000003bb  vTaskDelayUntil                            
00000400  __STACK_SIZE                               
0000049d  vTaskDelay                                 
00000505  eTaskGetState                              
000005a1  uxTaskPriorityGet                          
000005cd  uxTaskPriorityGetFromISR                   
00000615  vTaskPrioritySet                           
00000749  vTaskSuspend                               
00000873  vTaskResume                                
00000905  vTaskStartScheduler                        
0000097d  vTaskEndScheduler                          
00000999  vTaskSuspendAll                            
00000a05  xTaskResumeAll                             
00000b07  xTaskGetTickCount                          
00000b17  xTaskGetTickCountFromISR                   
00000b2b  uxTaskGetNumberOfTasks                     
00000b31  pcTaskGetName                              
00000b61  xTaskGetIdleTaskHandle                     
00000b95  vTaskStepTick                              
00000be5  xTaskIncrementTick                         
00000d31  vTaskSwitchContext                         
00000df7  vTaskPlaceOnEventList                      
00000e27  vTaskPlaceOnUnorderedEventList             
00000e8d  vTaskPlaceOnEventListRestricted            
00000ed5  xTaskRemoveFromEventList                   
00000f79  xTaskRemoveFromUnorderedEventList          
00001017  vTaskSetTimeOutState                       
00001045  xTaskCheckForTimeOut                       
000010e7  vTaskMissedYield                           
0000115d  eTaskConfirmSleepModeStatus                
000012b1  xTaskGetCurrentTaskHandle                  
000012c9  xTaskGetSchedulerState                     
000012ef  vTaskPriorityInherit                       
000013c9  xTaskPriorityDisinherit                    
000014a9  uxTaskResetEventItemValue                  
000014cb  pvTaskIncrementMutexHeldCount              
000014e9  ulTaskNotifyTake                           
00001571  xTaskNotifyWait                            
00001615  xTaskGenericNotify                         
00001735  xTaskGenericNotifyFromISR                  
00001873  vTaskNotifyGiveFromISR                     
0000195d  xTaskNotifyStateClear                      
00001a55  xQueueGenericReset                         
00001b07  xQueueGenericCreate                        
00001bd1  xQueueCreateMutex                          
00001bfd  xQueueGiveMutexRecursive                   
00001c4d  xQueueTakeMutexRecursive                   
00001ca9  xQueueCreateCountingSemaphore              
00001d05  xQueueGenericSend                          
00001eb7  xQueueGenericSendFromISR                   
00001fbd  xQueueGiveFromISR                          
000020ab  xQueueGenericReceive                       
00002285  xQueueReceiveFromISR                       
0000235b  xQueuePeekFromISR                          
0000240d  uxQueueMessagesWaiting                     
00002437  uxQueueSpacesAvailable                     
0000246b  uxQueueMessagesWaitingFromISR              
00002491  vQueueDelete                               
00002677  xQueueIsQueueEmptyFromISR                  
000026cd  xQueueIsQueueFullFromISR                   
00002703  vQueueWaitForMessageRestricted             
0000275f  _nop                                       
00002761  __TI_printfi                               
000031af  __aeabi_idiv0                              
000031af  __aeabi_ldiv0                              
000031b1  xTimerCreateTimerTask                      
000031ef  xTimerCreate                               
0000327d  xTimerGenericCommand                       
000032fd  xTimerGetTimerDaemonTaskHandle             
0000331f  xTimerGetPeriod                            
00003345  xTimerGetExpiryTime                        
0000336f  pcTimerGetName                             
000037b9  xTimerIsTimerActive                        
000037f9  pvTimerGetTimerID                          
00003827  vTimerSetTimerID                           
00003855  xTimerPendFunctionCallFromISR              
0000388b  xTimerPendFunctionCall                     
000038ed  _buzzerInit                                
0000390b  makeBuzz                                   
00003933  _graphicsInit                              
0000396d  _hwInit                                    
000039cd  main                                       
00003a23  initPeriph                                 
00003a77  peopleDetection                            
00003b05  vTaskStepperMotor                          
00003cc1  vTaskDistanceSensor                        
00003e31  TA0_N_IRQHandler                           
00003e31  TA0_N_IRQHandler                           
00003e99  uart_println_mutex                         
00003f03  vApplicationMallocFailedHook               
00003f13  vApplicationIdleHook                       
00003f19  vApplicationStackOverflowHook              
00003f31  malloc                                     
00003f3b  vPreSleepProcessing                        
00003f45  vApplicationTickHook                       
00003fb9  Crystalfontz128x128_Init                   
000040cd  Crystalfontz128x128_SetDrawFrame           
000041fb  Crystalfontz128x128_SetOrientation         
00004639  pxPortInitialiseStack                      
000046c5  xPortStartScheduler                        
00004759  vPortEndScheduler                          
0000477d  vPortEnterCritical                         
000047bf  vPortExitCritical                          
000047eb  xPortSysTickHandler                        
000047eb  xPortSysTickHandler                        
00004815  vPortSuppressTicksAndSleep                 
0000496d  vPortSetupTimerInterrupt                   
000049cd  vPortValidateInterruptPriority             
00004a65  pvPortMalloc                               
00004bc7  vPortFree                                  
00004c59  xPortGetFreeHeapSize                       
00004c5f  xPortGetMinimumEverFreeHeapSize            
00004c65  vPortInitialiseBlocks                      
00004dcd  SystemCoreClockUpdate                      
00005045  SystemInit                                 
00005371  uart_init                                  
0000548f  uart_init_gpio                             
000054a7  uart_println                               
00005511  fputc                                      
00005523  fputs                                      
0000572d  __aeabi_dsub                               
00005737  __aeabi_dadd                               
00005cc1  __aeabi_ddiv                               
00005df9  CS_initClockSignal                         
00005f29  vListInitialise                            
00005f59  vListInitialiseItem                        
00005f69  vListInsertEnd                             
00005fa5  vListInsert                                
0000600b  uxListRemove                               
00006179  UART_initModule                            
00006295  ldexp                                      
00006295  ldexpl                                     
00006295  scalbn                                     
00006295  scalbnl                                    
000065b1  __aeabi_dmul                               
000066ad  CS_getDCOFrequency                         
000067b5  ulPortGetIPSR                              
000067cd  xPortPendSVHandler                         
000067cd  xPortPendSVHandler                         
0000682d  vPortSVCHandler                            
0000682d  vPortSVCHandler                            
0000684d  vPortStartFirstTask                        
00006869  vPortEnableVFP                             
00006879  HAL_LCD_PortInit                           
000068a9  HAL_LCD_SpiInit                            
000068df  HAL_LCD_writeCommand                       
0000690f  HAL_LCD_writeData                          
000069f7  SPI_initMaster                             
00006aa7  __aeabi_memcpy                             
00006aa7  __aeabi_memcpy4                            
00006aa7  __aeabi_memcpy8                            
00006aa7  memcpy                                     
00006b43  __aeabi_uldivmod                           
00006bd9  SysCtl_A_getTLVInfo                        
00006c6d  GPIO_setAsPeripheralModuleFunctionInputPin 
00006cf5  GPIO_setAsPeripheralModuleFunctionOutputPin
00006d7d  __aeabi_cdcmpeq                            
00006d7d  __aeabi_cdcmple                            
00006e03  __aeabi_cdrcmple                           
00006e89  Interrupt_enableInterrupt                  
00006f85  __aeabi_memclr                             
00006f85  __aeabi_memclr4                            
00006f85  __aeabi_memclr8                            
00006f87  __aeabi_memset                             
00006f87  __aeabi_memset4                            
00006f87  __aeabi_memset8                            
00006f8d  memset                                     
0000706d  Timer32_initModule                         
000070d5  Timer_A_configureUpMode                    
0000713d  __TI_decompress_lzss                       
000071a5  printf                                     
0000720d  frexp                                      
0000720d  frexpl                                     
000072d3  PCM_getCoreVoltageLevel                    
00007331  PCM_getPowerMode                           
0000738d  Timer_A_initCapture                        
0000743b  __TI_ltoa                                  
0000748f  Graphics_initContext                       
00007533  Timer_A_initCompare                        
00007581  atoi                                       
000075cd  FlashCtl_setWaitState                      
00007615  __aeabi_d2iz                               
0000765d  __TI_auto_init_nobinit_nopinit             
000076a1  GPIO_setAsOutputPin                        
00007721  vsnprintf                                  
000077a1  Timer32_startTimer                         
000077d9  CS_setDCOCenteredFrequency                 
0000780d  Timer32_setCount                           
00007841  Timer_A_configureContinuousMode            
00007875  UART_transmitData                          
000078a9  _c_int00_noargs                            
000078dd  CS_clearInterruptFlag                      
0000793d  __aeabi_i2d                                
0000796d  Timer_A_clearCaptureCompareInterrupt       
00007999  CS_getSMCLK                                
000079c1  GPIO_setOutputHighOnPin                    
000079e9  GPIO_setOutputLowOnPin                     
00007a11  WDT_A_holdTimer                            
00007a35  Timer_A_getCaptureCompareCount             
00007a57  SPI_enableModule                           
00007a73  memccpy                                    
00007a8f  Graphics_clearDisplayOnDisplay             
00007aa9  Graphics_setBackgroundColor                
00007ac3  Graphics_setFont                           
00007add  copysign                                   
00007add  copysignl                                  
00007b0f  EUSCI_A_SPI_enable                         
00007b25  EUSCI_B_SPI_enable                         
00007b3b  Graphics_setForegroundColor                
00007b51  Graphics_translateColorOnDisplay           
00007b67  Timer_A_startCounter                       
00007b7d  UART_enableModule                          
00007b93  strchr                                     
00007ba9  PCM_getPowerState                          
00007bbd  Timer32_disableInterrupt                   
00007bd1  Timer_A_stopTimer                          
00007be5  strlen                                     
00007bf9  Graphics_clearDisplay                      
00007c0b  wcslen                                     
00007c1d  Interrupt_disableMaster                    
00007c2d  Interrupt_enableMaster                     
00007c3d  PCM_setCoreVoltageLevel                    
00007c4d  PCM_setPowerMode                           
00007c5d  Timer32_getValue                           
00007c6b  __TI_decompress_none                       
00007c79  Reset_Handler                              
00007c85  ADC14_IRQHandler                           
00007c85  AES256_IRQHandler                          
00007c85  BusFault_Handler                           
00007c85  COMP_E0_IRQHandler                         
00007c85  COMP_E1_IRQHandler                         
00007c85  CS_IRQHandler                              
00007c85  DMA_ERR_IRQHandler                         
00007c85  DMA_INT0_IRQHandler                        
00007c85  DMA_INT1_IRQHandler                        
00007c85  DMA_INT2_IRQHandler                        
00007c85  DMA_INT3_IRQHandler                        
00007c85  DebugMon_Handler                           
00007c85  Default_Handler                            
00007c85  EUSCIA0_IRQHandler                         
00007c85  EUSCIA1_IRQHandler                         
00007c85  EUSCIA2_IRQHandler                         
00007c85  EUSCIA3_IRQHandler                         
00007c85  EUSCIB0_IRQHandler                         
00007c85  EUSCIB1_IRQHandler                         
00007c85  EUSCIB2_IRQHandler                         
00007c85  EUSCIB3_IRQHandler                         
00007c85  FLCTL_IRQHandler                           
00007c85  FPU_IRQHandler                             
00007c85  HardFault_Handler                          
00007c85  MemManage_Handler                          
00007c85  NMI_Handler                                
00007c85  PCM_IRQHandler                             
00007c85  PORT1_IRQHandler                           
00007c85  PORT2_IRQHandler                           
00007c85  PORT3_IRQHandler                           
00007c85  PORT4_IRQHandler                           
00007c85  PORT5_IRQHandler                           
00007c85  PORT6_IRQHandler                           
00007c85  PSS_IRQHandler                             
00007c85  RTC_C_IRQHandler                           
00007c85  T32_INT1_IRQHandler                        
00007c85  T32_INT2_IRQHandler                        
00007c85  T32_INTC_IRQHandler                        
00007c85  TA0_0_IRQHandler                           
00007c85  TA1_0_IRQHandler                           
00007c85  TA1_N_IRQHandler                           
00007c85  TA2_0_IRQHandler                           
00007c85  TA2_N_IRQHandler                           
00007c85  TA3_0_IRQHandler                           
00007c85  TA3_N_IRQHandler                           
00007c85  UsageFault_Handler                         
00007c85  WDT_A_IRQHandler                           
00007c87  CPU_cpsid                                  
00007c93  CPU_cpsie                                  
00007c9f  __TI_zero_init                             
00007cad  __aeabi_errno_addr                         
00007cbd  _system_pre_init                           
00007cc1  C$$EXIT                                    
00007cc1  abort                                      
00007fbc  UCxBRS                                     
000080dc  _ctypes_                                   
000081e0  g_sFontFixed6x8                            
000082d8  g_sCrystalfontz128x128_funcs               
00008314  captureModeConfig                          
0000832c  upConfig                                   
00008344  continuousModeConfig                       
00008364  ulMaxSyscallInterruptPriority              
00008370  __TI_static_base__                         
000083bc  __TI_Handler_Table_Base                    
000083c8  __TI_Handler_Table_Limit                   
000083d0  __TI_CINIT_Base                            
000083e0  __TI_CINIT_Limit                           
20000000  __start___llvm_prf_cnts                    
20000000  __stop___llvm_prf_cnts                     
2000ca64  peoplePos                                  
2000ca84  g_sContext                                 
2000cb4c  q1                                         
2000cb50  Lcd_ScreenHeigth                           
2000cb52  Lcd_ScreenWidth                            
2000cb54  Lcd_TouchTrim                              
2000cb56  Lcd_FlagRead                               
2000cb57  Lcd_FontSolid                              
2000cb58  Lcd_Orientation                            
2000cb59  Lcd_PenSolid                               
2000cb5c  _ftable                                    
2000cc4c  pxCurrentTCB                               
2000cc80  uart_config                                
2000cca8  cacca                                      
2000ccac  counter                                    
2000ccb0  xTaskXHandle                               
2000ccb4  meas1                                      
2000ccb8  meas2                                      
2000ccbc  meas1Count                                 
2000ccc0  takeVal                                    
2000ccc4  current_state                              
2000ccc8  contPeople                                 
2000cce4  compareConfig_PWM                          
2000ccf4  g_sCrystalfontz128x128                     
2000cd20  _lock                                      
2000cd24  _unlock                                    
2000cd28  errno                                      
2000cd2c  SystemCoreClock                            
2000fc00  __stack                                    
20010000  __STACK_END                                
4000480c  WDTCTL_SYM                                 
ffffffff  __TI_pprof_out_hndl                        
ffffffff  __TI_prof_data_size                        
ffffffff  __TI_prof_data_start                       
ffffffff  __binit__                                  
ffffffff  __c_args__                                 
ffffffff  binit                                      
UNDEFED   __mpu_init                                 
UNDEFED   _system_post_cinit                         

[337 symbols]
