******************************************************************************
                  TI ARM Linker PC v20.2.7                     
******************************************************************************
>> Linked Fri Dec 23 12:17:40 2022

OUTPUT FILE NAME:   <FreeRTOS-HelloWorld.out>
ENTRY POINT SYMBOL: "_c_int00_noargs"  address: 0000621d


MEMORY CONFIGURATION

         name            origin    length      used     unused   attr    fill
----------------------  --------  ---------  --------  --------  ----  --------
  MAIN                  00000000   00040000  00006698  00039968  R  X
  INFO                  00200000   00004000  00000000  00004000  R  X
  SRAM_CODE             01000000   00010000  0000cfb0  00003050  RW X
  SRAM_DATA             20000000   00010000  0000cfb0  00003050  RW  


SEGMENT ALLOCATION MAP

run origin  load origin   length   init length attrs members
----------  ----------- ---------- ----------- ----- -------
00000000    00000000    00006698   00006698    r-x
  00000000    00000000    000000e4   000000e4    r-- .intvecs
  000000e4    000000e4    00006318   00006318    r-x .text
  000063fc    000063fc    0000025c   0000025c    r-- .const
  00006658    00006658    00000040   00000040    r-- .cinit
20000000    20000000    0000cbb0   00000000    rw-
  20000000    20000000    0000cb10   00000000    rw- .bss
  2000cb10    2000cb10    000000a0   00000000    rw- .data
2000fc00    2000fc00    00000400   00000000    rw-
  2000fc00    2000fc00    00000400   00000000    rw- .stack


SECTION ALLOCATION MAP

 output                                  attributes/
section   page    origin      length       input sections
--------  ----  ----------  ----------   ----------------
.text      0    000000e4    00006318     
                  000000e4    00001970     tasks.obj (.text)
                  00001a54    00000d0a     queue.obj (.text)
                  0000275e    00000002     rtsv7M4_T_le_v4SPD16_eabi.lib : div0.asm.obj (.text)
                  00002760    00000a4e                                   : _printfi.c.obj (.text:__TI_printfi)
                  000031ae    00000002     --HOLE-- [fill = 0]
                  000031b0    0000073c     timers.obj (.text)
                  000038ec    0000042c     port.obj (.text)
                  00003d18    00000368     heap_4.obj (.text)
                  00004080    00000334     system_msp432p401r.obj (.text)
                  000043b4    000002a4     main_freertos.obj (.text)
                  00004658    00000270     rtsv7M4_T_le_v4SPD16_eabi.lib : _printfi.c.obj (.text:_pconv_a)
                  000048c8    000001ec     uart.obj (.text)
                  00004ab4    000001d0     rtsv7M4_T_le_v4SPD16_eabi.lib : _printfi.c.obj (.text:_pconv_g)
                  00004c84    000001b6                                   : fd_add_t2.asm.obj (.text)
                  00004e3a    00000002     --HOLE-- [fill = 0]
                  00004e3c    0000013c                                   : _printfi.c.obj (.text:_pconv_e)
                  00004f78    00000136                                   : fd_div_t2.asm.obj (.text)
                  000050ae    0000012a     list.obj (.text)
                  000051d8    00000124     rtsv7M4_T_le_v4SPD16_eabi.lib : _printfi.c.obj (.text:fcvt)
                  000052fc    0000011c     msp432p4xx_driverlib.lib : uart.o (.text:UART_initModule)
                  00005418    00000110     rtsv7M4_T_le_v4SPD16_eabi.lib : s_scalbn.c.obj (.text:scalbn)
                  00005528    00000104     msp432p4xx_driverlib.lib : cs.o (.text:_CSComputeCLKFrequency)
                  0000562c    000000fc     rtsv7M4_T_le_v4SPD16_eabi.lib : fd_mul_t2.asm.obj (.text)
                  00005728    000000f8     msp432p4xx_driverlib.lib : cs.o (.text:CS_getDCOFrequency)
                  00005820    000000d2     portasm.obj (.text)
                  000058f2    00000002     --HOLE-- [fill = 0]
                  000058f4    000000b1     rtsv7M4_T_le_v4SPD16_eabi.lib : _printfi.c.obj (.text:_ltostr)
                  000059a5    00000001     --HOLE-- [fill = 0]
                  000059a6    0000009c                                   : memcpy_t2.asm.obj (.text)
                  00005a42    00000096                                   : ull_div_t2.asm.obj (.text)
                  00005ad8    00000094     msp432p4xx_driverlib.lib : sysctl_a.o (.text:SysCtl_A_getTLVInfo)
                  00005b6c    00000088                              : gpio.o (.text:GPIO_setAsPeripheralModuleFunctionOutputPin)
                  00005bf4    00000086     rtsv7M4_T_le_v4SPD16_eabi.lib : fd_cmp_t2.asm.obj (.text:__aeabi_cdcmple)
                  00005c7a    00000086                                   : fd_cmp_t2.asm.obj (.text:__aeabi_cdrcmple)
                  00005d00    0000007c     msp432p4xx_driverlib.lib : cs.o (.text:_CSGetDOCFrequency)
                  00005d7c    0000007a     rtsv7M4_T_le_v4SPD16_eabi.lib : memset_t2.asm.obj (.text)
                  00005df6    0000006e                                   : _printfi.c.obj (.text:_mcpy)
                  00005e64    00000068                                   : copy_decompress_lzss.c.obj (.text:decompress:lzss:__TI_decompress_lzss)
                  00005ecc    00000064                                   : s_frexp.c.obj (.text:frexp)
                  00005f30    00000062     msp432p4xx_driverlib.lib : cs.o (.text:_CSGetDividerValue)
                  00005f92    00000056     rtsv7M4_T_le_v4SPD16_eabi.lib : _printfi.c.obj (.text:_pconv_f)
                  00005fe8    00000054                                   : _ltoa.c.obj (.text:__TI_ltoa)
                  0000603c    00000052                                   : _printfi.c.obj (.text:_ecpy)
                  0000608e    00000002     --HOLE-- [fill = 0]
                  00006090    0000004c                                   : atoi.c.obj (.text:atoi)
                  000060dc    00000048                                   : fd_toi_t2.asm.obj (.text)
                  00006124    00000044                                   : autoinit.c.obj (.text:__TI_auto_init_nobinit_nopinit:__TI_auto_init_nobinit_nopinit)
                  00006168    00000040                                   : vsnprintf.c.obj (.text:vsnprintf)
                  000061a8    0000003e                                   : _printfi.c.obj (.text:_fcpy)
                  000061e6    00000002     --HOLE-- [fill = 0]
                  000061e8    00000034     msp432p4xx_driverlib.lib : uart.o (.text:UART_transmitData)
                  0000621c    00000034     rtsv7M4_T_le_v4SPD16_eabi.lib : boot_cortex_m.c.obj (.text:_c_int00_noargs:_c_int00_noargs)
                  00006250    00000030     msp432p4xx_driverlib.lib : cs.o (.text:CS_clearInterruptFlag)
                  00006280    00000030     rtsv7M4_T_le_v4SPD16_eabi.lib : vsnprintf.c.obj (.text:_outs)
                  000062b0    0000002e                                   : i_tofd_t2.asm.obj (.text)
                  000062de    00000002     --HOLE-- [fill = 0]
                  000062e0    00000028     msp432p4xx_driverlib.lib : cs.o (.text:CS_getSMCLK)
                  00006308    0000001c     rtsv7M4_T_le_v4SPD16_eabi.lib : memccpy.c.obj (.text:memccpy)
                  00006324    0000001a                                   : s_copysign.c.obj (.text:copysign)
                  0000633e    00000018                                   : vsnprintf.c.obj (.text:_outc)
                  00006356    00000016     msp432p4xx_driverlib.lib : uart.o (.text:UART_enableModule)
                  0000636c    00000016     rtsv7M4_T_le_v4SPD16_eabi.lib : strchr.c.obj (.text:strchr)
                  00006382    00000014                                   : strlen.c.obj (.text:strlen)
                  00006396    00000012                                   : wcslen.c.obj (.text:wcslen)
                  000063a8    00000010     msp432p4xx_driverlib.lib : interrupt.o (.text:Interrupt_disableMaster)
                  000063b8    0000000e     rtsv7M4_T_le_v4SPD16_eabi.lib : copy_decompress_none.c.obj (.text:decompress:none:__TI_decompress_none)
                  000063c6    0000000e     startup_msp432p401r_FreeRTOS_ccs.obj (.text)
                  000063d4    0000000c     msp432p4xx_driverlib.lib : cpu.o (.text:CPU_cpsid)
                  000063e0    0000000c     rtsv7M4_T_le_v4SPD16_eabi.lib : copy_zero_init.c.obj (.text:decompress:ZI:__TI_zero_init)
                  000063ec    00000008                                   : errno.c.obj (.text:__aeabi_errno_addr)
                  000063f4    00000004                                   : pre_init.c.obj (.text:_system_pre_init)
                  000063f8    00000004                                   : exit.c.obj (.text:abort:abort)

.const     0    000063fc    0000025c     
                  000063fc    00000120     uart.obj (.const:UCxBRS)
                  0000651c    00000101     rtsv7M4_T_le_v4SPD16_eabi.lib : ctype.c.obj (.const:.string:_ctypes_)
                  0000661d    00000003     --HOLE-- [fill = 0]
                  00006620    00000030     msp432p4xx_driverlib.lib : gpio.o (.const:GPIO_PORT_TO_BASE)
                  00006650    00000008     port.obj (.const)

.cinit     0    00006658    00000040     
                  00006658    0000001c     (.cinit..data.load) [load image, compression = lzss]
                  00006674    0000000c     (__TI_handler_table)
                  00006680    00000008     (.cinit..bss.load) [load image, compression = zero_init]
                  00006688    00000010     (__TI_cinit_table)

.init_array 
*          0    00000000    00000000     UNINITIALIZED

.intvecs   0    00000000    000000e4     
                  00000000    000000e4     startup_msp432p401r_FreeRTOS_ccs.obj (.intvecs:retain)

.bss       0    20000000    0000cb10     UNINITIALIZED
                  20000000    0000c800     heap_4.obj (.bss:ucHeap)
                  2000c800    00000100     main_freertos.obj (.bss:print_buffer$1)
                  2000c900    00000100     uart.obj (.bss:print_buffer$1)
                  2000ca00    00000064     tasks.obj (.bss:pxReadyTasksLists)
                  2000ca64    00000014     timers.obj (.bss:xActiveTimerList1)
                  2000ca78    00000014     timers.obj (.bss:xActiveTimerList2)
                  2000ca8c    00000014     tasks.obj (.bss:xDelayedTaskList1)
                  2000caa0    00000014     tasks.obj (.bss:xDelayedTaskList2)
                  2000cab4    00000014     tasks.obj (.bss:xPendingReadyList)
                  2000cac8    00000014     tasks.obj (.bss:xSuspendedTaskList)
                  2000cadc    00000014     tasks.obj (.bss:xTasksWaitingTermination)
                  2000caf0    00000008     msp432p4xx_driverlib.lib : cs.o (.bss)
                  2000caf8    00000008     tasks.obj (.bss)
                  2000cb00    00000008     timers.obj (.bss)
                  2000cb08    00000008     heap_4.obj (.bss:xStart)

.data      0    2000cb10    000000a0     UNINITIALIZED
                  2000cb10    00000034     tasks.obj (.data)
                  2000cb44    00000028     uart.obj (.data:uart_config)
                  2000cb6c    00000018     port.obj (.data)
                  2000cb84    00000010     heap_4.obj (.data)
                  2000cb94    0000000c     timers.obj (.data)
                  2000cba0    00000008     main_freertos.obj (.data)
                  2000cba8    00000004     rtsv7M4_T_le_v4SPD16_eabi.lib : errno.c.obj (.data)
                  2000cbac    00000004     system_msp432p401r.obj (.data)

.stack     0    2000fc00    00000400     UNINITIALIZED
                  2000fc00    00000004     rtsv7M4_T_le_v4SPD16_eabi.lib : boot_cortex_m.c.obj (.stack)
                  2000fc04    000003fc     --HOLE--

__llvm_prf_cnts 
*          0    20000000    00000000     UNINITIALIZED

.binit     0    00000000    00000000     

MODULE SUMMARY

       Module                                 code    ro data   rw data
       ------                                 ----    -------   -------
    .\
       uart.obj                               492     288       592    
       main_freertos.obj                      676     0         528    
       system_msp432p401r.obj                 820     0         8      
       startup_msp432p401r_FreeRTOS_ccs.obj   14      228       0      
    +--+--------------------------------------+-------+---------+---------+
       Total:                                 2002    516       1128   
                                                                       
    .\FreeRTOS\
       tasks.obj                              6512    0         520    
       queue.obj                              3338    0         0      
       timers.obj                             1852    0         120    
       list.obj                               298     0         0      
    +--+--------------------------------------+-------+---------+---------+
       Total:                                 12000   0         640    
                                                                       
    .\FreeRTOS\portable\CCS\ARM_CM4F\
       port.obj                               1068    8         48     
       portasm.obj                            210     0         0      
    +--+--------------------------------------+-------+---------+---------+
       Total:                                 1278    8         48     
                                                                       
    .\FreeRTOS\portable\MemMang\
       heap_4.obj                             872     0         102448 
    +--+--------------------------------------+-------+---------+---------+
       Total:                                 872     0         102448 
                                                                       
    C:/Users/Francesco Olivieri/Documents/simplelink_msp432p4_sdk_3_40_01_02/simplelink_msp432p4_sdk_3_40_01_02/source/ti/devices/msp432p4xx/driverlib/ccs/msp432p4xx_driverlib.lib
       cs.o                                   818     0         16     
       uart.o                                 358     0         0      
       gpio.o                                 136     48        0      
       sysctl_a.o                             148     0         0      
       interrupt.o                            16      0         0      
       cpu.o                                  12      0         0      
    +--+--------------------------------------+-------+---------+---------+
       Total:                                 1488    48        16     
                                                                       
    C:\ti\ccs1210\ccs\tools\compiler\ti-cgt-arm_20.2.7.LTS\lib\rtsv7M4_T_le_v4SPD16_eabi.lib
       _printfi.c.obj                         4851    0         0      
       fd_add_t2.asm.obj                      438     0         0      
       fd_div_t2.asm.obj                      310     0         0      
       s_scalbn.c.obj                         272     0         0      
       fd_cmp_t2.asm.obj                      268     0         0      
       ctype.c.obj                            0       257       0      
       fd_mul_t2.asm.obj                      252     0         0      
       memcpy_t2.asm.obj                      156     0         0      
       ull_div_t2.asm.obj                     150     0         0      
       vsnprintf.c.obj                        136     0         0      
       memset_t2.asm.obj                      122     0         0      
       copy_decompress_lzss.c.obj             104     0         0      
       s_frexp.c.obj                          100     0         0      
       _ltoa.c.obj                            84      0         0      
       atoi.c.obj                             76      0         0      
       fd_toi_t2.asm.obj                      72      0         0      
       autoinit.c.obj                         68      0         0      
       boot_cortex_m.c.obj                    52      0         0      
       i_tofd_t2.asm.obj                      46      0         0      
       memccpy.c.obj                          28      0         0      
       s_copysign.c.obj                       26      0         0      
       strchr.c.obj                           22      0         0      
       strlen.c.obj                           20      0         0      
       wcslen.c.obj                           18      0         0      
       errno.c.obj                            8       0         8      
       copy_decompress_none.c.obj             14      0         0      
       copy_zero_init.c.obj                   12      0         0      
       exit.c.obj                             4       0         0      
       pre_init.c.obj                         4       0         0      
       div0.asm.obj                           2       0         0      
    +--+--------------------------------------+-------+---------+---------+
       Total:                                 7715    257       8      
                                                                       
       Stack:                                 0       0         2048   
       Linker Generated:                      0       64        0      
    +--+--------------------------------------+-------+---------+---------+
       Grand Total:                           25355   893       106336 


LINKER GENERATED COPY TABLES

__TI_cinit_table @ 00006688 records: 2, size/record: 8, table size: 16
	.data: load addr=00006658, load size=0000001c bytes, run addr=2000cb10, run size=000000a0 bytes, compression=lzss
	.bss: load addr=00006680, load size=00000008 bytes, run addr=20000000, run size=0000cb10 bytes, compression=zero_init


LINKER GENERATED HANDLER TABLE

__TI_handler_table @ 00006674 records: 3, size/record: 4, table size: 12
	index: 0, handler: __TI_decompress_lzss
	index: 1, handler: __TI_decompress_none
	index: 2, handler: __TI_zero_init


GLOBAL SYMBOLS: SORTED ALPHABETICALLY BY Name 

address   name                                       
-------   ----                                       
000063d3  ADC14_IRQHandler                           
000063d3  AES256_IRQHandler                          
000063d3  BusFault_Handler                           
000063f9  C$$EXIT                                    
000063d3  COMP_E0_IRQHandler                         
000063d3  COMP_E1_IRQHandler                         
000063d5  CPU_cpsid                                  
000063d3  CS_IRQHandler                              
00006251  CS_clearInterruptFlag                      
00005729  CS_getDCOFrequency                         
000062e1  CS_getSMCLK                                
000063d3  DMA_ERR_IRQHandler                         
000063d3  DMA_INT0_IRQHandler                        
000063d3  DMA_INT1_IRQHandler                        
000063d3  DMA_INT2_IRQHandler                        
000063d3  DMA_INT3_IRQHandler                        
000063d3  DebugMon_Handler                           
000063d3  Default_Handler                            
000063d3  EUSCIA0_IRQHandler                         
000063d3  EUSCIA1_IRQHandler                         
000063d3  EUSCIA2_IRQHandler                         
000063d3  EUSCIA3_IRQHandler                         
000063d3  EUSCIB0_IRQHandler                         
000063d3  EUSCIB1_IRQHandler                         
000063d3  EUSCIB2_IRQHandler                         
000063d3  EUSCIB3_IRQHandler                         
000063d3  FLCTL_IRQHandler                           
000063d3  FPU_IRQHandler                             
00005b6d  GPIO_setAsPeripheralModuleFunctionOutputPin
000063d3  HardFault_Handler                          
000063a9  Interrupt_disableMaster                    
000063d3  MemManage_Handler                          
000063d3  NMI_Handler                                
000063d3  PCM_IRQHandler                             
000063d3  PORT1_IRQHandler                           
000063d3  PORT2_IRQHandler                           
000063d3  PORT3_IRQHandler                           
000063d3  PORT4_IRQHandler                           
000063d3  PORT5_IRQHandler                           
000063d3  PORT6_IRQHandler                           
000063d3  PSS_IRQHandler                             
000063d3  RTC_C_IRQHandler                           
000063c7  Reset_Handler                              
00005ad9  SysCtl_A_getTLVInfo                        
2000cbac  SystemCoreClock                            
00004081  SystemCoreClockUpdate                      
000042f9  SystemInit                                 
000063d3  T32_INT1_IRQHandler                        
000063d3  T32_INT2_IRQHandler                        
000063d3  T32_INTC_IRQHandler                        
000063d3  TA0_0_IRQHandler                           
000063d3  TA0_N_IRQHandler                           
000063d3  TA1_0_IRQHandler                           
000063d3  TA1_N_IRQHandler                           
000063d3  TA2_0_IRQHandler                           
000063d3  TA2_N_IRQHandler                           
000063d3  TA3_0_IRQHandler                           
000063d3  TA3_N_IRQHandler                           
00006357  UART_enableModule                          
000052fd  UART_initModule                            
000061e9  UART_transmitData                          
000063fc  UCxBRS                                     
000063d3  UsageFault_Handler                         
4000480c  WDTCTL_SYM                                 
000063d3  WDT_A_IRQHandler                           
20010000  __STACK_END                                
00000400  __STACK_SIZE                               
00006688  __TI_CINIT_Base                            
00006698  __TI_CINIT_Limit                           
00006674  __TI_Handler_Table_Base                    
00006680  __TI_Handler_Table_Limit                   
00006125  __TI_auto_init_nobinit_nopinit             
00005e65  __TI_decompress_lzss                       
000063b9  __TI_decompress_none                       
00005fe9  __TI_ltoa                                  
ffffffff  __TI_pprof_out_hndl                        
00002761  __TI_printfi                               
ffffffff  __TI_prof_data_size                        
ffffffff  __TI_prof_data_start                       
00006658  __TI_static_base__                         
000063e1  __TI_zero_init                             
00005bf5  __aeabi_cdcmpeq                            
00005bf5  __aeabi_cdcmple                            
00005c7b  __aeabi_cdrcmple                           
000060dd  __aeabi_d2iz                               
00004c8f  __aeabi_dadd                               
00004f79  __aeabi_ddiv                               
0000562d  __aeabi_dmul                               
00004c85  __aeabi_dsub                               
000063ed  __aeabi_errno_addr                         
000062b1  __aeabi_i2d                                
0000275f  __aeabi_idiv0                              
0000275f  __aeabi_ldiv0                              
00005d7d  __aeabi_memclr                             
00005d7d  __aeabi_memclr4                            
00005d7d  __aeabi_memclr8                            
000059a7  __aeabi_memcpy                             
000059a7  __aeabi_memcpy4                            
000059a7  __aeabi_memcpy8                            
00005d7f  __aeabi_memset                             
00005d7f  __aeabi_memset4                            
00005d7f  __aeabi_memset8                            
00005a43  __aeabi_uldivmod                           
ffffffff  __binit__                                  
ffffffff  __c_args__                                 
UNDEFED   __mpu_init                                 
2000fc00  __stack                                    
20000000  __start___llvm_prf_cnts                    
20000000  __stop___llvm_prf_cnts                     
0000621d  _c_int00_noargs                            
0000651c  _ctypes_                                   
UNDEFED   _system_post_cinit                         
000063f5  _system_pre_init                           
000063f9  abort                                      
00006091  atoi                                       
ffffffff  binit                                      
00006325  copysign                                   
00006325  copysignl                                  
2000cba0  counter                                    
0000115d  eTaskConfirmSleepModeStatus                
00000505  eTaskGetState                              
2000cba8  errno                                      
00004a69  fputc                                      
00004a7b  fputs                                      
00005ecd  frexp                                      
00005ecd  frexpl                                     
00000000  interruptVectors                           
00005419  ldexp                                      
00005419  ldexpl                                     
000043b5  main                                       
00004551  malloc                                     
00006309  memccpy                                    
000059a7  memcpy                                     
00005d85  memset                                     
00000b31  pcTaskGetName                              
0000336f  pcTimerGetName                             
00003d19  pvPortMalloc                               
000014cb  pvTaskIncrementMutexHeldCount              
000037f9  pvTimerGetTimerID                          
2000cb10  pxCurrentTCB                               
000038ed  pxPortInitialiseStack                      
00005419  scalbn                                     
00005419  scalbnl                                    
0000636d  strchr                                     
00006383  strlen                                     
2000cb44  uart_config                                
000048c9  uart_init                                  
000049e7  uart_init_gpio                             
000049ff  uart_println                               
000044bd  uart_println_mutex                         
00006650  ulMaxSyscallInterruptPriority              
00005831  ulPortGetIPSR                              
000014e9  ulTaskNotifyTake                           
00005191  uxListRemove                               
0000240d  uxQueueMessagesWaiting                     
0000246b  uxQueueMessagesWaitingFromISR              
00002437  uxQueueSpacesAvailable                     
00000b2b  uxTaskGetNumberOfTasks                     
000005a1  uxTaskPriorityGet                          
000005cd  uxTaskPriorityGetFromISR                   
000014a9  uxTaskResetEventItemValue                  
00004537  vApplicationIdleHook                       
00004527  vApplicationMallocFailedHook               
00004539  vApplicationStackOverflowHook              
00004565  vApplicationTickHook                       
000050af  vListInitialise                            
000050df  vListInitialiseItem                        
0000512b  vListInsert                                
000050ef  vListInsertEnd                             
000058e5  vPortEnableVFP                             
00003a0d  vPortEndScheduler                          
00003a31  vPortEnterCritical                         
00003a73  vPortExitCritical                          
00003e7b  vPortFree                                  
00003f19  vPortInitialiseBlocks                      
000058a9  vPortSVCHandler                            
000058a9  vPortSVCHandler                            
00003c21  vPortSetupTimerInterrupt                   
000058c9  vPortStartFirstTask                        
00003ac9  vPortSuppressTicksAndSleep                 
00003c81  vPortValidateInterruptPriority             
0000455b  vPreSleepProcessing                        
00002491  vQueueDelete                               
00002703  vQueueWaitForMessageRestricted             
0000449b  vSimpleDelay                               
00004435  vTaskAFunction                             
0000444f  vTaskBFunction                             
0000049d  vTaskDelay                                 
000003bb  vTaskDelayUntil                            
000002f1  vTaskDelete                                
0000097d  vTaskEndScheduler                          
000010e7  vTaskMissedYield                           
00001873  vTaskNotifyGiveFromISR                     
00000df7  vTaskPlaceOnEventList                      
00000e8d  vTaskPlaceOnEventListRestricted            
00000e27  vTaskPlaceOnUnorderedEventList             
000012ef  vTaskPriorityInherit                       
00000615  vTaskPrioritySet                           
00000873  vTaskResume                                
00001017  vTaskSetTimeOutState                       
00000905  vTaskStartScheduler                        
00000b95  vTaskStepTick                              
00000749  vTaskSuspend                               
00000999  vTaskSuspendAll                            
00000d31  vTaskSwitchContext                         
00003827  vTimerSetTimerID                           
00006169  vsnprintf                                  
00006397  wcslen                                     
00003f0d  xPortGetFreeHeapSize                       
00003f13  xPortGetMinimumEverFreeHeapSize            
00005849  xPortPendSVHandler                         
00005849  xPortPendSVHandler                         
00003979  xPortStartScheduler                        
00003a9f  xPortSysTickHandler                        
00003a9f  xPortSysTickHandler                        
00001ca9  xQueueCreateCountingSemaphore              
00001bd1  xQueueCreateMutex                          
00001b07  xQueueGenericCreate                        
000020ab  xQueueGenericReceive                       
00001a55  xQueueGenericReset                         
00001d05  xQueueGenericSend                          
00001eb7  xQueueGenericSendFromISR                   
00001fbd  xQueueGiveFromISR                          
00001bfd  xQueueGiveMutexRecursive                   
00002677  xQueueIsQueueEmptyFromISR                  
000026cd  xQueueIsQueueFullFromISR                   
0000235b  xQueuePeekFromISR                          
00002285  xQueueReceiveFromISR                       
00001c4d  xQueueTakeMutexRecursive                   
2000cba4  xTaskAHandle                               
00001045  xTaskCheckForTimeOut                       
000000e5  xTaskCreate                                
00001615  xTaskGenericNotify                         
00001735  xTaskGenericNotifyFromISR                  
000012b1  xTaskGetCurrentTaskHandle                  
00000b61  xTaskGetIdleTaskHandle                     
000012c9  xTaskGetSchedulerState                     
00000b07  xTaskGetTickCount                          
00000b17  xTaskGetTickCountFromISR                   
00000be5  xTaskIncrementTick                         
0000195d  xTaskNotifyStateClear                      
00001571  xTaskNotifyWait                            
000013c9  xTaskPriorityDisinherit                    
00000ed5  xTaskRemoveFromEventList                   
00000f79  xTaskRemoveFromUnorderedEventList          
00000a05  xTaskResumeAll                             
000031ef  xTimerCreate                               
000031b1  xTimerCreateTimerTask                      
0000327d  xTimerGenericCommand                       
00003345  xTimerGetExpiryTime                        
0000331f  xTimerGetPeriod                            
000032fd  xTimerGetTimerDaemonTaskHandle             
000037b9  xTimerIsTimerActive                        
0000388b  xTimerPendFunctionCall                     
00003855  xTimerPendFunctionCallFromISR              


GLOBAL SYMBOLS: SORTED BY Symbol Address 

address   name                                       
-------   ----                                       
00000000  interruptVectors                           
000000e5  xTaskCreate                                
000002f1  vTaskDelete                                
000003bb  vTaskDelayUntil                            
00000400  __STACK_SIZE                               
0000049d  vTaskDelay                                 
00000505  eTaskGetState                              
000005a1  uxTaskPriorityGet                          
000005cd  uxTaskPriorityGetFromISR                   
00000615  vTaskPrioritySet                           
00000749  vTaskSuspend                               
00000873  vTaskResume                                
00000905  vTaskStartScheduler                        
0000097d  vTaskEndScheduler                          
00000999  vTaskSuspendAll                            
00000a05  xTaskResumeAll                             
00000b07  xTaskGetTickCount                          
00000b17  xTaskGetTickCountFromISR                   
00000b2b  uxTaskGetNumberOfTasks                     
00000b31  pcTaskGetName                              
00000b61  xTaskGetIdleTaskHandle                     
00000b95  vTaskStepTick                              
00000be5  xTaskIncrementTick                         
00000d31  vTaskSwitchContext                         
00000df7  vTaskPlaceOnEventList                      
00000e27  vTaskPlaceOnUnorderedEventList             
00000e8d  vTaskPlaceOnEventListRestricted            
00000ed5  xTaskRemoveFromEventList                   
00000f79  xTaskRemoveFromUnorderedEventList          
00001017  vTaskSetTimeOutState                       
00001045  xTaskCheckForTimeOut                       
000010e7  vTaskMissedYield                           
0000115d  eTaskConfirmSleepModeStatus                
000012b1  xTaskGetCurrentTaskHandle                  
000012c9  xTaskGetSchedulerState                     
000012ef  vTaskPriorityInherit                       
000013c9  xTaskPriorityDisinherit                    
000014a9  uxTaskResetEventItemValue                  
000014cb  pvTaskIncrementMutexHeldCount              
000014e9  ulTaskNotifyTake                           
00001571  xTaskNotifyWait                            
00001615  xTaskGenericNotify                         
00001735  xTaskGenericNotifyFromISR                  
00001873  vTaskNotifyGiveFromISR                     
0000195d  xTaskNotifyStateClear                      
00001a55  xQueueGenericReset                         
00001b07  xQueueGenericCreate                        
00001bd1  xQueueCreateMutex                          
00001bfd  xQueueGiveMutexRecursive                   
00001c4d  xQueueTakeMutexRecursive                   
00001ca9  xQueueCreateCountingSemaphore              
00001d05  xQueueGenericSend                          
00001eb7  xQueueGenericSendFromISR                   
00001fbd  xQueueGiveFromISR                          
000020ab  xQueueGenericReceive                       
00002285  xQueueReceiveFromISR                       
0000235b  xQueuePeekFromISR                          
0000240d  uxQueueMessagesWaiting                     
00002437  uxQueueSpacesAvailable                     
0000246b  uxQueueMessagesWaitingFromISR              
00002491  vQueueDelete                               
00002677  xQueueIsQueueEmptyFromISR                  
000026cd  xQueueIsQueueFullFromISR                   
00002703  vQueueWaitForMessageRestricted             
0000275f  __aeabi_idiv0                              
0000275f  __aeabi_ldiv0                              
00002761  __TI_printfi                               
000031b1  xTimerCreateTimerTask                      
000031ef  xTimerCreate                               
0000327d  xTimerGenericCommand                       
000032fd  xTimerGetTimerDaemonTaskHandle             
0000331f  xTimerGetPeriod                            
00003345  xTimerGetExpiryTime                        
0000336f  pcTimerGetName                             
000037b9  xTimerIsTimerActive                        
000037f9  pvTimerGetTimerID                          
00003827  vTimerSetTimerID                           
00003855  xTimerPendFunctionCallFromISR              
0000388b  xTimerPendFunctionCall                     
000038ed  pxPortInitialiseStack                      
00003979  xPortStartScheduler                        
00003a0d  vPortEndScheduler                          
00003a31  vPortEnterCritical                         
00003a73  vPortExitCritical                          
00003a9f  xPortSysTickHandler                        
00003a9f  xPortSysTickHandler                        
00003ac9  vPortSuppressTicksAndSleep                 
00003c21  vPortSetupTimerInterrupt                   
00003c81  vPortValidateInterruptPriority             
00003d19  pvPortMalloc                               
00003e7b  vPortFree                                  
00003f0d  xPortGetFreeHeapSize                       
00003f13  xPortGetMinimumEverFreeHeapSize            
00003f19  vPortInitialiseBlocks                      
00004081  SystemCoreClockUpdate                      
000042f9  SystemInit                                 
000043b5  main                                       
00004435  vTaskAFunction                             
0000444f  vTaskBFunction                             
0000449b  vSimpleDelay                               
000044bd  uart_println_mutex                         
00004527  vApplicationMallocFailedHook               
00004537  vApplicationIdleHook                       
00004539  vApplicationStackOverflowHook              
00004551  malloc                                     
0000455b  vPreSleepProcessing                        
00004565  vApplicationTickHook                       
000048c9  uart_init                                  
000049e7  uart_init_gpio                             
000049ff  uart_println                               
00004a69  fputc                                      
00004a7b  fputs                                      
00004c85  __aeabi_dsub                               
00004c8f  __aeabi_dadd                               
00004f79  __aeabi_ddiv                               
000050af  vListInitialise                            
000050df  vListInitialiseItem                        
000050ef  vListInsertEnd                             
0000512b  vListInsert                                
00005191  uxListRemove                               
000052fd  UART_initModule                            
00005419  ldexp                                      
00005419  ldexpl                                     
00005419  scalbn                                     
00005419  scalbnl                                    
0000562d  __aeabi_dmul                               
00005729  CS_getDCOFrequency                         
00005831  ulPortGetIPSR                              
00005849  xPortPendSVHandler                         
00005849  xPortPendSVHandler                         
000058a9  vPortSVCHandler                            
000058a9  vPortSVCHandler                            
000058c9  vPortStartFirstTask                        
000058e5  vPortEnableVFP                             
000059a7  __aeabi_memcpy                             
000059a7  __aeabi_memcpy4                            
000059a7  __aeabi_memcpy8                            
000059a7  memcpy                                     
00005a43  __aeabi_uldivmod                           
00005ad9  SysCtl_A_getTLVInfo                        
00005b6d  GPIO_setAsPeripheralModuleFunctionOutputPin
00005bf5  __aeabi_cdcmpeq                            
00005bf5  __aeabi_cdcmple                            
00005c7b  __aeabi_cdrcmple                           
00005d7d  __aeabi_memclr                             
00005d7d  __aeabi_memclr4                            
00005d7d  __aeabi_memclr8                            
00005d7f  __aeabi_memset                             
00005d7f  __aeabi_memset4                            
00005d7f  __aeabi_memset8                            
00005d85  memset                                     
00005e65  __TI_decompress_lzss                       
00005ecd  frexp                                      
00005ecd  frexpl                                     
00005fe9  __TI_ltoa                                  
00006091  atoi                                       
000060dd  __aeabi_d2iz                               
00006125  __TI_auto_init_nobinit_nopinit             
00006169  vsnprintf                                  
000061e9  UART_transmitData                          
0000621d  _c_int00_noargs                            
00006251  CS_clearInterruptFlag                      
000062b1  __aeabi_i2d                                
000062e1  CS_getSMCLK                                
00006309  memccpy                                    
00006325  copysign                                   
00006325  copysignl                                  
00006357  UART_enableModule                          
0000636d  strchr                                     
00006383  strlen                                     
00006397  wcslen                                     
000063a9  Interrupt_disableMaster                    
000063b9  __TI_decompress_none                       
000063c7  Reset_Handler                              
000063d3  ADC14_IRQHandler                           
000063d3  AES256_IRQHandler                          
000063d3  BusFault_Handler                           
000063d3  COMP_E0_IRQHandler                         
000063d3  COMP_E1_IRQHandler                         
000063d3  CS_IRQHandler                              
000063d3  DMA_ERR_IRQHandler                         
000063d3  DMA_INT0_IRQHandler                        
000063d3  DMA_INT1_IRQHandler                        
000063d3  DMA_INT2_IRQHandler                        
000063d3  DMA_INT3_IRQHandler                        
000063d3  DebugMon_Handler                           
000063d3  Default_Handler                            
000063d3  EUSCIA0_IRQHandler                         
000063d3  EUSCIA1_IRQHandler                         
000063d3  EUSCIA2_IRQHandler                         
000063d3  EUSCIA3_IRQHandler                         
000063d3  EUSCIB0_IRQHandler                         
000063d3  EUSCIB1_IRQHandler                         
000063d3  EUSCIB2_IRQHandler                         
000063d3  EUSCIB3_IRQHandler                         
000063d3  FLCTL_IRQHandler                           
000063d3  FPU_IRQHandler                             
000063d3  HardFault_Handler                          
000063d3  MemManage_Handler                          
000063d3  NMI_Handler                                
000063d3  PCM_IRQHandler                             
000063d3  PORT1_IRQHandler                           
000063d3  PORT2_IRQHandler                           
000063d3  PORT3_IRQHandler                           
000063d3  PORT4_IRQHandler                           
000063d3  PORT5_IRQHandler                           
000063d3  PORT6_IRQHandler                           
000063d3  PSS_IRQHandler                             
000063d3  RTC_C_IRQHandler                           
000063d3  T32_INT1_IRQHandler                        
000063d3  T32_INT2_IRQHandler                        
000063d3  T32_INTC_IRQHandler                        
000063d3  TA0_0_IRQHandler                           
000063d3  TA0_N_IRQHandler                           
000063d3  TA1_0_IRQHandler                           
000063d3  TA1_N_IRQHandler                           
000063d3  TA2_0_IRQHandler                           
000063d3  TA2_N_IRQHandler                           
000063d3  TA3_0_IRQHandler                           
000063d3  TA3_N_IRQHandler                           
000063d3  UsageFault_Handler                         
000063d3  WDT_A_IRQHandler                           
000063d5  CPU_cpsid                                  
000063e1  __TI_zero_init                             
000063ed  __aeabi_errno_addr                         
000063f5  _system_pre_init                           
000063f9  C$$EXIT                                    
000063f9  abort                                      
000063fc  UCxBRS                                     
0000651c  _ctypes_                                   
00006650  ulMaxSyscallInterruptPriority              
00006658  __TI_static_base__                         
00006674  __TI_Handler_Table_Base                    
00006680  __TI_Handler_Table_Limit                   
00006688  __TI_CINIT_Base                            
00006698  __TI_CINIT_Limit                           
20000000  __start___llvm_prf_cnts                    
20000000  __stop___llvm_prf_cnts                     
2000cb10  pxCurrentTCB                               
2000cb44  uart_config                                
2000cba0  counter                                    
2000cba4  xTaskAHandle                               
2000cba8  errno                                      
2000cbac  SystemCoreClock                            
2000fc00  __stack                                    
20010000  __STACK_END                                
4000480c  WDTCTL_SYM                                 
ffffffff  __TI_pprof_out_hndl                        
ffffffff  __TI_prof_data_size                        
ffffffff  __TI_prof_data_start                       
ffffffff  __binit__                                  
ffffffff  __c_args__                                 
ffffffff  binit                                      
UNDEFED   __mpu_init                                 
UNDEFED   _system_post_cinit                         

[255 symbols]
