<?xml version="1.0" encoding="ISO-8859-1" ?>
<link_info>
   <banner>TI ARM Linker PC v20.2.7.LTS</banner>
   <copyright>Copyright (c) 1996-2018 Texas Instruments Incorporated</copyright>
   <link_time>0x63a58e54</link_time>
   <link_errors>0x0</link_errors>
   <output_file>FreeRTOS-HelloWorld.out</output_file>
   <entry_point>
      <name>_c_int00_noargs</name>
      <address>0x621d</address>
   </entry_point>
   <input_file_list>
      <input_file id="fl-2">
         <path>.\</path>
         <kind>object</kind>
         <file>main_freertos.obj</file>
         <name>main_freertos.obj</name>
      </input_file>
      <input_file id="fl-3">
         <path>.\</path>
         <kind>object</kind>
         <file>startup_msp432p401r_FreeRTOS_ccs.obj</file>
         <name>startup_msp432p401r_FreeRTOS_ccs.obj</name>
      </input_file>
      <input_file id="fl-4">
         <path>.\</path>
         <kind>object</kind>
         <file>system_msp432p401r.obj</file>
         <name>system_msp432p401r.obj</name>
      </input_file>
      <input_file id="fl-5">
         <path>.\</path>
         <kind>object</kind>
         <file>uart.obj</file>
         <name>uart.obj</name>
      </input_file>
      <input_file id="fl-6">
         <path>.\FreeRTOS\</path>
         <kind>object</kind>
         <file>croutine.obj</file>
         <name>croutine.obj</name>
      </input_file>
      <input_file id="fl-7">
         <path>.\FreeRTOS\</path>
         <kind>object</kind>
         <file>event_groups.obj</file>
         <name>event_groups.obj</name>
      </input_file>
      <input_file id="fl-8">
         <path>.\FreeRTOS\</path>
         <kind>object</kind>
         <file>list.obj</file>
         <name>list.obj</name>
      </input_file>
      <input_file id="fl-9">
         <path>.\FreeRTOS\</path>
         <kind>object</kind>
         <file>queue.obj</file>
         <name>queue.obj</name>
      </input_file>
      <input_file id="fl-a">
         <path>.\FreeRTOS\</path>
         <kind>object</kind>
         <file>tasks.obj</file>
         <name>tasks.obj</name>
      </input_file>
      <input_file id="fl-b">
         <path>.\FreeRTOS\</path>
         <kind>object</kind>
         <file>timers.obj</file>
         <name>timers.obj</name>
      </input_file>
      <input_file id="fl-c">
         <path>.\FreeRTOS\portable\CCS\ARM_CM4F\</path>
         <kind>object</kind>
         <file>port.obj</file>
         <name>port.obj</name>
      </input_file>
      <input_file id="fl-d">
         <path>.\FreeRTOS\portable\CCS\ARM_CM4F\</path>
         <kind>object</kind>
         <file>portasm.obj</file>
         <name>portasm.obj</name>
      </input_file>
      <input_file id="fl-e">
         <path>.\FreeRTOS\portable\MemMang\</path>
         <kind>object</kind>
         <file>heap_4.obj</file>
         <name>heap_4.obj</name>
      </input_file>
      <input_file id="fl-13">
         <kind>object</kind>
         <file>&lt;internal&gt;</file>
         <name>&lt;internal&gt;</name>
      </input_file>
      <input_file id="fl-14">
         <path>C:\Users\Francesco Olivieri\Documents\simplelink_msp432p4_sdk_3_40_01_02\simplelink_msp432p4_sdk_3_40_01_02\source\ti\devices\msp432p4xx\driverlib\ccs\</path>
         <kind>archive</kind>
         <file>msp432p4xx_driverlib.lib</file>
         <name>cs.o</name>
      </input_file>
      <input_file id="fl-15">
         <path>C:\Users\Francesco Olivieri\Documents\simplelink_msp432p4_sdk_3_40_01_02\simplelink_msp432p4_sdk_3_40_01_02\source\ti\devices\msp432p4xx\driverlib\ccs\</path>
         <kind>archive</kind>
         <file>msp432p4xx_driverlib.lib</file>
         <name>gpio.o</name>
      </input_file>
      <input_file id="fl-16">
         <path>C:\Users\Francesco Olivieri\Documents\simplelink_msp432p4_sdk_3_40_01_02\simplelink_msp432p4_sdk_3_40_01_02\source\ti\devices\msp432p4xx\driverlib\ccs\</path>
         <kind>archive</kind>
         <file>msp432p4xx_driverlib.lib</file>
         <name>interrupt.o</name>
      </input_file>
      <input_file id="fl-17">
         <path>C:\Users\Francesco Olivieri\Documents\simplelink_msp432p4_sdk_3_40_01_02\simplelink_msp432p4_sdk_3_40_01_02\source\ti\devices\msp432p4xx\driverlib\ccs\</path>
         <kind>archive</kind>
         <file>msp432p4xx_driverlib.lib</file>
         <name>sysctl_a.o</name>
      </input_file>
      <input_file id="fl-18">
         <path>C:\Users\Francesco Olivieri\Documents\simplelink_msp432p4_sdk_3_40_01_02\simplelink_msp432p4_sdk_3_40_01_02\source\ti\devices\msp432p4xx\driverlib\ccs\</path>
         <kind>archive</kind>
         <file>msp432p4xx_driverlib.lib</file>
         <name>uart.o</name>
      </input_file>
      <input_file id="fl-19">
         <path>C:\Users\Francesco Olivieri\Documents\simplelink_msp432p4_sdk_3_40_01_02\simplelink_msp432p4_sdk_3_40_01_02\source\ti\devices\msp432p4xx\driverlib\ccs\</path>
         <kind>archive</kind>
         <file>msp432p4xx_driverlib.lib</file>
         <name>cpu.o</name>
      </input_file>
      <input_file id="fl-cf">
         <path>C:\ti\ccs1210\ccs\tools\compiler\ti-cgt-arm_20.2.7.LTS\lib\</path>
         <kind>archive</kind>
         <file>rtsv7M4_T_le_v4SPD16_eabi.lib</file>
         <name>vsnprintf.c.obj</name>
      </input_file>
      <input_file id="fl-d0">
         <path>C:\ti\ccs1210\ccs\tools\compiler\ti-cgt-arm_20.2.7.LTS\lib\</path>
         <kind>archive</kind>
         <file>rtsv7M4_T_le_v4SPD16_eabi.lib</file>
         <name>memcpy_t2.asm.obj</name>
      </input_file>
      <input_file id="fl-d1">
         <path>C:\ti\ccs1210\ccs\tools\compiler\ti-cgt-arm_20.2.7.LTS\lib\</path>
         <kind>archive</kind>
         <file>rtsv7M4_T_le_v4SPD16_eabi.lib</file>
         <name>memset_t2.asm.obj</name>
      </input_file>
      <input_file id="fl-d2">
         <path>C:\ti\ccs1210\ccs\tools\compiler\ti-cgt-arm_20.2.7.LTS\lib\</path>
         <kind>archive</kind>
         <file>rtsv7M4_T_le_v4SPD16_eabi.lib</file>
         <name>copy_zero_init.c.obj</name>
      </input_file>
      <input_file id="fl-d3">
         <path>C:\ti\ccs1210\ccs\tools\compiler\ti-cgt-arm_20.2.7.LTS\lib\</path>
         <kind>archive</kind>
         <file>rtsv7M4_T_le_v4SPD16_eabi.lib</file>
         <name>copy_decompress_none.c.obj</name>
      </input_file>
      <input_file id="fl-d4">
         <path>C:\ti\ccs1210\ccs\tools\compiler\ti-cgt-arm_20.2.7.LTS\lib\</path>
         <kind>archive</kind>
         <file>rtsv7M4_T_le_v4SPD16_eabi.lib</file>
         <name>copy_decompress_lzss.c.obj</name>
      </input_file>
      <input_file id="fl-d5">
         <path>C:\ti\ccs1210\ccs\tools\compiler\ti-cgt-arm_20.2.7.LTS\lib\</path>
         <kind>archive</kind>
         <file>rtsv7M4_T_le_v4SPD16_eabi.lib</file>
         <name>boot_cortex_m.c.obj</name>
      </input_file>
      <input_file id="fl-d6">
         <path>C:\ti\ccs1210\ccs\tools\compiler\ti-cgt-arm_20.2.7.LTS\lib\</path>
         <kind>archive</kind>
         <file>rtsv7M4_T_le_v4SPD16_eabi.lib</file>
         <name>_printfi.c.obj</name>
      </input_file>
      <input_file id="fl-d7">
         <path>C:\ti\ccs1210\ccs\tools\compiler\ti-cgt-arm_20.2.7.LTS\lib\</path>
         <kind>archive</kind>
         <file>rtsv7M4_T_le_v4SPD16_eabi.lib</file>
         <name>fd_add_t2.asm.obj</name>
      </input_file>
      <input_file id="fl-d8">
         <path>C:\ti\ccs1210\ccs\tools\compiler\ti-cgt-arm_20.2.7.LTS\lib\</path>
         <kind>archive</kind>
         <file>rtsv7M4_T_le_v4SPD16_eabi.lib</file>
         <name>fd_cmp_t2.asm.obj</name>
      </input_file>
      <input_file id="fl-d9">
         <path>C:\ti\ccs1210\ccs\tools\compiler\ti-cgt-arm_20.2.7.LTS\lib\</path>
         <kind>archive</kind>
         <file>rtsv7M4_T_le_v4SPD16_eabi.lib</file>
         <name>fd_div_t2.asm.obj</name>
      </input_file>
      <input_file id="fl-da">
         <path>C:\ti\ccs1210\ccs\tools\compiler\ti-cgt-arm_20.2.7.LTS\lib\</path>
         <kind>archive</kind>
         <file>rtsv7M4_T_le_v4SPD16_eabi.lib</file>
         <name>fd_mul_t2.asm.obj</name>
      </input_file>
      <input_file id="fl-db">
         <path>C:\ti\ccs1210\ccs\tools\compiler\ti-cgt-arm_20.2.7.LTS\lib\</path>
         <kind>archive</kind>
         <file>rtsv7M4_T_le_v4SPD16_eabi.lib</file>
         <name>fd_toi_t2.asm.obj</name>
      </input_file>
      <input_file id="fl-dc">
         <path>C:\ti\ccs1210\ccs\tools\compiler\ti-cgt-arm_20.2.7.LTS\lib\</path>
         <kind>archive</kind>
         <file>rtsv7M4_T_le_v4SPD16_eabi.lib</file>
         <name>i_tofd_t2.asm.obj</name>
      </input_file>
      <input_file id="fl-dd">
         <path>C:\ti\ccs1210\ccs\tools\compiler\ti-cgt-arm_20.2.7.LTS\lib\</path>
         <kind>archive</kind>
         <file>rtsv7M4_T_le_v4SPD16_eabi.lib</file>
         <name>ull_div_t2.asm.obj</name>
      </input_file>
      <input_file id="fl-de">
         <path>C:\ti\ccs1210\ccs\tools\compiler\ti-cgt-arm_20.2.7.LTS\lib\</path>
         <kind>archive</kind>
         <file>rtsv7M4_T_le_v4SPD16_eabi.lib</file>
         <name>autoinit.c.obj</name>
      </input_file>
      <input_file id="fl-df">
         <path>C:\ti\ccs1210\ccs\tools\compiler\ti-cgt-arm_20.2.7.LTS\lib\</path>
         <kind>archive</kind>
         <file>rtsv7M4_T_le_v4SPD16_eabi.lib</file>
         <name>pre_init.c.obj</name>
      </input_file>
      <input_file id="fl-e0">
         <path>C:\ti\ccs1210\ccs\tools\compiler\ti-cgt-arm_20.2.7.LTS\lib\</path>
         <kind>archive</kind>
         <file>rtsv7M4_T_le_v4SPD16_eabi.lib</file>
         <name>cpy_tbl.c.obj</name>
      </input_file>
      <input_file id="fl-e1">
         <path>C:\ti\ccs1210\ccs\tools\compiler\ti-cgt-arm_20.2.7.LTS\lib\</path>
         <kind>archive</kind>
         <file>rtsv7M4_T_le_v4SPD16_eabi.lib</file>
         <name>exit.c.obj</name>
      </input_file>
      <input_file id="fl-e2">
         <path>C:\ti\ccs1210\ccs\tools\compiler\ti-cgt-arm_20.2.7.LTS\lib\</path>
         <kind>archive</kind>
         <file>rtsv7M4_T_le_v4SPD16_eabi.lib</file>
         <name>_lock.c.obj</name>
      </input_file>
      <input_file id="fl-e3">
         <path>C:\ti\ccs1210\ccs\tools\compiler\ti-cgt-arm_20.2.7.LTS\lib\</path>
         <kind>archive</kind>
         <file>rtsv7M4_T_le_v4SPD16_eabi.lib</file>
         <name>_ltoa.c.obj</name>
      </input_file>
      <input_file id="fl-e4">
         <path>C:\ti\ccs1210\ccs\tools\compiler\ti-cgt-arm_20.2.7.LTS\lib\</path>
         <kind>archive</kind>
         <file>rtsv7M4_T_le_v4SPD16_eabi.lib</file>
         <name>args_main.c.obj</name>
      </input_file>
      <input_file id="fl-e5">
         <path>C:\ti\ccs1210\ccs\tools\compiler\ti-cgt-arm_20.2.7.LTS\lib\</path>
         <kind>archive</kind>
         <file>rtsv7M4_T_le_v4SPD16_eabi.lib</file>
         <name>atoi.c.obj</name>
      </input_file>
      <input_file id="fl-e6">
         <path>C:\ti\ccs1210\ccs\tools\compiler\ti-cgt-arm_20.2.7.LTS\lib\</path>
         <kind>archive</kind>
         <file>rtsv7M4_T_le_v4SPD16_eabi.lib</file>
         <name>ctype.c.obj</name>
      </input_file>
      <input_file id="fl-e7">
         <path>C:\ti\ccs1210\ccs\tools\compiler\ti-cgt-arm_20.2.7.LTS\lib\</path>
         <kind>archive</kind>
         <file>rtsv7M4_T_le_v4SPD16_eabi.lib</file>
         <name>memccpy.c.obj</name>
      </input_file>
      <input_file id="fl-e8">
         <path>C:\ti\ccs1210\ccs\tools\compiler\ti-cgt-arm_20.2.7.LTS\lib\</path>
         <kind>archive</kind>
         <file>rtsv7M4_T_le_v4SPD16_eabi.lib</file>
         <name>strchr.c.obj</name>
      </input_file>
      <input_file id="fl-e9">
         <path>C:\ti\ccs1210\ccs\tools\compiler\ti-cgt-arm_20.2.7.LTS\lib\</path>
         <kind>archive</kind>
         <file>rtsv7M4_T_le_v4SPD16_eabi.lib</file>
         <name>strlen.c.obj</name>
      </input_file>
      <input_file id="fl-ea">
         <path>C:\ti\ccs1210\ccs\tools\compiler\ti-cgt-arm_20.2.7.LTS\lib\</path>
         <kind>archive</kind>
         <file>rtsv7M4_T_le_v4SPD16_eabi.lib</file>
         <name>errno.c.obj</name>
      </input_file>
      <input_file id="fl-eb">
         <path>C:\ti\ccs1210\ccs\tools\compiler\ti-cgt-arm_20.2.7.LTS\lib\</path>
         <kind>archive</kind>
         <file>rtsv7M4_T_le_v4SPD16_eabi.lib</file>
         <name>wcslen.c.obj</name>
      </input_file>
      <input_file id="fl-ec">
         <path>C:\ti\ccs1210\ccs\tools\compiler\ti-cgt-arm_20.2.7.LTS\lib\</path>
         <kind>archive</kind>
         <file>rtsv7M4_T_le_v4SPD16_eabi.lib</file>
         <name>s_frexp.c.obj</name>
      </input_file>
      <input_file id="fl-ed">
         <path>C:\ti\ccs1210\ccs\tools\compiler\ti-cgt-arm_20.2.7.LTS\lib\</path>
         <kind>archive</kind>
         <file>rtsv7M4_T_le_v4SPD16_eabi.lib</file>
         <name>s_scalbn.c.obj</name>
      </input_file>
      <input_file id="fl-ee">
         <path>C:\ti\ccs1210\ccs\tools\compiler\ti-cgt-arm_20.2.7.LTS\lib\</path>
         <kind>archive</kind>
         <file>rtsv7M4_T_le_v4SPD16_eabi.lib</file>
         <name>div0.asm.obj</name>
      </input_file>
      <input_file id="fl-ef">
         <path>C:\ti\ccs1210\ccs\tools\compiler\ti-cgt-arm_20.2.7.LTS\lib\</path>
         <kind>archive</kind>
         <file>rtsv7M4_T_le_v4SPD16_eabi.lib</file>
         <name>s_copysign.c.obj</name>
      </input_file>
   </input_file_list>
   <object_component_list>
      <object_component id="oc-b8">
         <name>.text</name>
         <load_address>0xe4</load_address>
         <run_address>0xe4</run_address>
         <size>0x1970</size>
         <input_file_ref idref="fl-a"/>
      </object_component>
      <object_component id="oc-244">
         <name>.text</name>
         <load_address>0x1a54</load_address>
         <run_address>0x1a54</run_address>
         <size>0xd0a</size>
         <input_file_ref idref="fl-9"/>
      </object_component>
      <object_component id="oc-406">
         <name>.text</name>
         <load_address>0x275e</load_address>
         <run_address>0x275e</run_address>
         <size>0x2</size>
         <input_file_ref idref="fl-ee"/>
      </object_component>
      <object_component id="oc-1d0">
         <name>.text:__TI_printfi</name>
         <load_address>0x2760</load_address>
         <run_address>0x2760</run_address>
         <size>0xa4e</size>
         <input_file_ref idref="fl-d6"/>
      </object_component>
      <object_component id="oc-175">
         <name>.text</name>
         <load_address>0x31b0</load_address>
         <run_address>0x31b0</run_address>
         <size>0x73c</size>
         <input_file_ref idref="fl-b"/>
      </object_component>
      <object_component id="oc-6d">
         <name>.text</name>
         <load_address>0x38ec</load_address>
         <run_address>0x38ec</run_address>
         <size>0x42c</size>
         <input_file_ref idref="fl-c"/>
      </object_component>
      <object_component id="oc-15d">
         <name>.text</name>
         <load_address>0x3d18</load_address>
         <run_address>0x3d18</run_address>
         <size>0x368</size>
         <input_file_ref idref="fl-e"/>
      </object_component>
      <object_component id="oc-ab">
         <name>.text</name>
         <load_address>0x4080</load_address>
         <run_address>0x4080</run_address>
         <size>0x334</size>
         <input_file_ref idref="fl-4"/>
      </object_component>
      <object_component id="oc-99">
         <name>.text</name>
         <load_address>0x43b4</load_address>
         <run_address>0x43b4</run_address>
         <size>0x2a4</size>
         <input_file_ref idref="fl-2"/>
      </object_component>
      <object_component id="oc-2b0">
         <name>.text:_pconv_a</name>
         <load_address>0x4658</load_address>
         <run_address>0x4658</run_address>
         <size>0x270</size>
         <input_file_ref idref="fl-d6"/>
      </object_component>
      <object_component id="oc-ed">
         <name>.text</name>
         <load_address>0x48c8</load_address>
         <run_address>0x48c8</run_address>
         <size>0x1ec</size>
         <input_file_ref idref="fl-5"/>
      </object_component>
      <object_component id="oc-29e">
         <name>.text:_pconv_g</name>
         <load_address>0x4ab4</load_address>
         <run_address>0x4ab4</run_address>
         <size>0x1d0</size>
         <input_file_ref idref="fl-d6"/>
      </object_component>
      <object_component id="oc-37c">
         <name>.text</name>
         <load_address>0x4c84</load_address>
         <run_address>0x4c84</run_address>
         <size>0x1b6</size>
         <input_file_ref idref="fl-d7"/>
      </object_component>
      <object_component id="oc-2aa">
         <name>.text:_pconv_e</name>
         <load_address>0x4e3c</load_address>
         <run_address>0x4e3c</run_address>
         <size>0x13c</size>
         <input_file_ref idref="fl-d6"/>
      </object_component>
      <object_component id="oc-362">
         <name>.text</name>
         <load_address>0x4f78</load_address>
         <run_address>0x4f78</run_address>
         <size>0x136</size>
         <input_file_ref idref="fl-d9"/>
      </object_component>
      <object_component id="oc-163">
         <name>.text</name>
         <load_address>0x50ae</load_address>
         <run_address>0x50ae</run_address>
         <size>0x12a</size>
         <input_file_ref idref="fl-8"/>
      </object_component>
      <object_component id="oc-38e">
         <name>.text:fcvt</name>
         <load_address>0x51d8</load_address>
         <run_address>0x51d8</run_address>
         <size>0x124</size>
         <input_file_ref idref="fl-d6"/>
      </object_component>
      <object_component id="oc-1aa">
         <name>.text:UART_initModule</name>
         <load_address>0x52fc</load_address>
         <run_address>0x52fc</run_address>
         <size>0x11c</size>
         <input_file_ref idref="fl-18"/>
      </object_component>
      <object_component id="oc-3a2">
         <name>.text:scalbn</name>
         <load_address>0x5418</load_address>
         <run_address>0x5418</run_address>
         <size>0x110</size>
         <input_file_ref idref="fl-ed"/>
      </object_component>
      <object_component id="oc-263">
         <name>.text:_CSComputeCLKFrequency</name>
         <load_address>0x5528</load_address>
         <run_address>0x5528</run_address>
         <size>0x104</size>
         <input_file_ref idref="fl-14"/>
      </object_component>
      <object_component id="oc-35d">
         <name>.text</name>
         <load_address>0x562c</load_address>
         <run_address>0x562c</run_address>
         <size>0xfc</size>
         <input_file_ref idref="fl-da"/>
      </object_component>
      <object_component id="oc-327">
         <name>.text:CS_getDCOFrequency</name>
         <load_address>0x5728</load_address>
         <run_address>0x5728</run_address>
         <size>0xf8</size>
         <input_file_ref idref="fl-14"/>
      </object_component>
      <object_component id="oc-68">
         <name>.text</name>
         <load_address>0x5820</load_address>
         <run_address>0x5820</run_address>
         <size>0xd2</size>
         <input_file_ref idref="fl-d"/>
      </object_component>
      <object_component id="oc-293">
         <name>.text:_ltostr</name>
         <load_address>0x58f4</load_address>
         <run_address>0x58f4</run_address>
         <size>0xb1</size>
         <input_file_ref idref="fl-d6"/>
      </object_component>
      <object_component id="oc-32">
         <name>.text</name>
         <load_address>0x59a6</load_address>
         <run_address>0x59a6</run_address>
         <size>0x9c</size>
         <input_file_ref idref="fl-d0"/>
      </object_component>
      <object_component id="oc-356">
         <name>.text</name>
         <load_address>0x5a42</load_address>
         <run_address>0x5a42</run_address>
         <size>0x96</size>
         <input_file_ref idref="fl-dd"/>
      </object_component>
      <object_component id="oc-3ed">
         <name>.text:SysCtl_A_getTLVInfo</name>
         <load_address>0x5ad8</load_address>
         <run_address>0x5ad8</run_address>
         <size>0x94</size>
         <input_file_ref idref="fl-17"/>
      </object_component>
      <object_component id="oc-1b6">
         <name>.text:GPIO_setAsPeripheralModuleFunctionOutputPin</name>
         <load_address>0x5b6c</load_address>
         <run_address>0x5b6c</run_address>
         <size>0x88</size>
         <input_file_ref idref="fl-15"/>
      </object_component>
      <object_component id="oc-299">
         <name>.text:__aeabi_cdcmple</name>
         <load_address>0x5bf4</load_address>
         <run_address>0x5bf4</run_address>
         <size>0x86</size>
         <input_file_ref idref="fl-d8"/>
      </object_component>
      <object_component id="oc-367">
         <name>.text:__aeabi_cdrcmple</name>
         <load_address>0x5c7a</load_address>
         <run_address>0x5c7a</run_address>
         <size>0x86</size>
         <input_file_ref idref="fl-d8"/>
      </object_component>
      <object_component id="oc-3f3">
         <name>.text:_CSGetDOCFrequency</name>
         <load_address>0x5d00</load_address>
         <run_address>0x5d00</run_address>
         <size>0x7c</size>
         <input_file_ref idref="fl-14"/>
      </object_component>
      <object_component id="oc-8d">
         <name>.text</name>
         <load_address>0x5d7c</load_address>
         <run_address>0x5d7c</run_address>
         <size>0x7a</size>
         <input_file_ref idref="fl-d1"/>
      </object_component>
      <object_component id="oc-387">
         <name>.text:_mcpy</name>
         <load_address>0x5df6</load_address>
         <run_address>0x5df6</run_address>
         <size>0x6e</size>
         <input_file_ref idref="fl-d6"/>
      </object_component>
      <object_component id="oc-12">
         <name>.text:decompress:lzss:__TI_decompress_lzss</name>
         <load_address>0x5e64</load_address>
         <run_address>0x5e64</run_address>
         <size>0x68</size>
         <input_file_ref idref="fl-d4"/>
      </object_component>
      <object_component id="oc-39c">
         <name>.text:frexp</name>
         <load_address>0x5ecc</load_address>
         <run_address>0x5ecc</run_address>
         <size>0x64</size>
         <input_file_ref idref="fl-ec"/>
      </object_component>
      <object_component id="oc-31b">
         <name>.text:_CSGetDividerValue</name>
         <load_address>0x5f30</load_address>
         <run_address>0x5f30</run_address>
         <size>0x62</size>
         <input_file_ref idref="fl-14"/>
      </object_component>
      <object_component id="oc-2a4">
         <name>.text:_pconv_f</name>
         <load_address>0x5f92</load_address>
         <run_address>0x5f92</run_address>
         <size>0x56</size>
         <input_file_ref idref="fl-d6"/>
      </object_component>
      <object_component id="oc-371">
         <name>.text:__TI_ltoa</name>
         <load_address>0x5fe8</load_address>
         <run_address>0x5fe8</run_address>
         <size>0x54</size>
         <input_file_ref idref="fl-e3"/>
      </object_component>
      <object_component id="oc-381">
         <name>.text:_ecpy</name>
         <load_address>0x603c</load_address>
         <run_address>0x603c</run_address>
         <size>0x52</size>
         <input_file_ref idref="fl-d6"/>
      </object_component>
      <object_component id="oc-28d">
         <name>.text:atoi</name>
         <load_address>0x6090</load_address>
         <run_address>0x6090</run_address>
         <size>0x4c</size>
         <input_file_ref idref="fl-e5"/>
      </object_component>
      <object_component id="oc-36c">
         <name>.text</name>
         <load_address>0x60dc</load_address>
         <run_address>0x60dc</run_address>
         <size>0x48</size>
         <input_file_ref idref="fl-db"/>
      </object_component>
      <object_component id="oc-125">
         <name>.text:__TI_auto_init_nobinit_nopinit:__TI_auto_init_nobinit_nopinit</name>
         <load_address>0x6124</load_address>
         <run_address>0x6124</run_address>
         <size>0x44</size>
         <input_file_ref idref="fl-de"/>
      </object_component>
      <object_component id="oc-f3">
         <name>.text:vsnprintf</name>
         <load_address>0x6168</load_address>
         <run_address>0x6168</run_address>
         <size>0x40</size>
         <input_file_ref idref="fl-cf"/>
      </object_component>
      <object_component id="oc-394">
         <name>.text:_fcpy</name>
         <load_address>0x61a8</load_address>
         <run_address>0x61a8</run_address>
         <size>0x3e</size>
         <input_file_ref idref="fl-d6"/>
      </object_component>
      <object_component id="oc-1bc">
         <name>.text:UART_transmitData</name>
         <load_address>0x61e8</load_address>
         <run_address>0x61e8</run_address>
         <size>0x34</size>
         <input_file_ref idref="fl-18"/>
      </object_component>
      <object_component id="oc-50">
         <name>.text:_c_int00_noargs:_c_int00_noargs</name>
         <load_address>0x621c</load_address>
         <run_address>0x621c</run_address>
         <size>0x34</size>
         <input_file_ref idref="fl-d5"/>
      </object_component>
      <object_component id="oc-321">
         <name>.text:CS_clearInterruptFlag</name>
         <load_address>0x6250</load_address>
         <run_address>0x6250</run_address>
         <size>0x30</size>
         <input_file_ref idref="fl-14"/>
      </object_component>
      <object_component id="oc-1d6">
         <name>.text:_outs</name>
         <load_address>0x6280</load_address>
         <run_address>0x6280</run_address>
         <size>0x30</size>
         <input_file_ref idref="fl-cf"/>
      </object_component>
      <object_component id="oc-377">
         <name>.text</name>
         <load_address>0x62b0</load_address>
         <run_address>0x62b0</run_address>
         <size>0x2e</size>
         <input_file_ref idref="fl-dc"/>
      </object_component>
      <object_component id="oc-1a4">
         <name>.text:CS_getSMCLK</name>
         <load_address>0x62e0</load_address>
         <run_address>0x62e0</run_address>
         <size>0x28</size>
         <input_file_ref idref="fl-14"/>
      </object_component>
      <object_component id="oc-2b6">
         <name>.text:memccpy</name>
         <load_address>0x6308</load_address>
         <run_address>0x6308</run_address>
         <size>0x1c</size>
         <input_file_ref idref="fl-e7"/>
      </object_component>
      <object_component id="oc-41f">
         <name>.text:copysign</name>
         <load_address>0x6324</load_address>
         <run_address>0x6324</run_address>
         <size>0x1a</size>
         <input_file_ref idref="fl-ef"/>
      </object_component>
      <object_component id="oc-1dc">
         <name>.text:_outc</name>
         <load_address>0x633e</load_address>
         <run_address>0x633e</run_address>
         <size>0x18</size>
         <input_file_ref idref="fl-cf"/>
      </object_component>
      <object_component id="oc-1b0">
         <name>.text:UART_enableModule</name>
         <load_address>0x6356</load_address>
         <run_address>0x6356</run_address>
         <size>0x16</size>
         <input_file_ref idref="fl-18"/>
      </object_component>
      <object_component id="oc-3a8">
         <name>.text:strchr</name>
         <load_address>0x636c</load_address>
         <run_address>0x636c</run_address>
         <size>0x16</size>
         <input_file_ref idref="fl-e8"/>
      </object_component>
      <object_component id="oc-287">
         <name>.text:strlen</name>
         <load_address>0x6382</load_address>
         <run_address>0x6382</run_address>
         <size>0x14</size>
         <input_file_ref idref="fl-e9"/>
      </object_component>
      <object_component id="oc-2bc">
         <name>.text:wcslen</name>
         <load_address>0x6396</load_address>
         <run_address>0x6396</run_address>
         <size>0x12</size>
         <input_file_ref idref="fl-eb"/>
      </object_component>
      <object_component id="oc-f9">
         <name>.text:Interrupt_disableMaster</name>
         <load_address>0x63a8</load_address>
         <run_address>0x63a8</run_address>
         <size>0x10</size>
         <input_file_ref idref="fl-16"/>
      </object_component>
      <object_component id="oc-18">
         <name>.text:decompress:none:__TI_decompress_none</name>
         <load_address>0x63b8</load_address>
         <run_address>0x63b8</run_address>
         <size>0xe</size>
         <input_file_ref idref="fl-d3"/>
      </object_component>
      <object_component id="oc-62">
         <name>.text</name>
         <load_address>0x63c6</load_address>
         <run_address>0x63c6</run_address>
         <size>0xe</size>
         <input_file_ref idref="fl-3"/>
      </object_component>
      <object_component id="oc-1ee">
         <name>.text:CPU_cpsid</name>
         <load_address>0x63d4</load_address>
         <run_address>0x63d4</run_address>
         <size>0xc</size>
         <input_file_ref idref="fl-19"/>
      </object_component>
      <object_component id="oc-44">
         <name>.text:decompress:ZI:__TI_zero_init</name>
         <load_address>0x63e0</load_address>
         <run_address>0x63e0</run_address>
         <size>0xc</size>
         <input_file_ref idref="fl-d2"/>
      </object_component>
      <object_component id="oc-2c2">
         <name>.text:__aeabi_errno_addr</name>
         <load_address>0x63ec</load_address>
         <run_address>0x63ec</run_address>
         <size>0x8</size>
         <input_file_ref idref="fl-ea"/>
      </object_component>
      <object_component id="oc-93">
         <name>.text:_system_pre_init</name>
         <load_address>0x63f4</load_address>
         <run_address>0x63f4</run_address>
         <size>0x4</size>
         <input_file_ref idref="fl-df"/>
      </object_component>
      <object_component id="oc-119">
         <name>.text:abort:abort</name>
         <load_address>0x63f8</load_address>
         <run_address>0x63f8</run_address>
         <size>0x4</size>
         <input_file_ref idref="fl-e1"/>
      </object_component>
      <object_component id="oc-1c5">
         <name>.const:UCxBRS</name>
         <load_address>0x63fc</load_address>
         <run_address>0x63fc</run_address>
         <size>0x120</size>
         <input_file_ref idref="fl-5"/>
      </object_component>
      <object_component id="oc-351">
         <name>.const:.string:_ctypes_</name>
         <load_address>0x651c</load_address>
         <run_address>0x651c</run_address>
         <size>0x101</size>
         <input_file_ref idref="fl-e6"/>
      </object_component>
      <object_component id="oc-272">
         <name>.const:GPIO_PORT_TO_BASE</name>
         <load_address>0x6620</load_address>
         <run_address>0x6620</run_address>
         <size>0x30</size>
         <input_file_ref idref="fl-15"/>
      </object_component>
      <object_component id="oc-b5">
         <name>.const</name>
         <load_address>0x6650</load_address>
         <run_address>0x6650</run_address>
         <size>0x8</size>
         <input_file_ref idref="fl-c"/>
      </object_component>
      <object_component id="oc-487">
         <name>.cinit..data.load</name>
         <load_address>0x6658</load_address>
         <run_address>0x6658</run_address>
         <size>0x1c</size>
      </object_component>
      <object_component id="oc-485">
         <name>__TI_handler_table</name>
         <load_address>0x6674</load_address>
         <run_address>0x6674</run_address>
         <size>0xc</size>
      </object_component>
      <object_component id="oc-488">
         <name>.cinit..bss.load</name>
         <load_address>0x6680</load_address>
         <run_address>0x6680</run_address>
         <size>0x8</size>
      </object_component>
      <object_component id="oc-486">
         <name>__TI_cinit_table</name>
         <load_address>0x6688</load_address>
         <run_address>0x6688</run_address>
         <size>0x10</size>
      </object_component>
      <object_component id="oc-ff">
         <name>.data</name>
         <load_address>0x2000cba0</load_address>
         <run_address>0x2000cba0</run_address>
         <size>0x8</size>
         <input_file_ref idref="fl-2"/>
      </object_component>
      <object_component id="oc-c2">
         <name>.data</name>
         <load_address>0x2000cbac</load_address>
         <run_address>0x2000cbac</run_address>
         <size>0x4</size>
         <input_file_ref idref="fl-4"/>
      </object_component>
      <object_component id="oc-1c2">
         <name>.data:uart_config</name>
         <load_address>0x2000cb44</load_address>
         <run_address>0x2000cb44</run_address>
         <size>0x28</size>
         <input_file_ref idref="fl-5"/>
      </object_component>
      <object_component id="oc-b2">
         <name>.data</name>
         <load_address>0x2000cb10</load_address>
         <run_address>0x2000cb10</run_address>
         <size>0x34</size>
         <input_file_ref idref="fl-a"/>
      </object_component>
      <object_component id="oc-24a">
         <name>.data</name>
         <load_address>0x2000cb94</load_address>
         <run_address>0x2000cb94</run_address>
         <size>0xc</size>
         <input_file_ref idref="fl-b"/>
      </object_component>
      <object_component id="oc-bf">
         <name>.data</name>
         <load_address>0x2000cb6c</load_address>
         <run_address>0x2000cb6c</run_address>
         <size>0x18</size>
         <input_file_ref idref="fl-c"/>
      </object_component>
      <object_component id="oc-22f">
         <name>.data</name>
         <load_address>0x2000cb84</load_address>
         <run_address>0x2000cb84</run_address>
         <size>0x10</size>
         <input_file_ref idref="fl-e"/>
      </object_component>
      <object_component id="oc-3b8">
         <name>.data</name>
         <load_address>0x2000cba8</load_address>
         <run_address>0x2000cba8</run_address>
         <size>0x4</size>
         <input_file_ref idref="fl-ea"/>
      </object_component>
      <object_component id="oc-102">
         <name>.bss:print_buffer$1</name>
         <uninitialized>true</uninitialized>
         <run_address>0x2000c800</run_address>
         <size>0x100</size>
         <input_file_ref idref="fl-2"/>
      </object_component>
      <object_component id="oc-1c8">
         <name>.bss:print_buffer$1</name>
         <uninitialized>true</uninitialized>
         <run_address>0x2000c900</run_address>
         <size>0x100</size>
         <input_file_ref idref="fl-5"/>
      </object_component>
      <object_component id="oc-169">
         <name>.bss:pxReadyTasksLists</name>
         <uninitialized>true</uninitialized>
         <run_address>0x2000ca00</run_address>
         <size>0x64</size>
         <input_file_ref idref="fl-a"/>
      </object_component>
      <object_component id="oc-17e">
         <name>.bss:xDelayedTaskList1</name>
         <uninitialized>true</uninitialized>
         <run_address>0x2000ca8c</run_address>
         <size>0x14</size>
         <input_file_ref idref="fl-a"/>
      </object_component>
      <object_component id="oc-181">
         <name>.bss:xDelayedTaskList2</name>
         <uninitialized>true</uninitialized>
         <run_address>0x2000caa0</run_address>
         <size>0x14</size>
         <input_file_ref idref="fl-a"/>
      </object_component>
      <object_component id="oc-16f">
         <name>.bss</name>
         <uninitialized>true</uninitialized>
         <run_address>0x2000caf8</run_address>
         <size>0x8</size>
         <input_file_ref idref="fl-a"/>
      </object_component>
      <object_component id="oc-17b">
         <name>.bss:xPendingReadyList</name>
         <uninitialized>true</uninitialized>
         <run_address>0x2000cab4</run_address>
         <size>0x14</size>
         <input_file_ref idref="fl-a"/>
      </object_component>
      <object_component id="oc-16c">
         <name>.bss:xTasksWaitingTermination</name>
         <uninitialized>true</uninitialized>
         <run_address>0x2000cadc</run_address>
         <size>0x14</size>
         <input_file_ref idref="fl-a"/>
      </object_component>
      <object_component id="oc-172">
         <name>.bss:xSuspendedTaskList</name>
         <uninitialized>true</uninitialized>
         <run_address>0x2000cac8</run_address>
         <size>0x14</size>
         <input_file_ref idref="fl-a"/>
      </object_component>
      <object_component id="oc-250">
         <name>.bss:xActiveTimerList1</name>
         <uninitialized>true</uninitialized>
         <run_address>0x2000ca64</run_address>
         <size>0x14</size>
         <input_file_ref idref="fl-b"/>
      </object_component>
      <object_component id="oc-253">
         <name>.bss:xActiveTimerList2</name>
         <uninitialized>true</uninitialized>
         <run_address>0x2000ca78</run_address>
         <size>0x14</size>
         <input_file_ref idref="fl-b"/>
      </object_component>
      <object_component id="oc-24d">
         <name>.bss</name>
         <uninitialized>true</uninitialized>
         <run_address>0x2000cb00</run_address>
         <size>0x8</size>
         <input_file_ref idref="fl-b"/>
      </object_component>
      <object_component id="oc-235">
         <name>.bss:ucHeap</name>
         <uninitialized>true</uninitialized>
         <run_address>0x20000000</run_address>
         <size>0xc800</size>
         <input_file_ref idref="fl-e"/>
      </object_component>
      <object_component id="oc-232">
         <name>.bss:xStart</name>
         <uninitialized>true</uninitialized>
         <run_address>0x2000cb08</run_address>
         <size>0x8</size>
         <input_file_ref idref="fl-e"/>
      </object_component>
      <object_component id="oc-32d">
         <name>.bss</name>
         <uninitialized>true</uninitialized>
         <run_address>0x2000caf0</run_address>
         <size>0x8</size>
         <input_file_ref idref="fl-14"/>
      </object_component>
      <object_component id="oc-24">
         <name>.stack</name>
         <uninitialized>true</uninitialized>
         <run_address>0x2000fc00</run_address>
         <size>0x4</size>
         <input_file_ref idref="fl-d5"/>
      </object_component>
      <object_component id="oc-48a">
         <name>.stack</name>
         <uninitialized>true</uninitialized>
         <run_address>0x2000fc00</run_address>
         <size>0x0</size>
      </object_component>
      <object_component id="oc-21">
         <name>.intvecs:retain</name>
         <load_address>0x0</load_address>
         <run_address>0x0</run_address>
         <size>0xe4</size>
         <input_file_ref idref="fl-3"/>
      </object_component>
      <object_component id="oc-109">
         <name>.debug_info</name>
         <load_address>0x0</load_address>
         <run_address>0x0</run_address>
         <size>0x7da</size>
         <input_file_ref idref="fl-2"/>
      </object_component>
      <object_component id="oc-100">
         <name>.debug_info</name>
         <load_address>0x7da</load_address>
         <run_address>0x7da</run_address>
         <size>0x125</size>
         <input_file_ref idref="fl-2"/>
      </object_component>
      <object_component id="oc-9a">
         <name>.debug_info</name>
         <load_address>0x8ff</load_address>
         <run_address>0x8ff</run_address>
         <size>0x8f2</size>
         <input_file_ref idref="fl-2"/>
      </object_component>
      <object_component id="oc-10f">
         <name>.debug_info</name>
         <load_address>0x11f1</load_address>
         <run_address>0x11f1</run_address>
         <size>0x30c</size>
         <input_file_ref idref="fl-2"/>
      </object_component>
      <object_component id="oc-18b">
         <name>.debug_info</name>
         <load_address>0x14fd</load_address>
         <run_address>0x14fd</run_address>
         <size>0x37e2</size>
         <input_file_ref idref="fl-2"/>
      </object_component>
      <object_component id="oc-d8">
         <name>.debug_info</name>
         <load_address>0x4cdf</load_address>
         <run_address>0x4cdf</run_address>
         <size>0x26b</size>
         <input_file_ref idref="fl-2"/>
      </object_component>
      <object_component id="oc-190">
         <name>.debug_info</name>
         <load_address>0x4f4a</load_address>
         <run_address>0x4f4a</run_address>
         <size>0x1055</size>
         <input_file_ref idref="fl-2"/>
      </object_component>
      <object_component id="oc-19a">
         <name>.debug_info</name>
         <load_address>0x5f9f</load_address>
         <run_address>0x5f9f</run_address>
         <size>0x364</size>
         <input_file_ref idref="fl-2"/>
      </object_component>
      <object_component id="oc-104">
         <name>.debug_info</name>
         <load_address>0x6303</load_address>
         <run_address>0x6303</run_address>
         <size>0x8b</size>
         <input_file_ref idref="fl-2"/>
      </object_component>
      <object_component id="oc-c7">
         <name>.debug_info</name>
         <load_address>0x638e</load_address>
         <run_address>0x638e</run_address>
         <size>0x2c</size>
         <input_file_ref idref="fl-2"/>
      </object_component>
      <object_component id="oc-19f">
         <name>.debug_info</name>
         <load_address>0x63ba</load_address>
         <run_address>0x63ba</run_address>
         <size>0x2a4</size>
         <input_file_ref idref="fl-2"/>
      </object_component>
      <object_component id="oc-1ca">
         <name>.debug_info</name>
         <load_address>0x665e</load_address>
         <run_address>0x665e</run_address>
         <size>0xef</size>
         <input_file_ref idref="fl-2"/>
      </object_component>
      <object_component id="oc-d1">
         <name>.debug_info</name>
         <load_address>0x674d</load_address>
         <run_address>0x674d</run_address>
         <size>0xbb</size>
         <input_file_ref idref="fl-2"/>
      </object_component>
      <object_component id="oc-cc">
         <name>.debug_info</name>
         <load_address>0x6808</load_address>
         <run_address>0x6808</run_address>
         <size>0x53</size>
         <input_file_ref idref="fl-2"/>
      </object_component>
      <object_component id="oc-114">
         <name>.debug_info</name>
         <load_address>0x685b</load_address>
         <run_address>0x685b</run_address>
         <size>0xcc</size>
         <input_file_ref idref="fl-2"/>
      </object_component>
      <object_component id="oc-10a">
         <name>.debug_info</name>
         <load_address>0x6927</load_address>
         <run_address>0x6927</run_address>
         <size>0x2c</size>
         <input_file_ref idref="fl-2"/>
      </object_component>
      <object_component id="oc-27e">
         <name>.debug_info</name>
         <load_address>0x6953</load_address>
         <run_address>0x6953</run_address>
         <size>0x102</size>
         <input_file_ref idref="fl-2"/>
      </object_component>
      <object_component id="oc-195">
         <name>.debug_info</name>
         <load_address>0x6a55</load_address>
         <run_address>0x6a55</run_address>
         <size>0x14c</size>
         <input_file_ref idref="fl-2"/>
      </object_component>
      <object_component id="oc-75">
         <name>.debug_info</name>
         <load_address>0x6ba1</load_address>
         <run_address>0x6ba1</run_address>
         <size>0x2f5</size>
         <input_file_ref idref="fl-3"/>
      </object_component>
      <object_component id="oc-22">
         <name>.debug_info</name>
         <load_address>0x6e96</load_address>
         <run_address>0x6e96</run_address>
         <size>0x121</size>
         <input_file_ref idref="fl-3"/>
      </object_component>
      <object_component id="oc-63">
         <name>.debug_info</name>
         <load_address>0x6fb7</load_address>
         <run_address>0x6fb7</run_address>
         <size>0x20c</size>
         <input_file_ref idref="fl-3"/>
      </object_component>
      <object_component id="oc-2d">
         <name>.debug_info</name>
         <load_address>0x71c3</load_address>
         <run_address>0x71c3</run_address>
         <size>0x84</size>
         <input_file_ref idref="fl-3"/>
      </object_component>
      <object_component id="oc-c3">
         <name>.debug_info</name>
         <load_address>0x7247</load_address>
         <run_address>0x7247</run_address>
         <size>0x111</size>
         <input_file_ref idref="fl-4"/>
      </object_component>
      <object_component id="oc-ad">
         <name>.debug_info</name>
         <load_address>0x7358</load_address>
         <run_address>0x7358</run_address>
         <size>0x283</size>
         <input_file_ref idref="fl-4"/>
      </object_component>
      <object_component id="oc-1cf">
         <name>.debug_info</name>
         <load_address>0x75db</load_address>
         <run_address>0x75db</run_address>
         <size>0x721</size>
         <input_file_ref idref="fl-5"/>
      </object_component>
      <object_component id="oc-1c6">
         <name>.debug_info</name>
         <load_address>0x7cfc</load_address>
         <run_address>0x7cfc</run_address>
         <size>0xf1</size>
         <input_file_ref idref="fl-5"/>
      </object_component>
      <object_component id="oc-1c3">
         <name>.debug_info</name>
         <load_address>0x7ded</load_address>
         <run_address>0x7ded</run_address>
         <size>0xfb</size>
         <input_file_ref idref="fl-5"/>
      </object_component>
      <object_component id="oc-ee">
         <name>.debug_info</name>
         <load_address>0x7ee8</load_address>
         <run_address>0x7ee8</run_address>
         <size>0x42e</size>
         <input_file_ref idref="fl-5"/>
      </object_component>
      <object_component id="oc-2fa">
         <name>.debug_info</name>
         <load_address>0x8316</load_address>
         <run_address>0x8316</run_address>
         <size>0x92e</size>
         <input_file_ref idref="fl-7"/>
      </object_component>
      <object_component id="oc-22a">
         <name>.debug_info</name>
         <load_address>0x8c44</load_address>
         <run_address>0x8c44</run_address>
         <size>0x110</size>
         <input_file_ref idref="fl-7"/>
      </object_component>
      <object_component id="oc-3da">
         <name>.debug_info</name>
         <load_address>0x8d54</load_address>
         <run_address>0x8d54</run_address>
         <size>0x39</size>
         <input_file_ref idref="fl-7"/>
      </object_component>
      <object_component id="oc-21b">
         <name>.debug_info</name>
         <load_address>0x8d8d</load_address>
         <run_address>0x8d8d</run_address>
         <size>0x46</size>
         <input_file_ref idref="fl-7"/>
      </object_component>
      <object_component id="oc-3df">
         <name>.debug_info</name>
         <load_address>0x8dd3</load_address>
         <run_address>0x8dd3</run_address>
         <size>0x62</size>
         <input_file_ref idref="fl-7"/>
      </object_component>
      <object_component id="oc-23b">
         <name>.debug_info</name>
         <load_address>0x8e35</load_address>
         <run_address>0x8e35</run_address>
         <size>0x645</size>
         <input_file_ref idref="fl-8"/>
      </object_component>
      <object_component id="oc-165">
         <name>.debug_info</name>
         <load_address>0x947a</load_address>
         <run_address>0x947a</run_address>
         <size>0x4cd</size>
         <input_file_ref idref="fl-8"/>
      </object_component>
      <object_component id="oc-2fb">
         <name>.debug_info</name>
         <load_address>0x9947</load_address>
         <run_address>0x9947</run_address>
         <size>0xb38</size>
         <input_file_ref idref="fl-9"/>
      </object_component>
      <object_component id="oc-245">
         <name>.debug_info</name>
         <load_address>0xa47f</load_address>
         <run_address>0xa47f</run_address>
         <size>0x29a0</size>
         <input_file_ref idref="fl-9"/>
      </object_component>
      <object_component id="oc-3e6">
         <name>.debug_info</name>
         <load_address>0xce1f</load_address>
         <run_address>0xce1f</run_address>
         <size>0x155</size>
         <input_file_ref idref="fl-9"/>
      </object_component>
      <object_component id="oc-30c">
         <name>.debug_info</name>
         <load_address>0xcf74</load_address>
         <run_address>0xcf74</run_address>
         <size>0x46</size>
         <input_file_ref idref="fl-9"/>
      </object_component>
      <object_component id="oc-220">
         <name>.debug_info</name>
         <load_address>0xcfba</load_address>
         <run_address>0xcfba</run_address>
         <size>0x35</size>
         <input_file_ref idref="fl-9"/>
      </object_component>
      <object_component id="oc-15a">
         <name>.debug_info</name>
         <load_address>0xcfef</load_address>
         <run_address>0xcfef</run_address>
         <size>0xb76</size>
         <input_file_ref idref="fl-a"/>
      </object_component>
      <object_component id="oc-b3">
         <name>.debug_info</name>
         <load_address>0xdb65</load_address>
         <run_address>0xdb65</run_address>
         <size>0x36a</size>
         <input_file_ref idref="fl-a"/>
      </object_component>
      <object_component id="oc-16a">
         <name>.debug_info</name>
         <load_address>0xdecf</load_address>
         <run_address>0xdecf</run_address>
         <size>0x111</size>
         <input_file_ref idref="fl-a"/>
      </object_component>
      <object_component id="oc-17f">
         <name>.debug_info</name>
         <load_address>0xdfe0</load_address>
         <run_address>0xdfe0</run_address>
         <size>0x111</size>
         <input_file_ref idref="fl-a"/>
      </object_component>
      <object_component id="oc-182">
         <name>.debug_info</name>
         <load_address>0xe0f1</load_address>
         <run_address>0xe0f1</run_address>
         <size>0x111</size>
         <input_file_ref idref="fl-a"/>
      </object_component>
      <object_component id="oc-170">
         <name>.debug_info</name>
         <load_address>0xe202</load_address>
         <run_address>0xe202</run_address>
         <size>0x154</size>
         <input_file_ref idref="fl-a"/>
      </object_component>
      <object_component id="oc-17c">
         <name>.debug_info</name>
         <load_address>0xe356</load_address>
         <run_address>0xe356</run_address>
         <size>0x111</size>
         <input_file_ref idref="fl-a"/>
      </object_component>
      <object_component id="oc-16d">
         <name>.debug_info</name>
         <load_address>0xe467</load_address>
         <run_address>0xe467</run_address>
         <size>0x11f</size>
         <input_file_ref idref="fl-a"/>
      </object_component>
      <object_component id="oc-173">
         <name>.debug_info</name>
         <load_address>0xe586</load_address>
         <run_address>0xe586</run_address>
         <size>0x113</size>
         <input_file_ref idref="fl-a"/>
      </object_component>
      <object_component id="oc-bb">
         <name>.debug_info</name>
         <load_address>0xe699</load_address>
         <run_address>0xe699</run_address>
         <size>0x41c9</size>
         <input_file_ref idref="fl-a"/>
      </object_component>
      <object_component id="oc-225">
         <name>.debug_info</name>
         <load_address>0x12862</load_address>
         <run_address>0x12862</run_address>
         <size>0x11c</size>
         <input_file_ref idref="fl-a"/>
      </object_component>
      <object_component id="oc-257">
         <name>.debug_info</name>
         <load_address>0x1297e</load_address>
         <run_address>0x1297e</run_address>
         <size>0xaf7</size>
         <input_file_ref idref="fl-b"/>
      </object_component>
      <object_component id="oc-251">
         <name>.debug_info</name>
         <load_address>0x13475</load_address>
         <run_address>0x13475</run_address>
         <size>0x111</size>
         <input_file_ref idref="fl-b"/>
      </object_component>
      <object_component id="oc-254">
         <name>.debug_info</name>
         <load_address>0x13586</load_address>
         <run_address>0x13586</run_address>
         <size>0x111</size>
         <input_file_ref idref="fl-b"/>
      </object_component>
      <object_component id="oc-24e">
         <name>.debug_info</name>
         <load_address>0x13697</load_address>
         <run_address>0x13697</run_address>
         <size>0x149</size>
         <input_file_ref idref="fl-b"/>
      </object_component>
      <object_component id="oc-24b">
         <name>.debug_info</name>
         <load_address>0x137e0</load_address>
         <run_address>0x137e0</run_address>
         <size>0x135</size>
         <input_file_ref idref="fl-b"/>
      </object_component>
      <object_component id="oc-176">
         <name>.debug_info</name>
         <load_address>0x13915</load_address>
         <run_address>0x13915</run_address>
         <size>0x1f4a</size>
         <input_file_ref idref="fl-b"/>
      </object_component>
      <object_component id="oc-258">
         <name>.debug_info</name>
         <load_address>0x1585f</load_address>
         <run_address>0x1585f</run_address>
         <size>0x1ce</size>
         <input_file_ref idref="fl-b"/>
      </object_component>
      <object_component id="oc-c6">
         <name>.debug_info</name>
         <load_address>0x15a2d</load_address>
         <run_address>0x15a2d</run_address>
         <size>0x7ee</size>
         <input_file_ref idref="fl-c"/>
      </object_component>
      <object_component id="oc-b6">
         <name>.debug_info</name>
         <load_address>0x1621b</load_address>
         <run_address>0x1621b</run_address>
         <size>0x186</size>
         <input_file_ref idref="fl-c"/>
      </object_component>
      <object_component id="oc-c0">
         <name>.debug_info</name>
         <load_address>0x163a1</load_address>
         <run_address>0x163a1</run_address>
         <size>0x261</size>
         <input_file_ref idref="fl-c"/>
      </object_component>
      <object_component id="oc-6e">
         <name>.debug_info</name>
         <load_address>0x16602</load_address>
         <run_address>0x16602</run_address>
         <size>0xb60</size>
         <input_file_ref idref="fl-c"/>
      </object_component>
      <object_component id="oc-69">
         <name>.debug_info</name>
         <load_address>0x17162</load_address>
         <run_address>0x17162</run_address>
         <size>0x273</size>
         <input_file_ref idref="fl-d"/>
      </object_component>
      <object_component id="oc-239">
         <name>.debug_info</name>
         <load_address>0x173d5</load_address>
         <run_address>0x173d5</run_address>
         <size>0x72a</size>
         <input_file_ref idref="fl-e"/>
      </object_component>
      <object_component id="oc-236">
         <name>.debug_info</name>
         <load_address>0x17aff</load_address>
         <run_address>0x17aff</run_address>
         <size>0x10c</size>
         <input_file_ref idref="fl-e"/>
      </object_component>
      <object_component id="oc-233">
         <name>.debug_info</name>
         <load_address>0x17c0b</load_address>
         <run_address>0x17c0b</run_address>
         <size>0x10c</size>
         <input_file_ref idref="fl-e"/>
      </object_component>
      <object_component id="oc-230">
         <name>.debug_info</name>
         <load_address>0x17d17</load_address>
         <run_address>0x17d17</run_address>
         <size>0x1c0</size>
         <input_file_ref idref="fl-e"/>
      </object_component>
      <object_component id="oc-15f">
         <name>.debug_info</name>
         <load_address>0x17ed7</load_address>
         <run_address>0x17ed7</run_address>
         <size>0x7e2</size>
         <input_file_ref idref="fl-e"/>
      </object_component>
      <object_component id="oc-300">
         <name>.debug_info</name>
         <load_address>0x186b9</load_address>
         <run_address>0x186b9</run_address>
         <size>0x62</size>
         <input_file_ref idref="fl-e"/>
      </object_component>
      <object_component id="oc-3fa">
         <name>.debug_info</name>
         <load_address>0x1871b</load_address>
         <run_address>0x1871b</run_address>
         <size>0x807</size>
         <input_file_ref idref="fl-14"/>
      </object_component>
      <object_component id="oc-32e">
         <name>.debug_info</name>
         <load_address>0x18f22</load_address>
         <run_address>0x18f22</run_address>
         <size>0x140</size>
         <input_file_ref idref="fl-14"/>
      </object_component>
      <object_component id="oc-31e">
         <name>.debug_info</name>
         <load_address>0x19062</load_address>
         <run_address>0x19062</run_address>
         <size>0x1d9</size>
         <input_file_ref idref="fl-14"/>
      </object_component>
      <object_component id="oc-265">
         <name>.debug_info</name>
         <load_address>0x1923b</load_address>
         <run_address>0x1923b</run_address>
         <size>0x2a8</size>
         <input_file_ref idref="fl-14"/>
      </object_component>
      <object_component id="oc-3f5">
         <name>.debug_info</name>
         <load_address>0x194e3</load_address>
         <run_address>0x194e3</run_address>
         <size>0x1be</size>
         <input_file_ref idref="fl-14"/>
      </object_component>
      <object_component id="oc-329">
         <name>.debug_info</name>
         <load_address>0x196a1</load_address>
         <run_address>0x196a1</run_address>
         <size>0x28f</size>
         <input_file_ref idref="fl-14"/>
      </object_component>
      <object_component id="oc-1a6">
         <name>.debug_info</name>
         <load_address>0x19930</load_address>
         <run_address>0x19930</run_address>
         <size>0x1eb</size>
         <input_file_ref idref="fl-14"/>
      </object_component>
      <object_component id="oc-323">
         <name>.debug_info</name>
         <load_address>0x19b1b</load_address>
         <run_address>0x19b1b</run_address>
         <size>0x1d3</size>
         <input_file_ref idref="fl-14"/>
      </object_component>
      <object_component id="oc-338">
         <name>.debug_info</name>
         <load_address>0x19cee</load_address>
         <run_address>0x19cee</run_address>
         <size>0x431a</size>
         <input_file_ref idref="fl-14"/>
      </object_component>
      <object_component id="oc-440">
         <name>.debug_info</name>
         <load_address>0x1e008</load_address>
         <run_address>0x1e008</run_address>
         <size>0x1b5</size>
         <input_file_ref idref="fl-14"/>
      </object_component>
      <object_component id="oc-342">
         <name>.debug_info</name>
         <load_address>0x1e1bd</load_address>
         <run_address>0x1e1bd</run_address>
         <size>0x26b</size>
         <input_file_ref idref="fl-14"/>
      </object_component>
      <object_component id="oc-33d">
         <name>.debug_info</name>
         <load_address>0x1e428</load_address>
         <run_address>0x1e428</run_address>
         <size>0x1028</size>
         <input_file_ref idref="fl-14"/>
      </object_component>
      <object_component id="oc-331">
         <name>.debug_info</name>
         <load_address>0x1f450</load_address>
         <run_address>0x1f450</run_address>
         <size>0x297</size>
         <input_file_ref idref="fl-14"/>
      </object_component>
      <object_component id="oc-276">
         <name>.debug_info</name>
         <load_address>0x1f6e7</load_address>
         <run_address>0x1f6e7</run_address>
         <size>0xef</size>
         <input_file_ref idref="fl-14"/>
      </object_component>
      <object_component id="oc-26a">
         <name>.debug_info</name>
         <load_address>0x1f7d6</load_address>
         <run_address>0x1f7d6</run_address>
         <size>0xbb</size>
         <input_file_ref idref="fl-14"/>
      </object_component>
      <object_component id="oc-34e">
         <name>.debug_info</name>
         <load_address>0x1f891</load_address>
         <run_address>0x1f891</run_address>
         <size>0x701</size>
         <input_file_ref idref="fl-15"/>
      </object_component>
      <object_component id="oc-273">
         <name>.debug_info</name>
         <load_address>0x1ff92</load_address>
         <run_address>0x1ff92</run_address>
         <size>0x135</size>
         <input_file_ref idref="fl-15"/>
      </object_component>
      <object_component id="oc-1b7">
         <name>.debug_info</name>
         <load_address>0x200c7</load_address>
         <run_address>0x200c7</run_address>
         <size>0x2a5</size>
         <input_file_ref idref="fl-15"/>
      </object_component>
      <object_component id="oc-fd">
         <name>.debug_info</name>
         <load_address>0x2036c</load_address>
         <run_address>0x2036c</run_address>
         <size>0x1d7</size>
         <input_file_ref idref="fl-16"/>
      </object_component>
      <object_component id="oc-43c">
         <name>.debug_info</name>
         <load_address>0x20543</load_address>
         <run_address>0x20543</run_address>
         <size>0x5c9</size>
         <input_file_ref idref="fl-17"/>
      </object_component>
      <object_component id="oc-3ef">
         <name>.debug_info</name>
         <load_address>0x20b0c</load_address>
         <run_address>0x20b0c</run_address>
         <size>0x298</size>
         <input_file_ref idref="fl-17"/>
      </object_component>
      <object_component id="oc-270">
         <name>.debug_info</name>
         <load_address>0x20da4</load_address>
         <run_address>0x20da4</run_address>
         <size>0x6eb</size>
         <input_file_ref idref="fl-18"/>
      </object_component>
      <object_component id="oc-1ab">
         <name>.debug_info</name>
         <load_address>0x2148f</load_address>
         <run_address>0x2148f</run_address>
         <size>0x234</size>
         <input_file_ref idref="fl-18"/>
      </object_component>
      <object_component id="oc-1be">
         <name>.debug_info</name>
         <load_address>0x216c3</load_address>
         <run_address>0x216c3</run_address>
         <size>0x236</size>
         <input_file_ref idref="fl-18"/>
      </object_component>
      <object_component id="oc-1b2">
         <name>.debug_info</name>
         <load_address>0x218f9</load_address>
         <run_address>0x218f9</run_address>
         <size>0x1f3</size>
         <input_file_ref idref="fl-18"/>
      </object_component>
      <object_component id="oc-347">
         <name>.debug_info</name>
         <load_address>0x21aec</load_address>
         <run_address>0x21aec</run_address>
         <size>0x102</size>
         <input_file_ref idref="fl-18"/>
      </object_component>
      <object_component id="oc-1ef">
         <name>.debug_info</name>
         <load_address>0x21bee</load_address>
         <run_address>0x21bee</run_address>
         <size>0x199</size>
         <input_file_ref idref="fl-19"/>
      </object_component>
      <object_component id="oc-1e3">
         <name>.debug_info</name>
         <load_address>0x21d87</load_address>
         <run_address>0x21d87</run_address>
         <size>0x340</size>
         <input_file_ref idref="fl-cf"/>
      </object_component>
      <object_component id="oc-f6">
         <name>.debug_info</name>
         <load_address>0x220c7</load_address>
         <run_address>0x220c7</run_address>
         <size>0x208</size>
         <input_file_ref idref="fl-cf"/>
      </object_component>
      <object_component id="oc-1da">
         <name>.debug_info</name>
         <load_address>0x222cf</load_address>
         <run_address>0x222cf</run_address>
         <size>0x1c6</size>
         <input_file_ref idref="fl-cf"/>
      </object_component>
      <object_component id="oc-1dd">
         <name>.debug_info</name>
         <load_address>0x22495</load_address>
         <run_address>0x22495</run_address>
         <size>0x179</size>
         <input_file_ref idref="fl-cf"/>
      </object_component>
      <object_component id="oc-1e4">
         <name>.debug_info</name>
         <load_address>0x2260e</load_address>
         <run_address>0x2260e</run_address>
         <size>0x2c</size>
         <input_file_ref idref="fl-cf"/>
      </object_component>
      <object_component id="oc-1e9">
         <name>.debug_info</name>
         <load_address>0x2263a</load_address>
         <run_address>0x2263a</run_address>
         <size>0x69</size>
         <input_file_ref idref="fl-cf"/>
      </object_component>
      <object_component id="oc-33">
         <name>.debug_info</name>
         <load_address>0x226a3</load_address>
         <run_address>0x226a3</run_address>
         <size>0x119</size>
         <input_file_ref idref="fl-d0"/>
      </object_component>
      <object_component id="oc-8f">
         <name>.debug_info</name>
         <load_address>0x227bc</load_address>
         <run_address>0x227bc</run_address>
         <size>0x147</size>
         <input_file_ref idref="fl-d1"/>
      </object_component>
      <object_component id="oc-8c">
         <name>.debug_info</name>
         <load_address>0x22903</load_address>
         <run_address>0x22903</run_address>
         <size>0x2d4</size>
         <input_file_ref idref="fl-d2"/>
      </object_component>
      <object_component id="oc-46">
         <name>.debug_info</name>
         <load_address>0x22bd7</load_address>
         <run_address>0x22bd7</run_address>
         <size>0x1b5</size>
         <input_file_ref idref="fl-d2"/>
      </object_component>
      <object_component id="oc-87">
         <name>.debug_info</name>
         <load_address>0x22d8c</load_address>
         <run_address>0x22d8c</run_address>
         <size>0x46</size>
         <input_file_ref idref="fl-d2"/>
      </object_component>
      <object_component id="oc-e4">
         <name>.debug_info</name>
         <load_address>0x22dd2</load_address>
         <run_address>0x22dd2</run_address>
         <size>0x2c</size>
         <input_file_ref idref="fl-d2"/>
      </object_component>
      <object_component id="oc-3d">
         <name>.debug_info</name>
         <load_address>0x22dfe</load_address>
         <run_address>0x22dfe</run_address>
         <size>0x2a8</size>
         <input_file_ref idref="fl-d3"/>
      </object_component>
      <object_component id="oc-19">
         <name>.debug_info</name>
         <load_address>0x230a6</load_address>
         <run_address>0x230a6</run_address>
         <size>0x1ea</size>
         <input_file_ref idref="fl-d3"/>
      </object_component>
      <object_component id="oc-38">
         <name>.debug_info</name>
         <load_address>0x23290</load_address>
         <run_address>0x23290</run_address>
         <size>0x46</size>
         <input_file_ref idref="fl-d3"/>
      </object_component>
      <object_component id="oc-7f">
         <name>.debug_info</name>
         <load_address>0x232d6</load_address>
         <run_address>0x232d6</run_address>
         <size>0x2c</size>
         <input_file_ref idref="fl-d3"/>
      </object_component>
      <object_component id="oc-7d">
         <name>.debug_info</name>
         <load_address>0x23302</load_address>
         <run_address>0x23302</run_address>
         <size>0x29e</size>
         <input_file_ref idref="fl-d4"/>
      </object_component>
      <object_component id="oc-13">
         <name>.debug_info</name>
         <load_address>0x235a0</load_address>
         <run_address>0x235a0</run_address>
         <size>0x250</size>
         <input_file_ref idref="fl-d4"/>
      </object_component>
      <object_component id="oc-28">
         <name>.debug_info</name>
         <load_address>0x237f0</load_address>
         <run_address>0x237f0</run_address>
         <size>0x60</size>
         <input_file_ref idref="fl-d4"/>
      </object_component>
      <object_component id="oc-dd">
         <name>.debug_info</name>
         <load_address>0x23850</load_address>
         <run_address>0x23850</run_address>
         <size>0x46</size>
         <input_file_ref idref="fl-d4"/>
      </object_component>
      <object_component id="oc-78">
         <name>.debug_info</name>
         <load_address>0x23896</load_address>
         <run_address>0x23896</run_address>
         <size>0x39</size>
         <input_file_ref idref="fl-d4"/>
      </object_component>
      <object_component id="oc-25">
         <name>.debug_info</name>
         <load_address>0x238cf</load_address>
         <run_address>0x238cf</run_address>
         <size>0x10b</size>
         <input_file_ref idref="fl-d5"/>
      </object_component>
      <object_component id="oc-51">
         <name>.debug_info</name>
         <load_address>0x239da</load_address>
         <run_address>0x239da</run_address>
         <size>0x1a9</size>
         <input_file_ref idref="fl-d5"/>
      </object_component>
      <object_component id="oc-2c9">
         <name>.debug_info</name>
         <load_address>0x23b83</load_address>
         <run_address>0x23b83</run_address>
         <size>0x590</size>
         <input_file_ref idref="fl-d6"/>
      </object_component>
      <object_component id="oc-295">
         <name>.debug_info</name>
         <load_address>0x24113</load_address>
         <run_address>0x24113</run_address>
         <size>0x21e</size>
         <input_file_ref idref="fl-d6"/>
      </object_component>
      <object_component id="oc-383">
         <name>.debug_info</name>
         <load_address>0x24331</load_address>
         <run_address>0x24331</run_address>
         <size>0x1b3</size>
         <input_file_ref idref="fl-d6"/>
      </object_component>
      <object_component id="oc-389">
         <name>.debug_info</name>
         <load_address>0x244e4</load_address>
         <run_address>0x244e4</run_address>
         <size>0x21b</size>
         <input_file_ref idref="fl-d6"/>
      </object_component>
      <object_component id="oc-2a0">
         <name>.debug_info</name>
         <load_address>0x246ff</load_address>
         <run_address>0x246ff</run_address>
         <size>0x3c0</size>
         <input_file_ref idref="fl-d6"/>
      </object_component>
      <object_component id="oc-390">
         <name>.debug_info</name>
         <load_address>0x24abf</load_address>
         <run_address>0x24abf</run_address>
         <size>0x30a</size>
         <input_file_ref idref="fl-d6"/>
      </object_component>
      <object_component id="oc-396">
         <name>.debug_info</name>
         <load_address>0x24dc9</load_address>
         <run_address>0x24dc9</run_address>
         <size>0x215</size>
         <input_file_ref idref="fl-d6"/>
      </object_component>
      <object_component id="oc-2a6">
         <name>.debug_info</name>
         <load_address>0x24fde</load_address>
         <run_address>0x24fde</run_address>
         <size>0x215</size>
         <input_file_ref idref="fl-d6"/>
      </object_component>
      <object_component id="oc-2ac">
         <name>.debug_info</name>
         <load_address>0x251f3</load_address>
         <run_address>0x251f3</run_address>
         <size>0x304</size>
         <input_file_ref idref="fl-d6"/>
      </object_component>
      <object_component id="oc-2b2">
         <name>.debug_info</name>
         <load_address>0x254f7</load_address>
         <run_address>0x254f7</run_address>
         <size>0x4b5</size>
         <input_file_ref idref="fl-d6"/>
      </object_component>
      <object_component id="oc-1d2">
         <name>.debug_info</name>
         <load_address>0x259ac</load_address>
         <run_address>0x259ac</run_address>
         <size>0x5f4</size>
         <input_file_ref idref="fl-d6"/>
      </object_component>
      <object_component id="oc-2ca">
         <name>.debug_info</name>
         <load_address>0x25fa0</load_address>
         <run_address>0x25fa0</run_address>
         <size>0x86</size>
         <input_file_ref idref="fl-d6"/>
      </object_component>
      <object_component id="oc-3bf">
         <name>.debug_info</name>
         <load_address>0x26026</load_address>
         <run_address>0x26026</run_address>
         <size>0x39</size>
         <input_file_ref idref="fl-d6"/>
      </object_component>
      <object_component id="oc-436">
         <name>.debug_info</name>
         <load_address>0x2605f</load_address>
         <run_address>0x2605f</run_address>
         <size>0xb6</size>
         <input_file_ref idref="fl-d6"/>
      </object_component>
      <object_component id="oc-3c4">
         <name>.debug_info</name>
         <load_address>0x26115</load_address>
         <run_address>0x26115</run_address>
         <size>0x46</size>
         <input_file_ref idref="fl-d6"/>
      </object_component>
      <object_component id="oc-2cf">
         <name>.debug_info</name>
         <load_address>0x2615b</load_address>
         <run_address>0x2615b</run_address>
         <size>0x46</size>
         <input_file_ref idref="fl-d6"/>
      </object_component>
      <object_component id="oc-37d">
         <name>.debug_info</name>
         <load_address>0x261a1</load_address>
         <run_address>0x261a1</run_address>
         <size>0x14c</size>
         <input_file_ref idref="fl-d7"/>
      </object_component>
      <object_component id="oc-29b">
         <name>.debug_info</name>
         <load_address>0x262ed</load_address>
         <run_address>0x262ed</run_address>
         <size>0x128</size>
         <input_file_ref idref="fl-d8"/>
      </object_component>
      <object_component id="oc-369">
         <name>.debug_info</name>
         <load_address>0x26415</load_address>
         <run_address>0x26415</run_address>
         <size>0x12a</size>
         <input_file_ref idref="fl-d8"/>
      </object_component>
      <object_component id="oc-364">
         <name>.debug_info</name>
         <load_address>0x2653f</load_address>
         <run_address>0x2653f</run_address>
         <size>0x13a</size>
         <input_file_ref idref="fl-d9"/>
      </object_component>
      <object_component id="oc-35f">
         <name>.debug_info</name>
         <load_address>0x26679</load_address>
         <run_address>0x26679</run_address>
         <size>0x13a</size>
         <input_file_ref idref="fl-da"/>
      </object_component>
      <object_component id="oc-36f">
         <name>.debug_info</name>
         <load_address>0x267b3</load_address>
         <run_address>0x267b3</run_address>
         <size>0x12e</size>
         <input_file_ref idref="fl-db"/>
      </object_component>
      <object_component id="oc-379">
         <name>.debug_info</name>
         <load_address>0x268e1</load_address>
         <run_address>0x268e1</run_address>
         <size>0x12c</size>
         <input_file_ref idref="fl-dc"/>
      </object_component>
      <object_component id="oc-359">
         <name>.debug_info</name>
         <load_address>0x26a0d</load_address>
         <run_address>0x26a0d</run_address>
         <size>0x134</size>
         <input_file_ref idref="fl-dd"/>
      </object_component>
      <object_component id="oc-204">
         <name>.debug_info</name>
         <load_address>0x26b41</load_address>
         <run_address>0x26b41</run_address>
         <size>0x4b3</size>
         <input_file_ref idref="fl-de"/>
      </object_component>
      <object_component id="oc-127">
         <name>.debug_info</name>
         <load_address>0x26ff4</load_address>
         <run_address>0x26ff4</run_address>
         <size>0x1a6</size>
         <input_file_ref idref="fl-de"/>
      </object_component>
      <object_component id="oc-2e9">
         <name>.debug_info</name>
         <load_address>0x2719a</load_address>
         <run_address>0x2719a</run_address>
         <size>0x39</size>
         <input_file_ref idref="fl-de"/>
      </object_component>
      <object_component id="oc-3cc">
         <name>.debug_info</name>
         <load_address>0x271d3</load_address>
         <run_address>0x271d3</run_address>
         <size>0x39</size>
         <input_file_ref idref="fl-de"/>
      </object_component>
      <object_component id="oc-2ee">
         <name>.debug_info</name>
         <load_address>0x2720c</load_address>
         <run_address>0x2720c</run_address>
         <size>0x39</size>
         <input_file_ref idref="fl-de"/>
      </object_component>
      <object_component id="oc-2f3">
         <name>.debug_info</name>
         <load_address>0x27245</load_address>
         <run_address>0x27245</run_address>
         <size>0xcd</size>
         <input_file_ref idref="fl-de"/>
      </object_component>
      <object_component id="oc-95">
         <name>.debug_info</name>
         <load_address>0x27312</load_address>
         <run_address>0x27312</run_address>
         <size>0x153</size>
         <input_file_ref idref="fl-df"/>
      </object_component>
      <object_component id="oc-11a">
         <name>.debug_info</name>
         <load_address>0x27465</load_address>
         <run_address>0x27465</run_address>
         <size>0x122</size>
         <input_file_ref idref="fl-e1"/>
      </object_component>
      <object_component id="oc-411">
         <name>.debug_info</name>
         <load_address>0x27587</load_address>
         <run_address>0x27587</run_address>
         <size>0x29c</size>
         <input_file_ref idref="fl-e3"/>
      </object_component>
      <object_component id="oc-373">
         <name>.debug_info</name>
         <load_address>0x27823</load_address>
         <run_address>0x27823</run_address>
         <size>0x1da</size>
         <input_file_ref idref="fl-e3"/>
      </object_component>
      <object_component id="oc-355">
         <name>.debug_info</name>
         <load_address>0x279fd</load_address>
         <run_address>0x279fd</run_address>
         <size>0x2b9</size>
         <input_file_ref idref="fl-e5"/>
      </object_component>
      <object_component id="oc-28f">
         <name>.debug_info</name>
         <load_address>0x27cb6</load_address>
         <run_address>0x27cb6</run_address>
         <size>0x17c</size>
         <input_file_ref idref="fl-e5"/>
      </object_component>
      <object_component id="oc-403">
         <name>.debug_info</name>
         <load_address>0x27e32</load_address>
         <run_address>0x27e32</run_address>
         <size>0xf9</size>
         <input_file_ref idref="fl-e6"/>
      </object_component>
      <object_component id="oc-352">
         <name>.debug_info</name>
         <load_address>0x27f2b</load_address>
         <run_address>0x27f2b</run_address>
         <size>0x105</size>
         <input_file_ref idref="fl-e6"/>
      </object_component>
      <object_component id="oc-3b0">
         <name>.debug_info</name>
         <load_address>0x28030</load_address>
         <run_address>0x28030</run_address>
         <size>0x2a7</size>
         <input_file_ref idref="fl-e7"/>
      </object_component>
      <object_component id="oc-2b9">
         <name>.debug_info</name>
         <load_address>0x282d7</load_address>
         <run_address>0x282d7</run_address>
         <size>0x1b8</size>
         <input_file_ref idref="fl-e7"/>
      </object_component>
      <object_component id="oc-428">
         <name>.debug_info</name>
         <load_address>0x2848f</load_address>
         <run_address>0x2848f</run_address>
         <size>0x29a</size>
         <input_file_ref idref="fl-e8"/>
      </object_component>
      <object_component id="oc-3a9">
         <name>.debug_info</name>
         <load_address>0x28729</load_address>
         <run_address>0x28729</run_address>
         <size>0x262</size>
         <input_file_ref idref="fl-e8"/>
      </object_component>
      <object_component id="oc-350">
         <name>.debug_info</name>
         <load_address>0x2898b</load_address>
         <run_address>0x2898b</run_address>
         <size>0x28f</size>
         <input_file_ref idref="fl-e9"/>
      </object_component>
      <object_component id="oc-288">
         <name>.debug_info</name>
[...]
      </symbol>
      <symbol id="sm-59b">
         <name>xTimerCreate</name>
         <value>0x31ef</value>
         <object_component_ref idref="oc-175"/>
      </symbol>
      <symbol id="sm-59c">
         <name>xTimerGenericCommand</name>
         <value>0x327d</value>
         <object_component_ref idref="oc-175"/>
      </symbol>
      <symbol id="sm-59d">
         <name>pvTimerGetTimerID</name>
         <value>0x37f9</value>
         <object_component_ref idref="oc-175"/>
      </symbol>
      <symbol id="sm-59e">
         <name>xTimerPendFunctionCallFromISR</name>
         <value>0x3855</value>
         <object_component_ref idref="oc-175"/>
      </symbol>
      <symbol id="sm-59f">
         <name>xTimerPendFunctionCall</name>
         <value>0x388b</value>
         <object_component_ref idref="oc-175"/>
      </symbol>
      <symbol id="sm-5a0">
         <name>vTimerSetTimerID</name>
         <value>0x3827</value>
         <object_component_ref idref="oc-175"/>
      </symbol>
      <symbol id="sm-606">
         <name>ulMaxSyscallInterruptPriority</name>
         <value>0x6650</value>
         <object_component_ref idref="oc-b5"/>
      </symbol>
      <symbol id="sm-607">
         <name>vPortSetupTimerInterrupt</name>
         <value>0x3c21</value>
         <object_component_ref idref="oc-6d"/>
      </symbol>
      <symbol id="sm-608">
         <name>vPortEndScheduler</name>
         <value>0x3a0d</value>
         <object_component_ref idref="oc-6d"/>
      </symbol>
      <symbol id="sm-609">
         <name>vPortSuppressTicksAndSleep</name>
         <value>0x3ac9</value>
         <object_component_ref idref="oc-6d"/>
      </symbol>
      <symbol id="sm-60a">
         <name>xPortSysTickHandler</name>
         <value>0x3a9f</value>
         <object_component_ref idref="oc-6d"/>
      </symbol>
      <symbol id="sm-60b">
         <name>vPortValidateInterruptPriority</name>
         <value>0x3c81</value>
         <object_component_ref idref="oc-6d"/>
      </symbol>
      <symbol id="sm-60c">
         <name>pxPortInitialiseStack</name>
         <value>0x38ed</value>
         <object_component_ref idref="oc-6d"/>
      </symbol>
      <symbol id="sm-60d">
         <name>vPortExitCritical</name>
         <value>0x3a73</value>
         <object_component_ref idref="oc-6d"/>
      </symbol>
      <symbol id="sm-60e">
         <name>xPortStartScheduler</name>
         <value>0x3979</value>
         <object_component_ref idref="oc-6d"/>
      </symbol>
      <symbol id="sm-60f">
         <name>vPortEnterCritical</name>
         <value>0x3a31</value>
         <object_component_ref idref="oc-6d"/>
      </symbol>
      <symbol id="sm-61e">
         <name>vPortStartFirstTask</name>
         <value>0x58c9</value>
         <object_component_ref idref="oc-68"/>
      </symbol>
      <symbol id="sm-61f">
         <name>ulPortGetIPSR</name>
         <value>0x5831</value>
         <object_component_ref idref="oc-68"/>
      </symbol>
      <symbol id="sm-620">
         <name>vPortEnableVFP</name>
         <value>0x58e5</value>
         <object_component_ref idref="oc-68"/>
      </symbol>
      <symbol id="sm-621">
         <name>xPortPendSVHandler</name>
         <value>0x5849</value>
         <object_component_ref idref="oc-68"/>
      </symbol>
      <symbol id="sm-622">
         <name>vPortSVCHandler</name>
         <value>0x58a9</value>
         <object_component_ref idref="oc-68"/>
      </symbol>
      <symbol id="sm-685">
         <name>vPortInitialiseBlocks</name>
         <value>0x3f19</value>
         <object_component_ref idref="oc-15d"/>
      </symbol>
      <symbol id="sm-686">
         <name>xPortGetFreeHeapSize</name>
         <value>0x3f0d</value>
         <object_component_ref idref="oc-15d"/>
      </symbol>
      <symbol id="sm-687">
         <name>pvPortMalloc</name>
         <value>0x3d19</value>
         <object_component_ref idref="oc-15d"/>
      </symbol>
      <symbol id="sm-688">
         <name>vPortFree</name>
         <value>0x3e7b</value>
         <object_component_ref idref="oc-15d"/>
      </symbol>
      <symbol id="sm-689">
         <name>xPortGetMinimumEverFreeHeapSize</name>
         <value>0x3f13</value>
         <object_component_ref idref="oc-15d"/>
      </symbol>
      <symbol id="sm-72e">
         <name>CS_clearInterruptFlag</name>
         <value>0x6251</value>
         <object_component_ref idref="oc-321"/>
      </symbol>
      <symbol id="sm-72f">
         <name>CS_getDCOFrequency</name>
         <value>0x5729</value>
         <object_component_ref idref="oc-327"/>
      </symbol>
      <symbol id="sm-730">
         <name>CS_getSMCLK</name>
         <value>0x62e1</value>
         <object_component_ref idref="oc-1a4"/>
      </symbol>
      <symbol id="sm-74b">
         <name>GPIO_setAsPeripheralModuleFunctionOutputPin</name>
         <value>0x5b6d</value>
         <object_component_ref idref="oc-1b6"/>
      </symbol>
      <symbol id="sm-756">
         <name>Interrupt_disableMaster</name>
         <value>0x63a9</value>
         <object_component_ref idref="oc-f9"/>
      </symbol>
      <symbol id="sm-76c">
         <name>SysCtl_A_getTLVInfo</name>
         <value>0x5ad9</value>
         <object_component_ref idref="oc-3ed"/>
      </symbol>
      <symbol id="sm-7a4">
         <name>UART_enableModule</name>
         <value>0x6357</value>
         <object_component_ref idref="oc-1b0"/>
      </symbol>
      <symbol id="sm-7a5">
         <name>UART_transmitData</name>
         <value>0x61e9</value>
         <object_component_ref idref="oc-1bc"/>
      </symbol>
      <symbol id="sm-7a6">
         <name>UART_initModule</name>
         <value>0x52fd</value>
         <object_component_ref idref="oc-1aa"/>
      </symbol>
      <symbol id="sm-7b0">
         <name>CPU_cpsid</name>
         <value>0x63d5</value>
         <object_component_ref idref="oc-1ee"/>
      </symbol>
      <symbol id="sm-7df">
         <name>vsnprintf</name>
         <value>0x6169</value>
         <object_component_ref idref="oc-f3"/>
      </symbol>
      <symbol id="sm-7fa">
         <name>memcpy</name>
         <value>0x59a7</value>
         <object_component_ref idref="oc-32"/>
      </symbol>
      <symbol id="sm-7fb">
         <name>__aeabi_memcpy</name>
         <value>0x59a7</value>
         <object_component_ref idref="oc-32"/>
      </symbol>
      <symbol id="sm-7fc">
         <name>__aeabi_memcpy8</name>
         <value>0x59a7</value>
         <object_component_ref idref="oc-32"/>
      </symbol>
      <symbol id="sm-7fd">
         <name>__aeabi_memcpy4</name>
         <value>0x59a7</value>
         <object_component_ref idref="oc-32"/>
      </symbol>
      <symbol id="sm-80c">
         <name>__aeabi_memset</name>
         <value>0x5d7f</value>
         <object_component_ref idref="oc-8d"/>
      </symbol>
      <symbol id="sm-80d">
         <name>memset</name>
         <value>0x5d85</value>
         <object_component_ref idref="oc-8d"/>
      </symbol>
      <symbol id="sm-80e">
         <name>__aeabi_memset8</name>
         <value>0x5d7f</value>
         <object_component_ref idref="oc-8d"/>
      </symbol>
      <symbol id="sm-80f">
         <name>__aeabi_memset4</name>
         <value>0x5d7f</value>
         <object_component_ref idref="oc-8d"/>
      </symbol>
      <symbol id="sm-810">
         <name>__aeabi_memclr8</name>
         <value>0x5d7d</value>
         <object_component_ref idref="oc-8d"/>
      </symbol>
      <symbol id="sm-811">
         <name>__aeabi_memclr4</name>
         <value>0x5d7d</value>
         <object_component_ref idref="oc-8d"/>
      </symbol>
      <symbol id="sm-812">
         <name>__aeabi_memclr</name>
         <value>0x5d7d</value>
         <object_component_ref idref="oc-8d"/>
      </symbol>
      <symbol id="sm-829">
         <name>__TI_zero_init</name>
         <value>0x63e1</value>
         <object_component_ref idref="oc-44"/>
      </symbol>
      <symbol id="sm-840">
         <name>__TI_decompress_none</name>
         <value>0x63b9</value>
         <object_component_ref idref="oc-18"/>
      </symbol>
      <symbol id="sm-863">
         <name>__TI_decompress_lzss</name>
         <value>0x5e65</value>
         <object_component_ref idref="oc-12"/>
      </symbol>
      <symbol id="sm-876">
         <name>__stack</name>
         <value>0x2000fc00</value>
         <object_component_ref idref="oc-24"/>
      </symbol>
      <symbol id="sm-877">
         <name>_c_int00_noargs</name>
         <value>0x621d</value>
         <object_component_ref idref="oc-50"/>
      </symbol>
      <symbol id="sm-9dc">
         <name>__TI_printfi</name>
         <value>0x2761</value>
         <object_component_ref idref="oc-1d0"/>
      </symbol>
      <symbol id="sm-9f3">
         <name>__aeabi_dsub</name>
         <value>0x4c85</value>
         <object_component_ref idref="oc-37c"/>
      </symbol>
      <symbol id="sm-9f4">
         <name>__aeabi_dadd</name>
         <value>0x4c8f</value>
         <object_component_ref idref="oc-37c"/>
      </symbol>
      <symbol id="sm-a16">
         <name>__aeabi_cdcmpeq</name>
         <value>0x5bf5</value>
         <object_component_ref idref="oc-299"/>
      </symbol>
      <symbol id="sm-a17">
         <name>__aeabi_cdcmple</name>
         <value>0x5bf5</value>
         <object_component_ref idref="oc-299"/>
      </symbol>
      <symbol id="sm-a18">
         <name>__aeabi_cdrcmple</name>
         <value>0x5c7b</value>
         <object_component_ref idref="oc-367"/>
      </symbol>
      <symbol id="sm-a2c">
         <name>__aeabi_ddiv</name>
         <value>0x4f79</value>
         <object_component_ref idref="oc-362"/>
      </symbol>
      <symbol id="sm-a37">
         <name>__aeabi_dmul</name>
         <value>0x562d</value>
         <object_component_ref idref="oc-35d"/>
      </symbol>
      <symbol id="sm-a41">
         <name>__aeabi_d2iz</name>
         <value>0x60dd</value>
         <object_component_ref idref="oc-36c"/>
      </symbol>
      <symbol id="sm-a4b">
         <name>__aeabi_i2d</name>
         <value>0x62b1</value>
         <object_component_ref idref="oc-377"/>
      </symbol>
      <symbol id="sm-a58">
         <name>__aeabi_uldivmod</name>
         <value>0x5a43</value>
         <object_component_ref idref="oc-356"/>
      </symbol>
      <symbol id="sm-a80">
         <name>__TI_auto_init_nobinit_nopinit</name>
         <value>0x6125</value>
         <object_component_ref idref="oc-125"/>
      </symbol>
      <symbol id="sm-a8a">
         <name>_system_pre_init</name>
         <value>0x63f5</value>
         <object_component_ref idref="oc-93"/>
      </symbol>
      <symbol id="sm-a96">
         <name>C$$EXIT</name>
         <value>0x63f9</value>
         <object_component_ref idref="oc-119"/>
      </symbol>
      <symbol id="sm-a97">
         <name>abort</name>
         <value>0x63f9</value>
         <object_component_ref idref="oc-119"/>
      </symbol>
      <symbol id="sm-aa7">
         <name>__TI_ltoa</name>
         <value>0x5fe9</value>
         <object_component_ref idref="oc-371"/>
      </symbol>
      <symbol id="sm-abe">
         <name>atoi</name>
         <value>0x6091</value>
         <object_component_ref idref="oc-28d"/>
      </symbol>
      <symbol id="sm-ac9">
         <name>_ctypes_</name>
         <value>0x651c</value>
         <object_component_ref idref="oc-351"/>
      </symbol>
      <symbol id="sm-ad9">
         <name>memccpy</name>
         <value>0x6309</value>
         <object_component_ref idref="oc-2b6"/>
      </symbol>
      <symbol id="sm-ae9">
         <name>strchr</name>
         <value>0x636d</value>
         <object_component_ref idref="oc-3a8"/>
      </symbol>
      <symbol id="sm-af7">
         <name>strlen</name>
         <value>0x6383</value>
         <object_component_ref idref="oc-287"/>
      </symbol>
      <symbol id="sm-b0d">
         <name>__aeabi_errno_addr</name>
         <value>0x63ed</value>
         <object_component_ref idref="oc-2c2"/>
      </symbol>
      <symbol id="sm-b0e">
         <name>errno</name>
         <value>0x2000cba8</value>
         <object_component_ref idref="oc-3b8"/>
      </symbol>
      <symbol id="sm-b27">
         <name>wcslen</name>
         <value>0x6397</value>
         <object_component_ref idref="oc-2bc"/>
      </symbol>
      <symbol id="sm-b47">
         <name>frexpl</name>
         <value>0x5ecd</value>
         <object_component_ref idref="oc-39c"/>
      </symbol>
      <symbol id="sm-b48">
         <name>frexp</name>
         <value>0x5ecd</value>
         <object_component_ref idref="oc-39c"/>
      </symbol>
      <symbol id="sm-b65">
         <name>scalbn</name>
         <value>0x5419</value>
         <object_component_ref idref="oc-3a2"/>
      </symbol>
      <symbol id="sm-b66">
         <name>scalbnl</name>
         <value>0x5419</value>
         <object_component_ref idref="oc-3a2"/>
      </symbol>
      <symbol id="sm-b67">
         <name>ldexpl</name>
         <value>0x5419</value>
         <object_component_ref idref="oc-3a2"/>
      </symbol>
      <symbol id="sm-b68">
         <name>ldexp</name>
         <value>0x5419</value>
         <object_component_ref idref="oc-3a2"/>
      </symbol>
      <symbol id="sm-b72">
         <name>__aeabi_idiv0</name>
         <value>0x275f</value>
         <object_component_ref idref="oc-406"/>
      </symbol>
      <symbol id="sm-b73">
         <name>__aeabi_ldiv0</name>
         <value>0x275f</value>
         <object_component_ref idref="oc-406"/>
      </symbol>
      <symbol id="sm-b7d">
         <name>copysign</name>
         <value>0x6325</value>
         <object_component_ref idref="oc-41f"/>
      </symbol>
      <symbol id="sm-b7e">
         <name>copysignl</name>
         <value>0x6325</value>
         <object_component_ref idref="oc-41f"/>
      </symbol>
      <symbol id="sm-b7f">
         <name>__TI_static_base__</name>
         <value>0x6658</value>
      </symbol>
      <symbol id="sm-b82">
         <name>__mpu_init</name>
         <value>0x0</value>
      </symbol>
      <symbol id="sm-b83">
         <name>_system_post_cinit</name>
         <value>0x0</value>
      </symbol>
      <symbol id="sm-b84">
         <name>NMI_Handler</name>
         <value>0x63d3</value>
      </symbol>
      <symbol id="sm-b85">
         <name>HardFault_Handler</name>
         <value>0x63d3</value>
      </symbol>
      <symbol id="sm-b86">
         <name>MemManage_Handler</name>
         <value>0x63d3</value>
      </symbol>
      <symbol id="sm-b87">
         <name>BusFault_Handler</name>
         <value>0x63d3</value>
      </symbol>
      <symbol id="sm-b88">
         <name>UsageFault_Handler</name>
         <value>0x63d3</value>
      </symbol>
      <symbol id="sm-b89">
         <name>vPortSVCHandler</name>
         <value>0x58a9</value>
      </symbol>
      <symbol id="sm-b8a">
         <name>DebugMon_Handler</name>
         <value>0x63d3</value>
      </symbol>
      <symbol id="sm-b8b">
         <name>xPortPendSVHandler</name>
         <value>0x5849</value>
      </symbol>
      <symbol id="sm-b8c">
         <name>xPortSysTickHandler</name>
         <value>0x3a9f</value>
      </symbol>
      <symbol id="sm-b8d">
         <name>PSS_IRQHandler</name>
         <value>0x63d3</value>
      </symbol>
      <symbol id="sm-b8e">
         <name>CS_IRQHandler</name>
         <value>0x63d3</value>
      </symbol>
      <symbol id="sm-b8f">
         <name>PCM_IRQHandler</name>
         <value>0x63d3</value>
      </symbol>
      <symbol id="sm-b90">
         <name>WDT_A_IRQHandler</name>
         <value>0x63d3</value>
      </symbol>
      <symbol id="sm-b91">
         <name>FPU_IRQHandler</name>
         <value>0x63d3</value>
      </symbol>
      <symbol id="sm-b92">
         <name>FLCTL_IRQHandler</name>
         <value>0x63d3</value>
      </symbol>
      <symbol id="sm-b93">
         <name>COMP_E0_IRQHandler</name>
         <value>0x63d3</value>
      </symbol>
      <symbol id="sm-b94">
         <name>COMP_E1_IRQHandler</name>
         <value>0x63d3</value>
      </symbol>
      <symbol id="sm-b95">
         <name>TA0_0_IRQHandler</name>
         <value>0x63d3</value>
      </symbol>
      <symbol id="sm-b96">
         <name>TA0_N_IRQHandler</name>
         <value>0x63d3</value>
      </symbol>
      <symbol id="sm-b97">
         <name>TA1_0_IRQHandler</name>
         <value>0x63d3</value>
      </symbol>
      <symbol id="sm-b98">
         <name>TA1_N_IRQHandler</name>
         <value>0x63d3</value>
      </symbol>
      <symbol id="sm-b99">
         <name>TA2_0_IRQHandler</name>
         <value>0x63d3</value>
      </symbol>
      <symbol id="sm-b9a">
         <name>TA2_N_IRQHandler</name>
         <value>0x63d3</value>
      </symbol>
      <symbol id="sm-b9b">
         <name>TA3_0_IRQHandler</name>
         <value>0x63d3</value>
      </symbol>
      <symbol id="sm-b9c">
         <name>TA3_N_IRQHandler</name>
         <value>0x63d3</value>
      </symbol>
      <symbol id="sm-b9d">
         <name>EUSCIA0_IRQHandler</name>
         <value>0x63d3</value>
      </symbol>
      <symbol id="sm-b9e">
         <name>EUSCIA1_IRQHandler</name>
         <value>0x63d3</value>
      </symbol>
      <symbol id="sm-b9f">
         <name>EUSCIA2_IRQHandler</name>
         <value>0x63d3</value>
      </symbol>
      <symbol id="sm-ba0">
         <name>EUSCIA3_IRQHandler</name>
         <value>0x63d3</value>
      </symbol>
      <symbol id="sm-ba1">
         <name>EUSCIB0_IRQHandler</name>
         <value>0x63d3</value>
      </symbol>
      <symbol id="sm-ba2">
         <name>EUSCIB1_IRQHandler</name>
         <value>0x63d3</value>
      </symbol>
      <symbol id="sm-ba3">
         <name>EUSCIB2_IRQHandler</name>
         <value>0x63d3</value>
      </symbol>
      <symbol id="sm-ba4">
         <name>EUSCIB3_IRQHandler</name>
         <value>0x63d3</value>
      </symbol>
      <symbol id="sm-ba5">
         <name>ADC14_IRQHandler</name>
         <value>0x63d3</value>
      </symbol>
      <symbol id="sm-ba6">
         <name>T32_INT1_IRQHandler</name>
         <value>0x63d3</value>
      </symbol>
      <symbol id="sm-ba7">
         <name>T32_INT2_IRQHandler</name>
         <value>0x63d3</value>
      </symbol>
      <symbol id="sm-ba8">
         <name>T32_INTC_IRQHandler</name>
         <value>0x63d3</value>
      </symbol>
      <symbol id="sm-ba9">
         <name>AES256_IRQHandler</name>
         <value>0x63d3</value>
      </symbol>
      <symbol id="sm-baa">
         <name>RTC_C_IRQHandler</name>
         <value>0x63d3</value>
      </symbol>
      <symbol id="sm-bab">
         <name>DMA_ERR_IRQHandler</name>
         <value>0x63d3</value>
      </symbol>
      <symbol id="sm-bac">
         <name>DMA_INT3_IRQHandler</name>
         <value>0x63d3</value>
      </symbol>
      <symbol id="sm-bad">
         <name>DMA_INT2_IRQHandler</name>
         <value>0x63d3</value>
      </symbol>
      <symbol id="sm-bae">
         <name>DMA_INT1_IRQHandler</name>
         <value>0x63d3</value>
      </symbol>
      <symbol id="sm-baf">
         <name>DMA_INT0_IRQHandler</name>
         <value>0x63d3</value>
      </symbol>
      <symbol id="sm-bb0">
         <name>PORT1_IRQHandler</name>
         <value>0x63d3</value>
      </symbol>
      <symbol id="sm-bb1">
         <name>PORT2_IRQHandler</name>
         <value>0x63d3</value>
      </symbol>
      <symbol id="sm-bb2">
         <name>PORT3_IRQHandler</name>
         <value>0x63d3</value>
      </symbol>
      <symbol id="sm-bb3">
         <name>PORT4_IRQHandler</name>
         <value>0x63d3</value>
      </symbol>
      <symbol id="sm-bb4">
         <name>PORT5_IRQHandler</name>
         <value>0x63d3</value>
      </symbol>
      <symbol id="sm-bb5">
         <name>PORT6_IRQHandler</name>
         <value>0x63d3</value>
      </symbol>
   </symbol_table>
   <title>Link successful</title>
</link_info>
